2026-03-18 15:10:16 | INFO | Run started at 20260318_151016
2026-03-18 15:10:16 | INFO | Dataset prefix : data_CICIoT2023
2026-03-18 15:10:16 | INFO | Scalers        : ['QuantileTransformer', 'StandardScaler', 'MinMaxScaler', 'Normalizer', 'RobustScaler']
2026-03-18 15:10:16 | INFO | N_CLUSTERS     : range(1, 301, 3) — 100 values
2026-03-18 15:10:16 | INFO | NOISE_LIST     : [0, 1, 3, 5]
2026-03-18 15:10:16 | INFO | CSV output     : /home/jupyter-iclr2025/New Project/NFST/GMM-nfst/notebooks/experiments/outputs/Experiment_OC_NFST_MemOpt_20260318_151016/data_CICIoT2023_memopt.csv
2026-03-18 15:10:16 | INFO | Log file       : /home/jupyter-iclr2025/New Project/NFST/GMM-nfst/notebooks/experiments/outputs/Experiment_OC_NFST_MemOpt_20260318_151016/data_CICIoT2023_memopt.log
2026-03-18 15:10:16 | INFO | ------------------------------------------------------------
2026-03-18 15:10:16 | INFO | 
>>> Processing data_CICIoT2023 | scaler=QuantileTransformer
2026-03-18 15:10:16 | INFO | --- noise=0% ---
2026-03-18 15:10:16 | INFO | ============================================================
2026-03-18 15:10:16 | INFO | Dataset  : Train_QuantileTransformer_data_CICIoT2023.csv
2026-03-18 15:10:16 | INFO | Scaler   : QuantileTransformer
2026-03-18 15:10:16 | INFO | Noise    : 0%
2026-03-18 15:10:16 | INFO | nClusters: 100 values (300..597)
2026-03-18 15:10:16 | INFO | ============================================================
2026-03-18 15:10:17 | INFO | Loaded Raw Shape -> Train: (30000, 45), Test: (30000, 45)
2026-03-18 15:10:17 | INFO | Training size : 30,000  |  Testing size: 30,000  |  Features: 44
2026-03-18 15:10:17 | INFO | Firing up Parallel execution for 100 cluster configs...
2026-03-18 15:19:50 | INFO | [ncluster=300/300] AUC-ROC=74.27%  AUC-PR=62.47%  F1=0.7717  MCC=0.5057  Train=0.399s  Test=4.547s  Peak RAM=37.366 MB
2026-03-18 15:19:50 | INFO | [ncluster=303/303] AUC-ROC=53.78%  AUC-PR=52.32%  F1=0.6248  MCC=0.0894  Train=0.351s  Test=3.490s  Peak RAM=37.369 MB
2026-03-18 15:19:50 | INFO | [ncluster=306/306] AUC-ROC=68.90%  AUC-PR=58.36%  F1=0.7262  MCC=0.3924  Train=0.520s  Test=5.381s  Peak RAM=37.366 MB
2026-03-18 15:19:50 | INFO | [ncluster=309/309] AUC-ROC=70.58%  AUC-PR=59.68%  F1=0.7369  MCC=0.4271  Train=0.905s  Test=5.236s  Peak RAM=37.375 MB
2026-03-18 15:19:50 | INFO | [ncluster=312/312] AUC-ROC=53.81%  AUC-PR=52.41%  F1=0.6030  MCC=0.0827  Train=0.637s  Test=5.655s  Peak RAM=37.364 MB
2026-03-18 15:19:50 | INFO | [ncluster=315/315] AUC-ROC=51.72%  AUC-PR=50.80%  F1=0.6168  MCC=0.0656  Train=0.281s  Test=3.717s  Peak RAM=37.368 MB
2026-03-18 15:19:50 | INFO | [ncluster=318/318] AUC-ROC=54.36%  AUC-PR=52.66%  F1=0.6001  MCC=0.0856  Train=0.740s  Test=5.843s  Peak RAM=37.369 MB
2026-03-18 15:19:50 | INFO | [ncluster=321/321] AUC-ROC=77.91%  AUC-PR=64.15%  F1=0.8412  MCC=0.6681  Train=0.798s  Test=5.904s  Peak RAM=37.37 MB
2026-03-18 15:19:50 | INFO | [ncluster=324/324] AUC-ROC=74.60%  AUC-PR=61.70%  F1=0.7877  MCC=0.5407  Train=0.523s  Test=5.818s  Peak RAM=37.367 MB
2026-03-18 15:19:50 | INFO | [ncluster=327/327] AUC-ROC=75.29%  AUC-PR=63.10%  F1=0.7949  MCC=0.5548  Train=0.636s  Test=6.718s  Peak RAM=37.371 MB
2026-03-18 15:19:50 | INFO | [ncluster=330/330] AUC-ROC=78.19%  AUC-PR=65.64%  F1=0.8412  MCC=0.6670  Train=0.341s  Test=6.185s  Peak RAM=37.37 MB
2026-03-18 15:19:50 | INFO | [ncluster=333/333] AUC-ROC=73.68%  AUC-PR=61.51%  F1=0.7588  MCC=0.4812  Train=0.714s  Test=4.035s  Peak RAM=37.366 MB
2026-03-18 15:19:50 | INFO | [ncluster=336/336] AUC-ROC=71.21%  AUC-PR=61.97%  F1=0.7448  MCC=0.4418  Train=0.254s  Test=3.422s  Peak RAM=37.183 MB
2026-03-18 15:19:50 | INFO | [ncluster=339/339] AUC-ROC=62.45%  AUC-PR=55.55%  F1=0.6651  MCC=0.2506  Train=0.330s  Test=3.737s  Peak RAM=37.179 MB
2026-03-18 15:19:50 | INFO | [ncluster=342/342] AUC-ROC=55.01%  AUC-PR=53.14%  F1=0.6266  MCC=0.1136  Train=0.683s  Test=5.163s  Peak RAM=37.179 MB
2026-03-18 15:19:50 | INFO | [ncluster=345/345] AUC-ROC=71.04%  AUC-PR=60.66%  F1=0.7375  MCC=0.4292  Train=0.456s  Test=4.943s  Peak RAM=37.183 MB
2026-03-18 15:19:50 | INFO | [ncluster=348/348] AUC-ROC=52.60%  AUC-PR=51.57%  F1=0.6264  MCC=0.0598  Train=0.351s  Test=5.173s  Peak RAM=37.18 MB
2026-03-18 15:19:50 | INFO | [ncluster=351/351] AUC-ROC=67.60%  AUC-PR=59.32%  F1=0.7073  MCC=0.3422  Train=0.534s  Test=4.822s  Peak RAM=37.184 MB
2026-03-18 15:19:50 | INFO | [ncluster=354/354] AUC-ROC=50.04%  AUC-PR=50.02%  F1=0.6667  MCC=0.0132  Train=0.644s  Test=4.999s  Peak RAM=37.182 MB
2026-03-18 15:19:50 | INFO | [ncluster=357/357] AUC-ROC=68.74%  AUC-PR=59.21%  F1=0.7079  MCC=0.3608  Train=0.493s  Test=4.745s  Peak RAM=37.184 MB
2026-03-18 15:19:50 | INFO | [ncluster=360/360] AUC-ROC=54.57%  AUC-PR=52.83%  F1=0.6065  MCC=0.0937  Train=0.690s  Test=5.252s  Peak RAM=37.185 MB
2026-03-18 15:19:50 | INFO | [ncluster=363/363] AUC-ROC=52.80%  AUC-PR=51.66%  F1=0.6167  MCC=0.0637  Train=0.691s  Test=4.353s  Peak RAM=37.185 MB
2026-03-18 15:19:50 | INFO | [ncluster=366/366] AUC-ROC=69.02%  AUC-PR=58.81%  F1=0.7060  MCC=0.3714  Train=0.459s  Test=4.153s  Peak RAM=37.185 MB
2026-03-18 15:19:50 | INFO | [ncluster=369/369] AUC-ROC=72.50%  AUC-PR=62.23%  F1=0.7630  MCC=0.4883  Train=0.400s  Test=3.547s  Peak RAM=37.184 MB
2026-03-18 15:19:50 | INFO | [ncluster=372/372] AUC-ROC=76.99%  AUC-PR=64.46%  F1=0.8217  MCC=0.6191  Train=0.295s  Test=3.040s  Peak RAM=37.174 MB
2026-03-18 15:19:50 | INFO | [ncluster=375/375] AUC-ROC=55.27%  AUC-PR=52.85%  F1=0.5290  MCC=0.1129  Train=0.276s  Test=2.979s  Peak RAM=37.174 MB
2026-03-18 15:19:50 | INFO | [ncluster=378/378] AUC-ROC=50.04%  AUC-PR=50.02%  F1=0.6668  MCC=0.0148  Train=0.244s  Test=4.668s  Peak RAM=37.174 MB
2026-03-18 15:19:50 | INFO | [ncluster=381/381] AUC-ROC=53.75%  AUC-PR=52.31%  F1=0.6129  MCC=0.0835  Train=0.445s  Test=4.818s  Peak RAM=37.178 MB
2026-03-18 15:19:50 | INFO | [ncluster=384/384] AUC-ROC=65.05%  AUC-PR=56.45%  F1=0.7001  MCC=0.3068  Train=0.234s  Test=3.260s  Peak RAM=37.174 MB
2026-03-18 15:19:50 | INFO | [ncluster=387/387] AUC-ROC=54.05%  AUC-PR=52.38%  F1=0.6232  MCC=0.0879  Train=0.526s  Test=4.631s  Peak RAM=37.181 MB
2026-03-18 15:19:50 | INFO | [ncluster=390/390] AUC-ROC=50.68%  AUC-PR=50.04%  F1=0.6237  MCC=0.0628  Train=0.279s  Test=4.071s  Peak RAM=37.179 MB
2026-03-18 15:19:50 | INFO | [ncluster=393/393] AUC-ROC=50.04%  AUC-PR=50.02%  F1=0.6667  MCC=0.0132  Train=0.412s  Test=2.624s  Peak RAM=37.178 MB
2026-03-18 15:19:50 | INFO | [ncluster=396/396] AUC-ROC=65.18%  AUC-PR=57.68%  F1=0.6776  MCC=0.2967  Train=0.470s  Test=2.758s  Peak RAM=37.179 MB
2026-03-18 15:19:50 | INFO | [ncluster=399/399] AUC-ROC=65.49%  AUC-PR=56.79%  F1=0.6828  MCC=0.3297  Train=0.253s  Test=3.924s  Peak RAM=37.181 MB
2026-03-18 15:19:50 | INFO | [ncluster=402/402] AUC-ROC=50.04%  AUC-PR=50.02%  F1=0.6668  MCC=0.0164  Train=0.385s  Test=3.653s  Peak RAM=37.178 MB
2026-03-18 15:19:50 | INFO | [ncluster=405/405] AUC-ROC=50.04%  AUC-PR=50.02%  F1=0.6668  MCC=0.0164  Train=0.413s  Test=3.738s  Peak RAM=37.179 MB
2026-03-18 15:19:50 | INFO | [ncluster=408/408] AUC-ROC=56.84%  AUC-PR=54.42%  F1=0.6305  MCC=0.1489  Train=0.412s  Test=2.842s  Peak RAM=37.182 MB
2026-03-18 15:19:50 | INFO | [ncluster=411/411] AUC-ROC=56.96%  AUC-PR=54.04%  F1=0.6725  MCC=0.1804  Train=0.419s  Test=3.509s  Peak RAM=37.18 MB
2026-03-18 15:19:50 | INFO | [ncluster=414/414] AUC-ROC=50.04%  AUC-PR=50.02%  F1=0.6667  MCC=0.0132  Train=0.283s  Test=3.188s  Peak RAM=37.183 MB
2026-03-18 15:19:50 | INFO | [ncluster=417/417] AUC-ROC=53.99%  AUC-PR=52.40%  F1=0.6370  MCC=0.0990  Train=0.277s  Test=3.819s  Peak RAM=37.181 MB
2026-03-18 15:19:50 | INFO | [ncluster=420/420] AUC-ROC=50.04%  AUC-PR=50.02%  F1=0.6668  MCC=0.0148  Train=0.321s  Test=3.139s  Peak RAM=37.184 MB
2026-03-18 15:19:50 | INFO | [ncluster=423/423] AUC-ROC=55.85%  AUC-PR=53.73%  F1=0.6356  MCC=0.1362  Train=0.567s  Test=3.944s  Peak RAM=37.187 MB
2026-03-18 15:19:50 | INFO | [ncluster=426/426] AUC-ROC=75.37%  AUC-PR=62.65%  F1=0.8000  MCC=0.5688  Train=0.220s  Test=4.069s  Peak RAM=37.185 MB
2026-03-18 15:19:50 | INFO | [ncluster=429/429] AUC-ROC=50.04%  AUC-PR=50.02%  F1=0.6668  MCC=0.0148  Train=0.470s  Test=3.668s  Peak RAM=37.183 MB
2026-03-18 15:19:50 | INFO | [ncluster=432/432] AUC-ROC=72.14%  AUC-PR=61.17%  F1=0.7543  MCC=0.4515  Train=0.345s  Test=2.716s  Peak RAM=37.186 MB
2026-03-18 15:19:50 | INFO | [ncluster=435/435] AUC-ROC=55.26%  AUC-PR=53.46%  F1=0.6134  MCC=0.1175  Train=0.416s  Test=3.420s  Peak RAM=37.187 MB
2026-03-18 15:19:50 | INFO | [ncluster=438/438] AUC-ROC=52.07%  AUC-PR=51.13%  F1=0.6231  MCC=0.0644  Train=0.262s  Test=3.780s  Peak RAM=37.186 MB
2026-03-18 15:19:50 | INFO | [ncluster=441/441] AUC-ROC=50.04%  AUC-PR=50.02%  F1=0.6668  MCC=0.0148  Train=0.362s  Test=3.305s  Peak RAM=37.185 MB
2026-03-18 15:19:50 | INFO | [ncluster=444/444] AUC-ROC=54.04%  AUC-PR=52.46%  F1=0.6230  MCC=0.0875  Train=0.302s  Test=2.944s  Peak RAM=37.187 MB
2026-03-18 15:19:50 | INFO | [ncluster=447/447] AUC-ROC=56.29%  AUC-PR=53.84%  F1=0.6502  MCC=0.1490  Train=0.307s  Test=3.298s  Peak RAM=37.187 MB
2026-03-18 15:19:50 | INFO | [ncluster=450/450] AUC-ROC=50.04%  AUC-PR=50.02%  F1=0.6668  MCC=0.0148  Train=0.402s  Test=2.747s  Peak RAM=37.186 MB
2026-03-18 15:19:50 | INFO | [ncluster=453/453] AUC-ROC=50.04%  AUC-PR=50.02%  F1=0.6668  MCC=0.0148  Train=0.334s  Test=4.595s  Peak RAM=37.188 MB
2026-03-18 15:19:50 | INFO | [ncluster=456/456] AUC-ROC=71.83%  AUC-PR=62.45%  F1=0.7432  MCC=0.4448  Train=0.563s  Test=4.240s  Peak RAM=37.188 MB
2026-03-18 15:19:50 | INFO | [ncluster=459/459] AUC-ROC=60.88%  AUC-PR=54.02%  F1=0.6553  MCC=0.2310  Train=0.368s  Test=4.391s  Peak RAM=37.191 MB
2026-03-18 15:19:50 | INFO | [ncluster=462/462] AUC-ROC=50.94%  AUC-PR=50.23%  F1=0.6235  MCC=0.0661  Train=0.550s  Test=3.001s  Peak RAM=37.188 MB
2026-03-18 15:19:50 | INFO | [ncluster=465/465] AUC-ROC=62.33%  AUC-PR=55.36%  F1=0.6346  MCC=0.2340  Train=0.393s  Test=3.383s  Peak RAM=37.191 MB
2026-03-18 15:19:50 | INFO | [ncluster=468/468] AUC-ROC=55.30%  AUC-PR=53.34%  F1=0.6318  MCC=0.1232  Train=0.391s  Test=3.196s  Peak RAM=37.191 MB
2026-03-18 15:19:50 | INFO | [ncluster=471/471] AUC-ROC=67.15%  AUC-PR=56.72%  F1=0.7497  MCC=0.4348  Train=0.485s  Test=3.213s  Peak RAM=37.19 MB
2026-03-18 15:19:50 | INFO | [ncluster=474/474] AUC-ROC=54.67%  AUC-PR=52.94%  F1=0.6290  MCC=0.1111  Train=0.365s  Test=3.306s  Peak RAM=37.192 MB
2026-03-18 15:19:50 | INFO | [ncluster=477/477] AUC-ROC=52.77%  AUC-PR=51.48%  F1=0.6276  MCC=0.0718  Train=0.259s  Test=3.088s  Peak RAM=37.193 MB
2026-03-18 15:19:50 | INFO | [ncluster=480/480] AUC-ROC=54.08%  AUC-PR=52.34%  F1=0.6282  MCC=0.0851  Train=0.252s  Test=3.296s  Peak RAM=37.193 MB
2026-03-18 15:19:50 | INFO | [ncluster=483/483] AUC-ROC=54.97%  AUC-PR=53.24%  F1=0.6211  MCC=0.1159  Train=0.265s  Test=3.395s  Peak RAM=37.194 MB
2026-03-18 15:19:50 | INFO | [ncluster=486/486] AUC-ROC=53.35%  AUC-PR=51.98%  F1=0.6269  MCC=0.0788  Train=0.357s  Test=3.707s  Peak RAM=37.193 MB
2026-03-18 15:19:50 | INFO | [ncluster=489/489] AUC-ROC=64.12%  AUC-PR=56.15%  F1=0.6775  MCC=0.2926  Train=0.269s  Test=3.449s  Peak RAM=37.195 MB
2026-03-18 15:19:50 | INFO | [ncluster=492/492] AUC-ROC=53.78%  AUC-PR=52.31%  F1=0.6240  MCC=0.0884  Train=0.537s  Test=3.356s  Peak RAM=37.196 MB
2026-03-18 15:19:50 | INFO | [ncluster=495/495] AUC-ROC=51.28%  AUC-PR=50.45%  F1=0.6187  MCC=0.0703  Train=0.432s  Test=3.960s  Peak RAM=37.195 MB
2026-03-18 15:19:50 | INFO | [ncluster=498/498] AUC-ROC=52.17%  AUC-PR=51.26%  F1=0.6224  MCC=0.0526  Train=0.452s  Test=3.756s  Peak RAM=37.196 MB
2026-03-18 15:19:50 | INFO | [ncluster=501/501] AUC-ROC=51.50%  AUC-PR=50.30%  F1=0.6248  MCC=0.0906  Train=0.320s  Test=2.858s  Peak RAM=37.196 MB
2026-03-18 15:19:50 | INFO | [ncluster=504/504] AUC-ROC=49.96%  AUC-PR=49.57%  F1=0.6272  MCC=0.0539  Train=0.490s  Test=4.203s  Peak RAM=37.199 MB
2026-03-18 15:19:50 | INFO | [ncluster=507/507] AUC-ROC=66.79%  AUC-PR=57.55%  F1=0.6864  MCC=0.3347  Train=0.445s  Test=3.967s  Peak RAM=37.197 MB
2026-03-18 15:19:50 | INFO | [ncluster=510/510] AUC-ROC=54.91%  AUC-PR=53.10%  F1=0.6258  MCC=0.1130  Train=0.285s  Test=2.817s  Peak RAM=37.198 MB
2026-03-18 15:19:50 | INFO | [ncluster=513/513] AUC-ROC=50.04%  AUC-PR=50.02%  F1=0.6667  MCC=0.0132  Train=0.345s  Test=3.042s  Peak RAM=37.199 MB
2026-03-18 15:19:50 | INFO | [ncluster=516/516] AUC-ROC=50.04%  AUC-PR=50.02%  F1=0.6667  MCC=0.0132  Train=0.344s  Test=3.596s  Peak RAM=37.201 MB
2026-03-18 15:19:50 | INFO | [ncluster=519/519] AUC-ROC=62.86%  AUC-PR=54.44%  F1=0.6933  MCC=0.2852  Train=0.405s  Test=3.774s  Peak RAM=37.202 MB
2026-03-18 15:19:50 | INFO | [ncluster=522/522] AUC-ROC=50.04%  AUC-PR=50.02%  F1=0.6667  MCC=0.0132  Train=0.392s  Test=4.306s  Peak RAM=37.199 MB
2026-03-18 15:19:50 | INFO | [ncluster=525/525] AUC-ROC=53.03%  AUC-PR=51.78%  F1=0.6181  MCC=0.0689  Train=0.422s  Test=3.673s  Peak RAM=37.204 MB
2026-03-18 15:19:50 | INFO | [ncluster=528/528] AUC-ROC=50.04%  AUC-PR=50.02%  F1=0.6668  MCC=0.0148  Train=0.315s  Test=3.347s  Peak RAM=37.203 MB
2026-03-18 15:19:50 | INFO | [ncluster=531/531] AUC-ROC=50.04%  AUC-PR=50.02%  F1=0.6667  MCC=0.0132  Train=0.456s  Test=4.308s  Peak RAM=37.202 MB
2026-03-18 15:19:50 | INFO | [ncluster=534/534] AUC-ROC=50.62%  AUC-PR=49.82%  F1=0.6213  MCC=0.0793  Train=0.346s  Test=4.125s  Peak RAM=37.203 MB
2026-03-18 15:19:50 | INFO | [ncluster=537/537] AUC-ROC=50.04%  AUC-PR=50.02%  F1=0.6668  MCC=0.0148  Train=0.324s  Test=3.989s  Peak RAM=37.205 MB
2026-03-18 15:19:50 | INFO | [ncluster=540/540] AUC-ROC=50.04%  AUC-PR=50.02%  F1=0.6668  MCC=0.0164  Train=0.406s  Test=3.886s  Peak RAM=37.203 MB
2026-03-18 15:19:50 | INFO | [ncluster=543/543] AUC-ROC=50.04%  AUC-PR=50.02%  F1=0.6667  MCC=0.0132  Train=0.622s  Test=3.979s  Peak RAM=37.205 MB
2026-03-18 15:19:50 | INFO | [ncluster=546/546] AUC-ROC=53.90%  AUC-PR=52.39%  F1=0.6269  MCC=0.0927  Train=0.405s  Test=4.281s  Peak RAM=37.204 MB
2026-03-18 15:19:50 | INFO | [ncluster=549/549] AUC-ROC=50.04%  AUC-PR=50.02%  F1=0.6668  MCC=0.0164  Train=0.355s  Test=3.439s  Peak RAM=37.206 MB
2026-03-18 15:19:50 | INFO | [ncluster=552/552] AUC-ROC=50.04%  AUC-PR=50.02%  F1=0.6667  MCC=0.0132  Train=0.555s  Test=4.558s  Peak RAM=37.206 MB
2026-03-18 15:19:50 | INFO | [ncluster=555/555] AUC-ROC=64.33%  AUC-PR=55.45%  F1=0.6833  MCC=0.3040  Train=0.395s  Test=3.756s  Peak RAM=37.206 MB
2026-03-18 15:19:50 | INFO | [ncluster=558/558] AUC-ROC=50.04%  AUC-PR=50.02%  F1=0.6668  MCC=0.0155  Train=0.638s  Test=4.314s  Peak RAM=37.208 MB
2026-03-18 15:19:50 | INFO | [ncluster=561/561] AUC-ROC=50.04%  AUC-PR=50.02%  F1=0.6668  MCC=0.0164  Train=0.353s  Test=3.735s  Peak RAM=37.208 MB
2026-03-18 15:19:50 | INFO | [ncluster=564/564] AUC-ROC=50.04%  AUC-PR=50.02%  F1=0.6667  MCC=0.0132  Train=0.495s  Test=2.998s  Peak RAM=37.207 MB
2026-03-18 15:19:50 | INFO | [ncluster=567/567] AUC-ROC=50.04%  AUC-PR=50.02%  F1=0.6668  MCC=0.0148  Train=0.352s  Test=3.139s  Peak RAM=37.21 MB
2026-03-18 15:19:50 | INFO | [ncluster=570/570] AUC-ROC=68.15%  AUC-PR=60.01%  F1=0.7077  MCC=0.3673  Train=0.427s  Test=3.164s  Peak RAM=37.209 MB
2026-03-18 15:19:50 | INFO | [ncluster=573/573] AUC-ROC=50.04%  AUC-PR=50.02%  F1=0.6668  MCC=0.0181  Train=0.567s  Test=3.637s  Peak RAM=37.209 MB
2026-03-18 15:19:50 | INFO | [ncluster=576/576] AUC-ROC=50.04%  AUC-PR=50.02%  F1=0.6667  MCC=0.0132  Train=0.281s  Test=2.703s  Peak RAM=37.211 MB
2026-03-18 15:19:50 | INFO | [ncluster=579/579] AUC-ROC=50.04%  AUC-PR=50.02%  F1=0.6667  MCC=0.0132  Train=0.312s  Test=2.195s  Peak RAM=37.21 MB
2026-03-18 15:19:50 | INFO | [ncluster=582/582] AUC-ROC=54.67%  AUC-PR=53.02%  F1=0.6044  MCC=0.1002  Train=0.234s  Test=2.447s  Peak RAM=37.213 MB
2026-03-18 15:19:50 | INFO | [ncluster=585/585] AUC-ROC=70.40%  AUC-PR=60.26%  F1=0.7389  MCC=0.4257  Train=0.206s  Test=1.965s  Peak RAM=37.212 MB
2026-03-18 15:19:50 | INFO | [ncluster=588/588] AUC-ROC=77.41%  AUC-PR=63.26%  F1=0.8396  MCC=0.6647  Train=0.153s  Test=1.820s  Peak RAM=37.213 MB
2026-03-18 15:19:50 | INFO | [ncluster=591/591] AUC-ROC=50.04%  AUC-PR=50.02%  F1=0.6667  MCC=0.0132  Train=0.139s  Test=2.072s  Peak RAM=37.215 MB
2026-03-18 15:19:50 | INFO | [ncluster=594/594] AUC-ROC=50.04%  AUC-PR=50.02%  F1=0.6668  MCC=0.0148  Train=0.150s  Test=1.809s  Peak RAM=37.214 MB
2026-03-18 15:19:50 | INFO | [ncluster=597/597] AUC-ROC=50.04%  AUC-PR=50.02%  F1=0.6668  MCC=0.0148  Train=0.134s  Test=1.978s  Peak RAM=37.216 MB
2026-03-18 15:19:50 | INFO | --- noise=1% ---
2026-03-18 15:19:50 | INFO | ============================================================
2026-03-18 15:19:50 | INFO | Dataset  : Train_QuantileTransformer_data_CICIoT2023.csv
2026-03-18 15:19:50 | INFO | Scaler   : QuantileTransformer
2026-03-18 15:19:50 | INFO | Noise    : 1%
2026-03-18 15:19:50 | INFO | nClusters: 100 values (300..597)
2026-03-18 15:19:50 | INFO | ============================================================
2026-03-18 15:19:50 | INFO | Loaded Raw Shape -> Train: (30000, 45), Test: (30000, 45)
2026-03-18 15:19:50 | INFO | Training size : 30,300  |  Testing size: 29,700  |  Features: 44
2026-03-18 15:19:50 | INFO | Firing up Parallel execution for 100 cluster configs...
2026-03-18 15:29:40 | INFO | [ncluster=300/300] AUC-ROC=65.50%  AUC-PR=56.17%  F1=0.7085  MCC=0.3308  Train=0.206s  Test=7.267s  Peak RAM=37.532 MB
2026-03-18 15:29:40 | INFO | [ncluster=303/303] AUC-ROC=70.04%  AUC-PR=61.90%  F1=0.7134  MCC=0.3750  Train=0.343s  Test=5.442s  Peak RAM=37.534 MB
2026-03-18 15:29:40 | INFO | [ncluster=306/306] AUC-ROC=52.20%  AUC-PR=51.62%  F1=0.6331  MCC=0.0773  Train=0.641s  Test=6.467s  Peak RAM=37.535 MB
2026-03-18 15:29:40 | INFO | [ncluster=309/309] AUC-ROC=65.60%  AUC-PR=57.79%  F1=0.6818  MCC=0.3272  Train=0.748s  Test=5.160s  Peak RAM=37.536 MB
2026-03-18 15:29:40 | INFO | [ncluster=312/312] AUC-ROC=56.08%  AUC-PR=54.37%  F1=0.6296  MCC=0.1323  Train=0.931s  Test=7.288s  Peak RAM=37.535 MB
2026-03-18 15:29:40 | INFO | [ncluster=315/315] AUC-ROC=51.55%  AUC-PR=51.22%  F1=0.6320  MCC=0.0655  Train=0.838s  Test=7.665s  Peak RAM=37.535 MB
2026-03-18 15:29:40 | INFO | [ncluster=318/318] AUC-ROC=65.46%  AUC-PR=63.95%  F1=0.6477  MCC=0.3053  Train=0.278s  Test=6.862s  Peak RAM=37.534 MB
2026-03-18 15:29:40 | INFO | [ncluster=321/321] AUC-ROC=56.06%  AUC-PR=54.37%  F1=0.6332  MCC=0.1349  Train=0.961s  Test=7.482s  Peak RAM=37.535 MB
2026-03-18 15:29:40 | INFO | [ncluster=324/324] AUC-ROC=59.95%  AUC-PR=55.00%  F1=0.6255  MCC=0.1909  Train=0.927s  Test=8.653s  Peak RAM=37.535 MB
2026-03-18 15:29:40 | INFO | [ncluster=327/327] AUC-ROC=66.05%  AUC-PR=63.37%  F1=0.6458  MCC=0.2926  Train=1.202s  Test=7.249s  Peak RAM=37.536 MB
2026-03-18 15:29:40 | INFO | [ncluster=330/330] AUC-ROC=54.08%  AUC-PR=52.96%  F1=0.6187  MCC=0.0866  Train=0.704s  Test=7.277s  Peak RAM=37.538 MB
2026-03-18 15:29:40 | INFO | [ncluster=333/333] AUC-ROC=54.59%  AUC-PR=53.33%  F1=0.6157  MCC=0.0959  Train=1.330s  Test=6.502s  Peak RAM=37.539 MB
2026-03-18 15:29:40 | INFO | [ncluster=336/336] AUC-ROC=73.38%  AUC-PR=61.84%  F1=0.7765  MCC=0.5091  Train=0.312s  Test=3.208s  Peak RAM=37.538 MB
2026-03-18 15:29:40 | INFO | [ncluster=339/339] AUC-ROC=68.23%  AUC-PR=59.97%  F1=0.7147  MCC=0.3581  Train=0.610s  Test=5.462s  Peak RAM=37.541 MB
2026-03-18 15:29:40 | INFO | [ncluster=342/342] AUC-ROC=53.38%  AUC-PR=52.32%  F1=0.6335  MCC=0.0940  Train=0.206s  Test=4.030s  Peak RAM=37.539 MB
2026-03-18 15:29:40 | INFO | [ncluster=345/345] AUC-ROC=66.60%  AUC-PR=57.10%  F1=0.7146  MCC=0.3506  Train=0.278s  Test=5.028s  Peak RAM=37.54 MB
2026-03-18 15:29:40 | INFO | [ncluster=348/348] AUC-ROC=51.55%  AUC-PR=51.26%  F1=0.6339  MCC=0.0676  Train=0.715s  Test=5.473s  Peak RAM=37.539 MB
2026-03-18 15:29:40 | INFO | [ncluster=351/351] AUC-ROC=58.44%  AUC-PR=52.51%  F1=0.6358  MCC=0.2240  Train=0.473s  Test=5.710s  Peak RAM=37.542 MB
2026-03-18 15:29:40 | INFO | [ncluster=354/354] AUC-ROC=51.89%  AUC-PR=51.35%  F1=0.6408  MCC=0.0850  Train=1.008s  Test=5.750s  Peak RAM=37.542 MB
2026-03-18 15:29:40 | INFO | [ncluster=357/357] AUC-ROC=65.85%  AUC-PR=58.06%  F1=0.6843  MCC=0.3342  Train=0.662s  Test=5.680s  Peak RAM=37.542 MB
2026-03-18 15:29:40 | INFO | [ncluster=360/360] AUC-ROC=51.88%  AUC-PR=51.45%  F1=0.6333  MCC=0.0766  Train=0.754s  Test=5.655s  Peak RAM=37.541 MB
2026-03-18 15:29:40 | INFO | [ncluster=363/363] AUC-ROC=53.42%  AUC-PR=52.52%  F1=0.6262  MCC=0.0819  Train=0.555s  Test=6.013s  Peak RAM=37.544 MB
2026-03-18 15:29:40 | INFO | [ncluster=366/366] AUC-ROC=50.04%  AUC-PR=50.52%  F1=0.6712  MCC=0.0136  Train=0.808s  Test=4.008s  Peak RAM=37.544 MB
2026-03-18 15:29:40 | INFO | [ncluster=369/369] AUC-ROC=54.72%  AUC-PR=53.45%  F1=0.6203  MCC=0.1029  Train=0.565s  Test=5.662s  Peak RAM=37.544 MB
2026-03-18 15:29:40 | INFO | [ncluster=372/372] AUC-ROC=72.63%  AUC-PR=64.84%  F1=0.7088  MCC=0.4046  Train=0.340s  Test=2.868s  Peak RAM=37.543 MB
2026-03-18 15:29:40 | INFO | [ncluster=375/375] AUC-ROC=62.70%  AUC-PR=54.02%  F1=0.6926  MCC=0.3143  Train=0.353s  Test=3.124s  Peak RAM=37.544 MB
2026-03-18 15:29:40 | INFO | [ncluster=378/378] AUC-ROC=56.22%  AUC-PR=54.36%  F1=0.6266  MCC=0.1287  Train=0.336s  Test=3.562s  Peak RAM=37.546 MB
2026-03-18 15:29:40 | INFO | [ncluster=381/381] AUC-ROC=68.05%  AUC-PR=64.92%  F1=0.6573  MCC=0.3096  Train=0.505s  Test=4.041s  Peak RAM=37.546 MB
2026-03-18 15:29:40 | INFO | [ncluster=384/384] AUC-ROC=67.03%  AUC-PR=57.76%  F1=0.6991  MCC=0.3507  Train=0.532s  Test=4.666s  Peak RAM=37.547 MB
2026-03-18 15:29:40 | INFO | [ncluster=387/387] AUC-ROC=52.31%  AUC-PR=51.43%  F1=0.6249  MCC=0.0900  Train=0.589s  Test=4.778s  Peak RAM=37.546 MB
2026-03-18 15:29:40 | INFO | [ncluster=390/390] AUC-ROC=66.58%  AUC-PR=60.10%  F1=0.6730  MCC=0.3176  Train=0.761s  Test=4.890s  Peak RAM=37.548 MB
2026-03-18 15:29:40 | INFO | [ncluster=393/393] AUC-ROC=50.04%  AUC-PR=50.52%  F1=0.6712  MCC=0.0151  Train=0.674s  Test=4.028s  Peak RAM=37.548 MB
2026-03-18 15:29:40 | INFO | [ncluster=396/396] AUC-ROC=62.01%  AUC-PR=55.99%  F1=0.6407  MCC=0.2418  Train=0.561s  Test=3.674s  Peak RAM=37.548 MB
2026-03-18 15:29:40 | INFO | [ncluster=399/399] AUC-ROC=57.10%  AUC-PR=55.08%  F1=0.6417  MCC=0.1586  Train=0.512s  Test=3.586s  Peak RAM=37.55 MB
2026-03-18 15:29:40 | INFO | [ncluster=402/402] AUC-ROC=53.69%  AUC-PR=52.56%  F1=0.6310  MCC=0.1018  Train=0.284s  Test=2.964s  Peak RAM=37.55 MB
2026-03-18 15:29:40 | INFO | [ncluster=405/405] AUC-ROC=52.50%  AUC-PR=51.78%  F1=0.6329  MCC=0.0830  Train=0.446s  Test=3.381s  Peak RAM=37.551 MB
2026-03-18 15:29:40 | INFO | [ncluster=408/408] AUC-ROC=55.94%  AUC-PR=54.33%  F1=0.6211  MCC=0.1267  Train=0.460s  Test=3.458s  Peak RAM=37.551 MB
2026-03-18 15:29:40 | INFO | [ncluster=411/411] AUC-ROC=64.39%  AUC-PR=54.38%  F1=0.7238  MCC=0.3929  Train=0.319s  Test=3.011s  Peak RAM=37.551 MB
2026-03-18 15:29:40 | INFO | [ncluster=414/414] AUC-ROC=63.72%  AUC-PR=56.29%  F1=0.6571  MCC=0.2939  Train=0.355s  Test=3.114s  Peak RAM=37.552 MB
2026-03-18 15:29:40 | INFO | [ncluster=417/417] AUC-ROC=55.58%  AUC-PR=54.07%  F1=0.6285  MCC=0.1252  Train=0.459s  Test=6.558s  Peak RAM=37.553 MB
2026-03-18 15:29:40 | INFO | [ncluster=420/420] AUC-ROC=71.28%  AUC-PR=65.40%  F1=0.7031  MCC=0.4096  Train=0.670s  Test=6.907s  Peak RAM=37.552 MB
2026-03-18 15:29:40 | INFO | [ncluster=423/423] AUC-ROC=59.34%  AUC-PR=56.63%  F1=0.6616  MCC=0.2091  Train=0.441s  Test=5.587s  Peak RAM=37.553 MB
2026-03-18 15:29:40 | INFO | [ncluster=426/426] AUC-ROC=66.28%  AUC-PR=58.24%  F1=0.6860  MCC=0.3142  Train=0.350s  Test=5.971s  Peak RAM=37.554 MB
2026-03-18 15:29:40 | INFO | [ncluster=429/429] AUC-ROC=59.57%  AUC-PR=53.61%  F1=0.6360  MCC=0.2020  Train=0.699s  Test=5.806s  Peak RAM=37.554 MB
2026-03-18 15:29:40 | INFO | [ncluster=432/432] AUC-ROC=68.52%  AUC-PR=65.75%  F1=0.6758  MCC=0.3614  Train=0.695s  Test=5.949s  Peak RAM=37.554 MB
2026-03-18 15:29:40 | INFO | [ncluster=435/435] AUC-ROC=54.82%  AUC-PR=53.49%  F1=0.6365  MCC=0.1138  Train=0.761s  Test=3.961s  Peak RAM=37.556 MB
2026-03-18 15:29:40 | INFO | [ncluster=438/438] AUC-ROC=63.25%  AUC-PR=53.53%  F1=0.7274  MCC=0.3780  Train=0.414s  Test=4.171s  Peak RAM=37.558 MB
2026-03-18 15:29:40 | INFO | [ncluster=441/441] AUC-ROC=50.04%  AUC-PR=50.52%  F1=0.6712  MCC=0.0151  Train=0.259s  Test=2.721s  Peak RAM=37.557 MB
2026-03-18 15:29:40 | INFO | [ncluster=444/444] AUC-ROC=54.40%  AUC-PR=53.16%  F1=0.6296  MCC=0.0986  Train=0.304s  Test=2.720s  Peak RAM=37.556 MB
2026-03-18 15:29:40 | INFO | [ncluster=447/447] AUC-ROC=74.19%  AUC-PR=66.60%  F1=0.7521  MCC=0.4690  Train=0.508s  Test=3.752s  Peak RAM=37.556 MB
2026-03-18 15:29:40 | INFO | [ncluster=450/450] AUC-ROC=76.52%  AUC-PR=68.27%  F1=0.7861  MCC=0.5435  Train=0.376s  Test=2.605s  Peak RAM=37.559 MB
2026-03-18 15:29:40 | INFO | [ncluster=453/453] AUC-ROC=58.72%  AUC-PR=56.24%  F1=0.6605  MCC=0.2012  Train=0.405s  Test=4.430s  Peak RAM=37.56 MB
2026-03-18 15:29:40 | INFO | [ncluster=456/456] AUC-ROC=50.04%  AUC-PR=50.52%  F1=0.6712  MCC=0.0151  Train=0.308s  Test=2.528s  Peak RAM=37.56 MB
2026-03-18 15:29:40 | INFO | [ncluster=459/459] AUC-ROC=50.04%  AUC-PR=50.52%  F1=0.6712  MCC=0.0151  Train=0.209s  Test=3.045s  Peak RAM=37.56 MB
2026-03-18 15:29:40 | INFO | [ncluster=462/462] AUC-ROC=50.05%  AUC-PR=50.53%  F1=0.6713  MCC=0.0177  Train=0.431s  Test=3.399s  Peak RAM=37.56 MB
2026-03-18 15:29:40 | INFO | [ncluster=465/465] AUC-ROC=69.55%  AUC-PR=66.22%  F1=0.6667  MCC=0.3564  Train=0.628s  Test=4.153s  Peak RAM=37.562 MB
2026-03-18 15:29:40 | INFO | [ncluster=468/468] AUC-ROC=51.02%  AUC-PR=50.60%  F1=0.6413  MCC=0.0922  Train=0.310s  Test=3.161s  Peak RAM=37.561 MB
2026-03-18 15:29:40 | INFO | [ncluster=471/471] AUC-ROC=68.72%  AUC-PR=63.87%  F1=0.6912  MCC=0.3481  Train=0.437s  Test=3.729s  Peak RAM=37.563 MB
2026-03-18 15:29:40 | INFO | [ncluster=474/474] AUC-ROC=66.36%  AUC-PR=60.05%  F1=0.6501  MCC=0.2919  Train=0.496s  Test=3.969s  Peak RAM=37.562 MB
2026-03-18 15:29:40 | INFO | [ncluster=477/477] AUC-ROC=50.04%  AUC-PR=50.52%  F1=0.6712  MCC=0.0151  Train=0.469s  Test=3.995s  Peak RAM=37.564 MB
2026-03-18 15:29:40 | INFO | [ncluster=480/480] AUC-ROC=51.86%  AUC-PR=51.48%  F1=0.6359  MCC=0.0716  Train=0.358s  Test=2.828s  Peak RAM=37.563 MB
2026-03-18 15:29:40 | INFO | [ncluster=483/483] AUC-ROC=50.04%  AUC-PR=50.52%  F1=0.6713  MCC=0.0167  Train=0.419s  Test=2.738s  Peak RAM=37.565 MB
2026-03-18 15:29:40 | INFO | [ncluster=486/486] AUC-ROC=50.04%  AUC-PR=50.53%  F1=0.6713  MCC=0.0176  Train=0.423s  Test=3.486s  Peak RAM=37.565 MB
2026-03-18 15:29:40 | INFO | [ncluster=489/489] AUC-ROC=65.28%  AUC-PR=56.39%  F1=0.6933  MCC=0.3197  Train=0.303s  Test=2.283s  Peak RAM=37.566 MB
2026-03-18 15:29:40 | INFO | [ncluster=492/492] AUC-ROC=70.26%  AUC-PR=59.24%  F1=0.7464  MCC=0.4295  Train=0.546s  Test=4.606s  Peak RAM=37.566 MB
2026-03-18 15:29:40 | INFO | [ncluster=495/495] AUC-ROC=50.04%  AUC-PR=50.52%  F1=0.6712  MCC=0.0151  Train=0.289s  Test=3.192s  Peak RAM=37.567 MB
2026-03-18 15:29:40 | INFO | [ncluster=498/498] AUC-ROC=62.99%  AUC-PR=54.30%  F1=0.7075  MCC=0.3513  Train=0.272s  Test=2.653s  Peak RAM=37.568 MB
2026-03-18 15:29:40 | INFO | [ncluster=501/501] AUC-ROC=50.04%  AUC-PR=50.52%  F1=0.6713  MCC=0.0167  Train=0.516s  Test=4.354s  Peak RAM=37.568 MB
2026-03-18 15:29:40 | INFO | [ncluster=504/504] AUC-ROC=50.04%  AUC-PR=50.52%  F1=0.6712  MCC=0.0151  Train=0.649s  Test=4.651s  Peak RAM=37.568 MB
2026-03-18 15:29:40 | INFO | [ncluster=507/507] AUC-ROC=61.54%  AUC-PR=53.18%  F1=0.6920  MCC=0.3108  Train=0.508s  Test=3.307s  Peak RAM=37.569 MB
2026-03-18 15:29:40 | INFO | [ncluster=510/510] AUC-ROC=66.11%  AUC-PR=55.01%  F1=0.7505  MCC=0.4499  Train=0.371s  Test=3.941s  Peak RAM=37.57 MB
2026-03-18 15:29:40 | INFO | [ncluster=513/513] AUC-ROC=50.04%  AUC-PR=50.52%  F1=0.6712  MCC=0.0151  Train=0.355s  Test=2.830s  Peak RAM=37.571 MB
2026-03-18 15:29:40 | INFO | [ncluster=516/516] AUC-ROC=51.84%  AUC-PR=51.32%  F1=0.6330  MCC=0.0778  Train=0.362s  Test=3.123s  Peak RAM=37.569 MB
2026-03-18 15:29:40 | INFO | [ncluster=519/519] AUC-ROC=50.04%  AUC-PR=50.52%  F1=0.6712  MCC=0.0151  Train=0.283s  Test=3.094s  Peak RAM=37.572 MB
2026-03-18 15:29:40 | INFO | [ncluster=522/522] AUC-ROC=52.74%  AUC-PR=52.00%  F1=0.6360  MCC=0.0847  Train=0.322s  Test=3.369s  Peak RAM=37.569 MB
2026-03-18 15:29:40 | INFO | [ncluster=525/525] AUC-ROC=50.04%  AUC-PR=50.52%  F1=0.6713  MCC=0.0167  Train=0.369s  Test=3.439s  Peak RAM=37.572 MB
2026-03-18 15:29:40 | INFO | [ncluster=528/528] AUC-ROC=73.13%  AUC-PR=69.15%  F1=0.7002  MCC=0.4208  Train=0.374s  Test=4.041s  Peak RAM=37.571 MB
2026-03-18 15:29:40 | INFO | [ncluster=531/531] AUC-ROC=62.60%  AUC-PR=53.39%  F1=0.7055  MCC=0.3274  Train=0.490s  Test=4.229s  Peak RAM=37.572 MB
2026-03-18 15:29:40 | INFO | [ncluster=534/534] AUC-ROC=50.09%  AUC-PR=50.55%  F1=0.6714  MCC=0.0249  Train=0.367s  Test=3.609s  Peak RAM=37.572 MB
2026-03-18 15:29:40 | INFO | [ncluster=537/537] AUC-ROC=53.90%  AUC-PR=52.91%  F1=0.6254  MCC=0.0904  Train=0.323s  Test=2.892s  Peak RAM=37.574 MB
2026-03-18 15:29:40 | INFO | [ncluster=540/540] AUC-ROC=50.04%  AUC-PR=50.52%  F1=0.6712  MCC=0.0136  Train=0.583s  Test=4.413s  Peak RAM=37.574 MB
2026-03-18 15:29:40 | INFO | [ncluster=543/543] AUC-ROC=50.04%  AUC-PR=50.52%  F1=0.6712  MCC=0.0151  Train=0.464s  Test=4.240s  Peak RAM=37.575 MB
2026-03-18 15:29:40 | INFO | [ncluster=546/546] AUC-ROC=67.52%  AUC-PR=63.06%  F1=0.6782  MCC=0.3177  Train=0.281s  Test=2.797s  Peak RAM=37.579 MB
2026-03-18 15:29:40 | INFO | [ncluster=549/549] AUC-ROC=50.06%  AUC-PR=50.53%  F1=0.6714  MCC=0.0215  Train=0.689s  Test=4.417s  Peak RAM=37.574 MB
2026-03-18 15:29:40 | INFO | [ncluster=552/552] AUC-ROC=71.85%  AUC-PR=61.51%  F1=0.7546  MCC=0.4560  Train=0.465s  Test=3.740s  Peak RAM=37.58 MB
2026-03-18 15:29:40 | INFO | [ncluster=555/555] AUC-ROC=54.79%  AUC-PR=53.54%  F1=0.6209  MCC=0.1064  Train=0.489s  Test=4.358s  Peak RAM=37.578 MB
2026-03-18 15:29:40 | INFO | [ncluster=558/558] AUC-ROC=72.88%  AUC-PR=65.14%  F1=0.7261  MCC=0.4262  Train=0.257s  Test=3.004s  Peak RAM=37.578 MB
2026-03-18 15:29:40 | INFO | [ncluster=561/561] AUC-ROC=50.04%  AUC-PR=50.53%  F1=0.6713  MCC=0.0176  Train=0.523s  Test=4.489s  Peak RAM=37.579 MB
2026-03-18 15:29:40 | INFO | [ncluster=564/564] AUC-ROC=63.88%  AUC-PR=55.77%  F1=0.6620  MCC=0.2611  Train=0.384s  Test=2.686s  Peak RAM=37.578 MB
2026-03-18 15:29:40 | INFO | [ncluster=567/567] AUC-ROC=75.43%  AUC-PR=70.71%  F1=0.7470  MCC=0.4857  Train=0.461s  Test=4.694s  Peak RAM=37.578 MB
2026-03-18 15:29:40 | INFO | [ncluster=570/570] AUC-ROC=50.04%  AUC-PR=50.52%  F1=0.6713  MCC=0.0158  Train=0.272s  Test=2.294s  Peak RAM=37.578 MB
2026-03-18 15:29:40 | INFO | [ncluster=573/573] AUC-ROC=50.04%  AUC-PR=50.52%  F1=0.6712  MCC=0.0136  Train=0.285s  Test=2.390s  Peak RAM=37.581 MB
2026-03-18 15:29:40 | INFO | [ncluster=576/576] AUC-ROC=53.43%  AUC-PR=52.56%  F1=0.6276  MCC=0.0803  Train=0.285s  Test=2.600s  Peak RAM=37.581 MB
2026-03-18 15:29:40 | INFO | [ncluster=579/579] AUC-ROC=53.52%  AUC-PR=52.62%  F1=0.6295  MCC=0.0835  Train=0.196s  Test=2.240s  Peak RAM=37.58 MB
2026-03-18 15:29:40 | INFO | [ncluster=582/582] AUC-ROC=54.66%  AUC-PR=53.41%  F1=0.6323  MCC=0.1091  Train=0.293s  Test=2.394s  Peak RAM=37.584 MB
2026-03-18 15:29:40 | INFO | [ncluster=585/585] AUC-ROC=54.27%  AUC-PR=53.13%  F1=0.6330  MCC=0.1014  Train=0.193s  Test=2.216s  Peak RAM=37.582 MB
2026-03-18 15:29:40 | INFO | [ncluster=588/588] AUC-ROC=53.95%  AUC-PR=52.94%  F1=0.6272  MCC=0.0928  Train=0.150s  Test=1.635s  Peak RAM=37.583 MB
2026-03-18 15:29:40 | INFO | [ncluster=591/591] AUC-ROC=70.54%  AUC-PR=66.83%  F1=0.6769  MCC=0.3314  Train=0.175s  Test=2.127s  Peak RAM=37.583 MB
2026-03-18 15:29:40 | INFO | [ncluster=594/594] AUC-ROC=54.26%  AUC-PR=53.07%  F1=0.6391  MCC=0.1027  Train=0.183s  Test=1.911s  Peak RAM=37.584 MB
2026-03-18 15:29:40 | INFO | [ncluster=597/597] AUC-ROC=65.20%  AUC-PR=57.10%  F1=0.7260  MCC=0.3681  Train=0.140s  Test=1.765s  Peak RAM=37.585 MB
2026-03-18 15:29:40 | INFO | --- noise=3% ---
2026-03-18 15:29:40 | INFO | ============================================================
2026-03-18 15:29:40 | INFO | Dataset  : Train_QuantileTransformer_data_CICIoT2023.csv
2026-03-18 15:29:40 | INFO | Scaler   : QuantileTransformer
2026-03-18 15:29:40 | INFO | Noise    : 3%
2026-03-18 15:29:40 | INFO | nClusters: 100 values (300..597)
2026-03-18 15:29:40 | INFO | ============================================================
2026-03-18 15:29:40 | INFO | Loaded Raw Shape -> Train: (30000, 45), Test: (30000, 45)
2026-03-18 15:29:40 | INFO | Training size : 30,900  |  Testing size: 29,100  |  Features: 44
2026-03-18 15:29:40 | INFO | Firing up Parallel execution for 100 cluster configs...
2026-03-18 15:39:32 | INFO | [ncluster=300/300] AUC-ROC=63.59%  AUC-PR=54.47%  F1=0.7325  MCC=0.3734  Train=0.264s  Test=4.358s  Peak RAM=38.273 MB
2026-03-18 15:39:32 | INFO | [ncluster=303/303] AUC-ROC=62.30%  AUC-PR=53.96%  F1=0.7117  MCC=0.3382  Train=0.693s  Test=5.131s  Peak RAM=38.273 MB
2026-03-18 15:39:32 | INFO | [ncluster=306/306] AUC-ROC=63.44%  AUC-PR=54.37%  F1=0.7292  MCC=0.3749  Train=0.471s  Test=4.265s  Peak RAM=38.273 MB
2026-03-18 15:39:32 | INFO | [ncluster=309/309] AUC-ROC=65.19%  AUC-PR=55.34%  F1=0.7469  MCC=0.4163  Train=0.331s  Test=2.949s  Peak RAM=38.275 MB
2026-03-18 15:39:32 | INFO | [ncluster=312/312] AUC-ROC=69.73%  AUC-PR=63.06%  F1=0.6830  MCC=0.3363  Train=0.713s  Test=4.400s  Peak RAM=38.277 MB
2026-03-18 15:39:32 | INFO | [ncluster=315/315] AUC-ROC=73.61%  AUC-PR=65.90%  F1=0.7354  MCC=0.4160  Train=0.563s  Test=4.638s  Peak RAM=38.275 MB
2026-03-18 15:39:32 | INFO | [ncluster=318/318] AUC-ROC=73.42%  AUC-PR=67.51%  F1=0.7407  MCC=0.4214  Train=0.269s  Test=4.018s  Peak RAM=38.276 MB
2026-03-18 15:39:32 | INFO | [ncluster=321/321] AUC-ROC=69.06%  AUC-PR=63.49%  F1=0.6755  MCC=0.3429  Train=0.230s  Test=2.580s  Peak RAM=38.276 MB
2026-03-18 15:39:32 | INFO | [ncluster=324/324] AUC-ROC=61.97%  AUC-PR=53.92%  F1=0.6925  MCC=0.3167  Train=0.409s  Test=3.250s  Peak RAM=38.277 MB
2026-03-18 15:39:32 | INFO | [ncluster=327/327] AUC-ROC=68.68%  AUC-PR=63.90%  F1=0.7087  MCC=0.3136  Train=0.317s  Test=2.824s  Peak RAM=38.278 MB
2026-03-18 15:39:32 | INFO | [ncluster=330/330] AUC-ROC=65.45%  AUC-PR=55.56%  F1=0.7559  MCC=0.4370  Train=0.273s  Test=2.982s  Peak RAM=38.279 MB
2026-03-18 15:39:32 | INFO | [ncluster=333/333] AUC-ROC=68.58%  AUC-PR=63.15%  F1=0.6866  MCC=0.3087  Train=0.278s  Test=3.076s  Peak RAM=38.279 MB
2026-03-18 15:39:32 | INFO | [ncluster=336/336] AUC-ROC=61.71%  AUC-PR=53.82%  F1=0.7004  MCC=0.3323  Train=0.260s  Test=2.663s  Peak RAM=38.278 MB
2026-03-18 15:39:32 | INFO | [ncluster=339/339] AUC-ROC=64.32%  AUC-PR=55.07%  F1=0.7332  MCC=0.3927  Train=0.568s  Test=3.540s  Peak RAM=38.279 MB
2026-03-18 15:39:32 | INFO | [ncluster=342/342] AUC-ROC=71.40%  AUC-PR=67.13%  F1=0.7140  MCC=0.3728  Train=0.406s  Test=4.367s  Peak RAM=38.281 MB
2026-03-18 15:39:32 | INFO | [ncluster=345/345] AUC-ROC=51.41%  AUC-PR=52.08%  F1=0.6435  MCC=0.0807  Train=0.332s  Test=2.727s  Peak RAM=38.282 MB
2026-03-18 15:39:32 | INFO | [ncluster=348/348] AUC-ROC=66.34%  AUC-PR=59.75%  F1=0.6916  MCC=0.3143  Train=0.446s  Test=3.837s  Peak RAM=38.282 MB
2026-03-18 15:39:32 | INFO | [ncluster=351/351] AUC-ROC=63.70%  AUC-PR=54.79%  F1=0.7294  MCC=0.3813  Train=0.250s  Test=2.714s  Peak RAM=38.282 MB
2026-03-18 15:39:32 | INFO | [ncluster=354/354] AUC-ROC=61.01%  AUC-PR=53.28%  F1=0.7099  MCC=0.3211  Train=0.305s  Test=2.969s  Peak RAM=38.283 MB
2026-03-18 15:39:32 | INFO | [ncluster=357/357] AUC-ROC=70.83%  AUC-PR=65.99%  F1=0.6871  MCC=0.3644  Train=0.484s  Test=3.727s  Peak RAM=38.284 MB
2026-03-18 15:39:32 | INFO | [ncluster=360/360] AUC-ROC=61.88%  AUC-PR=53.87%  F1=0.7111  MCC=0.3351  Train=0.321s  Test=3.979s  Peak RAM=38.284 MB
2026-03-18 15:39:32 | INFO | [ncluster=363/363] AUC-ROC=54.63%  AUC-PR=54.24%  F1=0.6356  MCC=0.0970  Train=0.243s  Test=3.012s  Peak RAM=38.284 MB
2026-03-18 15:39:32 | INFO | [ncluster=366/366] AUC-ROC=71.94%  AUC-PR=64.15%  F1=0.7075  MCC=0.3782  Train=0.302s  Test=3.753s  Peak RAM=38.285 MB
2026-03-18 15:39:32 | INFO | [ncluster=369/369] AUC-ROC=50.04%  AUC-PR=51.57%  F1=0.6804  MCC=0.0175  Train=0.528s  Test=3.662s  Peak RAM=38.286 MB
2026-03-18 15:39:32 | INFO | [ncluster=372/372] AUC-ROC=50.07%  AUC-PR=51.28%  F1=0.6414  MCC=0.0513  Train=0.264s  Test=2.921s  Peak RAM=38.283 MB
2026-03-18 15:39:32 | INFO | [ncluster=375/375] AUC-ROC=71.00%  AUC-PR=66.72%  F1=0.6946  MCC=0.4003  Train=0.393s  Test=2.594s  Peak RAM=38.288 MB
2026-03-18 15:39:32 | INFO | [ncluster=378/378] AUC-ROC=70.07%  AUC-PR=63.79%  F1=0.7035  MCC=0.3458  Train=0.303s  Test=2.495s  Peak RAM=38.287 MB
2026-03-18 15:39:32 | INFO | [ncluster=381/381] AUC-ROC=68.74%  AUC-PR=61.74%  F1=0.7022  MCC=0.3453  Train=0.314s  Test=3.852s  Peak RAM=38.289 MB
2026-03-18 15:39:32 | INFO | [ncluster=384/384] AUC-ROC=70.72%  AUC-PR=65.05%  F1=0.7107  MCC=0.3839  Train=0.488s  Test=5.489s  Peak RAM=38.288 MB
2026-03-18 15:39:32 | INFO | [ncluster=387/387] AUC-ROC=54.55%  AUC-PR=54.26%  F1=0.6466  MCC=0.1063  Train=0.199s  Test=2.688s  Peak RAM=38.288 MB
2026-03-18 15:39:32 | INFO | [ncluster=390/390] AUC-ROC=61.64%  AUC-PR=53.71%  F1=0.7015  MCC=0.3229  Train=0.285s  Test=2.758s  Peak RAM=38.289 MB
2026-03-18 15:39:32 | INFO | [ncluster=393/393] AUC-ROC=73.00%  AUC-PR=69.27%  F1=0.7015  MCC=0.3962  Train=0.264s  Test=2.518s  Peak RAM=38.292 MB
2026-03-18 15:39:32 | INFO | [ncluster=396/396] AUC-ROC=51.84%  AUC-PR=52.38%  F1=0.6373  MCC=0.0753  Train=0.482s  Test=4.649s  Peak RAM=38.29 MB
2026-03-18 15:39:32 | INFO | [ncluster=399/399] AUC-ROC=67.42%  AUC-PR=58.68%  F1=0.7222  MCC=0.3728  Train=0.472s  Test=3.826s  Peak RAM=38.291 MB
2026-03-18 15:39:32 | INFO | [ncluster=402/402] AUC-ROC=68.40%  AUC-PR=65.56%  F1=0.6839  MCC=0.3406  Train=0.300s  Test=3.415s  Peak RAM=38.291 MB
2026-03-18 15:39:32 | INFO | [ncluster=405/405] AUC-ROC=75.00%  AUC-PR=68.04%  F1=0.7529  MCC=0.4523  Train=0.481s  Test=3.475s  Peak RAM=38.29 MB
2026-03-18 15:39:32 | INFO | [ncluster=408/408] AUC-ROC=64.80%  AUC-PR=55.12%  F1=0.7512  MCC=0.4248  Train=0.513s  Test=4.887s  Peak RAM=38.294 MB
2026-03-18 15:39:32 | INFO | [ncluster=411/411] AUC-ROC=50.04%  AUC-PR=51.57%  F1=0.6804  MCC=0.0143  Train=0.287s  Test=2.839s  Peak RAM=38.293 MB
2026-03-18 15:39:32 | INFO | [ncluster=414/414] AUC-ROC=66.25%  AUC-PR=58.24%  F1=0.7014  MCC=0.3308  Train=0.662s  Test=5.055s  Peak RAM=38.294 MB
2026-03-18 15:39:32 | INFO | [ncluster=417/417] AUC-ROC=66.45%  AUC-PR=62.31%  F1=0.6583  MCC=0.3105  Train=0.472s  Test=3.847s  Peak RAM=38.295 MB
2026-03-18 15:39:32 | INFO | [ncluster=420/420] AUC-ROC=70.13%  AUC-PR=64.00%  F1=0.7077  MCC=0.3851  Train=0.292s  Test=3.241s  Peak RAM=38.294 MB
2026-03-18 15:39:32 | INFO | [ncluster=423/423] AUC-ROC=68.61%  AUC-PR=62.38%  F1=0.6873  MCC=0.3378  Train=0.290s  Test=2.706s  Peak RAM=38.297 MB
2026-03-18 15:39:32 | INFO | [ncluster=426/426] AUC-ROC=60.95%  AUC-PR=54.59%  F1=0.6724  MCC=0.2780  Train=0.279s  Test=2.842s  Peak RAM=38.295 MB
2026-03-18 15:39:32 | INFO | [ncluster=429/429] AUC-ROC=50.04%  AUC-PR=51.57%  F1=0.6804  MCC=0.0159  Train=0.500s  Test=5.998s  Peak RAM=38.296 MB
2026-03-18 15:39:32 | INFO | [ncluster=432/432] AUC-ROC=73.00%  AUC-PR=66.73%  F1=0.7105  MCC=0.4037  Train=0.712s  Test=6.054s  Peak RAM=38.297 MB
2026-03-18 15:39:32 | INFO | [ncluster=435/435] AUC-ROC=60.54%  AUC-PR=53.13%  F1=0.7017  MCC=0.3087  Train=0.314s  Test=2.619s  Peak RAM=38.297 MB
2026-03-18 15:39:32 | INFO | [ncluster=438/438] AUC-ROC=68.72%  AUC-PR=63.79%  F1=0.6992  MCC=0.3209  Train=0.651s  Test=5.253s  Peak RAM=38.296 MB
2026-03-18 15:39:32 | INFO | [ncluster=441/441] AUC-ROC=72.93%  AUC-PR=66.13%  F1=0.7146  MCC=0.4021  Train=0.663s  Test=5.130s  Peak RAM=38.298 MB
2026-03-18 15:39:32 | INFO | [ncluster=444/444] AUC-ROC=69.38%  AUC-PR=65.23%  F1=0.6776  MCC=0.3514  Train=0.760s  Test=5.650s  Peak RAM=38.298 MB
2026-03-18 15:39:32 | INFO | [ncluster=447/447] AUC-ROC=70.23%  AUC-PR=63.19%  F1=0.6821  MCC=0.3512  Train=0.683s  Test=4.782s  Peak RAM=38.301 MB
2026-03-18 15:39:32 | INFO | [ncluster=450/450] AUC-ROC=63.88%  AUC-PR=55.24%  F1=0.7280  MCC=0.3746  Train=0.451s  Test=3.238s  Peak RAM=38.3 MB
2026-03-18 15:39:32 | INFO | [ncluster=453/453] AUC-ROC=53.26%  AUC-PR=53.18%  F1=0.6463  MCC=0.0978  Train=0.630s  Test=4.830s  Peak RAM=38.301 MB
2026-03-18 15:39:32 | INFO | [ncluster=456/456] AUC-ROC=67.50%  AUC-PR=61.89%  F1=0.6870  MCC=0.2878  Train=0.352s  Test=2.962s  Peak RAM=38.301 MB
2026-03-18 15:39:32 | INFO | [ncluster=459/459] AUC-ROC=50.04%  AUC-PR=51.57%  F1=0.6804  MCC=0.0175  Train=0.360s  Test=3.647s  Peak RAM=38.304 MB
2026-03-18 15:39:32 | INFO | [ncluster=462/462] AUC-ROC=72.53%  AUC-PR=70.43%  F1=0.6809  MCC=0.3683  Train=0.310s  Test=3.203s  Peak RAM=38.301 MB
2026-03-18 15:39:32 | INFO | [ncluster=465/465] AUC-ROC=70.24%  AUC-PR=66.74%  F1=0.6853  MCC=0.3343  Train=0.519s  Test=3.785s  Peak RAM=38.303 MB
2026-03-18 15:39:32 | INFO | [ncluster=468/468] AUC-ROC=66.04%  AUC-PR=57.88%  F1=0.6959  MCC=0.3153  Train=0.272s  Test=3.002s  Peak RAM=38.302 MB
2026-03-18 15:39:32 | INFO | [ncluster=471/471] AUC-ROC=53.67%  AUC-PR=53.75%  F1=0.6387  MCC=0.0874  Train=0.449s  Test=3.190s  Peak RAM=38.302 MB
2026-03-18 15:39:32 | INFO | [ncluster=474/474] AUC-ROC=69.64%  AUC-PR=65.16%  F1=0.6827  MCC=0.3560  Train=0.291s  Test=3.743s  Peak RAM=38.3 MB
2026-03-18 15:39:32 | INFO | [ncluster=477/477] AUC-ROC=50.04%  AUC-PR=51.57%  F1=0.6804  MCC=0.0174  Train=0.291s  Test=3.008s  Peak RAM=38.305 MB
2026-03-18 15:39:32 | INFO | [ncluster=480/480] AUC-ROC=70.60%  AUC-PR=64.13%  F1=0.6965  MCC=0.3540  Train=0.570s  Test=5.447s  Peak RAM=38.305 MB
2026-03-18 15:39:32 | INFO | [ncluster=483/483] AUC-ROC=70.87%  AUC-PR=64.40%  F1=0.6924  MCC=0.3515  Train=0.320s  Test=5.095s  Peak RAM=38.306 MB
2026-03-18 15:39:32 | INFO | [ncluster=486/486] AUC-ROC=50.04%  AUC-PR=51.57%  F1=0.6804  MCC=0.0143  Train=0.380s  Test=5.402s  Peak RAM=38.306 MB
2026-03-18 15:39:32 | INFO | [ncluster=489/489] AUC-ROC=72.89%  AUC-PR=66.16%  F1=0.7339  MCC=0.4208  Train=0.618s  Test=3.949s  Peak RAM=38.306 MB
2026-03-18 15:39:32 | INFO | [ncluster=492/492] AUC-ROC=74.48%  AUC-PR=67.53%  F1=0.7181  MCC=0.4198  Train=0.460s  Test=3.890s  Peak RAM=38.307 MB
2026-03-18 15:39:32 | INFO | [ncluster=495/495] AUC-ROC=63.48%  AUC-PR=54.53%  F1=0.7293  MCC=0.3871  Train=0.308s  Test=3.765s  Peak RAM=38.308 MB
2026-03-18 15:39:32 | INFO | [ncluster=498/498] AUC-ROC=50.04%  AUC-PR=51.57%  F1=0.6804  MCC=0.0166  Train=0.414s  Test=3.792s  Peak RAM=38.309 MB
2026-03-18 15:39:32 | INFO | [ncluster=501/501] AUC-ROC=50.04%  AUC-PR=51.57%  F1=0.6804  MCC=0.0159  Train=0.311s  Test=3.056s  Peak RAM=38.31 MB
2026-03-18 15:39:32 | INFO | [ncluster=504/504] AUC-ROC=62.42%  AUC-PR=54.20%  F1=0.7108  MCC=0.3413  Train=0.292s  Test=2.637s  Peak RAM=38.309 MB
2026-03-18 15:39:32 | INFO | [ncluster=507/507] AUC-ROC=72.43%  AUC-PR=68.37%  F1=0.7000  MCC=0.3746  Train=0.284s  Test=3.697s  Peak RAM=38.311 MB
2026-03-18 15:39:32 | INFO | [ncluster=510/510] AUC-ROC=50.04%  AUC-PR=51.57%  F1=0.6804  MCC=0.0175  Train=0.574s  Test=3.043s  Peak RAM=38.313 MB
2026-03-18 15:39:32 | INFO | [ncluster=513/513] AUC-ROC=50.04%  AUC-PR=51.57%  F1=0.6804  MCC=0.0143  Train=0.340s  Test=3.007s  Peak RAM=38.311 MB
2026-03-18 15:39:32 | INFO | [ncluster=516/516] AUC-ROC=50.04%  AUC-PR=51.57%  F1=0.6804  MCC=0.0166  Train=0.400s  Test=3.449s  Peak RAM=38.311 MB
2026-03-18 15:39:32 | INFO | [ncluster=519/519] AUC-ROC=63.66%  AUC-PR=54.59%  F1=0.7321  MCC=0.3848  Train=0.302s  Test=3.681s  Peak RAM=38.312 MB
2026-03-18 15:39:32 | INFO | [ncluster=522/522] AUC-ROC=71.76%  AUC-PR=65.67%  F1=0.6966  MCC=0.3930  Train=0.399s  Test=3.630s  Peak RAM=38.313 MB
2026-03-18 15:39:32 | INFO | [ncluster=525/525] AUC-ROC=72.44%  AUC-PR=69.16%  F1=0.7045  MCC=0.3870  Train=0.595s  Test=3.850s  Peak RAM=38.314 MB
2026-03-18 15:39:32 | INFO | [ncluster=528/528] AUC-ROC=70.34%  AUC-PR=63.68%  F1=0.7120  MCC=0.3433  Train=0.496s  Test=4.272s  Peak RAM=38.314 MB
2026-03-18 15:39:32 | INFO | [ncluster=531/531] AUC-ROC=71.65%  AUC-PR=66.13%  F1=0.6976  MCC=0.3610  Train=0.441s  Test=3.421s  Peak RAM=38.315 MB
2026-03-18 15:39:32 | INFO | [ncluster=534/534] AUC-ROC=65.41%  AUC-PR=55.57%  F1=0.7549  MCC=0.4354  Train=0.456s  Test=4.064s  Peak RAM=38.315 MB
2026-03-18 15:39:32 | INFO | [ncluster=537/537] AUC-ROC=50.04%  AUC-PR=51.57%  F1=0.6804  MCC=0.0143  Train=0.402s  Test=3.040s  Peak RAM=38.316 MB
2026-03-18 15:39:32 | INFO | [ncluster=540/540] AUC-ROC=53.82%  AUC-PR=53.63%  F1=0.6604  MCC=0.1008  Train=0.353s  Test=3.429s  Peak RAM=38.316 MB
2026-03-18 15:39:32 | INFO | [ncluster=543/543] AUC-ROC=54.58%  AUC-PR=54.28%  F1=0.6532  MCC=0.1127  Train=0.416s  Test=4.214s  Peak RAM=38.317 MB
2026-03-18 15:39:32 | INFO | [ncluster=546/546] AUC-ROC=50.04%  AUC-PR=51.57%  F1=0.6804  MCC=0.0159  Train=0.296s  Test=3.953s  Peak RAM=38.316 MB
2026-03-18 15:39:32 | INFO | [ncluster=549/549] AUC-ROC=50.04%  AUC-PR=51.57%  F1=0.6804  MCC=0.0183  Train=0.381s  Test=3.304s  Peak RAM=38.317 MB
2026-03-18 15:39:32 | INFO | [ncluster=552/552] AUC-ROC=62.58%  AUC-PR=54.52%  F1=0.7012  MCC=0.3406  Train=0.322s  Test=2.691s  Peak RAM=38.318 MB
2026-03-18 15:39:32 | INFO | [ncluster=555/555] AUC-ROC=50.04%  AUC-PR=51.57%  F1=0.6804  MCC=0.0143  Train=0.294s  Test=3.635s  Peak RAM=38.318 MB
2026-03-18 15:39:32 | INFO | [ncluster=558/558] AUC-ROC=50.04%  AUC-PR=51.57%  F1=0.6804  MCC=0.0159  Train=0.538s  Test=3.963s  Peak RAM=38.318 MB
2026-03-18 15:39:32 | INFO | [ncluster=561/561] AUC-ROC=72.74%  AUC-PR=65.96%  F1=0.7222  MCC=0.3939  Train=0.495s  Test=3.341s  Peak RAM=38.32 MB
2026-03-18 15:39:32 | INFO | [ncluster=564/564] AUC-ROC=50.04%  AUC-PR=51.57%  F1=0.6804  MCC=0.0183  Train=0.693s  Test=3.799s  Peak RAM=38.321 MB
2026-03-18 15:39:32 | INFO | [ncluster=567/567] AUC-ROC=50.04%  AUC-PR=51.57%  F1=0.6804  MCC=0.0143  Train=0.357s  Test=3.067s  Peak RAM=38.32 MB
2026-03-18 15:39:32 | INFO | [ncluster=570/570] AUC-ROC=65.63%  AUC-PR=55.78%  F1=0.7655  MCC=0.4538  Train=0.317s  Test=2.509s  Peak RAM=38.321 MB
2026-03-18 15:39:32 | INFO | [ncluster=573/573] AUC-ROC=50.04%  AUC-PR=51.57%  F1=0.6804  MCC=0.0143  Train=0.253s  Test=2.512s  Peak RAM=38.323 MB
2026-03-18 15:39:32 | INFO | [ncluster=576/576] AUC-ROC=50.04%  AUC-PR=51.57%  F1=0.6804  MCC=0.0175  Train=0.262s  Test=2.782s  Peak RAM=38.32 MB
2026-03-18 15:39:32 | INFO | [ncluster=579/579] AUC-ROC=72.49%  AUC-PR=64.74%  F1=0.7145  MCC=0.4039  Train=0.400s  Test=2.745s  Peak RAM=38.323 MB
2026-03-18 15:39:32 | INFO | [ncluster=582/582] AUC-ROC=54.34%  AUC-PR=54.03%  F1=0.6478  MCC=0.1004  Train=0.220s  Test=2.452s  Peak RAM=38.323 MB
2026-03-18 15:39:32 | INFO | [ncluster=585/585] AUC-ROC=50.04%  AUC-PR=51.57%  F1=0.6804  MCC=0.0143  Train=0.200s  Test=1.928s  Peak RAM=38.324 MB
2026-03-18 15:39:32 | INFO | [ncluster=588/588] AUC-ROC=69.44%  AUC-PR=66.50%  F1=0.6487  MCC=0.3327  Train=0.175s  Test=1.884s  Peak RAM=38.326 MB
2026-03-18 15:39:32 | INFO | [ncluster=591/591] AUC-ROC=50.04%  AUC-PR=51.57%  F1=0.6804  MCC=0.0143  Train=0.140s  Test=2.082s  Peak RAM=38.325 MB
2026-03-18 15:39:32 | INFO | [ncluster=594/594] AUC-ROC=63.57%  AUC-PR=55.98%  F1=0.7279  MCC=0.3650  Train=0.148s  Test=1.644s  Peak RAM=38.326 MB
2026-03-18 15:39:32 | INFO | [ncluster=597/597] AUC-ROC=52.82%  AUC-PR=53.03%  F1=0.6499  MCC=0.0861  Train=0.178s  Test=1.932s  Peak RAM=38.327 MB
2026-03-18 15:39:32 | INFO | --- noise=5% ---
2026-03-18 15:39:32 | INFO | ============================================================
2026-03-18 15:39:32 | INFO | Dataset  : Train_QuantileTransformer_data_CICIoT2023.csv
2026-03-18 15:39:32 | INFO | Scaler   : QuantileTransformer
2026-03-18 15:39:32 | INFO | Noise    : 5%
2026-03-18 15:39:32 | INFO | nClusters: 100 values (300..597)
2026-03-18 15:39:32 | INFO | ============================================================
2026-03-18 15:39:33 | INFO | Loaded Raw Shape -> Train: (30000, 45), Test: (30000, 45)
2026-03-18 15:39:33 | INFO | Training size : 31,500  |  Testing size: 28,500  |  Features: 44
2026-03-18 15:39:33 | INFO | Firing up Parallel execution for 100 cluster configs...
2026-03-18 15:50:42 | INFO | [ncluster=300/300] AUC-ROC=60.02%  AUC-PR=53.95%  F1=0.6917  MCC=0.2964  Train=0.812s  Test=7.806s  Peak RAM=39.014 MB
2026-03-18 15:50:42 | INFO | [ncluster=303/303] AUC-ROC=50.64%  AUC-PR=52.79%  F1=0.6498  MCC=0.0502  Train=0.222s  Test=5.767s  Peak RAM=39.014 MB
2026-03-18 15:50:42 | INFO | [ncluster=306/306] AUC-ROC=66.70%  AUC-PR=63.78%  F1=0.6866  MCC=0.2982  Train=0.293s  Test=3.589s  Peak RAM=39.017 MB
2026-03-18 15:50:42 | INFO | [ncluster=309/309] AUC-ROC=66.91%  AUC-PR=66.88%  F1=0.6458  MCC=0.2738  Train=0.603s  Test=7.423s  Peak RAM=39.016 MB
2026-03-18 15:50:42 | INFO | [ncluster=312/312] AUC-ROC=53.78%  AUC-PR=54.84%  F1=0.6529  MCC=0.0877  Train=0.842s  Test=8.017s  Peak RAM=39.016 MB
2026-03-18 15:50:42 | INFO | [ncluster=315/315] AUC-ROC=62.94%  AUC-PR=56.14%  F1=0.7215  MCC=0.3490  Train=0.399s  Test=4.344s  Peak RAM=39.018 MB
2026-03-18 15:50:42 | INFO | [ncluster=318/318] AUC-ROC=59.45%  AUC-PR=53.79%  F1=0.6899  MCC=0.2605  Train=0.390s  Test=7.219s  Peak RAM=39.018 MB
2026-03-18 15:50:42 | INFO | [ncluster=321/321] AUC-ROC=50.03%  AUC-PR=52.65%  F1=0.6897  MCC=0.0109  Train=0.959s  Test=8.178s  Peak RAM=39.02 MB
2026-03-18 15:50:42 | INFO | [ncluster=324/324] AUC-ROC=60.11%  AUC-PR=53.94%  F1=0.6859  MCC=0.2890  Train=0.785s  Test=6.689s  Peak RAM=39.018 MB
2026-03-18 15:50:42 | INFO | [ncluster=327/327] AUC-ROC=68.37%  AUC-PR=67.98%  F1=0.6498  MCC=0.3117  Train=1.057s  Test=7.444s  Peak RAM=39.019 MB
2026-03-18 15:50:42 | INFO | [ncluster=330/330] AUC-ROC=50.03%  AUC-PR=52.65%  F1=0.6897  MCC=0.0131  Train=1.034s  Test=4.749s  Peak RAM=39.02 MB
2026-03-18 15:50:42 | INFO | [ncluster=333/333] AUC-ROC=52.73%  AUC-PR=54.16%  F1=0.6444  MCC=0.0759  Train=1.043s  Test=5.694s  Peak RAM=39.022 MB
2026-03-18 15:50:42 | INFO | [ncluster=336/336] AUC-ROC=60.24%  AUC-PR=53.87%  F1=0.7002  MCC=0.2951  Train=0.306s  Test=3.593s  Peak RAM=39.021 MB
2026-03-18 15:50:42 | INFO | [ncluster=339/339] AUC-ROC=59.59%  AUC-PR=53.51%  F1=0.6947  MCC=0.2825  Train=0.489s  Test=3.873s  Peak RAM=39.022 MB
2026-03-18 15:50:42 | INFO | [ncluster=342/342] AUC-ROC=50.03%  AUC-PR=52.65%  F1=0.6897  MCC=0.0109  Train=0.259s  Test=3.743s  Peak RAM=39.022 MB
2026-03-18 15:50:42 | INFO | [ncluster=345/345] AUC-ROC=59.79%  AUC-PR=53.65%  F1=0.6831  MCC=0.2744  Train=0.333s  Test=4.359s  Peak RAM=39.023 MB
2026-03-18 15:50:42 | INFO | [ncluster=348/348] AUC-ROC=71.13%  AUC-PR=67.17%  F1=0.6952  MCC=0.3711  Train=0.578s  Test=5.584s  Peak RAM=39.023 MB
2026-03-18 15:50:42 | INFO | [ncluster=351/351] AUC-ROC=63.07%  AUC-PR=55.01%  F1=0.7434  MCC=0.3849  Train=0.399s  Test=5.249s  Peak RAM=39.023 MB
2026-03-18 15:50:42 | INFO | [ncluster=354/354] AUC-ROC=70.61%  AUC-PR=65.34%  F1=0.7036  MCC=0.3754  Train=0.480s  Test=3.224s  Peak RAM=39.024 MB
2026-03-18 15:50:42 | INFO | [ncluster=357/357] AUC-ROC=64.83%  AUC-PR=63.63%  F1=0.6580  MCC=0.2537  Train=0.561s  Test=5.798s  Peak RAM=39.021 MB
2026-03-18 15:50:42 | INFO | [ncluster=360/360] AUC-ROC=58.66%  AUC-PR=53.63%  F1=0.6819  MCC=0.2646  Train=0.779s  Test=4.872s  Peak RAM=39.025 MB
2026-03-18 15:50:42 | INFO | [ncluster=363/363] AUC-ROC=65.63%  AUC-PR=62.17%  F1=0.6457  MCC=0.2856  Train=0.665s  Test=5.586s  Peak RAM=39.026 MB
2026-03-18 15:50:42 | INFO | [ncluster=366/366] AUC-ROC=50.03%  AUC-PR=52.65%  F1=0.6897  MCC=0.0109  Train=0.847s  Test=4.505s  Peak RAM=39.027 MB
2026-03-18 15:50:42 | INFO | [ncluster=369/369] AUC-ROC=62.53%  AUC-PR=56.98%  F1=0.6909  MCC=0.2847  Train=0.415s  Test=2.905s  Peak RAM=39.027 MB
2026-03-18 15:50:42 | INFO | [ncluster=372/372] AUC-ROC=67.59%  AUC-PR=65.67%  F1=0.6561  MCC=0.2830  Train=0.726s  Test=3.424s  Peak RAM=39.024 MB
2026-03-18 15:50:42 | INFO | [ncluster=375/375] AUC-ROC=68.25%  AUC-PR=65.41%  F1=0.6615  MCC=0.3195  Train=0.284s  Test=3.336s  Peak RAM=39.029 MB
2026-03-18 15:50:42 | INFO | [ncluster=378/378] AUC-ROC=62.72%  AUC-PR=61.94%  F1=0.6161  MCC=0.2207  Train=0.369s  Test=3.736s  Peak RAM=39.029 MB
2026-03-18 15:50:42 | INFO | [ncluster=381/381] AUC-ROC=69.43%  AUC-PR=64.71%  F1=0.7069  MCC=0.3617  Train=0.437s  Test=4.108s  Peak RAM=39.029 MB
2026-03-18 15:50:42 | INFO | [ncluster=384/384] AUC-ROC=62.25%  AUC-PR=55.19%  F1=0.7134  MCC=0.3281  Train=0.333s  Test=4.869s  Peak RAM=39.025 MB
2026-03-18 15:50:42 | INFO | [ncluster=387/387] AUC-ROC=61.49%  AUC-PR=54.89%  F1=0.7066  MCC=0.3184  Train=0.382s  Test=4.921s  Peak RAM=39.03 MB
2026-03-18 15:50:42 | INFO | [ncluster=390/390] AUC-ROC=50.03%  AUC-PR=52.65%  F1=0.6897  MCC=0.0125  Train=0.768s  Test=5.035s  Peak RAM=39.03 MB
2026-03-18 15:50:42 | INFO | [ncluster=393/393] AUC-ROC=63.04%  AUC-PR=56.75%  F1=0.7021  MCC=0.3150  Train=0.360s  Test=4.112s  Peak RAM=39.03 MB
2026-03-18 15:50:42 | INFO | [ncluster=396/396] AUC-ROC=66.16%  AUC-PR=59.23%  F1=0.7173  MCC=0.3487  Train=0.749s  Test=4.393s  Peak RAM=39.032 MB
2026-03-18 15:50:42 | INFO | [ncluster=399/399] AUC-ROC=62.54%  AUC-PR=58.63%  F1=0.6290  MCC=0.2181  Train=0.528s  Test=4.678s  Peak RAM=39.03 MB
2026-03-18 15:50:42 | INFO | [ncluster=402/402] AUC-ROC=64.56%  AUC-PR=56.26%  F1=0.7490  MCC=0.4062  Train=0.913s  Test=4.675s  Peak RAM=39.031 MB
2026-03-18 15:50:42 | INFO | [ncluster=405/405] AUC-ROC=75.97%  AUC-PR=71.86%  F1=0.7618  MCC=0.4637  Train=0.479s  Test=4.905s  Peak RAM=39.033 MB
2026-03-18 15:50:42 | INFO | [ncluster=408/408] AUC-ROC=59.29%  AUC-PR=53.48%  F1=0.6886  MCC=0.2702  Train=0.391s  Test=3.503s  Peak RAM=39.034 MB
2026-03-18 15:50:42 | INFO | [ncluster=411/411] AUC-ROC=59.54%  AUC-PR=53.98%  F1=0.6761  MCC=0.2643  Train=0.464s  Test=2.955s  Peak RAM=39.034 MB
2026-03-18 15:50:42 | INFO | [ncluster=414/414] AUC-ROC=70.17%  AUC-PR=66.76%  F1=0.6832  MCC=0.3300  Train=0.414s  Test=3.550s  Peak RAM=39.037 MB
2026-03-18 15:50:42 | INFO | [ncluster=417/417] AUC-ROC=72.55%  AUC-PR=66.39%  F1=0.7217  MCC=0.3947  Train=0.530s  Test=5.351s  Peak RAM=39.036 MB
2026-03-18 15:50:42 | INFO | [ncluster=420/420] AUC-ROC=69.45%  AUC-PR=63.05%  F1=0.6765  MCC=0.3497  Train=0.364s  Test=5.809s  Peak RAM=39.035 MB
2026-03-18 15:50:42 | INFO | [ncluster=423/423] AUC-ROC=61.66%  AUC-PR=54.38%  F1=0.7244  MCC=0.3385  Train=0.331s  Test=4.693s  Peak RAM=39.036 MB
2026-03-18 15:50:42 | INFO | [ncluster=426/426] AUC-ROC=66.55%  AUC-PR=63.60%  F1=0.6536  MCC=0.2860  Train=0.415s  Test=3.470s  Peak RAM=39.036 MB
2026-03-18 15:50:42 | INFO | [ncluster=429/429] AUC-ROC=57.21%  AUC-PR=52.20%  F1=0.6804  MCC=0.2322  Train=0.313s  Test=3.514s  Peak RAM=39.036 MB
2026-03-18 15:50:42 | INFO | [ncluster=432/432] AUC-ROC=69.52%  AUC-PR=66.52%  F1=0.6590  MCC=0.3220  Train=0.456s  Test=4.476s  Peak RAM=39.038 MB
2026-03-18 15:50:42 | INFO | [ncluster=435/435] AUC-ROC=67.71%  AUC-PR=63.24%  F1=0.6851  MCC=0.3178  Train=0.581s  Test=3.903s  Peak RAM=39.039 MB
2026-03-18 15:50:42 | INFO | [ncluster=438/438] AUC-ROC=70.36%  AUC-PR=64.31%  F1=0.7052  MCC=0.3855  Train=0.469s  Test=4.137s  Peak RAM=39.039 MB
2026-03-18 15:50:42 | INFO | [ncluster=441/441] AUC-ROC=63.82%  AUC-PR=59.99%  F1=0.5738  MCC=0.2200  Train=0.461s  Test=4.440s  Peak RAM=39.041 MB
2026-03-18 15:50:42 | INFO | [ncluster=444/444] AUC-ROC=66.10%  AUC-PR=62.59%  F1=0.6447  MCC=0.2849  Train=0.449s  Test=3.333s  Peak RAM=39.041 MB
2026-03-18 15:50:42 | INFO | [ncluster=447/447] AUC-ROC=50.03%  AUC-PR=52.65%  F1=0.6897  MCC=0.0109  Train=0.477s  Test=3.705s  Peak RAM=39.041 MB
2026-03-18 15:50:42 | INFO | [ncluster=450/450] AUC-ROC=70.16%  AUC-PR=64.15%  F1=0.7001  MCC=0.3443  Train=0.352s  Test=4.867s  Peak RAM=39.042 MB
2026-03-18 15:50:42 | INFO | [ncluster=453/453] AUC-ROC=75.15%  AUC-PR=67.88%  F1=0.7498  MCC=0.4501  Train=0.410s  Test=3.874s  Peak RAM=39.043 MB
2026-03-18 15:50:42 | INFO | [ncluster=456/456] AUC-ROC=50.03%  AUC-PR=52.65%  F1=0.6897  MCC=0.0109  Train=0.389s  Test=4.265s  Peak RAM=39.043 MB
2026-03-18 15:50:42 | INFO | [ncluster=459/459] AUC-ROC=50.03%  AUC-PR=52.65%  F1=0.6897  MCC=0.0125  Train=0.686s  Test=3.761s  Peak RAM=39.043 MB
2026-03-18 15:50:42 | INFO | [ncluster=462/462] AUC-ROC=59.83%  AUC-PR=53.71%  F1=0.6792  MCC=0.2648  Train=0.411s  Test=4.621s  Peak RAM=39.044 MB
2026-03-18 15:50:42 | INFO | [ncluster=465/465] AUC-ROC=50.03%  AUC-PR=52.65%  F1=0.6897  MCC=0.0109  Train=0.391s  Test=4.303s  Peak RAM=39.044 MB
2026-03-18 15:50:42 | INFO | [ncluster=468/468] AUC-ROC=65.21%  AUC-PR=58.56%  F1=0.7123  MCC=0.3180  Train=0.614s  Test=4.048s  Peak RAM=39.044 MB
2026-03-18 15:50:42 | INFO | [ncluster=471/471] AUC-ROC=50.03%  AUC-PR=52.65%  F1=0.6897  MCC=0.0142  Train=0.442s  Test=4.806s  Peak RAM=39.045 MB
2026-03-18 15:50:42 | INFO | [ncluster=474/474] AUC-ROC=50.03%  AUC-PR=52.65%  F1=0.6897  MCC=0.0109  Train=0.521s  Test=3.986s  Peak RAM=39.046 MB
2026-03-18 15:50:42 | INFO | [ncluster=477/477] AUC-ROC=69.50%  AUC-PR=66.88%  F1=0.6901  MCC=0.3360  Train=0.364s  Test=4.113s  Peak RAM=39.046 MB
2026-03-18 15:50:42 | INFO | [ncluster=480/480] AUC-ROC=60.30%  AUC-PR=53.93%  F1=0.6964  MCC=0.2842  Train=0.398s  Test=4.307s  Peak RAM=39.048 MB
2026-03-18 15:50:42 | INFO | [ncluster=483/483] AUC-ROC=71.57%  AUC-PR=67.82%  F1=0.7157  MCC=0.3808  Train=0.643s  Test=3.635s  Peak RAM=39.048 MB
2026-03-18 15:50:42 | INFO | [ncluster=486/486] AUC-ROC=58.89%  AUC-PR=53.17%  F1=0.6758  MCC=0.2540  Train=0.323s  Test=3.276s  Peak RAM=39.044 MB
2026-03-18 15:50:42 | INFO | [ncluster=489/489] AUC-ROC=73.08%  AUC-PR=66.12%  F1=0.7311  MCC=0.4210  Train=0.365s  Test=4.374s  Peak RAM=39.049 MB
2026-03-18 15:50:42 | INFO | [ncluster=492/492] AUC-ROC=50.03%  AUC-PR=52.65%  F1=0.6897  MCC=0.0109  Train=0.572s  Test=4.354s  Peak RAM=39.049 MB
2026-03-18 15:50:42 | INFO | [ncluster=495/495] AUC-ROC=61.73%  AUC-PR=55.42%  F1=0.7024  MCC=0.3157  Train=0.336s  Test=4.620s  Peak RAM=39.05 MB
2026-03-18 15:50:42 | INFO | [ncluster=498/498] AUC-ROC=67.10%  AUC-PR=62.12%  F1=0.6668  MCC=0.2982  Train=0.520s  Test=5.299s  Peak RAM=39.049 MB
2026-03-18 15:50:42 | INFO | [ncluster=501/501] AUC-ROC=65.67%  AUC-PR=60.75%  F1=0.6763  MCC=0.2753  Train=0.480s  Test=5.035s  Peak RAM=39.05 MB
2026-03-18 15:50:42 | INFO | [ncluster=504/504] AUC-ROC=50.03%  AUC-PR=52.65%  F1=0.6897  MCC=0.0109  Train=0.293s  Test=3.955s  Peak RAM=39.051 MB
2026-03-18 15:50:42 | INFO | [ncluster=507/507] AUC-ROC=50.03%  AUC-PR=52.65%  F1=0.6897  MCC=0.0142  Train=0.581s  Test=3.966s  Peak RAM=39.051 MB
2026-03-18 15:50:42 | INFO | [ncluster=510/510] AUC-ROC=68.77%  AUC-PR=64.57%  F1=0.6775  MCC=0.3310  Train=0.505s  Test=3.707s  Peak RAM=39.053 MB
2026-03-18 15:50:42 | INFO | [ncluster=513/513] AUC-ROC=50.03%  AUC-PR=52.65%  F1=0.6897  MCC=0.0109  Train=0.547s  Test=4.279s  Peak RAM=39.053 MB
2026-03-18 15:50:42 | INFO | [ncluster=516/516] AUC-ROC=54.11%  AUC-PR=55.20%  F1=0.6319  MCC=0.0923  Train=0.340s  Test=3.411s  Peak RAM=39.053 MB
2026-03-18 15:50:42 | INFO | [ncluster=519/519] AUC-ROC=59.68%  AUC-PR=53.64%  F1=0.7022  MCC=0.2847  Train=0.410s  Test=3.573s  Peak RAM=39.054 MB
2026-03-18 15:50:42 | INFO | [ncluster=522/522] AUC-ROC=63.03%  AUC-PR=56.45%  F1=0.7258  MCC=0.3500  Train=0.574s  Test=5.698s  Peak RAM=39.054 MB
2026-03-18 15:50:42 | INFO | [ncluster=525/525] AUC-ROC=50.03%  AUC-PR=52.65%  F1=0.6898  MCC=0.0150  Train=0.532s  Test=4.519s  Peak RAM=39.056 MB
2026-03-18 15:50:42 | INFO | [ncluster=528/528] AUC-ROC=50.03%  AUC-PR=52.65%  F1=0.6897  MCC=0.0125  Train=0.444s  Test=3.790s  Peak RAM=39.053 MB
2026-03-18 15:50:42 | INFO | [ncluster=531/531] AUC-ROC=50.03%  AUC-PR=52.65%  F1=0.6898  MCC=0.0150  Train=0.470s  Test=3.995s  Peak RAM=39.056 MB
2026-03-18 15:50:42 | INFO | [ncluster=534/534] AUC-ROC=50.03%  AUC-PR=52.65%  F1=0.6897  MCC=0.0109  Train=0.613s  Test=3.912s  Peak RAM=39.056 MB
2026-03-18 15:50:42 | INFO | [ncluster=537/537] AUC-ROC=50.03%  AUC-PR=52.65%  F1=0.6897  MCC=0.0109  Train=0.338s  Test=3.832s  Peak RAM=39.057 MB
2026-03-18 15:50:42 | INFO | [ncluster=540/540] AUC-ROC=50.03%  AUC-PR=52.65%  F1=0.6897  MCC=0.0109  Train=0.398s  Test=4.640s  Peak RAM=39.057 MB
2026-03-18 15:50:42 | INFO | [ncluster=543/543] AUC-ROC=50.03%  AUC-PR=52.65%  F1=0.6897  MCC=0.0109  Train=0.391s  Test=3.679s  Peak RAM=39.058 MB
2026-03-18 15:50:42 | INFO | [ncluster=546/546] AUC-ROC=50.03%  AUC-PR=52.65%  F1=0.6897  MCC=0.0109  Train=0.494s  Test=4.777s  Peak RAM=39.059 MB
2026-03-18 15:50:42 | INFO | [ncluster=549/549] AUC-ROC=50.03%  AUC-PR=52.65%  F1=0.6897  MCC=0.0125  Train=0.434s  Test=3.651s  Peak RAM=39.061 MB
2026-03-18 15:50:42 | INFO | [ncluster=552/552] AUC-ROC=50.03%  AUC-PR=52.65%  F1=0.6897  MCC=0.0131  Train=0.647s  Test=4.616s  Peak RAM=39.06 MB
2026-03-18 15:50:42 | INFO | [ncluster=555/555] AUC-ROC=52.11%  AUC-PR=53.80%  F1=0.6562  MCC=0.0567  Train=0.520s  Test=5.070s  Peak RAM=39.06 MB
2026-03-18 15:50:42 | INFO | [ncluster=558/558] AUC-ROC=50.03%  AUC-PR=52.65%  F1=0.6897  MCC=0.0109  Train=0.542s  Test=4.610s  Peak RAM=39.059 MB
2026-03-18 15:50:42 | INFO | [ncluster=561/561] AUC-ROC=50.03%  AUC-PR=52.65%  F1=0.6897  MCC=0.0109  Train=0.412s  Test=4.487s  Peak RAM=39.061 MB
2026-03-18 15:50:42 | INFO | [ncluster=564/564] AUC-ROC=52.60%  AUC-PR=54.13%  F1=0.6461  MCC=0.0661  Train=0.580s  Test=4.888s  Peak RAM=39.063 MB
2026-03-18 15:50:42 | INFO | [ncluster=567/567] AUC-ROC=50.03%  AUC-PR=52.65%  F1=0.6897  MCC=0.0109  Train=0.385s  Test=3.514s  Peak RAM=39.06 MB
2026-03-18 15:50:42 | INFO | [ncluster=570/570] AUC-ROC=50.03%  AUC-PR=52.65%  F1=0.6897  MCC=0.0109  Train=0.589s  Test=5.166s  Peak RAM=39.064 MB
2026-03-18 15:50:42 | INFO | [ncluster=573/573] AUC-ROC=50.03%  AUC-PR=52.65%  F1=0.6897  MCC=0.0109  Train=0.395s  Test=4.334s  Peak RAM=39.063 MB
2026-03-18 15:50:42 | INFO | [ncluster=576/576] AUC-ROC=50.03%  AUC-PR=52.65%  F1=0.6897  MCC=0.0125  Train=0.278s  Test=3.020s  Peak RAM=39.064 MB
2026-03-18 15:50:42 | INFO | [ncluster=579/579] AUC-ROC=50.03%  AUC-PR=52.65%  F1=0.6897  MCC=0.0142  Train=0.356s  Test=3.240s  Peak RAM=39.063 MB
2026-03-18 15:50:42 | INFO | [ncluster=582/582] AUC-ROC=50.03%  AUC-PR=52.65%  F1=0.6897  MCC=0.0125  Train=0.165s  Test=2.583s  Peak RAM=39.067 MB
2026-03-18 15:50:42 | INFO | [ncluster=585/585] AUC-ROC=50.03%  AUC-PR=52.65%  F1=0.6897  MCC=0.0131  Train=0.287s  Test=3.299s  Peak RAM=39.065 MB
2026-03-18 15:50:42 | INFO | [ncluster=588/588] AUC-ROC=50.03%  AUC-PR=52.65%  F1=0.6897  MCC=0.0142  Train=0.243s  Test=2.830s  Peak RAM=39.066 MB
2026-03-18 15:50:42 | INFO | [ncluster=591/591] AUC-ROC=50.03%  AUC-PR=52.65%  F1=0.6897  MCC=0.0125  Train=0.333s  Test=2.364s  Peak RAM=39.067 MB
2026-03-18 15:50:42 | INFO | [ncluster=594/594] AUC-ROC=50.03%  AUC-PR=52.65%  F1=0.6897  MCC=0.0125  Train=0.276s  Test=2.835s  Peak RAM=39.067 MB
2026-03-18 15:50:42 | INFO | [ncluster=597/597] AUC-ROC=50.03%  AUC-PR=52.65%  F1=0.6897  MCC=0.0125  Train=0.156s  Test=1.719s  Peak RAM=39.067 MB
2026-03-18 15:50:42 | INFO | 
>>> Processing data_CICIoT2023 | scaler=StandardScaler
2026-03-18 15:50:42 | INFO | --- noise=0% ---
2026-03-18 15:50:42 | INFO | ============================================================
2026-03-18 15:50:42 | INFO | Dataset  : Train_StandardScaler_data_CICIoT2023.csv
2026-03-18 15:50:42 | INFO | Scaler   : StandardScaler
2026-03-18 15:50:42 | INFO | Noise    : 0%
2026-03-18 15:50:42 | INFO | nClusters: 100 values (300..597)
2026-03-18 15:50:42 | INFO | ============================================================
2026-03-18 15:50:42 | INFO | Loaded Raw Shape -> Train: (30000, 45), Test: (30000, 45)
2026-03-18 15:50:42 | INFO | Training size : 30,000  |  Testing size: 30,000  |  Features: 44
2026-03-18 15:50:42 | INFO | Firing up Parallel execution for 100 cluster configs...
2026-03-18 16:01:01 | INFO | [ncluster=300/300] AUC-ROC=52.05%  AUC-PR=51.05%  F1=0.6759  MCC=0.1448  Train=1.179s  Test=6.861s  Peak RAM=37.16 MB
2026-03-18 16:01:01 | INFO | [ncluster=303/303] AUC-ROC=52.06%  AUC-PR=51.05%  F1=0.6759  MCC=0.1449  Train=0.646s  Test=6.266s  Peak RAM=37.16 MB
2026-03-18 16:01:01 | INFO | [ncluster=306/306] AUC-ROC=52.05%  AUC-PR=51.04%  F1=0.6759  MCC=0.1445  Train=0.448s  Test=5.777s  Peak RAM=37.162 MB
2026-03-18 16:01:01 | INFO | [ncluster=309/309] AUC-ROC=52.05%  AUC-PR=51.04%  F1=0.6759  MCC=0.1445  Train=0.419s  Test=6.160s  Peak RAM=37.161 MB
2026-03-18 16:01:01 | INFO | [ncluster=312/312] AUC-ROC=52.06%  AUC-PR=51.05%  F1=0.6759  MCC=0.1449  Train=0.536s  Test=8.326s  Peak RAM=37.163 MB
2026-03-18 16:01:01 | INFO | [ncluster=315/315] AUC-ROC=52.05%  AUC-PR=51.04%  F1=0.6759  MCC=0.1445  Train=1.078s  Test=7.273s  Peak RAM=37.163 MB
2026-03-18 16:01:01 | INFO | [ncluster=318/318] AUC-ROC=52.35%  AUC-PR=51.20%  F1=0.6773  MCC=0.1550  Train=0.948s  Test=7.162s  Peak RAM=37.163 MB
2026-03-18 16:01:01 | INFO | [ncluster=321/321] AUC-ROC=52.05%  AUC-PR=51.04%  F1=0.6759  MCC=0.1445  Train=0.812s  Test=5.652s  Peak RAM=37.164 MB
2026-03-18 16:01:01 | INFO | [ncluster=324/324] AUC-ROC=52.06%  AUC-PR=51.05%  F1=0.6759  MCC=0.1449  Train=0.402s  Test=6.707s  Peak RAM=37.164 MB
2026-03-18 16:01:01 | INFO | [ncluster=327/327] AUC-ROC=52.05%  AUC-PR=51.05%  F1=0.6759  MCC=0.1447  Train=0.800s  Test=7.206s  Peak RAM=37.165 MB
2026-03-18 16:01:01 | INFO | [ncluster=330/330] AUC-ROC=52.05%  AUC-PR=51.05%  F1=0.6759  MCC=0.1447  Train=0.890s  Test=7.466s  Peak RAM=37.167 MB
2026-03-18 16:01:01 | INFO | [ncluster=333/333] AUC-ROC=52.01%  AUC-PR=51.02%  F1=0.6759  MCC=0.1445  Train=0.662s  Test=6.901s  Peak RAM=37.167 MB
2026-03-18 16:01:01 | INFO | [ncluster=336/336] AUC-ROC=52.05%  AUC-PR=51.04%  F1=0.6759  MCC=0.1445  Train=0.325s  Test=3.391s  Peak RAM=37.167 MB
2026-03-18 16:01:01 | INFO | [ncluster=339/339] AUC-ROC=52.15%  AUC-PR=51.10%  F1=0.6764  MCC=0.1482  Train=0.322s  Test=4.061s  Peak RAM=37.167 MB
2026-03-18 16:01:01 | INFO | [ncluster=342/342] AUC-ROC=52.06%  AUC-PR=51.05%  F1=0.6759  MCC=0.1449  Train=0.464s  Test=5.240s  Peak RAM=37.168 MB
2026-03-18 16:01:01 | INFO | [ncluster=345/345] AUC-ROC=52.05%  AUC-PR=51.04%  F1=0.6759  MCC=0.1445  Train=0.372s  Test=4.903s  Peak RAM=37.169 MB
2026-03-18 16:01:01 | INFO | [ncluster=348/348] AUC-ROC=52.05%  AUC-PR=51.05%  F1=0.6759  MCC=0.1447  Train=0.838s  Test=5.277s  Peak RAM=37.169 MB
2026-03-18 16:01:01 | INFO | [ncluster=351/351] AUC-ROC=52.06%  AUC-PR=51.05%  F1=0.6759  MCC=0.1440  Train=0.473s  Test=5.862s  Peak RAM=37.171 MB
2026-03-18 16:01:01 | INFO | [ncluster=354/354] AUC-ROC=52.06%  AUC-PR=51.05%  F1=0.6759  MCC=0.1449  Train=0.459s  Test=4.782s  Peak RAM=37.171 MB
2026-03-18 16:01:02 | INFO | [ncluster=357/357] AUC-ROC=52.06%  AUC-PR=51.05%  F1=0.6759  MCC=0.1449  Train=0.379s  Test=5.500s  Peak RAM=37.17 MB
2026-03-18 16:01:02 | INFO | [ncluster=360/360] AUC-ROC=52.06%  AUC-PR=51.05%  F1=0.6759  MCC=0.1449  Train=0.328s  Test=4.060s  Peak RAM=37.171 MB
2026-03-18 16:01:02 | INFO | [ncluster=363/363] AUC-ROC=52.09%  AUC-PR=51.07%  F1=0.6760  MCC=0.1451  Train=0.633s  Test=4.426s  Peak RAM=37.172 MB
2026-03-18 16:01:02 | INFO | [ncluster=366/366] AUC-ROC=52.06%  AUC-PR=51.05%  F1=0.6760  MCC=0.1451  Train=0.524s  Test=4.691s  Peak RAM=37.173 MB
2026-03-18 16:01:02 | INFO | [ncluster=369/369] AUC-ROC=52.05%  AUC-PR=51.04%  F1=0.6759  MCC=0.1445  Train=0.575s  Test=4.748s  Peak RAM=37.172 MB
2026-03-18 16:01:02 | INFO | [ncluster=372/372] AUC-ROC=52.05%  AUC-PR=51.05%  F1=0.6759  MCC=0.1447  Train=0.362s  Test=3.367s  Peak RAM=37.173 MB
2026-03-18 16:01:02 | INFO | [ncluster=375/375] AUC-ROC=52.06%  AUC-PR=51.05%  F1=0.6759  MCC=0.1449  Train=0.472s  Test=4.594s  Peak RAM=37.173 MB
2026-03-18 16:01:02 | INFO | [ncluster=378/378] AUC-ROC=52.06%  AUC-PR=51.05%  F1=0.6759  MCC=0.1449  Train=0.370s  Test=4.524s  Peak RAM=37.174 MB
2026-03-18 16:01:02 | INFO | [ncluster=381/381] AUC-ROC=52.09%  AUC-PR=51.07%  F1=0.6760  MCC=0.1455  Train=0.295s  Test=2.877s  Peak RAM=37.175 MB
2026-03-18 16:01:02 | INFO | [ncluster=384/384] AUC-ROC=52.10%  AUC-PR=51.07%  F1=0.6761  MCC=0.1463  Train=0.633s  Test=5.138s  Peak RAM=37.176 MB
2026-03-18 16:01:02 | INFO | [ncluster=387/387] AUC-ROC=52.07%  AUC-PR=51.06%  F1=0.6760  MCC=0.1453  Train=0.268s  Test=5.676s  Peak RAM=37.174 MB
2026-03-18 16:01:02 | INFO | [ncluster=390/390] AUC-ROC=52.09%  AUC-PR=51.07%  F1=0.6761  MCC=0.1461  Train=0.360s  Test=4.898s  Peak RAM=37.177 MB
2026-03-18 16:01:02 | INFO | [ncluster=393/393] AUC-ROC=52.05%  AUC-PR=51.04%  F1=0.6759  MCC=0.1445  Train=0.354s  Test=4.784s  Peak RAM=37.177 MB
2026-03-18 16:01:02 | INFO | [ncluster=396/396] AUC-ROC=52.05%  AUC-PR=51.04%  F1=0.6759  MCC=0.1445  Train=0.704s  Test=4.424s  Peak RAM=37.178 MB
2026-03-18 16:01:02 | INFO | [ncluster=399/399] AUC-ROC=52.26%  AUC-PR=51.15%  F1=0.6768  MCC=0.1519  Train=0.429s  Test=5.004s  Peak RAM=37.179 MB
2026-03-18 16:01:02 | INFO | [ncluster=402/402] AUC-ROC=52.06%  AUC-PR=51.05%  F1=0.6759  MCC=0.1449  Train=0.327s  Test=4.184s  Peak RAM=37.179 MB
2026-03-18 16:01:02 | INFO | [ncluster=405/405] AUC-ROC=52.06%  AUC-PR=51.05%  F1=0.6759  MCC=0.1450  Train=0.453s  Test=4.357s  Peak RAM=37.179 MB
2026-03-18 16:01:02 | INFO | [ncluster=408/408] AUC-ROC=52.06%  AUC-PR=51.05%  F1=0.6759  MCC=0.1449  Train=0.255s  Test=3.715s  Peak RAM=37.179 MB
2026-03-18 16:01:02 | INFO | [ncluster=411/411] AUC-ROC=52.04%  AUC-PR=51.04%  F1=0.6759  MCC=0.1445  Train=0.374s  Test=4.685s  Peak RAM=37.18 MB
2026-03-18 16:01:02 | INFO | [ncluster=414/414] AUC-ROC=52.05%  AUC-PR=51.04%  F1=0.6759  MCC=0.1445  Train=0.308s  Test=4.363s  Peak RAM=37.181 MB
2026-03-18 16:01:02 | INFO | [ncluster=417/417] AUC-ROC=52.05%  AUC-PR=51.05%  F1=0.6759  MCC=0.1447  Train=0.295s  Test=3.645s  Peak RAM=37.182 MB
2026-03-18 16:01:02 | INFO | [ncluster=420/420] AUC-ROC=52.05%  AUC-PR=51.04%  F1=0.6759  MCC=0.1445  Train=0.597s  Test=5.062s  Peak RAM=37.182 MB
2026-03-18 16:01:02 | INFO | [ncluster=423/423] AUC-ROC=52.05%  AUC-PR=51.05%  F1=0.6758  MCC=0.1435  Train=0.465s  Test=2.810s  Peak RAM=37.181 MB
2026-03-18 16:01:02 | INFO | [ncluster=426/426] AUC-ROC=52.06%  AUC-PR=51.05%  F1=0.6760  MCC=0.1449  Train=0.347s  Test=5.791s  Peak RAM=37.183 MB
2026-03-18 16:01:02 | INFO | [ncluster=429/429] AUC-ROC=52.07%  AUC-PR=51.06%  F1=0.6760  MCC=0.1453  Train=0.517s  Test=4.991s  Peak RAM=37.18 MB
2026-03-18 16:01:02 | INFO | [ncluster=432/432] AUC-ROC=52.05%  AUC-PR=51.05%  F1=0.6759  MCC=0.1448  Train=0.324s  Test=3.754s  Peak RAM=37.184 MB
2026-03-18 16:01:02 | INFO | [ncluster=435/435] AUC-ROC=52.07%  AUC-PR=51.06%  F1=0.6760  MCC=0.1453  Train=0.471s  Test=4.408s  Peak RAM=37.185 MB
2026-03-18 16:01:02 | INFO | [ncluster=438/438] AUC-ROC=52.40%  AUC-PR=51.23%  F1=0.6775  MCC=0.1569  Train=0.398s  Test=4.651s  Peak RAM=37.183 MB
2026-03-18 16:01:02 | INFO | [ncluster=441/441] AUC-ROC=52.05%  AUC-PR=51.05%  F1=0.6759  MCC=0.1448  Train=0.468s  Test=4.312s  Peak RAM=37.186 MB
2026-03-18 16:01:02 | INFO | [ncluster=444/444] AUC-ROC=52.06%  AUC-PR=51.05%  F1=0.6759  MCC=0.1449  Train=0.284s  Test=3.376s  Peak RAM=37.186 MB
2026-03-18 16:01:02 | INFO | [ncluster=447/447] AUC-ROC=52.08%  AUC-PR=51.06%  F1=0.6760  MCC=0.1452  Train=0.471s  Test=4.885s  Peak RAM=37.187 MB
2026-03-18 16:01:02 | INFO | [ncluster=450/450] AUC-ROC=52.06%  AUC-PR=51.05%  F1=0.6760  MCC=0.1451  Train=0.582s  Test=4.244s  Peak RAM=37.188 MB
2026-03-18 16:01:02 | INFO | [ncluster=453/453] AUC-ROC=52.09%  AUC-PR=51.07%  F1=0.6761  MCC=0.1456  Train=0.487s  Test=4.499s  Peak RAM=37.188 MB
2026-03-18 16:01:02 | INFO | [ncluster=456/456] AUC-ROC=52.07%  AUC-PR=51.06%  F1=0.6760  MCC=0.1453  Train=0.581s  Test=5.622s  Peak RAM=37.187 MB
2026-03-18 16:01:02 | INFO | [ncluster=459/459] AUC-ROC=52.05%  AUC-PR=51.05%  F1=0.6759  MCC=0.1439  Train=0.408s  Test=5.161s  Peak RAM=37.189 MB
2026-03-18 16:01:02 | INFO | [ncluster=462/462] AUC-ROC=52.06%  AUC-PR=51.05%  F1=0.6759  MCC=0.1450  Train=0.488s  Test=4.509s  Peak RAM=37.189 MB
2026-03-18 16:01:02 | INFO | [ncluster=465/465] AUC-ROC=52.06%  AUC-PR=51.05%  F1=0.6759  MCC=0.1449  Train=0.274s  Test=4.337s  Peak RAM=37.191 MB
2026-03-18 16:01:02 | INFO | [ncluster=468/468] AUC-ROC=52.07%  AUC-PR=51.06%  F1=0.6760  MCC=0.1453  Train=0.507s  Test=4.734s  Peak RAM=37.191 MB
2026-03-18 16:01:02 | INFO | [ncluster=471/471] AUC-ROC=52.05%  AUC-PR=51.04%  F1=0.6759  MCC=0.1445  Train=0.454s  Test=4.737s  Peak RAM=37.191 MB
2026-03-18 16:01:02 | INFO | [ncluster=474/474] AUC-ROC=52.06%  AUC-PR=51.05%  F1=0.6759  MCC=0.1442  Train=0.454s  Test=4.985s  Peak RAM=37.191 MB
2026-03-18 16:01:02 | INFO | [ncluster=477/477] AUC-ROC=52.10%  AUC-PR=51.07%  F1=0.6761  MCC=0.1454  Train=0.542s  Test=4.888s  Peak RAM=37.192 MB
2026-03-18 16:01:02 | INFO | [ncluster=480/480] AUC-ROC=52.05%  AUC-PR=51.04%  F1=0.6759  MCC=0.1445  Train=0.385s  Test=3.712s  Peak RAM=37.192 MB
2026-03-18 16:01:02 | INFO | [ncluster=483/483] AUC-ROC=52.05%  AUC-PR=51.04%  F1=0.6759  MCC=0.1445  Train=0.451s  Test=4.278s  Peak RAM=37.192 MB
2026-03-18 16:01:02 | INFO | [ncluster=486/486] AUC-ROC=52.05%  AUC-PR=51.04%  F1=0.6759  MCC=0.1445  Train=0.322s  Test=3.693s  Peak RAM=37.19 MB
2026-03-18 16:01:02 | INFO | [ncluster=489/489] AUC-ROC=52.41%  AUC-PR=51.24%  F1=0.6776  MCC=0.1573  Train=0.286s  Test=3.853s  Peak RAM=37.192 MB
2026-03-18 16:01:02 | INFO | [ncluster=492/492] AUC-ROC=52.60%  AUC-PR=51.34%  F1=0.6784  MCC=0.1635  Train=0.442s  Test=4.158s  Peak RAM=37.196 MB
2026-03-18 16:01:02 | INFO | [ncluster=495/495] AUC-ROC=52.08%  AUC-PR=51.06%  F1=0.6760  MCC=0.1452  Train=0.454s  Test=4.126s  Peak RAM=37.196 MB
2026-03-18 16:01:02 | INFO | [ncluster=498/498] AUC-ROC=52.06%  AUC-PR=51.05%  F1=0.6759  MCC=0.1449  Train=0.487s  Test=4.436s  Peak RAM=37.196 MB
2026-03-18 16:01:02 | INFO | [ncluster=501/501] AUC-ROC=52.06%  AUC-PR=51.05%  F1=0.6759  MCC=0.1450  Train=0.429s  Test=4.081s  Peak RAM=37.196 MB
2026-03-18 16:01:02 | INFO | [ncluster=504/504] AUC-ROC=52.38%  AUC-PR=51.22%  F1=0.6774  MCC=0.1561  Train=0.469s  Test=4.185s  Peak RAM=37.194 MB
2026-03-18 16:01:02 | INFO | [ncluster=507/507] AUC-ROC=52.06%  AUC-PR=51.05%  F1=0.6759  MCC=0.1449  Train=0.428s  Test=4.289s  Peak RAM=37.196 MB
2026-03-18 16:01:02 | INFO | [ncluster=510/510] AUC-ROC=52.06%  AUC-PR=51.05%  F1=0.6760  MCC=0.1451  Train=0.391s  Test=3.242s  Peak RAM=37.197 MB
2026-03-18 16:01:02 | INFO | [ncluster=513/513] AUC-ROC=52.06%  AUC-PR=51.05%  F1=0.6759  MCC=0.1449  Train=0.431s  Test=3.819s  Peak RAM=37.199 MB
2026-03-18 16:01:02 | INFO | [ncluster=516/516] AUC-ROC=52.21%  AUC-PR=51.13%  F1=0.6766  MCC=0.1496  Train=0.373s  Test=3.548s  Peak RAM=37.197 MB
2026-03-18 16:01:02 | INFO | [ncluster=519/519] AUC-ROC=52.42%  AUC-PR=51.24%  F1=0.6776  MCC=0.1575  Train=0.425s  Test=4.508s  Peak RAM=37.2 MB
2026-03-18 16:01:02 | INFO | [ncluster=522/522] AUC-ROC=52.06%  AUC-PR=51.05%  F1=0.6759  MCC=0.1449  Train=0.518s  Test=4.746s  Peak RAM=37.2 MB
2026-03-18 16:01:02 | INFO | [ncluster=525/525] AUC-ROC=52.05%  AUC-PR=51.05%  F1=0.6759  MCC=0.1447  Train=0.285s  Test=3.268s  Peak RAM=37.199 MB
2026-03-18 16:01:02 | INFO | [ncluster=528/528] AUC-ROC=52.05%  AUC-PR=51.04%  F1=0.6759  MCC=0.1445  Train=0.374s  Test=4.605s  Peak RAM=37.202 MB
2026-03-18 16:01:02 | INFO | [ncluster=531/531] AUC-ROC=52.05%  AUC-PR=51.04%  F1=0.6759  MCC=0.1445  Train=0.539s  Test=4.155s  Peak RAM=37.202 MB
2026-03-18 16:01:02 | INFO | [ncluster=534/534] AUC-ROC=52.05%  AUC-PR=51.04%  F1=0.6759  MCC=0.1445  Train=0.295s  Test=4.177s  Peak RAM=37.203 MB
2026-03-18 16:01:02 | INFO | [ncluster=537/537] AUC-ROC=52.08%  AUC-PR=51.06%  F1=0.6760  MCC=0.1452  Train=0.285s  Test=4.171s  Peak RAM=37.203 MB
2026-03-18 16:01:02 | INFO | [ncluster=540/540] AUC-ROC=52.06%  AUC-PR=51.05%  F1=0.6759  MCC=0.1449  Train=0.277s  Test=3.677s  Peak RAM=37.203 MB
2026-03-18 16:01:02 | INFO | [ncluster=543/543] AUC-ROC=52.05%  AUC-PR=51.04%  F1=0.6759  MCC=0.1445  Train=0.385s  Test=4.213s  Peak RAM=37.204 MB
2026-03-18 16:01:02 | INFO | [ncluster=546/546] AUC-ROC=52.06%  AUC-PR=51.05%  F1=0.6759  MCC=0.1450  Train=0.434s  Test=3.680s  Peak RAM=37.204 MB
2026-03-18 16:01:02 | INFO | [ncluster=549/549] AUC-ROC=53.05%  AUC-PR=51.57%  F1=0.6805  MCC=0.1775  Train=0.434s  Test=3.632s  Peak RAM=37.205 MB
2026-03-18 16:01:02 | INFO | [ncluster=552/552] AUC-ROC=52.06%  AUC-PR=51.05%  F1=0.6759  MCC=0.1449  Train=0.324s  Test=3.537s  Peak RAM=37.205 MB
2026-03-18 16:01:02 | INFO | [ncluster=555/555] AUC-ROC=52.57%  AUC-PR=51.32%  F1=0.6783  MCC=0.1623  Train=0.567s  Test=5.527s  Peak RAM=37.207 MB
2026-03-18 16:01:02 | INFO | [ncluster=558/558] AUC-ROC=52.05%  AUC-PR=51.04%  F1=0.6759  MCC=0.1445  Train=0.473s  Test=4.493s  Peak RAM=37.207 MB
2026-03-18 16:01:02 | INFO | [ncluster=561/561] AUC-ROC=52.07%  AUC-PR=51.06%  F1=0.6760  MCC=0.1453  Train=0.287s  Test=3.710s  Peak RAM=37.206 MB
2026-03-18 16:01:02 | INFO | [ncluster=564/564] AUC-ROC=52.05%  AUC-PR=51.05%  F1=0.6759  MCC=0.1447  Train=0.438s  Test=3.118s  Peak RAM=37.209 MB
2026-03-18 16:01:02 | INFO | [ncluster=567/567] AUC-ROC=52.13%  AUC-PR=51.09%  F1=0.6763  MCC=0.1476  Train=0.422s  Test=4.114s  Peak RAM=37.209 MB
2026-03-18 16:01:02 | INFO | [ncluster=570/570] AUC-ROC=52.21%  AUC-PR=51.13%  F1=0.6767  MCC=0.1504  Train=0.224s  Test=2.758s  Peak RAM=37.209 MB
2026-03-18 16:01:02 | INFO | [ncluster=573/573] AUC-ROC=52.05%  AUC-PR=51.05%  F1=0.6759  MCC=0.1448  Train=0.389s  Test=3.220s  Peak RAM=37.21 MB
2026-03-18 16:01:02 | INFO | [ncluster=576/576] AUC-ROC=52.07%  AUC-PR=51.06%  F1=0.6760  MCC=0.1454  Train=0.336s  Test=3.350s  Peak RAM=37.209 MB
2026-03-18 16:01:02 | INFO | [ncluster=579/579] AUC-ROC=52.60%  AUC-PR=51.34%  F1=0.6784  MCC=0.1635  Train=0.259s  Test=2.732s  Peak RAM=37.211 MB
2026-03-18 16:01:02 | INFO | [ncluster=582/582] AUC-ROC=52.08%  AUC-PR=51.06%  F1=0.6761  MCC=0.1459  Train=0.410s  Test=3.385s  Peak RAM=37.211 MB
2026-03-18 16:01:02 | INFO | [ncluster=585/585] AUC-ROC=52.06%  AUC-PR=51.05%  F1=0.6759  MCC=0.1442  Train=0.255s  Test=2.189s  Peak RAM=37.211 MB
2026-03-18 16:01:02 | INFO | [ncluster=588/588] AUC-ROC=52.07%  AUC-PR=51.06%  F1=0.6760  MCC=0.1453  Train=0.228s  Test=2.236s  Peak RAM=37.212 MB
2026-03-18 16:01:02 | INFO | [ncluster=591/591] AUC-ROC=52.05%  AUC-PR=51.05%  F1=0.6759  MCC=0.1448  Train=0.288s  Test=1.982s  Peak RAM=37.213 MB
2026-03-18 16:01:02 | INFO | [ncluster=594/594] AUC-ROC=52.06%  AUC-PR=51.05%  F1=0.6759  MCC=0.1449  Train=0.176s  Test=2.461s  Peak RAM=37.213 MB
2026-03-18 16:01:02 | INFO | [ncluster=597/597] AUC-ROC=52.06%  AUC-PR=51.05%  F1=0.6759  MCC=0.1449  Train=0.137s  Test=1.997s  Peak RAM=37.215 MB
2026-03-18 16:01:02 | INFO | --- noise=1% ---
2026-03-18 16:01:02 | INFO | ============================================================
2026-03-18 16:01:02 | INFO | Dataset  : Train_StandardScaler_data_CICIoT2023.csv
2026-03-18 16:01:02 | INFO | Scaler   : StandardScaler
2026-03-18 16:01:02 | INFO | Noise    : 1%
2026-03-18 16:01:02 | INFO | nClusters: 100 values (300..597)
2026-03-18 16:01:02 | INFO | ============================================================
2026-03-18 16:01:02 | INFO | Loaded Raw Shape -> Train: (30000, 45), Test: (30000, 45)
2026-03-18 16:01:02 | INFO | Training size : 30,300  |  Testing size: 29,700  |  Features: 44
2026-03-18 16:01:02 | INFO | Firing up Parallel execution for 100 cluster configs...
2026-03-18 16:10:27 | INFO | [ncluster=300/300] AUC-ROC=50.01%  AUC-PR=50.51%  F1=0.6712  MCC=0.0102  Train=0.294s  Test=6.209s  Peak RAM=37.532 MB
2026-03-18 16:10:27 | INFO | [ncluster=303/303] AUC-ROC=50.01%  AUC-PR=50.51%  F1=0.6712  MCC=0.0102  Train=1.071s  Test=9.711s  Peak RAM=37.532 MB
2026-03-18 16:10:27 | INFO | [ncluster=306/306] AUC-ROC=50.00%  AUC-PR=50.51%  F1=0.0000  MCC=0.0000  Train=0.431s  Test=8.956s  Peak RAM=37.532 MB
2026-03-18 16:10:27 | INFO | [ncluster=309/309] AUC-ROC=50.01%  AUC-PR=50.51%  F1=0.6712  MCC=0.0102  Train=0.479s  Test=8.023s  Peak RAM=37.532 MB
2026-03-18 16:10:27 | INFO | [ncluster=312/312] AUC-ROC=50.01%  AUC-PR=50.51%  F1=0.6712  MCC=0.0117  Train=0.622s  Test=9.580s  Peak RAM=37.533 MB
2026-03-18 16:10:27 | INFO | [ncluster=315/315] AUC-ROC=50.00%  AUC-PR=50.51%  F1=0.6712  MCC=0.0059  Train=0.361s  Test=6.246s  Peak RAM=37.534 MB
2026-03-18 16:10:27 | INFO | [ncluster=318/318] AUC-ROC=50.00%  AUC-PR=50.51%  F1=0.6712  MCC=0.0059  Train=1.143s  Test=8.801s  Peak RAM=37.534 MB
2026-03-18 16:10:27 | INFO | [ncluster=321/321] AUC-ROC=50.01%  AUC-PR=50.51%  F1=0.6711  MCC=0.0039  Train=1.444s  Test=8.467s  Peak RAM=37.535 MB
2026-03-18 16:10:27 | INFO | [ncluster=324/324] AUC-ROC=50.01%  AUC-PR=50.51%  F1=0.6712  MCC=0.0102  Train=0.512s  Test=8.376s  Peak RAM=37.536 MB
2026-03-18 16:10:27 | INFO | [ncluster=327/327] AUC-ROC=50.01%  AUC-PR=50.51%  F1=0.6712  MCC=0.0083  Train=1.189s  Test=5.300s  Peak RAM=37.536 MB
2026-03-18 16:10:27 | INFO | [ncluster=330/330] AUC-ROC=50.01%  AUC-PR=50.51%  F1=0.6712  MCC=0.0117  Train=1.063s  Test=7.256s  Peak RAM=37.536 MB
2026-03-18 16:10:27 | INFO | [ncluster=333/333] AUC-ROC=50.03%  AUC-PR=50.52%  F1=0.6712  MCC=0.0136  Train=1.139s  Test=5.721s  Peak RAM=37.536 MB
2026-03-18 16:10:27 | INFO | [ncluster=336/336] AUC-ROC=50.00%  AUC-PR=50.51%  F1=0.6712  MCC=0.0059  Train=0.482s  Test=4.163s  Peak RAM=37.539 MB
2026-03-18 16:10:27 | INFO | [ncluster=339/339] AUC-ROC=50.01%  AUC-PR=50.51%  F1=0.6712  MCC=0.0117  Train=0.323s  Test=3.370s  Peak RAM=37.538 MB
2026-03-18 16:10:27 | INFO | [ncluster=342/342] AUC-ROC=50.01%  AUC-PR=50.51%  F1=0.6712  MCC=0.0102  Train=0.552s  Test=7.361s  Peak RAM=37.538 MB
2026-03-18 16:10:27 | INFO | [ncluster=345/345] AUC-ROC=50.60%  AUC-PR=50.81%  F1=0.6738  MCC=0.0782  Train=0.439s  Test=4.823s  Peak RAM=37.539 MB
2026-03-18 16:10:27 | INFO | [ncluster=348/348] AUC-ROC=50.00%  AUC-PR=50.51%  F1=0.6712  MCC=0.0059  Train=0.616s  Test=5.749s  Peak RAM=37.54 MB
2026-03-18 16:10:27 | INFO | [ncluster=351/351] AUC-ROC=50.01%  AUC-PR=50.51%  F1=0.6712  MCC=0.0083  Train=0.591s  Test=4.914s  Peak RAM=37.54 MB
2026-03-18 16:10:27 | INFO | [ncluster=354/354] AUC-ROC=50.01%  AUC-PR=50.51%  F1=0.6712  MCC=0.0083  Train=0.510s  Test=4.469s  Peak RAM=37.541 MB
2026-03-18 16:10:27 | INFO | [ncluster=357/357] AUC-ROC=50.01%  AUC-PR=50.51%  F1=0.6712  MCC=0.0117  Train=0.656s  Test=7.186s  Peak RAM=37.543 MB
2026-03-18 16:10:27 | INFO | [ncluster=360/360] AUC-ROC=50.00%  AUC-PR=50.51%  F1=0.6712  MCC=0.0059  Train=1.108s  Test=6.668s  Peak RAM=37.542 MB
2026-03-18 16:10:27 | INFO | [ncluster=363/363] AUC-ROC=50.01%  AUC-PR=50.51%  F1=0.6712  MCC=0.0117  Train=0.984s  Test=6.190s  Peak RAM=37.542 MB
2026-03-18 16:10:27 | INFO | [ncluster=366/366] AUC-ROC=50.01%  AUC-PR=50.51%  F1=0.6712  MCC=0.0083  Train=0.995s  Test=6.691s  Peak RAM=37.543 MB
2026-03-18 16:10:27 | INFO | [ncluster=369/369] AUC-ROC=50.01%  AUC-PR=50.51%  F1=0.6712  MCC=0.0083  Train=0.603s  Test=4.227s  Peak RAM=37.544 MB
2026-03-18 16:10:27 | INFO | [ncluster=372/372] AUC-ROC=50.00%  AUC-PR=50.51%  F1=0.6712  MCC=0.0059  Train=0.289s  Test=3.174s  Peak RAM=37.544 MB
2026-03-18 16:10:27 | INFO | [ncluster=375/375] AUC-ROC=50.01%  AUC-PR=50.51%  F1=0.6712  MCC=0.0083  Train=0.470s  Test=4.133s  Peak RAM=37.547 MB
2026-03-18 16:10:27 | INFO | [ncluster=378/378] AUC-ROC=50.02%  AUC-PR=50.51%  F1=0.6712  MCC=0.0131  Train=0.495s  Test=4.240s  Peak RAM=37.544 MB
2026-03-18 16:10:27 | INFO | [ncluster=381/381] AUC-ROC=50.01%  AUC-PR=50.51%  F1=0.6712  MCC=0.0117  Train=0.282s  Test=3.673s  Peak RAM=37.547 MB
2026-03-18 16:10:27 | INFO | [ncluster=384/384] AUC-ROC=50.02%  AUC-PR=50.51%  F1=0.6712  MCC=0.0131  Train=0.385s  Test=3.804s  Peak RAM=37.546 MB
2026-03-18 16:10:27 | INFO | [ncluster=387/387] AUC-ROC=50.01%  AUC-PR=50.51%  F1=0.6712  MCC=0.0083  Train=0.513s  Test=3.782s  Peak RAM=37.546 MB
2026-03-18 16:10:27 | INFO | [ncluster=390/390] AUC-ROC=50.01%  AUC-PR=50.51%  F1=0.6712  MCC=0.0117  Train=0.563s  Test=4.005s  Peak RAM=37.547 MB
2026-03-18 16:10:27 | INFO | [ncluster=393/393] AUC-ROC=50.01%  AUC-PR=50.51%  F1=0.6712  MCC=0.0117  Train=0.468s  Test=4.145s  Peak RAM=37.547 MB
2026-03-18 16:10:27 | INFO | [ncluster=396/396] AUC-ROC=50.02%  AUC-PR=50.51%  F1=0.6712  MCC=0.0131  Train=0.532s  Test=4.768s  Peak RAM=37.548 MB
2026-03-18 16:10:27 | INFO | [ncluster=399/399] AUC-ROC=50.01%  AUC-PR=50.51%  F1=0.6712  MCC=0.0102  Train=0.669s  Test=4.811s  Peak RAM=37.548 MB
2026-03-18 16:10:27 | INFO | [ncluster=402/402] AUC-ROC=50.02%  AUC-PR=50.52%  F1=0.6712  MCC=0.0144  Train=0.600s  Test=4.860s  Peak RAM=37.55 MB
2026-03-18 16:10:27 | INFO | [ncluster=405/405] AUC-ROC=50.00%  AUC-PR=50.51%  F1=0.0000  MCC=0.0000  Train=0.621s  Test=4.408s  Peak RAM=37.55 MB
2026-03-18 16:10:27 | INFO | [ncluster=408/408] AUC-ROC=50.01%  AUC-PR=50.51%  F1=0.6712  MCC=0.0102  Train=0.372s  Test=3.485s  Peak RAM=37.55 MB
2026-03-18 16:10:27 | INFO | [ncluster=411/411] AUC-ROC=50.01%  AUC-PR=50.51%  F1=0.6712  MCC=0.0079  Train=0.333s  Test=3.963s  Peak RAM=37.552 MB
2026-03-18 16:10:27 | INFO | [ncluster=414/414] AUC-ROC=50.00%  AUC-PR=50.51%  F1=0.6712  MCC=0.0059  Train=0.483s  Test=4.293s  Peak RAM=37.551 MB
2026-03-18 16:10:27 | INFO | [ncluster=417/417] AUC-ROC=50.02%  AUC-PR=50.52%  F1=0.6712  MCC=0.0144  Train=0.670s  Test=4.609s  Peak RAM=37.555 MB
2026-03-18 16:10:27 | INFO | [ncluster=420/420] AUC-ROC=50.01%  AUC-PR=50.51%  F1=0.6712  MCC=0.0083  Train=0.484s  Test=4.250s  Peak RAM=37.552 MB
2026-03-18 16:10:27 | INFO | [ncluster=423/423] AUC-ROC=50.01%  AUC-PR=50.51%  F1=0.6712  MCC=0.0083  Train=0.473s  Test=4.309s  Peak RAM=37.553 MB
2026-03-18 16:10:27 | INFO | [ncluster=426/426] AUC-ROC=50.01%  AUC-PR=50.51%  F1=0.6712  MCC=0.0117  Train=0.302s  Test=3.748s  Peak RAM=37.554 MB
2026-03-18 16:10:27 | INFO | [ncluster=429/429] AUC-ROC=50.27%  AUC-PR=50.64%  F1=0.6723  MCC=0.0522  Train=0.633s  Test=3.816s  Peak RAM=37.554 MB
2026-03-18 16:10:27 | INFO | [ncluster=432/432] AUC-ROC=50.02%  AUC-PR=50.51%  F1=0.6712  MCC=0.0131  Train=0.360s  Test=4.285s  Peak RAM=37.555 MB
2026-03-18 16:10:27 | INFO | [ncluster=435/435] AUC-ROC=50.01%  AUC-PR=50.51%  F1=0.6712  MCC=0.0117  Train=0.704s  Test=4.422s  Peak RAM=37.556 MB
2026-03-18 16:10:27 | INFO | [ncluster=438/438] AUC-ROC=50.00%  AUC-PR=50.51%  F1=0.6712  MCC=0.0059  Train=0.467s  Test=5.255s  Peak RAM=37.556 MB
2026-03-18 16:10:27 | INFO | [ncluster=441/441] AUC-ROC=50.01%  AUC-PR=50.51%  F1=0.6712  MCC=0.0117  Train=0.524s  Test=4.635s  Peak RAM=37.557 MB
2026-03-18 16:10:27 | INFO | [ncluster=444/444] AUC-ROC=51.06%  AUC-PR=51.04%  F1=0.6759  MCC=0.1043  Train=0.361s  Test=3.250s  Peak RAM=37.556 MB
2026-03-18 16:10:27 | INFO | [ncluster=447/447] AUC-ROC=50.01%  AUC-PR=50.51%  F1=0.6712  MCC=0.0117  Train=0.348s  Test=4.775s  Peak RAM=37.558 MB
2026-03-18 16:10:27 | INFO | [ncluster=450/450] AUC-ROC=50.01%  AUC-PR=50.51%  F1=0.6711  MCC=0.0039  Train=0.508s  Test=5.322s  Peak RAM=37.558 MB
2026-03-18 16:10:27 | INFO | [ncluster=453/453] AUC-ROC=50.01%  AUC-PR=50.51%  F1=0.6712  MCC=0.0102  Train=0.545s  Test=5.292s  Peak RAM=37.56 MB
2026-03-18 16:10:27 | INFO | [ncluster=456/456] AUC-ROC=50.00%  AUC-PR=50.51%  F1=0.6712  MCC=0.0059  Train=1.117s  Test=5.403s  Peak RAM=37.559 MB
2026-03-18 16:10:27 | INFO | [ncluster=459/459] AUC-ROC=50.00%  AUC-PR=50.51%  F1=0.0000  MCC=0.0000  Train=1.069s  Test=4.281s  Peak RAM=37.559 MB
2026-03-18 16:10:27 | INFO | [ncluster=462/462] AUC-ROC=50.00%  AUC-PR=50.51%  F1=0.6712  MCC=0.0059  Train=0.350s  Test=3.439s  Peak RAM=37.56 MB
2026-03-18 16:10:27 | INFO | [ncluster=465/465] AUC-ROC=50.01%  AUC-PR=50.51%  F1=0.6712  MCC=0.0083  Train=0.495s  Test=3.196s  Peak RAM=37.563 MB
2026-03-18 16:10:27 | INFO | [ncluster=468/468] AUC-ROC=50.00%  AUC-PR=50.51%  F1=0.6712  MCC=0.0059  Train=0.395s  Test=4.321s  Peak RAM=37.56 MB
2026-03-18 16:10:27 | INFO | [ncluster=471/471] AUC-ROC=50.01%  AUC-PR=50.51%  F1=0.6712  MCC=0.0102  Train=0.512s  Test=4.863s  Peak RAM=37.561 MB
2026-03-18 16:10:27 | INFO | [ncluster=474/474] AUC-ROC=50.01%  AUC-PR=50.51%  F1=0.6712  MCC=0.0102  Train=0.623s  Test=4.678s  Peak RAM=37.563 MB
2026-03-18 16:10:27 | INFO | [ncluster=477/477] AUC-ROC=50.01%  AUC-PR=50.51%  F1=0.6712  MCC=0.0117  Train=0.380s  Test=3.998s  Peak RAM=37.563 MB
2026-03-18 16:10:27 | INFO | [ncluster=480/480] AUC-ROC=50.01%  AUC-PR=50.51%  F1=0.6712  MCC=0.0102  Train=0.276s  Test=3.859s  Peak RAM=37.564 MB
2026-03-18 16:10:27 | INFO | [ncluster=483/483] AUC-ROC=50.00%  AUC-PR=50.51%  F1=0.6712  MCC=0.0059  Train=0.920s  Test=4.842s  Peak RAM=37.565 MB
2026-03-18 16:10:27 | INFO | [ncluster=486/486] AUC-ROC=50.17%  AUC-PR=50.59%  F1=0.6719  MCC=0.0411  Train=0.479s  Test=4.290s  Peak RAM=37.565 MB
2026-03-18 16:10:27 | INFO | [ncluster=489/489] AUC-ROC=50.00%  AUC-PR=50.51%  F1=0.6712  MCC=0.0059  Train=0.436s  Test=4.918s  Peak RAM=37.565 MB
2026-03-18 16:10:27 | INFO | [ncluster=492/492] AUC-ROC=50.01%  AUC-PR=50.51%  F1=0.6712  MCC=0.0102  Train=0.301s  Test=5.698s  Peak RAM=37.565 MB
2026-03-18 16:10:27 | INFO | [ncluster=495/495] AUC-ROC=50.01%  AUC-PR=50.51%  F1=0.6712  MCC=0.0131  Train=0.596s  Test=5.233s  Peak RAM=37.567 MB
2026-03-18 16:10:27 | INFO | [ncluster=498/498] AUC-ROC=50.01%  AUC-PR=50.51%  F1=0.6712  MCC=0.0102  Train=0.423s  Test=4.113s  Peak RAM=37.567 MB
2026-03-18 16:10:27 | INFO | [ncluster=501/501] AUC-ROC=50.00%  AUC-PR=50.51%  F1=0.6712  MCC=0.0059  Train=0.345s  Test=4.868s  Peak RAM=37.566 MB
2026-03-18 16:10:27 | INFO | [ncluster=504/504] AUC-ROC=50.01%  AUC-PR=50.51%  F1=0.6712  MCC=0.0102  Train=0.369s  Test=3.695s  Peak RAM=37.569 MB
2026-03-18 16:10:27 | INFO | [ncluster=507/507] AUC-ROC=50.01%  AUC-PR=50.51%  F1=0.6712  MCC=0.0102  Train=0.625s  Test=5.276s  Peak RAM=37.569 MB
2026-03-18 16:10:27 | INFO | [ncluster=510/510] AUC-ROC=50.01%  AUC-PR=50.51%  F1=0.6712  MCC=0.0083  Train=0.534s  Test=4.417s  Peak RAM=37.569 MB
2026-03-18 16:10:27 | INFO | [ncluster=513/513] AUC-ROC=50.02%  AUC-PR=50.51%  F1=0.6712  MCC=0.0131  Train=0.606s  Test=4.117s  Peak RAM=37.571 MB
2026-03-18 16:10:27 | INFO | [ncluster=516/516] AUC-ROC=50.01%  AUC-PR=50.51%  F1=0.6712  MCC=0.0083  Train=0.304s  Test=3.966s  Peak RAM=37.57 MB
2026-03-18 16:10:27 | INFO | [ncluster=519/519] AUC-ROC=50.02%  AUC-PR=50.52%  F1=0.6712  MCC=0.0101  Train=0.511s  Test=4.265s  Peak RAM=37.572 MB
2026-03-18 16:10:27 | INFO | [ncluster=522/522] AUC-ROC=50.00%  AUC-PR=50.51%  F1=0.6712  MCC=0.0059  Train=0.400s  Test=3.712s  Peak RAM=37.571 MB
2026-03-18 16:10:27 | INFO | [ncluster=525/525] AUC-ROC=50.01%  AUC-PR=50.51%  F1=0.6712  MCC=0.0117  Train=0.325s  Test=3.634s  Peak RAM=37.571 MB
2026-03-18 16:10:27 | INFO | [ncluster=528/528] AUC-ROC=50.02%  AUC-PR=50.52%  F1=0.6712  MCC=0.0107  Train=0.598s  Test=4.060s  Peak RAM=37.572 MB
2026-03-18 16:10:27 | INFO | [ncluster=531/531] AUC-ROC=50.00%  AUC-PR=50.51%  F1=0.6712  MCC=0.0059  Train=0.898s  Test=4.661s  Peak RAM=37.576 MB
2026-03-18 16:10:27 | INFO | [ncluster=534/534] AUC-ROC=50.00%  AUC-PR=50.51%  F1=0.6712  MCC=0.0059  Train=0.288s  Test=3.912s  Peak RAM=37.576 MB
2026-03-18 16:10:27 | INFO | [ncluster=537/537] AUC-ROC=50.01%  AUC-PR=50.51%  F1=0.6712  MCC=0.0102  Train=0.440s  Test=4.392s  Peak RAM=37.575 MB
2026-03-18 16:10:27 | INFO | [ncluster=540/540] AUC-ROC=50.00%  AUC-PR=50.51%  F1=0.6712  MCC=0.0059  Train=0.638s  Test=5.068s  Peak RAM=37.574 MB
2026-03-18 16:10:27 | INFO | [ncluster=543/543] AUC-ROC=50.01%  AUC-PR=50.51%  F1=0.6712  MCC=0.0117  Train=0.246s  Test=4.527s  Peak RAM=37.574 MB
2026-03-18 16:10:27 | INFO | [ncluster=546/546] AUC-ROC=50.00%  AUC-PR=50.51%  F1=0.6712  MCC=0.0059  Train=0.533s  Test=4.765s  Peak RAM=37.579 MB
2026-03-18 16:10:27 | INFO | [ncluster=549/549] AUC-ROC=50.00%  AUC-PR=50.51%  F1=0.6712  MCC=0.0059  Train=0.574s  Test=4.980s  Peak RAM=37.578 MB
2026-03-18 16:10:27 | INFO | [ncluster=552/552] AUC-ROC=50.01%  AUC-PR=50.51%  F1=0.6712  MCC=0.0117  Train=0.505s  Test=4.527s  Peak RAM=37.576 MB
2026-03-18 16:10:27 | INFO | [ncluster=555/555] AUC-ROC=50.00%  AUC-PR=50.51%  F1=0.6712  MCC=0.0059  Train=0.372s  Test=4.221s  Peak RAM=37.578 MB
2026-03-18 16:10:27 | INFO | [ncluster=558/558] AUC-ROC=50.00%  AUC-PR=50.51%  F1=0.6712  MCC=0.0059  Train=0.350s  Test=4.040s  Peak RAM=37.58 MB
2026-03-18 16:10:27 | INFO | [ncluster=561/561] AUC-ROC=50.01%  AUC-PR=50.51%  F1=0.6712  MCC=0.0117  Train=0.432s  Test=6.021s  Peak RAM=37.578 MB
2026-03-18 16:10:27 | INFO | [ncluster=564/564] AUC-ROC=49.99%  AUC-PR=50.50%  F1=0.0000  MCC=0.0000  Train=0.609s  Test=6.101s  Peak RAM=37.579 MB
2026-03-18 16:10:27 | INFO | [ncluster=567/567] AUC-ROC=50.02%  AUC-PR=50.52%  F1=0.6712  MCC=0.0124  Train=0.421s  Test=5.984s  Peak RAM=37.579 MB
2026-03-18 16:10:27 | INFO | [ncluster=570/570] AUC-ROC=50.01%  AUC-PR=50.51%  F1=0.6712  MCC=0.0117  Train=0.474s  Test=5.503s  Peak RAM=37.58 MB
2026-03-18 16:10:27 | INFO | [ncluster=573/573] AUC-ROC=50.02%  AUC-PR=50.52%  F1=0.6712  MCC=0.0124  Train=0.859s  Test=4.831s  Peak RAM=37.581 MB
2026-03-18 16:10:27 | INFO | [ncluster=576/576] AUC-ROC=50.01%  AUC-PR=50.51%  F1=0.6712  MCC=0.0117  Train=0.536s  Test=3.981s  Peak RAM=37.582 MB
2026-03-18 16:10:27 | INFO | [ncluster=579/579] AUC-ROC=50.01%  AUC-PR=50.51%  F1=0.6712  MCC=0.0117  Train=0.285s  Test=2.790s  Peak RAM=37.582 MB
2026-03-18 16:10:27 | INFO | [ncluster=582/582] AUC-ROC=50.01%  AUC-PR=50.51%  F1=0.6712  MCC=0.0102  Train=0.192s  Test=2.635s  Peak RAM=37.582 MB
2026-03-18 16:10:27 | INFO | [ncluster=585/585] AUC-ROC=50.00%  AUC-PR=50.51%  F1=0.6712  MCC=0.0059  Train=0.259s  Test=2.626s  Peak RAM=37.583 MB
2026-03-18 16:10:27 | INFO | [ncluster=588/588] AUC-ROC=50.00%  AUC-PR=50.51%  F1=0.6712  MCC=0.0059  Train=0.204s  Test=2.127s  Peak RAM=37.582 MB
2026-03-18 16:10:27 | INFO | [ncluster=591/591] AUC-ROC=50.00%  AUC-PR=50.51%  F1=0.6712  MCC=0.0059  Train=0.274s  Test=2.279s  Peak RAM=37.582 MB
2026-03-18 16:10:27 | INFO | [ncluster=594/594] AUC-ROC=50.00%  AUC-PR=50.51%  F1=0.6712  MCC=0.0059  Train=0.143s  Test=1.975s  Peak RAM=37.584 MB
2026-03-18 16:10:27 | INFO | [ncluster=597/597] AUC-ROC=50.01%  AUC-PR=50.51%  F1=0.6712  MCC=0.0083  Train=0.141s  Test=1.887s  Peak RAM=37.584 MB
2026-03-18 16:10:27 | INFO | --- noise=3% ---
2026-03-18 16:10:27 | INFO | ============================================================
2026-03-18 16:10:27 | INFO | Dataset  : Train_StandardScaler_data_CICIoT2023.csv
2026-03-18 16:10:27 | INFO | Scaler   : StandardScaler
2026-03-18 16:10:27 | INFO | Noise    : 3%
2026-03-18 16:10:27 | INFO | nClusters: 100 values (300..597)
2026-03-18 16:10:27 | INFO | ============================================================
2026-03-18 16:10:27 | INFO | Loaded Raw Shape -> Train: (30000, 45), Test: (30000, 45)
2026-03-18 16:10:27 | INFO | Training size : 30,900  |  Testing size: 29,100  |  Features: 44
2026-03-18 16:10:27 | INFO | Firing up Parallel execution for 100 cluster configs...
