2026-06-01 09:55:31 | INFO | Run started at 20260601_095531
2026-06-01 09:55:31 | INFO | ============================================================
2026-06-01 09:55:31 | INFO | Dataset      : Train_local_StandardScaler_data_EdgeIIoTset.csv
2026-06-01 09:55:31 | INFO | Anomaly Mode : LOCAL
2026-06-01 09:55:31 | INFO | Scaler       : StandardScaler
2026-06-01 09:55:31 | INFO | nClusters    : 100 values
2026-06-01 09:55:31 | INFO | ============================================================
2026-06-01 09:55:35 | INFO | Loaded Shape -> Train: (30000, 53), Test: (30000, 53)
2026-06-01 09:55:35 | INFO | Parallel execution on 32 cores for 100 clusters...
2026-06-01 10:03:14 | INFO | [LOCAL - ncluster=1] AUC-ROC=99.85%  Train=5.268s  RAM=44.063 MB
2026-06-01 10:03:14 | INFO | [LOCAL - ncluster=4] AUC-ROC=99.87%  Train=5.152s  RAM=44.087 MB
2026-06-01 10:03:14 | INFO | [LOCAL - ncluster=7] AUC-ROC=99.89%  Train=3.702s  RAM=44.097 MB
2026-06-01 10:03:14 | INFO | [LOCAL - ncluster=10] AUC-ROC=99.89%  Train=5.843s  RAM=44.082 MB
2026-06-01 10:03:14 | INFO | [LOCAL - ncluster=13] AUC-ROC=99.89%  Train=2.477s  RAM=44.095 MB
2026-06-01 10:03:14 | INFO | [LOCAL - ncluster=16] AUC-ROC=99.89%  Train=5.405s  RAM=44.097 MB
2026-06-01 10:03:14 | INFO | [LOCAL - ncluster=19] AUC-ROC=99.89%  Train=4.390s  RAM=44.101 MB
2026-06-01 10:03:14 | INFO | [LOCAL - ncluster=22] AUC-ROC=99.89%  Train=5.247s  RAM=44.103 MB
2026-06-01 10:03:14 | INFO | [LOCAL - ncluster=25] AUC-ROC=99.89%  Train=5.096s  RAM=46.497 MB
2026-06-01 10:03:14 | INFO | [LOCAL - ncluster=28] AUC-ROC=99.88%  Train=3.098s  RAM=49.075 MB
2026-06-01 10:03:14 | INFO | [LOCAL - ncluster=31] AUC-ROC=99.88%  Train=4.074s  RAM=51.633 MB
2026-06-01 10:03:14 | INFO | [LOCAL - ncluster=34] AUC-ROC=99.88%  Train=4.663s  RAM=54.207 MB
2026-06-01 10:03:14 | INFO | [LOCAL - ncluster=37] AUC-ROC=99.88%  Train=4.967s  RAM=56.783 MB
2026-06-01 10:03:14 | INFO | [LOCAL - ncluster=40] AUC-ROC=99.88%  Train=3.726s  RAM=59.343 MB
2026-06-01 10:03:14 | INFO | [LOCAL - ncluster=43] AUC-ROC=99.89%  Train=2.425s  RAM=61.921 MB
2026-06-01 10:03:14 | INFO | [LOCAL - ncluster=46] AUC-ROC=99.89%  Train=3.588s  RAM=64.493 MB
2026-06-01 10:03:14 | INFO | [LOCAL - ncluster=49] AUC-ROC=99.89%  Train=4.387s  RAM=67.061 MB
2026-06-01 10:03:14 | INFO | [LOCAL - ncluster=52] AUC-ROC=99.89%  Train=4.763s  RAM=69.634 MB
2026-06-01 10:03:14 | INFO | [LOCAL - ncluster=55] AUC-ROC=99.89%  Train=5.328s  RAM=72.194 MB
2026-06-01 10:03:14 | INFO | [LOCAL - ncluster=58] AUC-ROC=99.89%  Train=5.166s  RAM=74.757 MB
2026-06-01 10:03:14 | INFO | [LOCAL - ncluster=61] AUC-ROC=99.89%  Train=5.332s  RAM=77.325 MB
2026-06-01 10:03:14 | INFO | [LOCAL - ncluster=64] AUC-ROC=99.89%  Train=6.526s  RAM=79.908 MB
2026-06-01 10:03:14 | INFO | [LOCAL - ncluster=67] AUC-ROC=99.89%  Train=1.611s  RAM=82.466 MB
2026-06-01 10:03:14 | INFO | [LOCAL - ncluster=70] AUC-ROC=99.89%  Train=4.185s  RAM=85.027 MB
2026-06-01 10:03:14 | INFO | [LOCAL - ncluster=73] AUC-ROC=99.89%  Train=1.902s  RAM=87.61 MB
2026-06-01 10:03:14 | INFO | [LOCAL - ncluster=76] AUC-ROC=99.89%  Train=5.518s  RAM=90.179 MB
2026-06-01 10:03:14 | INFO | [LOCAL - ncluster=79] AUC-ROC=99.89%  Train=5.564s  RAM=92.738 MB
2026-06-01 10:03:14 | INFO | [LOCAL - ncluster=82] AUC-ROC=99.89%  Train=5.970s  RAM=95.31 MB
2026-06-01 10:03:14 | INFO | [LOCAL - ncluster=85] AUC-ROC=99.90%  Train=3.643s  RAM=97.886 MB
2026-06-01 10:03:14 | INFO | [LOCAL - ncluster=88] AUC-ROC=99.89%  Train=5.529s  RAM=100.457 MB
2026-06-01 10:03:14 | INFO | [LOCAL - ncluster=91] AUC-ROC=99.89%  Train=5.143s  RAM=103.025 MB
2026-06-01 10:03:14 | INFO | [LOCAL - ncluster=94] AUC-ROC=99.90%  Train=5.961s  RAM=105.594 MB
2026-06-01 10:03:14 | INFO | [LOCAL - ncluster=97] AUC-ROC=99.90%  Train=3.577s  RAM=107.931 MB
2026-06-01 10:03:15 | INFO | [LOCAL - ncluster=100] AUC-ROC=99.90%  Train=6.368s  RAM=110.5 MB
2026-06-01 10:03:15 | INFO | [LOCAL - ncluster=103] AUC-ROC=99.89%  Train=5.407s  RAM=113.066 MB
2026-06-01 10:03:15 | INFO | [LOCAL - ncluster=106] AUC-ROC=99.90%  Train=3.204s  RAM=115.626 MB
2026-06-01 10:03:15 | INFO | [LOCAL - ncluster=109] AUC-ROC=99.90%  Train=4.528s  RAM=118.191 MB
2026-06-01 10:03:15 | INFO | [LOCAL - ncluster=112] AUC-ROC=99.90%  Train=2.411s  RAM=120.77 MB
2026-06-01 10:03:15 | INFO | [LOCAL - ncluster=115] AUC-ROC=99.90%  Train=6.240s  RAM=123.323 MB
2026-06-01 10:03:15 | INFO | [LOCAL - ncluster=118] AUC-ROC=99.90%  Train=4.182s  RAM=125.907 MB
2026-06-01 10:03:15 | INFO | [LOCAL - ncluster=121] AUC-ROC=99.89%  Train=3.930s  RAM=128.481 MB
2026-06-01 10:03:15 | INFO | [LOCAL - ncluster=124] AUC-ROC=99.90%  Train=4.014s  RAM=131.033 MB
2026-06-01 10:03:15 | INFO | [LOCAL - ncluster=127] AUC-ROC=99.90%  Train=4.071s  RAM=133.613 MB
2026-06-01 10:03:15 | INFO | [LOCAL - ncluster=130] AUC-ROC=99.90%  Train=4.662s  RAM=136.163 MB
2026-06-01 10:03:15 | INFO | [LOCAL - ncluster=133] AUC-ROC=99.98%  Train=4.157s  RAM=138.757 MB
2026-06-01 10:03:15 | INFO | [LOCAL - ncluster=136] AUC-ROC=99.98%  Train=5.280s  RAM=141.296 MB
2026-06-01 10:03:15 | INFO | [LOCAL - ncluster=139] AUC-ROC=99.98%  Train=3.966s  RAM=143.866 MB
2026-06-01 10:03:15 | INFO | [LOCAL - ncluster=142] AUC-ROC=99.98%  Train=4.258s  RAM=146.458 MB
2026-06-01 10:03:15 | INFO | [LOCAL - ncluster=145] AUC-ROC=99.98%  Train=3.914s  RAM=149.012 MB
2026-06-01 10:03:15 | INFO | [LOCAL - ncluster=148] AUC-ROC=99.98%  Train=2.508s  RAM=151.583 MB
2026-06-01 10:03:15 | INFO | [LOCAL - ncluster=151] AUC-ROC=99.98%  Train=5.160s  RAM=154.164 MB
2026-06-01 10:03:15 | INFO | [LOCAL - ncluster=154] AUC-ROC=99.98%  Train=3.573s  RAM=156.715 MB
2026-06-01 10:03:15 | INFO | [LOCAL - ncluster=157] AUC-ROC=99.98%  Train=3.154s  RAM=159.276 MB
2026-06-01 10:03:15 | INFO | [LOCAL - ncluster=160] AUC-ROC=99.98%  Train=5.328s  RAM=161.852 MB
2026-06-01 10:03:15 | INFO | [LOCAL - ncluster=163] AUC-ROC=99.98%  Train=3.729s  RAM=164.427 MB
2026-06-01 10:03:15 | INFO | [LOCAL - ncluster=166] AUC-ROC=99.98%  Train=1.966s  RAM=166.993 MB
2026-06-01 10:03:15 | INFO | [LOCAL - ncluster=169] AUC-ROC=99.98%  Train=1.866s  RAM=169.563 MB
2026-06-01 10:03:15 | INFO | [LOCAL - ncluster=172] AUC-ROC=99.98%  Train=3.981s  RAM=172.126 MB
2026-06-01 10:03:15 | INFO | [LOCAL - ncluster=175] AUC-ROC=99.98%  Train=2.657s  RAM=174.695 MB
2026-06-01 10:03:15 | INFO | [LOCAL - ncluster=178] AUC-ROC=99.98%  Train=3.984s  RAM=177.264 MB
2026-06-01 10:03:15 | INFO | [LOCAL - ncluster=181] AUC-ROC=99.98%  Train=4.996s  RAM=179.841 MB
2026-06-01 10:03:15 | INFO | [LOCAL - ncluster=184] AUC-ROC=99.98%  Train=4.163s  RAM=182.404 MB
2026-06-01 10:03:15 | INFO | [LOCAL - ncluster=187] AUC-ROC=99.98%  Train=2.012s  RAM=184.974 MB
2026-06-01 10:03:15 | INFO | [LOCAL - ncluster=190] AUC-ROC=99.98%  Train=4.047s  RAM=187.544 MB
2026-06-01 10:03:15 | INFO | [LOCAL - ncluster=193] AUC-ROC=99.98%  Train=3.526s  RAM=190.097 MB
2026-06-01 10:03:15 | INFO | [LOCAL - ncluster=196] AUC-ROC=99.98%  Train=4.739s  RAM=192.662 MB
2026-06-01 10:03:15 | INFO | [LOCAL - ncluster=199] AUC-ROC=99.98%  Train=2.497s  RAM=195.223 MB
2026-06-01 10:03:15 | INFO | [LOCAL - ncluster=202] AUC-ROC=99.98%  Train=2.157s  RAM=197.781 MB
2026-06-01 10:03:15 | INFO | [LOCAL - ncluster=205] AUC-ROC=99.98%  Train=3.653s  RAM=200.36 MB
2026-06-01 10:03:15 | INFO | [LOCAL - ncluster=208] AUC-ROC=99.98%  Train=3.643s  RAM=202.916 MB
2026-06-01 10:03:15 | INFO | [LOCAL - ncluster=211] AUC-ROC=99.98%  Train=2.754s  RAM=205.495 MB
2026-06-01 10:03:15 | INFO | [LOCAL - ncluster=214] AUC-ROC=99.98%  Train=2.580s  RAM=208.057 MB
2026-06-01 10:03:15 | INFO | [LOCAL - ncluster=217] AUC-ROC=99.98%  Train=2.191s  RAM=210.643 MB
2026-06-01 10:03:15 | INFO | [LOCAL - ncluster=220] AUC-ROC=99.98%  Train=2.159s  RAM=213.189 MB
2026-06-01 10:03:15 | INFO | [LOCAL - ncluster=223] AUC-ROC=99.98%  Train=3.498s  RAM=215.764 MB
2026-06-01 10:03:15 | INFO | [LOCAL - ncluster=226] AUC-ROC=99.98%  Train=1.075s  RAM=218.344 MB
2026-06-01 10:03:15 | INFO | [LOCAL - ncluster=229] AUC-ROC=99.98%  Train=2.148s  RAM=220.908 MB
2026-06-01 10:03:15 | INFO | [LOCAL - ncluster=232] AUC-ROC=99.98%  Train=5.120s  RAM=223.47 MB
2026-06-01 10:03:15 | INFO | [LOCAL - ncluster=235] AUC-ROC=99.98%  Train=3.053s  RAM=226.038 MB
2026-06-01 10:03:15 | INFO | [LOCAL - ncluster=238] AUC-ROC=99.98%  Train=3.955s  RAM=228.614 MB
2026-06-01 10:03:15 | INFO | [LOCAL - ncluster=241] AUC-ROC=99.98%  Train=4.550s  RAM=231.17 MB
2026-06-01 10:03:15 | INFO | [LOCAL - ncluster=244] AUC-ROC=99.98%  Train=4.520s  RAM=233.74 MB
2026-06-01 10:03:15 | INFO | [LOCAL - ncluster=247] AUC-ROC=99.98%  Train=1.376s  RAM=236.313 MB
2026-06-01 10:03:15 | INFO | [LOCAL - ncluster=250] AUC-ROC=99.98%  Train=3.008s  RAM=238.88 MB
2026-06-01 10:03:15 | INFO | [LOCAL - ncluster=253] AUC-ROC=99.98%  Train=3.403s  RAM=241.453 MB
2026-06-01 10:03:15 | INFO | [LOCAL - ncluster=256] AUC-ROC=99.98%  Train=4.035s  RAM=244.018 MB
2026-06-01 10:03:15 | INFO | [LOCAL - ncluster=259] AUC-ROC=99.98%  Train=3.896s  RAM=246.586 MB
2026-06-01 10:03:15 | INFO | [LOCAL - ncluster=262] AUC-ROC=99.98%  Train=5.021s  RAM=249.165 MB
2026-06-01 10:03:15 | INFO | [LOCAL - ncluster=265] AUC-ROC=99.98%  Train=4.556s  RAM=251.72 MB
2026-06-01 10:03:15 | INFO | [LOCAL - ncluster=268] AUC-ROC=99.98%  Train=4.451s  RAM=254.3 MB
2026-06-01 10:03:15 | INFO | [LOCAL - ncluster=271] AUC-ROC=99.98%  Train=4.231s  RAM=256.862 MB
2026-06-01 10:03:15 | INFO | [LOCAL - ncluster=274] AUC-ROC=99.98%  Train=2.429s  RAM=259.432 MB
2026-06-01 10:03:15 | INFO | [LOCAL - ncluster=277] AUC-ROC=99.98%  Train=2.613s  RAM=262.01 MB
2026-06-01 10:03:15 | INFO | [LOCAL - ncluster=280] AUC-ROC=99.98%  Train=2.549s  RAM=264.571 MB
2026-06-01 10:03:15 | INFO | [LOCAL - ncluster=283] AUC-ROC=99.98%  Train=2.991s  RAM=267.137 MB
2026-06-01 10:03:15 | INFO | [LOCAL - ncluster=286] AUC-ROC=99.98%  Train=3.969s  RAM=269.712 MB
2026-06-01 10:03:15 | INFO | [LOCAL - ncluster=289] AUC-ROC=99.98%  Train=3.454s  RAM=272.275 MB
2026-06-01 10:03:15 | INFO | [LOCAL - ncluster=292] AUC-ROC=99.98%  Train=2.931s  RAM=274.849 MB
2026-06-01 10:03:15 | INFO | [LOCAL - ncluster=295] AUC-ROC=99.98%  Train=2.765s  RAM=277.419 MB
2026-06-01 10:03:15 | INFO | [LOCAL - ncluster=298] AUC-ROC=99.98%  Train=3.102s  RAM=279.981 MB
2026-06-01 10:03:15 | INFO | ============================================================
2026-06-01 10:03:15 | INFO | Dataset      : Train_local_MinMaxScaler_data_EdgeIIoTset.csv
2026-06-01 10:03:15 | INFO | Anomaly Mode : LOCAL
2026-06-01 10:03:15 | INFO | Scaler       : MinMaxScaler
2026-06-01 10:03:15 | INFO | nClusters    : 100 values
2026-06-01 10:03:15 | INFO | ============================================================
2026-06-01 10:03:18 | INFO | Loaded Shape -> Train: (30000, 53), Test: (30000, 53)
2026-06-01 10:03:18 | INFO | Parallel execution on 32 cores for 100 clusters...
2026-06-01 10:10:47 | INFO | [LOCAL - ncluster=1] AUC-ROC=100.00%  Train=5.613s  RAM=43.835 MB
2026-06-01 10:10:47 | INFO | [LOCAL - ncluster=4] AUC-ROC=100.00%  Train=5.270s  RAM=43.838 MB
2026-06-01 10:10:47 | INFO | [LOCAL - ncluster=7] AUC-ROC=100.00%  Train=5.398s  RAM=43.841 MB
2026-06-01 10:10:47 | INFO | [LOCAL - ncluster=10] AUC-ROC=50.00%  Train=5.490s  RAM=43.84 MB
2026-06-01 10:10:47 | INFO | [LOCAL - ncluster=13] AUC-ROC=50.00%  Train=5.289s  RAM=43.845 MB
2026-06-01 10:10:47 | INFO | [LOCAL - ncluster=16] AUC-ROC=50.00%  Train=2.742s  RAM=43.845 MB
2026-06-01 10:10:47 | INFO | [LOCAL - ncluster=19] AUC-ROC=50.00%  Train=1.738s  RAM=43.846 MB
2026-06-01 10:10:47 | INFO | [LOCAL - ncluster=22] AUC-ROC=50.00%  Train=4.209s  RAM=43.845 MB
2026-06-01 10:10:47 | INFO | [LOCAL - ncluster=25] AUC-ROC=50.00%  Train=2.944s  RAM=46.227 MB
2026-06-01 10:10:47 | INFO | [LOCAL - ncluster=28] AUC-ROC=50.00%  Train=5.544s  RAM=48.796 MB
2026-06-01 10:10:47 | INFO | [LOCAL - ncluster=31] AUC-ROC=50.00%  Train=5.298s  RAM=51.375 MB
2026-06-01 10:10:47 | INFO | [LOCAL - ncluster=34] AUC-ROC=50.00%  Train=5.083s  RAM=53.933 MB
2026-06-01 10:10:47 | INFO | [LOCAL - ncluster=37] AUC-ROC=50.00%  Train=5.207s  RAM=56.503 MB
2026-06-01 10:10:47 | INFO | [LOCAL - ncluster=40] AUC-ROC=50.00%  Train=5.069s  RAM=59.062 MB
2026-06-01 10:10:47 | INFO | [LOCAL - ncluster=43] AUC-ROC=50.00%  Train=4.822s  RAM=61.646 MB
2026-06-01 10:10:47 | INFO | [LOCAL - ncluster=46] AUC-ROC=50.00%  Train=3.813s  RAM=64.206 MB
2026-06-01 10:10:47 | INFO | [LOCAL - ncluster=49] AUC-ROC=50.00%  Train=4.410s  RAM=66.776 MB
2026-06-01 10:10:47 | INFO | [LOCAL - ncluster=52] AUC-ROC=50.00%  Train=2.288s  RAM=69.357 MB
2026-06-01 10:10:47 | INFO | [LOCAL - ncluster=55] AUC-ROC=50.00%  Train=4.463s  RAM=71.923 MB
2026-06-01 10:10:47 | INFO | [LOCAL - ncluster=58] AUC-ROC=50.00%  Train=5.233s  RAM=74.486 MB
2026-06-01 10:10:47 | INFO | [LOCAL - ncluster=61] AUC-ROC=50.00%  Train=4.626s  RAM=77.065 MB
2026-06-01 10:10:47 | INFO | [LOCAL - ncluster=64] AUC-ROC=50.00%  Train=4.545s  RAM=79.633 MB
2026-06-01 10:10:47 | INFO | [LOCAL - ncluster=67] AUC-ROC=50.00%  Train=5.449s  RAM=82.198 MB
2026-06-01 10:10:47 | INFO | [LOCAL - ncluster=70] AUC-ROC=50.00%  Train=4.522s  RAM=84.752 MB
2026-06-01 10:10:47 | INFO | [LOCAL - ncluster=73] AUC-ROC=50.00%  Train=5.357s  RAM=87.329 MB
2026-06-01 10:10:47 | INFO | [LOCAL - ncluster=76] AUC-ROC=50.00%  Train=3.840s  RAM=89.899 MB
2026-06-01 10:10:47 | INFO | [LOCAL - ncluster=79] AUC-ROC=50.00%  Train=4.447s  RAM=92.464 MB
2026-06-01 10:10:47 | INFO | [LOCAL - ncluster=82] AUC-ROC=50.00%  Train=5.374s  RAM=95.028 MB
2026-06-01 10:10:47 | INFO | [LOCAL - ncluster=85] AUC-ROC=50.00%  Train=2.256s  RAM=97.601 MB
2026-06-01 10:10:47 | INFO | [LOCAL - ncluster=88] AUC-ROC=50.00%  Train=5.148s  RAM=100.167 MB
2026-06-01 10:10:47 | INFO | [LOCAL - ncluster=91] AUC-ROC=50.00%  Train=4.098s  RAM=102.741 MB
2026-06-01 10:10:47 | INFO | [LOCAL - ncluster=94] AUC-ROC=50.00%  Train=5.095s  RAM=105.304 MB
2026-06-01 10:10:47 | INFO | [LOCAL - ncluster=97] AUC-ROC=50.00%  Train=4.722s  RAM=107.881 MB
2026-06-01 10:10:47 | INFO | [LOCAL - ncluster=100] AUC-ROC=50.00%  Train=4.047s  RAM=110.455 MB
2026-06-01 10:10:47 | INFO | [LOCAL - ncluster=103] AUC-ROC=50.00%  Train=3.911s  RAM=113.007 MB
2026-06-01 10:10:47 | INFO | [LOCAL - ncluster=106] AUC-ROC=50.00%  Train=3.680s  RAM=115.578 MB
2026-06-01 10:10:47 | INFO | [LOCAL - ncluster=109] AUC-ROC=50.00%  Train=3.285s  RAM=118.144 MB
2026-06-01 10:10:47 | INFO | [LOCAL - ncluster=112] AUC-ROC=50.00%  Train=3.269s  RAM=120.715 MB
2026-06-01 10:10:47 | INFO | [LOCAL - ncluster=115] AUC-ROC=50.00%  Train=4.829s  RAM=123.287 MB
2026-06-01 10:10:47 | INFO | [LOCAL - ncluster=118] AUC-ROC=50.00%  Train=3.964s  RAM=125.854 MB
2026-06-01 10:10:47 | INFO | [LOCAL - ncluster=121] AUC-ROC=50.00%  Train=3.477s  RAM=128.42 MB
2026-06-01 10:10:47 | INFO | [LOCAL - ncluster=124] AUC-ROC=50.00%  Train=3.795s  RAM=130.991 MB
2026-06-01 10:10:47 | INFO | [LOCAL - ncluster=127] AUC-ROC=50.00%  Train=1.890s  RAM=133.562 MB
2026-06-01 10:10:47 | INFO | [LOCAL - ncluster=130] AUC-ROC=50.00%  Train=2.787s  RAM=136.131 MB
2026-06-01 10:10:47 | INFO | [LOCAL - ncluster=133] AUC-ROC=50.00%  Train=2.533s  RAM=138.696 MB
2026-06-01 10:10:47 | INFO | [LOCAL - ncluster=136] AUC-ROC=50.00%  Train=3.821s  RAM=141.266 MB
2026-06-01 10:10:47 | INFO | [LOCAL - ncluster=139] AUC-ROC=50.00%  Train=3.784s  RAM=143.84 MB
2026-06-01 10:10:47 | INFO | [LOCAL - ncluster=142] AUC-ROC=50.00%  Train=3.981s  RAM=146.404 MB
2026-06-01 10:10:47 | INFO | [LOCAL - ncluster=145] AUC-ROC=50.00%  Train=3.700s  RAM=148.972 MB
2026-06-01 10:10:47 | INFO | [LOCAL - ncluster=148] AUC-ROC=50.00%  Train=4.446s  RAM=151.54 MB
2026-06-01 10:10:47 | INFO | [LOCAL - ncluster=151] AUC-ROC=50.00%  Train=4.024s  RAM=154.104 MB
2026-06-01 10:10:47 | INFO | [LOCAL - ncluster=154] AUC-ROC=50.00%  Train=2.477s  RAM=156.678 MB
2026-06-01 10:10:47 | INFO | [LOCAL - ncluster=157] AUC-ROC=50.00%  Train=4.069s  RAM=159.244 MB
2026-06-01 10:10:47 | INFO | [LOCAL - ncluster=160] AUC-ROC=50.00%  Train=3.385s  RAM=161.812 MB
2026-06-01 10:10:47 | INFO | [LOCAL - ncluster=163] AUC-ROC=50.00%  Train=3.461s  RAM=164.389 MB
2026-06-01 10:10:47 | INFO | [LOCAL - ncluster=166] AUC-ROC=50.00%  Train=4.648s  RAM=166.953 MB
2026-06-01 10:10:47 | INFO | [LOCAL - ncluster=169] AUC-ROC=50.00%  Train=4.595s  RAM=169.529 MB
2026-06-01 10:10:47 | INFO | [LOCAL - ncluster=172] AUC-ROC=50.00%  Train=3.011s  RAM=172.086 MB
2026-06-01 10:10:47 | INFO | [LOCAL - ncluster=175] AUC-ROC=50.00%  Train=2.476s  RAM=174.658 MB
2026-06-01 10:10:47 | INFO | [LOCAL - ncluster=178] AUC-ROC=50.00%  Train=2.827s  RAM=177.223 MB
2026-06-01 10:10:47 | INFO | [LOCAL - ncluster=181] AUC-ROC=50.00%  Train=2.655s  RAM=179.798 MB
2026-06-01 10:10:47 | INFO | [LOCAL - ncluster=184] AUC-ROC=50.00%  Train=3.420s  RAM=182.364 MB
2026-06-01 10:10:47 | INFO | [LOCAL - ncluster=187] AUC-ROC=50.00%  Train=2.466s  RAM=184.934 MB
2026-06-01 10:10:47 | INFO | [LOCAL - ncluster=190] AUC-ROC=50.00%  Train=3.674s  RAM=187.505 MB
2026-06-01 10:10:47 | INFO | [LOCAL - ncluster=193] AUC-ROC=50.00%  Train=2.410s  RAM=190.073 MB
2026-06-01 10:10:47 | INFO | [LOCAL - ncluster=196] AUC-ROC=50.00%  Train=2.668s  RAM=192.636 MB
2026-06-01 10:10:47 | INFO | [LOCAL - ncluster=199] AUC-ROC=50.00%  Train=2.761s  RAM=195.2 MB
2026-06-01 10:10:47 | INFO | [LOCAL - ncluster=202] AUC-ROC=50.00%  Train=3.585s  RAM=197.774 MB
2026-06-01 10:10:47 | INFO | [LOCAL - ncluster=205] AUC-ROC=50.00%  Train=4.207s  RAM=200.343 MB
2026-06-01 10:10:47 | INFO | [LOCAL - ncluster=208] AUC-ROC=50.00%  Train=2.241s  RAM=202.907 MB
2026-06-01 10:10:47 | INFO | [LOCAL - ncluster=211] AUC-ROC=50.00%  Train=5.874s  RAM=205.479 MB
2026-06-01 10:10:47 | INFO | [LOCAL - ncluster=214] AUC-ROC=50.00%  Train=3.289s  RAM=208.049 MB
2026-06-01 10:10:47 | INFO | [LOCAL - ncluster=217] AUC-ROC=50.00%  Train=4.215s  RAM=210.615 MB
2026-06-01 10:10:47 | INFO | [LOCAL - ncluster=220] AUC-ROC=50.00%  Train=4.488s  RAM=213.186 MB
2026-06-01 10:10:47 | INFO | [LOCAL - ncluster=223] AUC-ROC=50.00%  Train=5.038s  RAM=215.755 MB
2026-06-01 10:10:47 | INFO | [LOCAL - ncluster=226] AUC-ROC=50.00%  Train=5.227s  RAM=218.318 MB
2026-06-01 10:10:47 | INFO | [LOCAL - ncluster=229] AUC-ROC=50.00%  Train=6.171s  RAM=220.893 MB
2026-06-01 10:10:47 | INFO | [LOCAL - ncluster=232] AUC-ROC=50.00%  Train=3.830s  RAM=223.463 MB
2026-06-01 10:10:47 | INFO | [LOCAL - ncluster=235] AUC-ROC=50.00%  Train=5.478s  RAM=226.03 MB
2026-06-01 10:10:47 | INFO | [LOCAL - ncluster=238] AUC-ROC=50.00%  Train=4.215s  RAM=228.596 MB
2026-06-01 10:10:47 | INFO | [LOCAL - ncluster=241] AUC-ROC=50.00%  Train=4.946s  RAM=231.168 MB
2026-06-01 10:10:47 | INFO | [LOCAL - ncluster=244] AUC-ROC=50.00%  Train=4.114s  RAM=233.738 MB
2026-06-01 10:10:47 | INFO | [LOCAL - ncluster=247] AUC-ROC=50.00%  Train=2.913s  RAM=236.304 MB
2026-06-01 10:10:47 | INFO | [LOCAL - ncluster=250] AUC-ROC=50.00%  Train=3.922s  RAM=238.871 MB
2026-06-01 10:10:47 | INFO | [LOCAL - ncluster=253] AUC-ROC=50.00%  Train=3.060s  RAM=241.438 MB
2026-06-01 10:10:47 | INFO | [LOCAL - ncluster=256] AUC-ROC=50.00%  Train=3.662s  RAM=244.007 MB
2026-06-01 10:10:47 | INFO | [LOCAL - ncluster=259] AUC-ROC=50.00%  Train=4.509s  RAM=246.578 MB
2026-06-01 10:10:47 | INFO | [LOCAL - ncluster=262] AUC-ROC=50.00%  Train=4.545s  RAM=249.15 MB
2026-06-01 10:10:47 | INFO | [LOCAL - ncluster=265] AUC-ROC=50.00%  Train=4.594s  RAM=251.716 MB
2026-06-01 10:10:47 | INFO | [LOCAL - ncluster=268] AUC-ROC=50.00%  Train=5.122s  RAM=254.286 MB
2026-06-01 10:10:47 | INFO | [LOCAL - ncluster=271] AUC-ROC=50.00%  Train=4.383s  RAM=256.856 MB
2026-06-01 10:10:47 | INFO | [LOCAL - ncluster=274] AUC-ROC=50.00%  Train=2.617s  RAM=259.424 MB
2026-06-01 10:10:47 | INFO | [LOCAL - ncluster=277] AUC-ROC=50.00%  Train=2.758s  RAM=261.994 MB
2026-06-01 10:10:47 | INFO | [LOCAL - ncluster=280] AUC-ROC=50.00%  Train=3.325s  RAM=264.557 MB
2026-06-01 10:10:47 | INFO | [LOCAL - ncluster=283] AUC-ROC=50.00%  Train=3.803s  RAM=267.128 MB
2026-06-01 10:10:47 | INFO | [LOCAL - ncluster=286] AUC-ROC=50.00%  Train=4.091s  RAM=269.7 MB
2026-06-01 10:10:47 | INFO | [LOCAL - ncluster=289] AUC-ROC=50.00%  Train=4.693s  RAM=272.265 MB
2026-06-01 10:10:47 | INFO | [LOCAL - ncluster=292] AUC-ROC=50.00%  Train=3.010s  RAM=274.835 MB
2026-06-01 10:10:47 | INFO | [LOCAL - ncluster=295] AUC-ROC=50.00%  Train=3.363s  RAM=277.395 MB
2026-06-01 10:10:47 | INFO | [LOCAL - ncluster=298] AUC-ROC=50.00%  Train=2.886s  RAM=279.969 MB
2026-06-01 10:10:47 | INFO | ============================================================
2026-06-01 10:10:47 | INFO | Dataset      : Train_local_Normalizer_data_EdgeIIoTset.csv
2026-06-01 10:10:47 | INFO | Anomaly Mode : LOCAL
2026-06-01 10:10:47 | INFO | Scaler       : Normalizer
2026-06-01 10:10:47 | INFO | nClusters    : 100 values
2026-06-01 10:10:47 | INFO | ============================================================
2026-06-01 10:10:51 | INFO | Loaded Shape -> Train: (30000, 53), Test: (30000, 53)
2026-06-01 10:10:52 | INFO | Parallel execution on 32 cores for 100 clusters...
2026-06-01 10:18:08 | INFO | [LOCAL - ncluster=1] AUC-ROC=50.00%  Train=6.124s  RAM=43.834 MB
2026-06-01 10:18:08 | INFO | [LOCAL - ncluster=4] AUC-ROC=50.00%  Train=4.100s  RAM=43.84 MB
2026-06-01 10:18:08 | INFO | [LOCAL - ncluster=7] AUC-ROC=50.00%  Train=4.388s  RAM=43.84 MB
2026-06-01 10:18:08 | INFO | [LOCAL - ncluster=10] AUC-ROC=50.00%  Train=1.987s  RAM=43.843 MB
2026-06-01 10:18:08 | INFO | [LOCAL - ncluster=13] AUC-ROC=50.00%  Train=4.628s  RAM=43.837 MB
2026-06-01 10:18:08 | INFO | [LOCAL - ncluster=16] AUC-ROC=50.00%  Train=4.702s  RAM=43.841 MB
2026-06-01 10:18:08 | INFO | [LOCAL - ncluster=19] AUC-ROC=50.00%  Train=3.267s  RAM=43.844 MB
2026-06-01 10:18:08 | INFO | [LOCAL - ncluster=22] AUC-ROC=50.00%  Train=6.421s  RAM=43.843 MB
2026-06-01 10:18:08 | INFO | [LOCAL - ncluster=25] AUC-ROC=50.00%  Train=2.462s  RAM=46.228 MB
2026-06-01 10:18:08 | INFO | [LOCAL - ncluster=28] AUC-ROC=50.00%  Train=4.231s  RAM=48.794 MB
2026-06-01 10:18:08 | INFO | [LOCAL - ncluster=31] AUC-ROC=50.00%  Train=2.447s  RAM=51.363 MB
2026-06-01 10:18:08 | INFO | [LOCAL - ncluster=34] AUC-ROC=50.00%  Train=4.741s  RAM=53.926 MB
2026-06-01 10:18:08 | INFO | [LOCAL - ncluster=37] AUC-ROC=50.00%  Train=5.402s  RAM=56.499 MB
2026-06-01 10:18:08 | INFO | [LOCAL - ncluster=40] AUC-ROC=50.00%  Train=4.385s  RAM=59.071 MB
2026-06-01 10:18:08 | INFO | [LOCAL - ncluster=43] AUC-ROC=50.00%  Train=4.805s  RAM=61.637 MB
2026-06-01 10:18:08 | INFO | [LOCAL - ncluster=46] AUC-ROC=50.00%  Train=4.551s  RAM=64.205 MB
2026-06-01 10:18:08 | INFO | [LOCAL - ncluster=49] AUC-ROC=50.00%  Train=3.243s  RAM=66.771 MB
2026-06-01 10:18:08 | INFO | [LOCAL - ncluster=52] AUC-ROC=50.00%  Train=3.606s  RAM=69.345 MB
2026-06-01 10:18:08 | INFO | [LOCAL - ncluster=55] AUC-ROC=50.00%  Train=4.265s  RAM=71.912 MB
2026-06-01 10:18:08 | INFO | [LOCAL - ncluster=58] AUC-ROC=50.00%  Train=3.908s  RAM=74.477 MB
2026-06-01 10:18:08 | INFO | [LOCAL - ncluster=61] AUC-ROC=50.00%  Train=3.558s  RAM=77.046 MB
2026-06-01 10:18:08 | INFO | [LOCAL - ncluster=64] AUC-ROC=50.00%  Train=2.489s  RAM=79.618 MB
2026-06-01 10:18:08 | INFO | [LOCAL - ncluster=67] AUC-ROC=50.00%  Train=4.890s  RAM=82.184 MB
2026-06-01 10:18:08 | INFO | [LOCAL - ncluster=70] AUC-ROC=50.00%  Train=4.225s  RAM=84.754 MB
2026-06-01 10:18:08 | INFO | [LOCAL - ncluster=73] AUC-ROC=50.00%  Train=5.000s  RAM=87.327 MB
2026-06-01 10:18:08 | INFO | [LOCAL - ncluster=76] AUC-ROC=50.00%  Train=1.639s  RAM=89.888 MB
2026-06-01 10:18:08 | INFO | [LOCAL - ncluster=79] AUC-ROC=50.00%  Train=5.732s  RAM=92.46 MB
2026-06-01 10:18:08 | INFO | [LOCAL - ncluster=82] AUC-ROC=50.00%  Train=4.238s  RAM=95.03 MB
2026-06-01 10:18:08 | INFO | [LOCAL - ncluster=85] AUC-ROC=50.00%  Train=5.065s  RAM=97.601 MB
2026-06-01 10:18:08 | INFO | [LOCAL - ncluster=88] AUC-ROC=50.00%  Train=6.079s  RAM=100.162 MB
2026-06-01 10:18:08 | INFO | [LOCAL - ncluster=91] AUC-ROC=50.00%  Train=4.564s  RAM=102.733 MB
2026-06-01 10:18:08 | INFO | [LOCAL - ncluster=94] AUC-ROC=50.00%  Train=5.187s  RAM=105.299 MB
2026-06-01 10:18:08 | INFO | [LOCAL - ncluster=97] AUC-ROC=50.00%  Train=4.419s  RAM=107.87 MB
2026-06-01 10:18:08 | INFO | [LOCAL - ncluster=100] AUC-ROC=50.00%  Train=3.641s  RAM=110.44 MB
2026-06-01 10:18:08 | INFO | [LOCAL - ncluster=103] AUC-ROC=50.00%  Train=5.016s  RAM=113.008 MB
2026-06-01 10:18:08 | INFO | [LOCAL - ncluster=106] AUC-ROC=50.00%  Train=2.030s  RAM=115.576 MB
2026-06-01 10:18:08 | INFO | [LOCAL - ncluster=109] AUC-ROC=50.00%  Train=1.813s  RAM=118.142 MB
2026-06-01 10:18:08 | INFO | [LOCAL - ncluster=112] AUC-ROC=50.00%  Train=2.168s  RAM=120.718 MB
2026-06-01 10:18:08 | INFO | [LOCAL - ncluster=115] AUC-ROC=50.00%  Train=2.584s  RAM=123.283 MB
2026-06-01 10:18:08 | INFO | [LOCAL - ncluster=118] AUC-ROC=50.00%  Train=2.623s  RAM=125.851 MB
2026-06-01 10:18:08 | INFO | [LOCAL - ncluster=121] AUC-ROC=50.00%  Train=2.949s  RAM=128.422 MB
2026-06-01 10:18:08 | INFO | [LOCAL - ncluster=124] AUC-ROC=50.00%  Train=3.350s  RAM=130.986 MB
2026-06-01 10:18:08 | INFO | [LOCAL - ncluster=127] AUC-ROC=50.00%  Train=4.455s  RAM=133.558 MB
2026-06-01 10:18:08 | INFO | [LOCAL - ncluster=130] AUC-ROC=50.00%  Train=3.197s  RAM=136.133 MB
2026-06-01 10:18:08 | INFO | [LOCAL - ncluster=133] AUC-ROC=50.00%  Train=2.453s  RAM=138.698 MB
2026-06-01 10:18:08 | INFO | [LOCAL - ncluster=136] AUC-ROC=50.00%  Train=4.096s  RAM=141.265 MB
2026-06-01 10:18:08 | INFO | [LOCAL - ncluster=139] AUC-ROC=50.00%  Train=2.410s  RAM=143.832 MB
2026-06-01 10:18:08 | INFO | [LOCAL - ncluster=142] AUC-ROC=50.00%  Train=3.380s  RAM=146.401 MB
2026-06-01 10:18:08 | INFO | [LOCAL - ncluster=145] AUC-ROC=50.00%  Train=3.323s  RAM=148.972 MB
2026-06-01 10:18:08 | INFO | [LOCAL - ncluster=148] AUC-ROC=50.00%  Train=1.847s  RAM=151.54 MB
2026-06-01 10:18:08 | INFO | [LOCAL - ncluster=151] AUC-ROC=50.00%  Train=2.344s  RAM=154.107 MB
2026-06-01 10:18:08 | INFO | [LOCAL - ncluster=154] AUC-ROC=50.00%  Train=2.356s  RAM=156.673 MB
2026-06-01 10:18:08 | INFO | [LOCAL - ncluster=157] AUC-ROC=50.00%  Train=2.764s  RAM=159.254 MB
2026-06-01 10:18:08 | INFO | [LOCAL - ncluster=160] AUC-ROC=50.00%  Train=1.827s  RAM=161.816 MB
2026-06-01 10:18:08 | INFO | [LOCAL - ncluster=163] AUC-ROC=50.00%  Train=1.038s  RAM=164.377 MB
2026-06-01 10:18:08 | INFO | [LOCAL - ncluster=166] AUC-ROC=50.00%  Train=3.236s  RAM=166.948 MB
2026-06-01 10:18:08 | INFO | [LOCAL - ncluster=169] AUC-ROC=50.00%  Train=1.089s  RAM=169.519 MB
2026-06-01 10:18:08 | INFO | [LOCAL - ncluster=172] AUC-ROC=50.00%  Train=5.235s  RAM=172.086 MB
2026-06-01 10:18:08 | INFO | [LOCAL - ncluster=175] AUC-ROC=50.00%  Train=4.789s  RAM=174.656 MB
2026-06-01 10:18:08 | INFO | [LOCAL - ncluster=178] AUC-ROC=50.00%  Train=4.231s  RAM=177.229 MB
2026-06-01 10:18:08 | INFO | [LOCAL - ncluster=181] AUC-ROC=50.00%  Train=4.635s  RAM=179.793 MB
2026-06-01 10:18:08 | INFO | [LOCAL - ncluster=184] AUC-ROC=50.00%  Train=6.526s  RAM=182.365 MB
2026-06-01 10:18:08 | INFO | [LOCAL - ncluster=187] AUC-ROC=50.00%  Train=3.082s  RAM=184.927 MB
2026-06-01 10:18:08 | INFO | [LOCAL - ncluster=190] AUC-ROC=50.00%  Train=6.306s  RAM=187.497 MB
2026-06-01 10:18:08 | INFO | [LOCAL - ncluster=193] AUC-ROC=50.00%  Train=4.599s  RAM=190.063 MB
2026-06-01 10:18:08 | INFO | [LOCAL - ncluster=196] AUC-ROC=50.00%  Train=3.447s  RAM=192.635 MB
2026-06-01 10:18:08 | INFO | [LOCAL - ncluster=199] AUC-ROC=50.00%  Train=5.953s  RAM=195.206 MB
2026-06-01 10:18:08 | INFO | [LOCAL - ncluster=202] AUC-ROC=50.00%  Train=4.563s  RAM=197.771 MB
2026-06-01 10:18:08 | INFO | [LOCAL - ncluster=205] AUC-ROC=50.00%  Train=5.129s  RAM=200.341 MB
2026-06-01 10:18:08 | INFO | [LOCAL - ncluster=208] AUC-ROC=50.00%  Train=2.577s  RAM=202.915 MB
2026-06-01 10:18:08 | INFO | [LOCAL - ncluster=211] AUC-ROC=50.00%  Train=5.208s  RAM=205.479 MB
2026-06-01 10:18:08 | INFO | [LOCAL - ncluster=214] AUC-ROC=50.00%  Train=4.130s  RAM=208.046 MB
2026-06-01 10:18:08 | INFO | [LOCAL - ncluster=217] AUC-ROC=50.00%  Train=5.031s  RAM=210.618 MB
2026-06-01 10:18:08 | INFO | [LOCAL - ncluster=220] AUC-ROC=50.00%  Train=4.663s  RAM=213.182 MB
2026-06-01 10:18:08 | INFO | [LOCAL - ncluster=223] AUC-ROC=50.00%  Train=1.984s  RAM=215.754 MB
2026-06-01 10:18:08 | INFO | [LOCAL - ncluster=226] AUC-ROC=50.00%  Train=5.870s  RAM=218.324 MB
2026-06-01 10:18:08 | INFO | [LOCAL - ncluster=229] AUC-ROC=50.00%  Train=5.695s  RAM=220.889 MB
2026-06-01 10:18:08 | INFO | [LOCAL - ncluster=232] AUC-ROC=50.00%  Train=5.528s  RAM=223.457 MB
2026-06-01 10:18:08 | INFO | [LOCAL - ncluster=235] AUC-ROC=50.00%  Train=5.610s  RAM=226.027 MB
2026-06-01 10:18:08 | INFO | [LOCAL - ncluster=238] AUC-ROC=50.00%  Train=3.595s  RAM=228.598 MB
2026-06-01 10:18:08 | INFO | [LOCAL - ncluster=241] AUC-ROC=50.00%  Train=5.096s  RAM=231.162 MB
2026-06-01 10:18:08 | INFO | [LOCAL - ncluster=244] AUC-ROC=50.00%  Train=4.672s  RAM=233.734 MB
2026-06-01 10:18:08 | INFO | [LOCAL - ncluster=247] AUC-ROC=50.00%  Train=5.292s  RAM=236.303 MB
2026-06-01 10:18:08 | INFO | [LOCAL - ncluster=250] AUC-ROC=50.00%  Train=2.099s  RAM=238.874 MB
2026-06-01 10:18:08 | INFO | [LOCAL - ncluster=253] AUC-ROC=50.00%  Train=4.756s  RAM=241.441 MB
2026-06-01 10:18:08 | INFO | [LOCAL - ncluster=256] AUC-ROC=50.00%  Train=3.672s  RAM=244.008 MB
2026-06-01 10:18:08 | INFO | [LOCAL - ncluster=259] AUC-ROC=50.00%  Train=4.304s  RAM=246.574 MB
2026-06-01 10:18:08 | INFO | [LOCAL - ncluster=262] AUC-ROC=50.00%  Train=4.844s  RAM=249.148 MB
2026-06-01 10:18:08 | INFO | [LOCAL - ncluster=265] AUC-ROC=50.00%  Train=2.866s  RAM=251.711 MB
2026-06-01 10:18:08 | INFO | [LOCAL - ncluster=268] AUC-ROC=50.00%  Train=3.864s  RAM=254.284 MB
2026-06-01 10:18:08 | INFO | [LOCAL - ncluster=271] AUC-ROC=50.00%  Train=2.978s  RAM=256.851 MB
2026-06-01 10:18:08 | INFO | [LOCAL - ncluster=274] AUC-ROC=50.00%  Train=3.811s  RAM=259.42 MB
2026-06-01 10:18:08 | INFO | [LOCAL - ncluster=277] AUC-ROC=50.00%  Train=4.439s  RAM=261.991 MB
2026-06-01 10:18:08 | INFO | [LOCAL - ncluster=280] AUC-ROC=50.00%  Train=2.942s  RAM=264.556 MB
2026-06-01 10:18:08 | INFO | [LOCAL - ncluster=283] AUC-ROC=50.00%  Train=3.675s  RAM=267.129 MB
2026-06-01 10:18:08 | INFO | [LOCAL - ncluster=286] AUC-ROC=50.00%  Train=3.275s  RAM=269.692 MB
2026-06-01 10:18:08 | INFO | [LOCAL - ncluster=289] AUC-ROC=50.00%  Train=2.877s  RAM=272.257 MB
2026-06-01 10:18:08 | INFO | [LOCAL - ncluster=292] AUC-ROC=50.00%  Train=3.232s  RAM=274.828 MB
2026-06-01 10:18:08 | INFO | [LOCAL - ncluster=295] AUC-ROC=50.00%  Train=3.072s  RAM=277.402 MB
2026-06-01 10:18:08 | INFO | [LOCAL - ncluster=298] AUC-ROC=50.00%  Train=3.497s  RAM=279.97 MB
2026-06-01 10:18:08 | INFO | ============================================================
2026-06-01 10:18:08 | INFO | Dataset      : Train_local_QuantileTransformer_data_EdgeIIoTset.csv
2026-06-01 10:18:08 | INFO | Anomaly Mode : LOCAL
2026-06-01 10:18:08 | INFO | Scaler       : QuantileTransformer
2026-06-01 10:18:08 | INFO | nClusters    : 100 values
2026-06-01 10:18:08 | INFO | ============================================================
2026-06-01 10:18:10 | INFO | Loaded Shape -> Train: (30000, 53), Test: (30000, 53)
2026-06-01 10:18:11 | INFO | Parallel execution on 32 cores for 100 clusters...
2026-06-01 10:25:28 | INFO | [LOCAL - ncluster=1] AUC-ROC=100.00%  Train=3.817s  RAM=43.831 MB
2026-06-01 10:25:28 | INFO | [LOCAL - ncluster=4] AUC-ROC=100.00%  Train=3.743s  RAM=43.839 MB
2026-06-01 10:25:28 | INFO | [LOCAL - ncluster=7] AUC-ROC=100.00%  Train=1.982s  RAM=43.838 MB
2026-06-01 10:25:28 | INFO | [LOCAL - ncluster=10] AUC-ROC=50.00%  Train=3.247s  RAM=43.84 MB
2026-06-01 10:25:28 | INFO | [LOCAL - ncluster=13] AUC-ROC=50.00%  Train=3.740s  RAM=43.838 MB
2026-06-01 10:25:28 | INFO | [LOCAL - ncluster=16] AUC-ROC=50.00%  Train=2.533s  RAM=43.839 MB
2026-06-01 10:25:28 | INFO | [LOCAL - ncluster=19] AUC-ROC=50.00%  Train=3.195s  RAM=43.841 MB
2026-06-01 10:25:28 | INFO | [LOCAL - ncluster=22] AUC-ROC=50.00%  Train=1.592s  RAM=43.842 MB
2026-06-01 10:25:28 | INFO | [LOCAL - ncluster=25] AUC-ROC=50.00%  Train=1.964s  RAM=46.221 MB
2026-06-01 10:25:28 | INFO | [LOCAL - ncluster=28] AUC-ROC=50.00%  Train=2.272s  RAM=48.79 MB
2026-06-01 10:25:28 | INFO | [LOCAL - ncluster=31] AUC-ROC=50.00%  Train=3.951s  RAM=51.362 MB
2026-06-01 10:25:28 | INFO | [LOCAL - ncluster=34] AUC-ROC=50.00%  Train=5.033s  RAM=53.929 MB
2026-06-01 10:25:28 | INFO | [LOCAL - ncluster=37] AUC-ROC=50.00%  Train=2.028s  RAM=56.498 MB
2026-06-01 10:25:28 | INFO | [LOCAL - ncluster=40] AUC-ROC=50.00%  Train=3.215s  RAM=59.068 MB
2026-06-01 10:25:28 | INFO | [LOCAL - ncluster=43] AUC-ROC=50.00%  Train=1.455s  RAM=61.638 MB
2026-06-01 10:25:28 | INFO | [LOCAL - ncluster=46] AUC-ROC=50.00%  Train=3.332s  RAM=64.204 MB
2026-06-01 10:25:28 | INFO | [LOCAL - ncluster=49] AUC-ROC=50.00%  Train=3.121s  RAM=66.768 MB
2026-06-01 10:25:28 | INFO | [LOCAL - ncluster=52] AUC-ROC=50.00%  Train=2.852s  RAM=69.342 MB
2026-06-01 10:25:28 | INFO | [LOCAL - ncluster=55] AUC-ROC=50.00%  Train=2.999s  RAM=71.909 MB
2026-06-01 10:25:28 | INFO | [LOCAL - ncluster=58] AUC-ROC=50.00%  Train=2.359s  RAM=74.481 MB
2026-06-01 10:25:28 | INFO | [LOCAL - ncluster=61] AUC-ROC=50.00%  Train=2.534s  RAM=77.044 MB
2026-06-01 10:25:28 | INFO | [LOCAL - ncluster=64] AUC-ROC=50.00%  Train=1.673s  RAM=79.615 MB
2026-06-01 10:25:28 | INFO | [LOCAL - ncluster=67] AUC-ROC=50.00%  Train=1.632s  RAM=82.19 MB
2026-06-01 10:25:28 | INFO | [LOCAL - ncluster=70] AUC-ROC=50.00%  Train=2.500s  RAM=84.754 MB
2026-06-01 10:25:28 | INFO | [LOCAL - ncluster=73] AUC-ROC=50.00%  Train=3.246s  RAM=87.325 MB
2026-06-01 10:25:28 | INFO | [LOCAL - ncluster=76] AUC-ROC=50.00%  Train=2.123s  RAM=89.89 MB
2026-06-01 10:25:28 | INFO | [LOCAL - ncluster=79] AUC-ROC=50.00%  Train=1.762s  RAM=92.462 MB
2026-06-01 10:25:28 | INFO | [LOCAL - ncluster=82] AUC-ROC=50.00%  Train=2.079s  RAM=95.025 MB
2026-06-01 10:25:28 | INFO | [LOCAL - ncluster=85] AUC-ROC=50.00%  Train=2.856s  RAM=97.599 MB
2026-06-01 10:25:28 | INFO | [LOCAL - ncluster=88] AUC-ROC=50.00%  Train=2.600s  RAM=100.169 MB
2026-06-01 10:25:28 | INFO | [LOCAL - ncluster=91] AUC-ROC=50.00%  Train=2.642s  RAM=102.733 MB
2026-06-01 10:25:28 | INFO | [LOCAL - ncluster=94] AUC-ROC=50.00%  Train=3.833s  RAM=105.303 MB
2026-06-01 10:25:28 | INFO | [LOCAL - ncluster=97] AUC-ROC=50.00%  Train=1.478s  RAM=107.866 MB
2026-06-01 10:25:28 | INFO | [LOCAL - ncluster=100] AUC-ROC=50.00%  Train=0.715s  RAM=110.44 MB
2026-06-01 10:25:28 | INFO | [LOCAL - ncluster=103] AUC-ROC=50.00%  Train=2.427s  RAM=113.014 MB
2026-06-01 10:25:28 | INFO | [LOCAL - ncluster=106] AUC-ROC=50.00%  Train=1.659s  RAM=115.579 MB
2026-06-01 10:25:28 | INFO | [LOCAL - ncluster=109] AUC-ROC=50.00%  Train=2.302s  RAM=118.145 MB
2026-06-01 10:25:28 | INFO | [LOCAL - ncluster=112] AUC-ROC=50.00%  Train=1.141s  RAM=120.715 MB
2026-06-01 10:25:28 | INFO | [LOCAL - ncluster=115] AUC-ROC=50.00%  Train=1.896s  RAM=123.281 MB
2026-06-01 10:25:28 | INFO | [LOCAL - ncluster=118] AUC-ROC=50.00%  Train=4.269s  RAM=125.85 MB
2026-06-01 10:25:28 | INFO | [LOCAL - ncluster=121] AUC-ROC=50.00%  Train=6.921s  RAM=128.424 MB
2026-06-01 10:25:28 | INFO | [LOCAL - ncluster=124] AUC-ROC=50.00%  Train=5.029s  RAM=130.989 MB
2026-06-01 10:25:28 | INFO | [LOCAL - ncluster=127] AUC-ROC=50.00%  Train=4.750s  RAM=133.556 MB
2026-06-01 10:25:28 | INFO | [LOCAL - ncluster=130] AUC-ROC=50.00%  Train=5.375s  RAM=136.129 MB
2026-06-01 10:25:28 | INFO | [LOCAL - ncluster=133] AUC-ROC=50.00%  Train=4.317s  RAM=138.697 MB
2026-06-01 10:25:28 | INFO | [LOCAL - ncluster=136] AUC-ROC=50.00%  Train=6.479s  RAM=141.264 MB
2026-06-01 10:25:28 | INFO | [LOCAL - ncluster=139] AUC-ROC=50.00%  Train=5.647s  RAM=143.833 MB
2026-06-01 10:25:28 | INFO | [LOCAL - ncluster=142] AUC-ROC=50.00%  Train=5.027s  RAM=146.401 MB
2026-06-01 10:25:28 | INFO | [LOCAL - ncluster=145] AUC-ROC=50.00%  Train=4.485s  RAM=148.967 MB
2026-06-01 10:25:28 | INFO | [LOCAL - ncluster=148] AUC-ROC=50.00%  Train=5.728s  RAM=151.535 MB
2026-06-01 10:25:28 | INFO | [LOCAL - ncluster=151] AUC-ROC=50.00%  Train=5.250s  RAM=154.109 MB
2026-06-01 10:25:28 | INFO | [LOCAL - ncluster=154] AUC-ROC=50.00%  Train=4.714s  RAM=156.676 MB
2026-06-01 10:25:28 | INFO | [LOCAL - ncluster=157] AUC-ROC=50.00%  Train=4.806s  RAM=159.243 MB
2026-06-01 10:25:28 | INFO | [LOCAL - ncluster=160] AUC-ROC=50.00%  Train=3.688s  RAM=161.811 MB
2026-06-01 10:25:28 | INFO | [LOCAL - ncluster=163] AUC-ROC=50.00%  Train=3.652s  RAM=164.385 MB
2026-06-01 10:25:28 | INFO | [LOCAL - ncluster=166] AUC-ROC=50.00%  Train=3.581s  RAM=166.95 MB
2026-06-01 10:25:28 | INFO | [LOCAL - ncluster=169] AUC-ROC=50.00%  Train=2.150s  RAM=169.52 MB
2026-06-01 10:25:28 | INFO | [LOCAL - ncluster=172] AUC-ROC=50.00%  Train=6.306s  RAM=172.087 MB
2026-06-01 10:25:28 | INFO | [LOCAL - ncluster=175] AUC-ROC=50.00%  Train=6.251s  RAM=174.655 MB
2026-06-01 10:25:28 | INFO | [LOCAL - ncluster=178] AUC-ROC=50.00%  Train=5.574s  RAM=177.224 MB
2026-06-01 10:25:28 | INFO | [LOCAL - ncluster=181] AUC-ROC=50.00%  Train=5.115s  RAM=179.791 MB
2026-06-01 10:25:28 | INFO | [LOCAL - ncluster=184] AUC-ROC=50.00%  Train=6.481s  RAM=182.361 MB
2026-06-01 10:25:28 | INFO | [LOCAL - ncluster=187] AUC-ROC=50.00%  Train=3.347s  RAM=184.936 MB
2026-06-01 10:25:28 | INFO | [LOCAL - ncluster=190] AUC-ROC=50.00%  Train=6.106s  RAM=187.492 MB
2026-06-01 10:25:28 | INFO | [LOCAL - ncluster=193] AUC-ROC=50.00%  Train=5.843s  RAM=190.064 MB
2026-06-01 10:25:28 | INFO | [LOCAL - ncluster=196] AUC-ROC=50.00%  Train=4.385s  RAM=192.63 MB
2026-06-01 10:25:28 | INFO | [LOCAL - ncluster=199] AUC-ROC=50.00%  Train=4.377s  RAM=195.208 MB
2026-06-01 10:25:28 | INFO | [LOCAL - ncluster=202] AUC-ROC=50.00%  Train=4.606s  RAM=197.768 MB
2026-06-01 10:25:28 | INFO | [LOCAL - ncluster=205] AUC-ROC=50.00%  Train=5.031s  RAM=200.342 MB
2026-06-01 10:25:28 | INFO | [LOCAL - ncluster=208] AUC-ROC=50.00%  Train=5.173s  RAM=202.911 MB
2026-06-01 10:25:28 | INFO | [LOCAL - ncluster=211] AUC-ROC=50.00%  Train=3.528s  RAM=205.479 MB
2026-06-01 10:25:28 | INFO | [LOCAL - ncluster=214] AUC-ROC=50.00%  Train=4.091s  RAM=208.051 MB
2026-06-01 10:25:28 | INFO | [LOCAL - ncluster=217] AUC-ROC=50.00%  Train=2.429s  RAM=210.617 MB
2026-06-01 10:25:28 | INFO | [LOCAL - ncluster=220] AUC-ROC=50.00%  Train=3.857s  RAM=213.186 MB
2026-06-01 10:25:28 | INFO | [LOCAL - ncluster=223] AUC-ROC=50.00%  Train=4.180s  RAM=215.755 MB
2026-06-01 10:25:28 | INFO | [LOCAL - ncluster=226] AUC-ROC=50.00%  Train=6.735s  RAM=218.318 MB
2026-06-01 10:25:28 | INFO | [LOCAL - ncluster=229] AUC-ROC=50.00%  Train=4.010s  RAM=220.889 MB
2026-06-01 10:25:28 | INFO | [LOCAL - ncluster=232] AUC-ROC=50.00%  Train=5.588s  RAM=223.459 MB
2026-06-01 10:25:28 | INFO | [LOCAL - ncluster=235] AUC-ROC=50.00%  Train=3.306s  RAM=226.03 MB
2026-06-01 10:25:28 | INFO | [LOCAL - ncluster=238] AUC-ROC=50.00%  Train=4.842s  RAM=228.595 MB
2026-06-01 10:25:28 | INFO | [LOCAL - ncluster=241] AUC-ROC=50.00%  Train=3.847s  RAM=231.161 MB
2026-06-01 10:25:28 | INFO | [LOCAL - ncluster=244] AUC-ROC=50.00%  Train=5.251s  RAM=233.735 MB
2026-06-01 10:25:28 | INFO | [LOCAL - ncluster=247] AUC-ROC=50.00%  Train=4.369s  RAM=236.3 MB
2026-06-01 10:25:28 | INFO | [LOCAL - ncluster=250] AUC-ROC=50.00%  Train=4.267s  RAM=238.871 MB
2026-06-01 10:25:28 | INFO | [LOCAL - ncluster=253] AUC-ROC=50.00%  Train=5.359s  RAM=241.447 MB
2026-06-01 10:25:28 | INFO | [LOCAL - ncluster=256] AUC-ROC=50.00%  Train=3.029s  RAM=244.006 MB
2026-06-01 10:25:28 | INFO | [LOCAL - ncluster=259] AUC-ROC=50.00%  Train=4.040s  RAM=246.577 MB
2026-06-01 10:25:28 | INFO | [LOCAL - ncluster=262] AUC-ROC=50.00%  Train=5.221s  RAM=249.144 MB
2026-06-01 10:25:28 | INFO | [LOCAL - ncluster=265] AUC-ROC=50.00%  Train=3.244s  RAM=251.714 MB
2026-06-01 10:25:28 | INFO | [LOCAL - ncluster=268] AUC-ROC=50.00%  Train=2.672s  RAM=254.286 MB
2026-06-01 10:25:28 | INFO | [LOCAL - ncluster=271] AUC-ROC=50.00%  Train=3.172s  RAM=256.853 MB
2026-06-01 10:25:28 | INFO | [LOCAL - ncluster=274] AUC-ROC=50.00%  Train=2.907s  RAM=259.421 MB
2026-06-01 10:25:28 | INFO | [LOCAL - ncluster=277] AUC-ROC=50.00%  Train=2.841s  RAM=261.987 MB
2026-06-01 10:25:28 | INFO | [LOCAL - ncluster=280] AUC-ROC=50.00%  Train=2.762s  RAM=264.556 MB
2026-06-01 10:25:28 | INFO | [LOCAL - ncluster=283] AUC-ROC=50.00%  Train=2.816s  RAM=267.126 MB
2026-06-01 10:25:28 | INFO | [LOCAL - ncluster=286] AUC-ROC=50.00%  Train=2.300s  RAM=269.69 MB
2026-06-01 10:25:28 | INFO | [LOCAL - ncluster=289] AUC-ROC=50.00%  Train=1.904s  RAM=272.257 MB
2026-06-01 10:25:28 | INFO | [LOCAL - ncluster=292] AUC-ROC=50.00%  Train=2.236s  RAM=274.831 MB
2026-06-01 10:25:28 | INFO | [LOCAL - ncluster=295] AUC-ROC=50.00%  Train=0.388s  RAM=277.4 MB
2026-06-01 10:25:28 | INFO | [LOCAL - ncluster=298] AUC-ROC=50.00%  Train=1.159s  RAM=279.968 MB
2026-06-01 10:25:28 | INFO | ============================================================
2026-06-01 10:25:28 | INFO | Dataset      : Train_local_RobustScaler_data_EdgeIIoTset.csv
2026-06-01 10:25:28 | INFO | Anomaly Mode : LOCAL
2026-06-01 10:25:28 | INFO | Scaler       : RobustScaler
2026-06-01 10:25:28 | INFO | nClusters    : 100 values
2026-06-01 10:25:28 | INFO | ============================================================
2026-06-01 10:25:28 | INFO | Loaded Shape -> Train: (30000, 53), Test: (30000, 53)
2026-06-01 10:25:28 | INFO | Parallel execution on 32 cores for 100 clusters...
2026-06-01 10:32:44 | INFO | [LOCAL - ncluster=1] AUC-ROC=100.00%  Train=2.268s  RAM=43.831 MB
2026-06-01 10:32:44 | INFO | [LOCAL - ncluster=4] AUC-ROC=100.00%  Train=1.821s  RAM=43.838 MB
2026-06-01 10:32:44 | INFO | [LOCAL - ncluster=7] AUC-ROC=100.00%  Train=1.971s  RAM=43.84 MB
2026-06-01 10:32:44 | INFO | [LOCAL - ncluster=10] AUC-ROC=100.00%  Train=1.576s  RAM=43.842 MB
2026-06-01 10:32:44 | INFO | [LOCAL - ncluster=13] AUC-ROC=100.00%  Train=2.567s  RAM=43.842 MB
2026-06-01 10:32:44 | INFO | [LOCAL - ncluster=16] AUC-ROC=100.00%  Train=1.879s  RAM=43.842 MB
2026-06-01 10:32:44 | INFO | [LOCAL - ncluster=19] AUC-ROC=100.00%  Train=2.003s  RAM=43.843 MB
2026-06-01 10:32:44 | INFO | [LOCAL - ncluster=22] AUC-ROC=100.00%  Train=2.169s  RAM=43.841 MB
2026-06-01 10:32:44 | INFO | [LOCAL - ncluster=25] AUC-ROC=100.00%  Train=1.929s  RAM=46.232 MB
2026-06-01 10:32:44 | INFO | [LOCAL - ncluster=28] AUC-ROC=100.00%  Train=2.174s  RAM=48.801 MB
2026-06-01 10:32:44 | INFO | [LOCAL - ncluster=31] AUC-ROC=100.00%  Train=1.519s  RAM=51.366 MB
2026-06-01 10:32:44 | INFO | [LOCAL - ncluster=34] AUC-ROC=100.00%  Train=1.325s  RAM=53.938 MB
2026-06-01 10:32:44 | INFO | [LOCAL - ncluster=37] AUC-ROC=100.00%  Train=5.687s  RAM=56.503 MB
2026-06-01 10:32:44 | INFO | [LOCAL - ncluster=40] AUC-ROC=100.00%  Train=5.321s  RAM=59.071 MB
2026-06-01 10:32:44 | INFO | [LOCAL - ncluster=43] AUC-ROC=100.00%  Train=3.776s  RAM=61.641 MB
2026-06-01 10:32:44 | INFO | [LOCAL - ncluster=46] AUC-ROC=100.00%  Train=4.065s  RAM=64.208 MB
2026-06-01 10:32:44 | INFO | [LOCAL - ncluster=49] AUC-ROC=100.00%  Train=5.296s  RAM=66.777 MB
2026-06-01 10:32:44 | INFO | [LOCAL - ncluster=52] AUC-ROC=100.00%  Train=4.492s  RAM=69.348 MB
2026-06-01 10:32:44 | INFO | [LOCAL - ncluster=55] AUC-ROC=99.98%  Train=5.728s  RAM=71.914 MB
2026-06-01 10:32:44 | INFO | [LOCAL - ncluster=58] AUC-ROC=99.87%  Train=4.256s  RAM=74.483 MB
2026-06-01 10:32:44 | INFO | [LOCAL - ncluster=61] AUC-ROC=99.98%  Train=5.187s  RAM=77.052 MB
2026-06-01 10:32:44 | INFO | [LOCAL - ncluster=64] AUC-ROC=99.83%  Train=4.560s  RAM=79.62 MB
2026-06-01 10:32:44 | INFO | [LOCAL - ncluster=67] AUC-ROC=94.85%  Train=3.614s  RAM=82.186 MB
2026-06-01 10:32:44 | INFO | [LOCAL - ncluster=70] AUC-ROC=89.05%  Train=5.283s  RAM=84.767 MB
2026-06-01 10:32:44 | INFO | [LOCAL - ncluster=73] AUC-ROC=50.00%  Train=6.422s  RAM=87.321 MB
2026-06-01 10:32:44 | INFO | [LOCAL - ncluster=76] AUC-ROC=50.00%  Train=3.095s  RAM=89.892 MB
2026-06-01 10:32:44 | INFO | [LOCAL - ncluster=79] AUC-ROC=50.00%  Train=4.666s  RAM=92.459 MB
2026-06-01 10:32:44 | INFO | [LOCAL - ncluster=82] AUC-ROC=50.00%  Train=3.692s  RAM=95.023 MB
2026-06-01 10:32:44 | INFO | [LOCAL - ncluster=85] AUC-ROC=50.00%  Train=4.643s  RAM=97.591 MB
2026-06-01 10:32:44 | INFO | [LOCAL - ncluster=88] AUC-ROC=50.00%  Train=5.352s  RAM=100.162 MB
2026-06-01 10:32:44 | INFO | [LOCAL - ncluster=91] AUC-ROC=50.00%  Train=4.673s  RAM=102.737 MB
2026-06-01 10:32:44 | INFO | [LOCAL - ncluster=94] AUC-ROC=50.00%  Train=5.614s  RAM=105.304 MB
2026-06-01 10:32:44 | INFO | [LOCAL - ncluster=97] AUC-ROC=50.00%  Train=6.417s  RAM=107.867 MB
2026-06-01 10:32:45 | INFO | [LOCAL - ncluster=100] AUC-ROC=50.00%  Train=3.888s  RAM=110.44 MB
2026-06-01 10:32:45 | INFO | [LOCAL - ncluster=103] AUC-ROC=50.00%  Train=3.325s  RAM=113.017 MB
2026-06-01 10:32:45 | INFO | [LOCAL - ncluster=106] AUC-ROC=50.00%  Train=6.055s  RAM=115.577 MB
2026-06-01 10:32:45 | INFO | [LOCAL - ncluster=109] AUC-ROC=50.00%  Train=6.217s  RAM=118.145 MB
2026-06-01 10:32:45 | INFO | [LOCAL - ncluster=112] AUC-ROC=50.00%  Train=3.763s  RAM=120.715 MB
2026-06-01 10:32:45 | INFO | [LOCAL - ncluster=115] AUC-ROC=50.00%  Train=5.313s  RAM=123.282 MB
2026-06-01 10:32:45 | INFO | [LOCAL - ncluster=118] AUC-ROC=50.00%  Train=3.905s  RAM=125.852 MB
2026-06-01 10:32:45 | INFO | [LOCAL - ncluster=121] AUC-ROC=50.00%  Train=5.404s  RAM=128.419 MB
2026-06-01 10:32:45 | INFO | [LOCAL - ncluster=124] AUC-ROC=50.00%  Train=5.542s  RAM=130.994 MB
2026-06-01 10:32:45 | INFO | [LOCAL - ncluster=127] AUC-ROC=50.00%  Train=5.004s  RAM=133.557 MB
2026-06-01 10:32:45 | INFO | [LOCAL - ncluster=130] AUC-ROC=50.00%  Train=3.806s  RAM=136.125 MB
2026-06-01 10:32:45 | INFO | [LOCAL - ncluster=133] AUC-ROC=50.00%  Train=3.211s  RAM=138.692 MB
2026-06-01 10:32:45 | INFO | [LOCAL - ncluster=136] AUC-ROC=50.00%  Train=5.149s  RAM=141.26 MB
2026-06-01 10:32:45 | INFO | [LOCAL - ncluster=139] AUC-ROC=50.00%  Train=4.876s  RAM=143.838 MB
2026-06-01 10:32:45 | INFO | [LOCAL - ncluster=142] AUC-ROC=50.00%  Train=5.838s  RAM=146.398 MB
2026-06-01 10:32:45 | INFO | [LOCAL - ncluster=145] AUC-ROC=50.00%  Train=4.839s  RAM=148.966 MB
2026-06-01 10:32:45 | INFO | [LOCAL - ncluster=148] AUC-ROC=50.00%  Train=4.192s  RAM=151.535 MB
2026-06-01 10:32:45 | INFO | [LOCAL - ncluster=151] AUC-ROC=50.00%  Train=5.309s  RAM=154.106 MB
2026-06-01 10:32:45 | INFO | [LOCAL - ncluster=154] AUC-ROC=50.00%  Train=5.488s  RAM=156.675 MB
2026-06-01 10:32:45 | INFO | [LOCAL - ncluster=157] AUC-ROC=50.00%  Train=6.239s  RAM=159.244 MB
2026-06-01 10:32:45 | INFO | [LOCAL - ncluster=160] AUC-ROC=50.00%  Train=5.740s  RAM=161.815 MB
2026-06-01 10:32:45 | INFO | [LOCAL - ncluster=163] AUC-ROC=50.00%  Train=3.109s  RAM=164.384 MB
2026-06-01 10:32:45 | INFO | [LOCAL - ncluster=166] AUC-ROC=50.00%  Train=5.871s  RAM=166.952 MB
2026-06-01 10:32:45 | INFO | [LOCAL - ncluster=169] AUC-ROC=50.00%  Train=5.974s  RAM=169.513 MB
2026-06-01 10:32:45 | INFO | [LOCAL - ncluster=172] AUC-ROC=50.00%  Train=5.565s  RAM=172.085 MB
2026-06-01 10:32:45 | INFO | [LOCAL - ncluster=175] AUC-ROC=50.00%  Train=6.028s  RAM=174.656 MB
2026-06-01 10:32:45 | INFO | [LOCAL - ncluster=178] AUC-ROC=50.00%  Train=4.510s  RAM=177.223 MB
2026-06-01 10:32:45 | INFO | [LOCAL - ncluster=181] AUC-ROC=50.00%  Train=4.870s  RAM=179.787 MB
2026-06-01 10:32:45 | INFO | [LOCAL - ncluster=184] AUC-ROC=50.00%  Train=5.329s  RAM=182.362 MB
2026-06-01 10:32:45 | INFO | [LOCAL - ncluster=187] AUC-ROC=50.00%  Train=5.128s  RAM=184.928 MB
2026-06-01 10:32:45 | INFO | [LOCAL - ncluster=190] AUC-ROC=50.00%  Train=5.798s  RAM=187.5 MB
2026-06-01 10:32:45 | INFO | [LOCAL - ncluster=193] AUC-ROC=50.00%  Train=5.313s  RAM=190.064 MB
2026-06-01 10:32:45 | INFO | [LOCAL - ncluster=196] AUC-ROC=50.00%  Train=4.182s  RAM=192.636 MB
2026-06-01 10:32:45 | INFO | [LOCAL - ncluster=199] AUC-ROC=50.00%  Train=5.994s  RAM=195.21 MB
2026-06-01 10:32:45 | INFO | [LOCAL - ncluster=202] AUC-ROC=50.00%  Train=5.214s  RAM=197.772 MB
2026-06-01 10:32:45 | INFO | [LOCAL - ncluster=205] AUC-ROC=50.00%  Train=5.195s  RAM=200.341 MB
2026-06-01 10:32:45 | INFO | [LOCAL - ncluster=208] AUC-ROC=50.00%  Train=4.373s  RAM=202.908 MB
2026-06-01 10:32:45 | INFO | [LOCAL - ncluster=211] AUC-ROC=50.00%  Train=5.089s  RAM=205.479 MB
2026-06-01 10:32:45 | INFO | [LOCAL - ncluster=214] AUC-ROC=50.00%  Train=5.613s  RAM=208.045 MB
2026-06-01 10:32:45 | INFO | [LOCAL - ncluster=217] AUC-ROC=50.00%  Train=4.090s  RAM=210.616 MB
2026-06-01 10:32:45 | INFO | [LOCAL - ncluster=220] AUC-ROC=50.00%  Train=3.219s  RAM=213.185 MB
2026-06-01 10:32:45 | INFO | [LOCAL - ncluster=223] AUC-ROC=50.00%  Train=4.572s  RAM=215.752 MB
2026-06-01 10:32:45 | INFO | [LOCAL - ncluster=226] AUC-ROC=50.00%  Train=3.870s  RAM=218.322 MB
2026-06-01 10:32:45 | INFO | [LOCAL - ncluster=229] AUC-ROC=50.00%  Train=2.874s  RAM=220.887 MB
2026-06-01 10:32:45 | INFO | [LOCAL - ncluster=232] AUC-ROC=50.00%  Train=2.761s  RAM=223.464 MB
2026-06-01 10:32:45 | INFO | [LOCAL - ncluster=235] AUC-ROC=50.00%  Train=3.501s  RAM=226.026 MB
2026-06-01 10:32:45 | INFO | [LOCAL - ncluster=238] AUC-ROC=50.00%  Train=3.137s  RAM=228.596 MB
2026-06-01 10:32:45 | INFO | [LOCAL - ncluster=241] AUC-ROC=50.00%  Train=2.602s  RAM=231.163 MB
2026-06-01 10:32:45 | INFO | [LOCAL - ncluster=244] AUC-ROC=50.00%  Train=3.842s  RAM=233.735 MB
2026-06-01 10:32:45 | INFO | [LOCAL - ncluster=247] AUC-ROC=50.00%  Train=2.869s  RAM=236.298 MB
2026-06-01 10:32:45 | INFO | [LOCAL - ncluster=250] AUC-ROC=50.00%  Train=3.652s  RAM=238.87 MB
2026-06-01 10:32:45 | INFO | [LOCAL - ncluster=253] AUC-ROC=50.00%  Train=2.868s  RAM=241.443 MB
2026-06-01 10:32:45 | INFO | [LOCAL - ncluster=256] AUC-ROC=50.00%  Train=3.011s  RAM=244.003 MB
2026-06-01 10:32:45 | INFO | [LOCAL - ncluster=259] AUC-ROC=50.00%  Train=2.976s  RAM=246.577 MB
2026-06-01 10:32:45 | INFO | [LOCAL - ncluster=262] AUC-ROC=50.00%  Train=3.071s  RAM=249.143 MB
2026-06-01 10:32:45 | INFO | [LOCAL - ncluster=265] AUC-ROC=50.00%  Train=1.805s  RAM=251.713 MB
2026-06-01 10:32:45 | INFO | [LOCAL - ncluster=268] AUC-ROC=50.00%  Train=1.186s  RAM=254.277 MB
2026-06-01 10:32:45 | INFO | [LOCAL - ncluster=271] AUC-ROC=50.00%  Train=0.508s  RAM=256.853 MB
2026-06-01 10:32:45 | INFO | [LOCAL - ncluster=274] AUC-ROC=50.00%  Train=0.942s  RAM=259.421 MB
2026-06-01 10:32:45 | INFO | [LOCAL - ncluster=277] AUC-ROC=50.00%  Train=1.184s  RAM=261.987 MB
2026-06-01 10:32:45 | INFO | [LOCAL - ncluster=280] AUC-ROC=50.00%  Train=0.513s  RAM=264.557 MB
2026-06-01 10:32:45 | INFO | [LOCAL - ncluster=283] AUC-ROC=50.00%  Train=0.868s  RAM=267.123 MB
2026-06-01 10:32:45 | INFO | [LOCAL - ncluster=286] AUC-ROC=50.00%  Train=2.612s  RAM=269.689 MB
2026-06-01 10:32:45 | INFO | [LOCAL - ncluster=289] AUC-ROC=50.00%  Train=0.711s  RAM=272.264 MB
2026-06-01 10:32:45 | INFO | [LOCAL - ncluster=292] AUC-ROC=50.00%  Train=3.583s  RAM=274.826 MB
2026-06-01 10:32:45 | INFO | [LOCAL - ncluster=295] AUC-ROC=50.00%  Train=0.527s  RAM=277.4 MB
2026-06-01 10:32:45 | INFO | [LOCAL - ncluster=298] AUC-ROC=50.00%  Train=2.841s  RAM=279.973 MB
