2026-06-01 11:11:50 | INFO | Run started at 20260601_095531
2026-06-01 11:11:50 | INFO | ============================================================
2026-06-01 11:11:50 | INFO | Dataset      : Train_global_StandardScaler_data_EdgeIIoTset.csv
2026-06-01 11:11:50 | INFO | Anomaly Mode : GLOBAL
2026-06-01 11:11:50 | INFO | Scaler       : StandardScaler
2026-06-01 11:11:50 | INFO | nClusters    : 100 values
2026-06-01 11:11:50 | INFO | ============================================================
2026-06-01 11:11:54 | INFO | Loaded Shape -> Train: (30000, 53), Test: (30000, 53)
2026-06-01 11:11:54 | INFO | Parallel execution on 32 cores for 100 clusters...
2026-06-01 11:19:10 | INFO | [GLOBAL - ncluster=1] AUC-ROC=99.99%  Train=4.391s  RAM=43.832 MB
2026-06-01 11:19:10 | INFO | [GLOBAL - ncluster=4] AUC-ROC=99.99%  Train=4.737s  RAM=43.836 MB
2026-06-01 11:19:10 | INFO | [GLOBAL - ncluster=7] AUC-ROC=99.99%  Train=4.036s  RAM=43.836 MB
2026-06-01 11:19:10 | INFO | [GLOBAL - ncluster=10] AUC-ROC=99.99%  Train=1.890s  RAM=43.837 MB
2026-06-01 11:19:10 | INFO | [GLOBAL - ncluster=13] AUC-ROC=99.99%  Train=2.686s  RAM=43.84 MB
2026-06-01 11:19:10 | INFO | [GLOBAL - ncluster=16] AUC-ROC=99.99%  Train=3.695s  RAM=43.835 MB
2026-06-01 11:19:10 | INFO | [GLOBAL - ncluster=19] AUC-ROC=99.99%  Train=4.727s  RAM=43.837 MB
2026-06-01 11:19:10 | INFO | [GLOBAL - ncluster=22] AUC-ROC=99.99%  Train=4.026s  RAM=43.843 MB
2026-06-01 11:19:10 | INFO | [GLOBAL - ncluster=25] AUC-ROC=99.99%  Train=4.452s  RAM=46.23 MB
2026-06-01 11:19:10 | INFO | [GLOBAL - ncluster=28] AUC-ROC=99.99%  Train=5.009s  RAM=48.8 MB
2026-06-01 11:19:10 | INFO | [GLOBAL - ncluster=31] AUC-ROC=99.99%  Train=3.760s  RAM=51.367 MB
2026-06-01 11:19:10 | INFO | [GLOBAL - ncluster=34] AUC-ROC=99.99%  Train=2.785s  RAM=53.936 MB
2026-06-01 11:19:10 | INFO | [GLOBAL - ncluster=37] AUC-ROC=99.99%  Train=4.438s  RAM=56.508 MB
2026-06-01 11:19:10 | INFO | [GLOBAL - ncluster=40] AUC-ROC=99.99%  Train=3.024s  RAM=59.069 MB
2026-06-01 11:19:10 | INFO | [GLOBAL - ncluster=43] AUC-ROC=99.99%  Train=3.605s  RAM=61.642 MB
2026-06-01 11:19:10 | INFO | [GLOBAL - ncluster=46] AUC-ROC=99.99%  Train=4.949s  RAM=64.21 MB
2026-06-01 11:19:10 | INFO | [GLOBAL - ncluster=49] AUC-ROC=99.99%  Train=3.561s  RAM=66.778 MB
2026-06-01 11:19:10 | INFO | [GLOBAL - ncluster=52] AUC-ROC=99.99%  Train=4.867s  RAM=69.348 MB
2026-06-01 11:19:10 | INFO | [GLOBAL - ncluster=55] AUC-ROC=99.99%  Train=3.547s  RAM=71.914 MB
2026-06-01 11:19:10 | INFO | [GLOBAL - ncluster=58] AUC-ROC=99.99%  Train=3.784s  RAM=74.48 MB
2026-06-01 11:19:10 | INFO | [GLOBAL - ncluster=61] AUC-ROC=99.99%  Train=4.602s  RAM=77.054 MB
2026-06-01 11:19:10 | INFO | [GLOBAL - ncluster=64] AUC-ROC=99.99%  Train=4.752s  RAM=79.618 MB
2026-06-01 11:19:10 | INFO | [GLOBAL - ncluster=67] AUC-ROC=99.99%  Train=2.939s  RAM=82.187 MB
2026-06-01 11:19:10 | INFO | [GLOBAL - ncluster=70] AUC-ROC=99.99%  Train=3.147s  RAM=84.761 MB
2026-06-01 11:19:10 | INFO | [GLOBAL - ncluster=73] AUC-ROC=99.99%  Train=2.717s  RAM=87.327 MB
2026-06-01 11:19:10 | INFO | [GLOBAL - ncluster=76] AUC-ROC=99.99%  Train=3.890s  RAM=89.896 MB
2026-06-01 11:19:10 | INFO | [GLOBAL - ncluster=79] AUC-ROC=99.99%  Train=4.410s  RAM=92.465 MB
2026-06-01 11:19:10 | INFO | [GLOBAL - ncluster=82] AUC-ROC=99.99%  Train=3.588s  RAM=95.033 MB
2026-06-01 11:19:10 | INFO | [GLOBAL - ncluster=85] AUC-ROC=99.99%  Train=2.388s  RAM=97.599 MB
2026-06-01 11:19:10 | INFO | [GLOBAL - ncluster=88] AUC-ROC=99.99%  Train=5.232s  RAM=100.172 MB
2026-06-01 11:19:10 | INFO | [GLOBAL - ncluster=91] AUC-ROC=99.99%  Train=3.734s  RAM=102.735 MB
2026-06-01 11:19:10 | INFO | [GLOBAL - ncluster=94] AUC-ROC=99.99%  Train=4.887s  RAM=105.31 MB
2026-06-01 11:19:10 | INFO | [GLOBAL - ncluster=97] AUC-ROC=99.99%  Train=4.962s  RAM=107.879 MB
2026-06-01 11:19:10 | INFO | [GLOBAL - ncluster=100] AUC-ROC=99.99%  Train=4.810s  RAM=110.449 MB
2026-06-01 11:19:10 | INFO | [GLOBAL - ncluster=103] AUC-ROC=99.99%  Train=3.158s  RAM=113.014 MB
2026-06-01 11:19:10 | INFO | [GLOBAL - ncluster=106] AUC-ROC=99.99%  Train=3.347s  RAM=115.581 MB
2026-06-01 11:19:10 | INFO | [GLOBAL - ncluster=109] AUC-ROC=99.99%  Train=3.934s  RAM=118.155 MB
2026-06-01 11:19:10 | INFO | [GLOBAL - ncluster=112] AUC-ROC=99.99%  Train=3.022s  RAM=120.715 MB
2026-06-01 11:19:10 | INFO | [GLOBAL - ncluster=115] AUC-ROC=99.99%  Train=4.211s  RAM=123.283 MB
2026-06-01 11:19:10 | INFO | [GLOBAL - ncluster=118] AUC-ROC=99.99%  Train=3.031s  RAM=125.859 MB
2026-06-01 11:19:10 | INFO | [GLOBAL - ncluster=121] AUC-ROC=99.99%  Train=2.566s  RAM=128.428 MB
2026-06-01 11:19:10 | INFO | [GLOBAL - ncluster=124] AUC-ROC=99.99%  Train=1.717s  RAM=130.994 MB
2026-06-01 11:19:10 | INFO | [GLOBAL - ncluster=127] AUC-ROC=99.99%  Train=3.674s  RAM=133.564 MB
2026-06-01 11:19:10 | INFO | [GLOBAL - ncluster=130] AUC-ROC=99.99%  Train=3.738s  RAM=136.131 MB
2026-06-01 11:19:10 | INFO | [GLOBAL - ncluster=133] AUC-ROC=99.99%  Train=3.474s  RAM=138.699 MB
2026-06-01 11:19:10 | INFO | [GLOBAL - ncluster=136] AUC-ROC=99.99%  Train=2.982s  RAM=141.268 MB
2026-06-01 11:19:10 | INFO | [GLOBAL - ncluster=139] AUC-ROC=99.99%  Train=3.262s  RAM=143.834 MB
2026-06-01 11:19:10 | INFO | [GLOBAL - ncluster=142] AUC-ROC=99.99%  Train=2.955s  RAM=146.405 MB
2026-06-01 11:19:10 | INFO | [GLOBAL - ncluster=145] AUC-ROC=99.99%  Train=2.581s  RAM=148.974 MB
2026-06-01 11:19:10 | INFO | [GLOBAL - ncluster=148] AUC-ROC=99.99%  Train=4.537s  RAM=151.54 MB
2026-06-01 11:19:10 | INFO | [GLOBAL - ncluster=151] AUC-ROC=99.99%  Train=2.453s  RAM=154.113 MB
2026-06-01 11:19:10 | INFO | [GLOBAL - ncluster=154] AUC-ROC=99.99%  Train=5.198s  RAM=156.678 MB
2026-06-01 11:19:10 | INFO | [GLOBAL - ncluster=157] AUC-ROC=99.99%  Train=3.260s  RAM=159.25 MB
2026-06-01 11:19:10 | INFO | [GLOBAL - ncluster=160] AUC-ROC=99.99%  Train=2.301s  RAM=161.812 MB
2026-06-01 11:19:10 | INFO | [GLOBAL - ncluster=163] AUC-ROC=99.99%  Train=2.740s  RAM=164.382 MB
2026-06-01 11:19:10 | INFO | [GLOBAL - ncluster=166] AUC-ROC=99.99%  Train=4.058s  RAM=166.953 MB
2026-06-01 11:19:10 | INFO | [GLOBAL - ncluster=169] AUC-ROC=99.99%  Train=2.740s  RAM=169.523 MB
2026-06-01 11:19:10 | INFO | [GLOBAL - ncluster=172] AUC-ROC=99.99%  Train=3.615s  RAM=172.093 MB
2026-06-01 11:19:10 | INFO | [GLOBAL - ncluster=175] AUC-ROC=99.99%  Train=3.209s  RAM=174.666 MB
2026-06-01 11:19:10 | INFO | [GLOBAL - ncluster=178] AUC-ROC=99.99%  Train=2.229s  RAM=177.225 MB
2026-06-01 11:19:10 | INFO | [GLOBAL - ncluster=181] AUC-ROC=99.99%  Train=1.330s  RAM=179.798 MB
2026-06-01 11:19:10 | INFO | [GLOBAL - ncluster=184] AUC-ROC=99.99%  Train=1.250s  RAM=182.362 MB
2026-06-01 11:19:10 | INFO | [GLOBAL - ncluster=187] AUC-ROC=99.99%  Train=1.709s  RAM=184.935 MB
2026-06-01 11:19:10 | INFO | [GLOBAL - ncluster=190] AUC-ROC=99.99%  Train=1.924s  RAM=187.503 MB
2026-06-01 11:19:10 | INFO | [GLOBAL - ncluster=193] AUC-ROC=99.99%  Train=3.000s  RAM=190.073 MB
2026-06-01 11:19:10 | INFO | [GLOBAL - ncluster=196] AUC-ROC=99.99%  Train=1.672s  RAM=192.641 MB
2026-06-01 11:19:10 | INFO | [GLOBAL - ncluster=199] AUC-ROC=99.99%  Train=2.286s  RAM=195.21 MB
2026-06-01 11:19:10 | INFO | [GLOBAL - ncluster=202] AUC-ROC=99.99%  Train=1.185s  RAM=197.777 MB
2026-06-01 11:19:10 | INFO | [GLOBAL - ncluster=205] AUC-ROC=99.99%  Train=1.913s  RAM=200.349 MB
2026-06-01 11:19:10 | INFO | [GLOBAL - ncluster=208] AUC-ROC=99.99%  Train=1.898s  RAM=202.92 MB
2026-06-01 11:19:10 | INFO | [GLOBAL - ncluster=211] AUC-ROC=99.99%  Train=1.993s  RAM=205.481 MB
2026-06-01 11:19:10 | INFO | [GLOBAL - ncluster=214] AUC-ROC=99.99%  Train=1.864s  RAM=208.054 MB
2026-06-01 11:19:10 | INFO | [GLOBAL - ncluster=217] AUC-ROC=99.99%  Train=4.340s  RAM=210.621 MB
2026-06-01 11:19:10 | INFO | [GLOBAL - ncluster=220] AUC-ROC=99.99%  Train=3.668s  RAM=213.187 MB
2026-06-01 11:19:10 | INFO | [GLOBAL - ncluster=223] AUC-ROC=99.99%  Train=3.636s  RAM=215.756 MB
2026-06-01 11:19:10 | INFO | [GLOBAL - ncluster=226] AUC-ROC=99.99%  Train=3.518s  RAM=218.325 MB
2026-06-01 11:19:10 | INFO | [GLOBAL - ncluster=229] AUC-ROC=99.99%  Train=5.423s  RAM=220.896 MB
2026-06-01 11:19:10 | INFO | [GLOBAL - ncluster=232] AUC-ROC=99.99%  Train=5.023s  RAM=223.469 MB
2026-06-01 11:19:10 | INFO | [GLOBAL - ncluster=235] AUC-ROC=99.99%  Train=3.376s  RAM=226.037 MB
2026-06-01 11:19:10 | INFO | [GLOBAL - ncluster=238] AUC-ROC=99.99%  Train=3.247s  RAM=228.601 MB
2026-06-01 11:19:10 | INFO | [GLOBAL - ncluster=241] AUC-ROC=99.99%  Train=4.235s  RAM=231.172 MB
2026-06-01 11:19:10 | INFO | [GLOBAL - ncluster=244] AUC-ROC=99.99%  Train=3.837s  RAM=233.735 MB
2026-06-01 11:19:10 | INFO | [GLOBAL - ncluster=247] AUC-ROC=99.99%  Train=3.197s  RAM=236.308 MB
2026-06-01 11:19:10 | INFO | [GLOBAL - ncluster=250] AUC-ROC=99.99%  Train=3.484s  RAM=238.878 MB
2026-06-01 11:19:10 | INFO | [GLOBAL - ncluster=253] AUC-ROC=99.99%  Train=3.904s  RAM=241.44 MB
2026-06-01 11:19:10 | INFO | [GLOBAL - ncluster=256] AUC-ROC=99.99%  Train=3.770s  RAM=244.015 MB
2026-06-01 11:19:10 | INFO | [GLOBAL - ncluster=259] AUC-ROC=99.99%  Train=3.304s  RAM=246.589 MB
2026-06-01 11:19:10 | INFO | [GLOBAL - ncluster=262] AUC-ROC=99.99%  Train=1.994s  RAM=249.158 MB
2026-06-01 11:19:10 | INFO | [GLOBAL - ncluster=265] AUC-ROC=99.99%  Train=3.115s  RAM=251.722 MB
2026-06-01 11:19:10 | INFO | [GLOBAL - ncluster=268] AUC-ROC=99.99%  Train=2.819s  RAM=254.288 MB
2026-06-01 11:19:10 | INFO | [GLOBAL - ncluster=271] AUC-ROC=99.99%  Train=2.737s  RAM=256.856 MB
2026-06-01 11:19:10 | INFO | [GLOBAL - ncluster=274] AUC-ROC=99.99%  Train=3.028s  RAM=259.424 MB
2026-06-01 11:19:10 | INFO | [GLOBAL - ncluster=277] AUC-ROC=99.99%  Train=2.102s  RAM=262.006 MB
2026-06-01 11:19:10 | INFO | [GLOBAL - ncluster=280] AUC-ROC=99.99%  Train=3.906s  RAM=264.566 MB
2026-06-01 11:19:10 | INFO | [GLOBAL - ncluster=283] AUC-ROC=99.99%  Train=2.560s  RAM=267.13 MB
2026-06-01 11:19:10 | INFO | [GLOBAL - ncluster=286] AUC-ROC=99.99%  Train=0.799s  RAM=269.704 MB
2026-06-01 11:19:10 | INFO | [GLOBAL - ncluster=289] AUC-ROC=99.99%  Train=3.038s  RAM=272.273 MB
2026-06-01 11:19:10 | INFO | [GLOBAL - ncluster=292] AUC-ROC=99.99%  Train=3.176s  RAM=274.844 MB
2026-06-01 11:19:10 | INFO | [GLOBAL - ncluster=295] AUC-ROC=99.99%  Train=1.732s  RAM=277.411 MB
2026-06-01 11:19:10 | INFO | [GLOBAL - ncluster=298] AUC-ROC=99.99%  Train=3.275s  RAM=279.977 MB
2026-06-01 11:19:10 | INFO | ============================================================
2026-06-01 11:19:10 | INFO | Dataset      : Train_global_MinMaxScaler_data_EdgeIIoTset.csv
2026-06-01 11:19:10 | INFO | Anomaly Mode : GLOBAL
2026-06-01 11:19:10 | INFO | Scaler       : MinMaxScaler
2026-06-01 11:19:10 | INFO | nClusters    : 100 values
2026-06-01 11:19:10 | INFO | ============================================================
2026-06-01 11:19:13 | INFO | Loaded Shape -> Train: (30000, 53), Test: (30000, 53)
2026-06-01 11:19:13 | INFO | Parallel execution on 32 cores for 100 clusters...
2026-06-01 11:26:13 | INFO | [GLOBAL - ncluster=1] AUC-ROC=100.00%  Train=3.797s  RAM=43.833 MB
2026-06-01 11:26:13 | INFO | [GLOBAL - ncluster=4] AUC-ROC=100.00%  Train=3.244s  RAM=43.838 MB
2026-06-01 11:26:13 | INFO | [GLOBAL - ncluster=7] AUC-ROC=100.00%  Train=4.111s  RAM=43.838 MB
2026-06-01 11:26:13 | INFO | [GLOBAL - ncluster=10] AUC-ROC=50.00%  Train=3.652s  RAM=43.842 MB
2026-06-01 11:26:13 | INFO | [GLOBAL - ncluster=13] AUC-ROC=50.00%  Train=4.840s  RAM=43.836 MB
2026-06-01 11:26:13 | INFO | [GLOBAL - ncluster=16] AUC-ROC=50.00%  Train=4.334s  RAM=43.845 MB
2026-06-01 11:26:13 | INFO | [GLOBAL - ncluster=19] AUC-ROC=50.00%  Train=3.137s  RAM=43.843 MB
2026-06-01 11:26:13 | INFO | [GLOBAL - ncluster=22] AUC-ROC=50.00%  Train=3.020s  RAM=43.842 MB
2026-06-01 11:26:13 | INFO | [GLOBAL - ncluster=25] AUC-ROC=50.00%  Train=4.477s  RAM=46.228 MB
2026-06-01 11:26:13 | INFO | [GLOBAL - ncluster=28] AUC-ROC=50.00%  Train=3.253s  RAM=48.798 MB
2026-06-01 11:26:13 | INFO | [GLOBAL - ncluster=31] AUC-ROC=50.00%  Train=2.728s  RAM=51.365 MB
2026-06-01 11:26:13 | INFO | [GLOBAL - ncluster=34] AUC-ROC=50.00%  Train=2.669s  RAM=53.936 MB
2026-06-01 11:26:13 | INFO | [GLOBAL - ncluster=37] AUC-ROC=50.00%  Train=4.229s  RAM=56.499 MB
2026-06-01 11:26:13 | INFO | [GLOBAL - ncluster=40] AUC-ROC=50.00%  Train=3.671s  RAM=59.072 MB
2026-06-01 11:26:13 | INFO | [GLOBAL - ncluster=43] AUC-ROC=50.00%  Train=4.127s  RAM=61.63 MB
2026-06-01 11:26:13 | INFO | [GLOBAL - ncluster=46] AUC-ROC=50.00%  Train=2.825s  RAM=64.202 MB
2026-06-01 11:26:13 | INFO | [GLOBAL - ncluster=49] AUC-ROC=50.00%  Train=2.092s  RAM=66.77 MB
2026-06-01 11:26:13 | INFO | [GLOBAL - ncluster=52] AUC-ROC=50.00%  Train=3.022s  RAM=69.338 MB
2026-06-01 11:26:13 | INFO | [GLOBAL - ncluster=55] AUC-ROC=50.00%  Train=3.673s  RAM=71.911 MB
2026-06-01 11:26:13 | INFO | [GLOBAL - ncluster=58] AUC-ROC=50.00%  Train=2.961s  RAM=74.482 MB
2026-06-01 11:26:13 | INFO | [GLOBAL - ncluster=61] AUC-ROC=50.00%  Train=3.363s  RAM=77.051 MB
2026-06-01 11:26:13 | INFO | [GLOBAL - ncluster=64] AUC-ROC=50.00%  Train=2.577s  RAM=79.615 MB
2026-06-01 11:26:13 | INFO | [GLOBAL - ncluster=67] AUC-ROC=50.00%  Train=2.724s  RAM=82.186 MB
2026-06-01 11:26:13 | INFO | [GLOBAL - ncluster=70] AUC-ROC=50.00%  Train=2.947s  RAM=84.757 MB
2026-06-01 11:26:13 | INFO | [GLOBAL - ncluster=73] AUC-ROC=50.00%  Train=3.025s  RAM=87.321 MB
2026-06-01 11:26:13 | INFO | [GLOBAL - ncluster=76] AUC-ROC=50.00%  Train=2.184s  RAM=89.887 MB
2026-06-01 11:26:13 | INFO | [GLOBAL - ncluster=79] AUC-ROC=50.00%  Train=2.618s  RAM=92.46 MB
2026-06-01 11:26:13 | INFO | [GLOBAL - ncluster=82] AUC-ROC=50.00%  Train=2.777s  RAM=95.024 MB
2026-06-01 11:26:13 | INFO | [GLOBAL - ncluster=85] AUC-ROC=50.00%  Train=3.254s  RAM=97.595 MB
2026-06-01 11:26:13 | INFO | [GLOBAL - ncluster=88] AUC-ROC=50.00%  Train=3.757s  RAM=100.166 MB
2026-06-01 11:26:13 | INFO | [GLOBAL - ncluster=91] AUC-ROC=50.00%  Train=4.089s  RAM=102.733 MB
2026-06-01 11:26:13 | INFO | [GLOBAL - ncluster=94] AUC-ROC=50.00%  Train=3.301s  RAM=105.302 MB
2026-06-01 11:26:13 | INFO | [GLOBAL - ncluster=97] AUC-ROC=50.00%  Train=3.248s  RAM=107.874 MB
2026-06-01 11:26:13 | INFO | [GLOBAL - ncluster=100] AUC-ROC=50.00%  Train=4.032s  RAM=110.442 MB
2026-06-01 11:26:13 | INFO | [GLOBAL - ncluster=103] AUC-ROC=50.00%  Train=2.841s  RAM=113.008 MB
2026-06-01 11:26:13 | INFO | [GLOBAL - ncluster=106] AUC-ROC=50.00%  Train=2.497s  RAM=115.578 MB
2026-06-01 11:26:13 | INFO | [GLOBAL - ncluster=109] AUC-ROC=50.00%  Train=2.691s  RAM=118.148 MB
2026-06-01 11:26:13 | INFO | [GLOBAL - ncluster=112] AUC-ROC=50.00%  Train=2.145s  RAM=120.712 MB
2026-06-01 11:26:13 | INFO | [GLOBAL - ncluster=115] AUC-ROC=50.00%  Train=2.776s  RAM=123.281 MB
2026-06-01 11:26:13 | INFO | [GLOBAL - ncluster=118] AUC-ROC=50.00%  Train=2.132s  RAM=125.849 MB
2026-06-01 11:26:13 | INFO | [GLOBAL - ncluster=121] AUC-ROC=50.00%  Train=3.301s  RAM=128.419 MB
2026-06-01 11:26:13 | INFO | [GLOBAL - ncluster=124] AUC-ROC=50.00%  Train=3.602s  RAM=130.99 MB
2026-06-01 11:26:13 | INFO | [GLOBAL - ncluster=127] AUC-ROC=50.00%  Train=3.287s  RAM=133.558 MB
2026-06-01 11:26:13 | INFO | [GLOBAL - ncluster=130] AUC-ROC=50.00%  Train=2.601s  RAM=136.123 MB
2026-06-01 11:26:13 | INFO | [GLOBAL - ncluster=133] AUC-ROC=50.00%  Train=3.354s  RAM=138.695 MB
2026-06-01 11:26:13 | INFO | [GLOBAL - ncluster=136] AUC-ROC=50.00%  Train=2.045s  RAM=141.259 MB
2026-06-01 11:26:13 | INFO | [GLOBAL - ncluster=139] AUC-ROC=50.00%  Train=1.970s  RAM=143.832 MB
2026-06-01 11:26:13 | INFO | [GLOBAL - ncluster=142] AUC-ROC=50.00%  Train=1.942s  RAM=146.397 MB
2026-06-01 11:26:13 | INFO | [GLOBAL - ncluster=145] AUC-ROC=50.00%  Train=2.399s  RAM=148.968 MB
2026-06-01 11:26:13 | INFO | [GLOBAL - ncluster=148] AUC-ROC=50.00%  Train=0.969s  RAM=151.537 MB
2026-06-01 11:26:13 | INFO | [GLOBAL - ncluster=151] AUC-ROC=50.00%  Train=1.254s  RAM=154.106 MB
2026-06-01 11:26:13 | INFO | [GLOBAL - ncluster=154] AUC-ROC=50.00%  Train=1.399s  RAM=156.671 MB
2026-06-01 11:26:13 | INFO | [GLOBAL - ncluster=157] AUC-ROC=50.00%  Train=0.815s  RAM=159.238 MB
2026-06-01 11:26:13 | INFO | [GLOBAL - ncluster=160] AUC-ROC=50.00%  Train=2.783s  RAM=161.811 MB
2026-06-01 11:26:13 | INFO | [GLOBAL - ncluster=163] AUC-ROC=50.00%  Train=2.029s  RAM=164.38 MB
2026-06-01 11:26:13 | INFO | [GLOBAL - ncluster=166] AUC-ROC=50.00%  Train=2.463s  RAM=166.951 MB
2026-06-01 11:26:13 | INFO | [GLOBAL - ncluster=169] AUC-ROC=50.00%  Train=0.947s  RAM=169.514 MB
2026-06-01 11:26:13 | INFO | [GLOBAL - ncluster=172] AUC-ROC=50.00%  Train=1.404s  RAM=172.083 MB
2026-06-01 11:26:13 | INFO | [GLOBAL - ncluster=175] AUC-ROC=50.00%  Train=3.648s  RAM=174.655 MB
2026-06-01 11:26:13 | INFO | [GLOBAL - ncluster=178] AUC-ROC=50.00%  Train=4.497s  RAM=177.222 MB
2026-06-01 11:26:13 | INFO | [GLOBAL - ncluster=181] AUC-ROC=50.00%  Train=4.062s  RAM=179.793 MB
2026-06-01 11:26:13 | INFO | [GLOBAL - ncluster=184] AUC-ROC=50.00%  Train=1.639s  RAM=182.357 MB
2026-06-01 11:26:13 | INFO | [GLOBAL - ncluster=187] AUC-ROC=50.00%  Train=4.831s  RAM=184.929 MB
2026-06-01 11:26:13 | INFO | [GLOBAL - ncluster=190] AUC-ROC=50.00%  Train=4.262s  RAM=187.497 MB
2026-06-01 11:26:13 | INFO | [GLOBAL - ncluster=193] AUC-ROC=50.00%  Train=4.166s  RAM=190.067 MB
2026-06-01 11:26:13 | INFO | [GLOBAL - ncluster=196] AUC-ROC=50.00%  Train=4.487s  RAM=192.636 MB
2026-06-01 11:26:13 | INFO | [GLOBAL - ncluster=199] AUC-ROC=50.00%  Train=5.059s  RAM=195.202 MB
2026-06-01 11:26:13 | INFO | [GLOBAL - ncluster=202] AUC-ROC=50.00%  Train=2.151s  RAM=197.771 MB
2026-06-01 11:26:13 | INFO | [GLOBAL - ncluster=205] AUC-ROC=50.00%  Train=3.358s  RAM=200.337 MB
2026-06-01 11:26:13 | INFO | [GLOBAL - ncluster=208] AUC-ROC=50.00%  Train=3.062s  RAM=202.908 MB
2026-06-01 11:26:13 | INFO | [GLOBAL - ncluster=211] AUC-ROC=50.00%  Train=3.567s  RAM=205.478 MB
2026-06-01 11:26:13 | INFO | [GLOBAL - ncluster=214] AUC-ROC=50.00%  Train=4.114s  RAM=208.046 MB
2026-06-01 11:26:13 | INFO | [GLOBAL - ncluster=217] AUC-ROC=50.00%  Train=2.378s  RAM=210.616 MB
2026-06-01 11:26:13 | INFO | [GLOBAL - ncluster=220] AUC-ROC=50.00%  Train=3.553s  RAM=213.184 MB
2026-06-01 11:26:13 | INFO | [GLOBAL - ncluster=223] AUC-ROC=50.00%  Train=3.372s  RAM=215.751 MB
2026-06-01 11:26:13 | INFO | [GLOBAL - ncluster=226] AUC-ROC=50.00%  Train=4.448s  RAM=218.321 MB
2026-06-01 11:26:13 | INFO | [GLOBAL - ncluster=229] AUC-ROC=50.00%  Train=3.940s  RAM=220.891 MB
2026-06-01 11:26:13 | INFO | [GLOBAL - ncluster=232] AUC-ROC=50.00%  Train=1.468s  RAM=223.454 MB
2026-06-01 11:26:13 | INFO | [GLOBAL - ncluster=235] AUC-ROC=50.00%  Train=2.992s  RAM=226.024 MB
2026-06-01 11:26:13 | INFO | [GLOBAL - ncluster=238] AUC-ROC=50.00%  Train=4.062s  RAM=228.594 MB
2026-06-01 11:26:13 | INFO | [GLOBAL - ncluster=241] AUC-ROC=50.00%  Train=4.212s  RAM=231.164 MB
2026-06-01 11:26:13 | INFO | [GLOBAL - ncluster=244] AUC-ROC=50.00%  Train=3.497s  RAM=233.731 MB
2026-06-01 11:26:13 | INFO | [GLOBAL - ncluster=247] AUC-ROC=50.00%  Train=3.809s  RAM=236.302 MB
2026-06-01 11:26:13 | INFO | [GLOBAL - ncluster=250] AUC-ROC=50.00%  Train=2.993s  RAM=238.864 MB
2026-06-01 11:26:13 | INFO | [GLOBAL - ncluster=253] AUC-ROC=50.00%  Train=4.293s  RAM=241.439 MB
2026-06-01 11:26:13 | INFO | [GLOBAL - ncluster=256] AUC-ROC=50.00%  Train=2.709s  RAM=244.002 MB
2026-06-01 11:26:13 | INFO | [GLOBAL - ncluster=259] AUC-ROC=50.00%  Train=1.487s  RAM=246.578 MB
2026-06-01 11:26:13 | INFO | [GLOBAL - ncluster=262] AUC-ROC=50.00%  Train=3.287s  RAM=249.148 MB
2026-06-01 11:26:13 | INFO | [GLOBAL - ncluster=265] AUC-ROC=50.00%  Train=3.118s  RAM=251.709 MB
2026-06-01 11:26:13 | INFO | [GLOBAL - ncluster=268] AUC-ROC=50.00%  Train=4.125s  RAM=254.278 MB
2026-06-01 11:26:13 | INFO | [GLOBAL - ncluster=271] AUC-ROC=50.00%  Train=4.595s  RAM=256.85 MB
2026-06-01 11:26:13 | INFO | [GLOBAL - ncluster=274] AUC-ROC=50.00%  Train=2.118s  RAM=259.421 MB
2026-06-01 11:26:13 | INFO | [GLOBAL - ncluster=277] AUC-ROC=50.00%  Train=1.443s  RAM=261.988 MB
2026-06-01 11:26:13 | INFO | [GLOBAL - ncluster=280] AUC-ROC=50.00%  Train=1.947s  RAM=264.554 MB
2026-06-01 11:26:13 | INFO | [GLOBAL - ncluster=283] AUC-ROC=50.00%  Train=2.908s  RAM=267.126 MB
2026-06-01 11:26:13 | INFO | [GLOBAL - ncluster=286] AUC-ROC=50.00%  Train=2.138s  RAM=269.693 MB
2026-06-01 11:26:13 | INFO | [GLOBAL - ncluster=289] AUC-ROC=50.00%  Train=2.114s  RAM=272.259 MB
2026-06-01 11:26:13 | INFO | [GLOBAL - ncluster=292] AUC-ROC=50.00%  Train=1.744s  RAM=274.834 MB
2026-06-01 11:26:13 | INFO | [GLOBAL - ncluster=295] AUC-ROC=50.00%  Train=2.892s  RAM=277.4 MB
2026-06-01 11:26:13 | INFO | [GLOBAL - ncluster=298] AUC-ROC=50.00%  Train=1.372s  RAM=279.968 MB
2026-06-01 11:26:13 | INFO | ============================================================
2026-06-01 11:26:13 | INFO | Dataset      : Train_global_Normalizer_data_EdgeIIoTset.csv
2026-06-01 11:26:13 | INFO | Anomaly Mode : GLOBAL
2026-06-01 11:26:13 | INFO | Scaler       : Normalizer
2026-06-01 11:26:13 | INFO | nClusters    : 100 values
2026-06-01 11:26:13 | INFO | ============================================================
2026-06-01 11:26:16 | INFO | Loaded Shape -> Train: (30000, 53), Test: (30000, 53)
2026-06-01 11:26:16 | INFO | Parallel execution on 32 cores for 100 clusters...
2026-06-01 11:33:11 | INFO | [GLOBAL - ncluster=1] AUC-ROC=50.00%  Train=4.671s  RAM=43.83 MB
2026-06-01 11:33:11 | INFO | [GLOBAL - ncluster=4] AUC-ROC=50.00%  Train=3.682s  RAM=43.837 MB
2026-06-01 11:33:11 | INFO | [GLOBAL - ncluster=7] AUC-ROC=50.00%  Train=4.248s  RAM=43.838 MB
2026-06-01 11:33:11 | INFO | [GLOBAL - ncluster=10] AUC-ROC=50.00%  Train=3.152s  RAM=43.84 MB
2026-06-01 11:33:11 | INFO | [GLOBAL - ncluster=13] AUC-ROC=50.00%  Train=1.833s  RAM=43.841 MB
2026-06-01 11:33:11 | INFO | [GLOBAL - ncluster=16] AUC-ROC=50.00%  Train=3.309s  RAM=43.839 MB
2026-06-01 11:33:11 | INFO | [GLOBAL - ncluster=19] AUC-ROC=50.00%  Train=2.260s  RAM=43.841 MB
2026-06-01 11:33:11 | INFO | [GLOBAL - ncluster=22] AUC-ROC=50.00%  Train=3.073s  RAM=43.839 MB
2026-06-01 11:33:11 | INFO | [GLOBAL - ncluster=25] AUC-ROC=50.00%  Train=2.846s  RAM=46.224 MB
2026-06-01 11:33:11 | INFO | [GLOBAL - ncluster=28] AUC-ROC=50.00%  Train=2.522s  RAM=48.79 MB
2026-06-01 11:33:11 | INFO | [GLOBAL - ncluster=31] AUC-ROC=50.00%  Train=3.303s  RAM=51.361 MB
2026-06-01 11:33:11 | INFO | [GLOBAL - ncluster=34] AUC-ROC=50.00%  Train=1.537s  RAM=53.926 MB
2026-06-01 11:33:11 | INFO | [GLOBAL - ncluster=37] AUC-ROC=50.00%  Train=2.670s  RAM=56.497 MB
2026-06-01 11:33:11 | INFO | [GLOBAL - ncluster=40] AUC-ROC=50.00%  Train=2.039s  RAM=59.065 MB
2026-06-01 11:33:11 | INFO | [GLOBAL - ncluster=43] AUC-ROC=50.00%  Train=3.474s  RAM=61.635 MB
2026-06-01 11:33:11 | INFO | [GLOBAL - ncluster=46] AUC-ROC=50.00%  Train=3.125s  RAM=64.197 MB
2026-06-01 11:33:11 | INFO | [GLOBAL - ncluster=49] AUC-ROC=50.00%  Train=4.083s  RAM=66.773 MB
2026-06-01 11:33:11 | INFO | [GLOBAL - ncluster=52] AUC-ROC=50.00%  Train=2.498s  RAM=69.34 MB
2026-06-01 11:33:11 | INFO | [GLOBAL - ncluster=55] AUC-ROC=50.00%  Train=2.221s  RAM=71.905 MB
2026-06-01 11:33:11 | INFO | [GLOBAL - ncluster=58] AUC-ROC=50.00%  Train=1.952s  RAM=74.474 MB
2026-06-01 11:33:11 | INFO | [GLOBAL - ncluster=61] AUC-ROC=50.00%  Train=2.404s  RAM=77.048 MB
2026-06-01 11:33:11 | INFO | [GLOBAL - ncluster=64] AUC-ROC=50.00%  Train=1.613s  RAM=79.61 MB
2026-06-01 11:33:11 | INFO | [GLOBAL - ncluster=67] AUC-ROC=50.00%  Train=3.460s  RAM=82.181 MB
2026-06-01 11:33:11 | INFO | [GLOBAL - ncluster=70] AUC-ROC=50.00%  Train=3.824s  RAM=84.752 MB
2026-06-01 11:33:11 | INFO | [GLOBAL - ncluster=73] AUC-ROC=50.00%  Train=3.540s  RAM=87.323 MB
2026-06-01 11:33:11 | INFO | [GLOBAL - ncluster=76] AUC-ROC=50.00%  Train=3.166s  RAM=89.887 MB
2026-06-01 11:33:11 | INFO | [GLOBAL - ncluster=79] AUC-ROC=50.00%  Train=1.949s  RAM=92.459 MB
2026-06-01 11:33:11 | INFO | [GLOBAL - ncluster=82] AUC-ROC=50.00%  Train=1.503s  RAM=95.027 MB
2026-06-01 11:33:11 | INFO | [GLOBAL - ncluster=85] AUC-ROC=50.00%  Train=2.871s  RAM=97.595 MB
2026-06-01 11:33:11 | INFO | [GLOBAL - ncluster=88] AUC-ROC=50.00%  Train=3.596s  RAM=100.166 MB
2026-06-01 11:33:11 | INFO | [GLOBAL - ncluster=91] AUC-ROC=50.00%  Train=2.801s  RAM=102.733 MB
2026-06-01 11:33:11 | INFO | [GLOBAL - ncluster=94] AUC-ROC=50.00%  Train=2.148s  RAM=105.301 MB
2026-06-01 11:33:11 | INFO | [GLOBAL - ncluster=97] AUC-ROC=50.00%  Train=3.373s  RAM=107.869 MB
2026-06-01 11:33:11 | INFO | [GLOBAL - ncluster=100] AUC-ROC=50.00%  Train=3.153s  RAM=110.437 MB
2026-06-01 11:33:11 | INFO | [GLOBAL - ncluster=103] AUC-ROC=50.00%  Train=2.157s  RAM=113.007 MB
2026-06-01 11:33:11 | INFO | [GLOBAL - ncluster=106] AUC-ROC=50.00%  Train=2.052s  RAM=115.576 MB
2026-06-01 11:33:11 | INFO | [GLOBAL - ncluster=109] AUC-ROC=50.00%  Train=2.519s  RAM=118.146 MB
2026-06-01 11:33:11 | INFO | [GLOBAL - ncluster=112] AUC-ROC=50.00%  Train=2.022s  RAM=120.713 MB
2026-06-01 11:33:11 | INFO | [GLOBAL - ncluster=115] AUC-ROC=50.00%  Train=1.325s  RAM=123.281 MB
2026-06-01 11:33:11 | INFO | [GLOBAL - ncluster=118] AUC-ROC=50.00%  Train=1.685s  RAM=125.848 MB
2026-06-01 11:33:11 | INFO | [GLOBAL - ncluster=121] AUC-ROC=50.00%  Train=1.795s  RAM=128.42 MB
2026-06-01 11:33:11 | INFO | [GLOBAL - ncluster=124] AUC-ROC=50.00%  Train=0.870s  RAM=130.987 MB
2026-06-01 11:33:11 | INFO | [GLOBAL - ncluster=127] AUC-ROC=50.00%  Train=2.436s  RAM=133.551 MB
2026-06-01 11:33:11 | INFO | [GLOBAL - ncluster=130] AUC-ROC=50.00%  Train=0.834s  RAM=136.124 MB
2026-06-01 11:33:11 | INFO | [GLOBAL - ncluster=133] AUC-ROC=50.00%  Train=2.976s  RAM=138.693 MB
2026-06-01 11:33:11 | INFO | [GLOBAL - ncluster=136] AUC-ROC=50.00%  Train=3.697s  RAM=141.26 MB
2026-06-01 11:33:11 | INFO | [GLOBAL - ncluster=139] AUC-ROC=50.00%  Train=3.589s  RAM=143.832 MB
2026-06-01 11:33:11 | INFO | [GLOBAL - ncluster=142] AUC-ROC=50.00%  Train=5.052s  RAM=146.394 MB
2026-06-01 11:33:11 | INFO | [GLOBAL - ncluster=145] AUC-ROC=50.00%  Train=4.348s  RAM=148.964 MB
2026-06-01 11:33:11 | INFO | [GLOBAL - ncluster=148] AUC-ROC=50.00%  Train=5.570s  RAM=151.538 MB
2026-06-01 11:33:11 | INFO | [GLOBAL - ncluster=151] AUC-ROC=50.00%  Train=3.762s  RAM=154.099 MB
2026-06-01 11:33:11 | INFO | [GLOBAL - ncluster=154] AUC-ROC=50.00%  Train=3.542s  RAM=156.674 MB
2026-06-01 11:33:11 | INFO | [GLOBAL - ncluster=157] AUC-ROC=50.00%  Train=3.767s  RAM=159.243 MB
2026-06-01 11:33:11 | INFO | [GLOBAL - ncluster=160] AUC-ROC=50.00%  Train=4.994s  RAM=161.808 MB
2026-06-01 11:33:11 | INFO | [GLOBAL - ncluster=163] AUC-ROC=50.00%  Train=4.367s  RAM=164.378 MB
2026-06-01 11:33:11 | INFO | [GLOBAL - ncluster=166] AUC-ROC=50.00%  Train=3.016s  RAM=166.946 MB
2026-06-01 11:33:11 | INFO | [GLOBAL - ncluster=169] AUC-ROC=50.00%  Train=5.134s  RAM=169.519 MB
2026-06-01 11:33:11 | INFO | [GLOBAL - ncluster=172] AUC-ROC=50.00%  Train=3.361s  RAM=172.085 MB
2026-06-01 11:33:11 | INFO | [GLOBAL - ncluster=175] AUC-ROC=50.00%  Train=2.726s  RAM=174.654 MB
2026-06-01 11:33:11 | INFO | [GLOBAL - ncluster=178] AUC-ROC=50.00%  Train=3.891s  RAM=177.223 MB
2026-06-01 11:33:11 | INFO | [GLOBAL - ncluster=181] AUC-ROC=50.00%  Train=4.925s  RAM=179.793 MB
2026-06-01 11:33:11 | INFO | [GLOBAL - ncluster=184] AUC-ROC=50.00%  Train=4.311s  RAM=182.36 MB
2026-06-01 11:33:11 | INFO | [GLOBAL - ncluster=187] AUC-ROC=50.00%  Train=2.345s  RAM=184.928 MB
2026-06-01 11:33:11 | INFO | [GLOBAL - ncluster=190] AUC-ROC=50.00%  Train=3.443s  RAM=187.498 MB
2026-06-01 11:33:11 | INFO | [GLOBAL - ncluster=193] AUC-ROC=50.00%  Train=2.742s  RAM=190.067 MB
2026-06-01 11:33:11 | INFO | [GLOBAL - ncluster=196] AUC-ROC=50.00%  Train=3.666s  RAM=192.634 MB
2026-06-01 11:33:11 | INFO | [GLOBAL - ncluster=199] AUC-ROC=50.00%  Train=2.019s  RAM=195.204 MB
2026-06-01 11:33:11 | INFO | [GLOBAL - ncluster=202] AUC-ROC=50.00%  Train=4.627s  RAM=197.769 MB
2026-06-01 11:33:11 | INFO | [GLOBAL - ncluster=205] AUC-ROC=50.00%  Train=3.207s  RAM=200.341 MB
2026-06-01 11:33:11 | INFO | [GLOBAL - ncluster=208] AUC-ROC=50.00%  Train=4.823s  RAM=202.91 MB
2026-06-01 11:33:11 | INFO | [GLOBAL - ncluster=211] AUC-ROC=50.00%  Train=4.108s  RAM=205.481 MB
2026-06-01 11:33:11 | INFO | [GLOBAL - ncluster=214] AUC-ROC=50.00%  Train=4.263s  RAM=208.048 MB
2026-06-01 11:33:11 | INFO | [GLOBAL - ncluster=217] AUC-ROC=50.00%  Train=3.736s  RAM=210.614 MB
2026-06-01 11:33:11 | INFO | [GLOBAL - ncluster=220] AUC-ROC=50.00%  Train=3.761s  RAM=213.182 MB
2026-06-01 11:33:11 | INFO | [GLOBAL - ncluster=223] AUC-ROC=50.00%  Train=4.461s  RAM=215.753 MB
2026-06-01 11:33:11 | INFO | [GLOBAL - ncluster=226] AUC-ROC=50.00%  Train=4.463s  RAM=218.317 MB
2026-06-01 11:33:11 | INFO | [GLOBAL - ncluster=229] AUC-ROC=50.00%  Train=2.784s  RAM=220.89 MB
2026-06-01 11:33:11 | INFO | [GLOBAL - ncluster=232] AUC-ROC=50.00%  Train=3.192s  RAM=223.46 MB
2026-06-01 11:33:11 | INFO | [GLOBAL - ncluster=235] AUC-ROC=50.00%  Train=1.853s  RAM=226.026 MB
2026-06-01 11:33:11 | INFO | [GLOBAL - ncluster=238] AUC-ROC=50.00%  Train=5.126s  RAM=228.59 MB
2026-06-01 11:33:11 | INFO | [GLOBAL - ncluster=241] AUC-ROC=50.00%  Train=1.704s  RAM=231.159 MB
2026-06-01 11:33:11 | INFO | [GLOBAL - ncluster=244] AUC-ROC=50.00%  Train=2.049s  RAM=233.73 MB
2026-06-01 11:33:11 | INFO | [GLOBAL - ncluster=247] AUC-ROC=50.00%  Train=3.837s  RAM=236.302 MB
2026-06-01 11:33:11 | INFO | [GLOBAL - ncluster=250] AUC-ROC=50.00%  Train=3.208s  RAM=238.869 MB
2026-06-01 11:33:11 | INFO | [GLOBAL - ncluster=253] AUC-ROC=50.00%  Train=4.454s  RAM=241.436 MB
2026-06-01 11:33:11 | INFO | [GLOBAL - ncluster=256] AUC-ROC=50.00%  Train=1.488s  RAM=244.008 MB
2026-06-01 11:33:11 | INFO | [GLOBAL - ncluster=259] AUC-ROC=50.00%  Train=3.921s  RAM=246.573 MB
2026-06-01 11:33:11 | INFO | [GLOBAL - ncluster=262] AUC-ROC=50.00%  Train=2.593s  RAM=249.145 MB
2026-06-01 11:33:11 | INFO | [GLOBAL - ncluster=265] AUC-ROC=50.00%  Train=2.767s  RAM=251.713 MB
2026-06-01 11:33:11 | INFO | [GLOBAL - ncluster=268] AUC-ROC=50.00%  Train=2.715s  RAM=254.282 MB
2026-06-01 11:33:11 | INFO | [GLOBAL - ncluster=271] AUC-ROC=50.00%  Train=1.552s  RAM=256.85 MB
2026-06-01 11:33:11 | INFO | [GLOBAL - ncluster=274] AUC-ROC=50.00%  Train=4.268s  RAM=259.42 MB
2026-06-01 11:33:11 | INFO | [GLOBAL - ncluster=277] AUC-ROC=50.00%  Train=2.708s  RAM=261.988 MB
2026-06-01 11:33:11 | INFO | [GLOBAL - ncluster=280] AUC-ROC=50.00%  Train=3.591s  RAM=264.556 MB
2026-06-01 11:33:11 | INFO | [GLOBAL - ncluster=283] AUC-ROC=50.00%  Train=2.165s  RAM=267.125 MB
2026-06-01 11:33:11 | INFO | [GLOBAL - ncluster=286] AUC-ROC=50.00%  Train=1.494s  RAM=269.691 MB
2026-06-01 11:33:11 | INFO | [GLOBAL - ncluster=289] AUC-ROC=50.00%  Train=0.989s  RAM=272.262 MB
2026-06-01 11:33:11 | INFO | [GLOBAL - ncluster=292] AUC-ROC=50.00%  Train=2.326s  RAM=274.832 MB
2026-06-01 11:33:11 | INFO | [GLOBAL - ncluster=295] AUC-ROC=50.00%  Train=1.476s  RAM=277.401 MB
2026-06-01 11:33:11 | INFO | [GLOBAL - ncluster=298] AUC-ROC=50.00%  Train=2.572s  RAM=279.966 MB
2026-06-01 11:33:11 | INFO | ============================================================
2026-06-01 11:33:11 | INFO | Dataset      : Train_global_QuantileTransformer_data_EdgeIIoTset.csv
2026-06-01 11:33:11 | INFO | Anomaly Mode : GLOBAL
2026-06-01 11:33:11 | INFO | Scaler       : QuantileTransformer
2026-06-01 11:33:11 | INFO | nClusters    : 100 values
2026-06-01 11:33:11 | INFO | ============================================================
2026-06-01 11:33:13 | INFO | Loaded Shape -> Train: (30000, 53), Test: (30000, 53)
2026-06-01 11:33:13 | INFO | Parallel execution on 32 cores for 100 clusters...
2026-06-01 11:39:54 | INFO | [GLOBAL - ncluster=1] AUC-ROC=100.00%  Train=2.593s  RAM=43.832 MB
2026-06-01 11:39:54 | INFO | [GLOBAL - ncluster=4] AUC-ROC=100.00%  Train=2.832s  RAM=43.838 MB
2026-06-01 11:39:54 | INFO | [GLOBAL - ncluster=7] AUC-ROC=100.00%  Train=3.065s  RAM=43.838 MB
2026-06-01 11:39:54 | INFO | [GLOBAL - ncluster=10] AUC-ROC=50.00%  Train=3.329s  RAM=43.839 MB
2026-06-01 11:39:54 | INFO | [GLOBAL - ncluster=13] AUC-ROC=50.00%  Train=2.649s  RAM=43.842 MB
2026-06-01 11:39:54 | INFO | [GLOBAL - ncluster=16] AUC-ROC=50.00%  Train=2.965s  RAM=43.844 MB
2026-06-01 11:39:54 | INFO | [GLOBAL - ncluster=19] AUC-ROC=50.00%  Train=0.990s  RAM=43.842 MB
2026-06-01 11:39:54 | INFO | [GLOBAL - ncluster=22] AUC-ROC=50.00%  Train=1.747s  RAM=43.839 MB
2026-06-01 11:39:54 | INFO | [GLOBAL - ncluster=25] AUC-ROC=50.00%  Train=2.705s  RAM=46.224 MB
2026-06-01 11:39:54 | INFO | [GLOBAL - ncluster=28] AUC-ROC=50.00%  Train=1.911s  RAM=48.787 MB
2026-06-01 11:39:54 | INFO | [GLOBAL - ncluster=31] AUC-ROC=50.00%  Train=1.728s  RAM=51.361 MB
2026-06-01 11:39:54 | INFO | [GLOBAL - ncluster=34] AUC-ROC=50.00%  Train=1.555s  RAM=53.924 MB
2026-06-01 11:39:54 | INFO | [GLOBAL - ncluster=37] AUC-ROC=50.00%  Train=1.421s  RAM=56.503 MB
2026-06-01 11:39:54 | INFO | [GLOBAL - ncluster=40] AUC-ROC=50.00%  Train=1.955s  RAM=59.065 MB
2026-06-01 11:39:54 | INFO | [GLOBAL - ncluster=43] AUC-ROC=50.00%  Train=2.163s  RAM=61.636 MB
2026-06-01 11:39:54 | INFO | [GLOBAL - ncluster=46] AUC-ROC=50.00%  Train=0.859s  RAM=64.202 MB
2026-06-01 11:39:54 | INFO | [GLOBAL - ncluster=49] AUC-ROC=50.00%  Train=2.162s  RAM=66.768 MB
2026-06-01 11:39:54 | INFO | [GLOBAL - ncluster=52] AUC-ROC=50.00%  Train=0.856s  RAM=69.343 MB
2026-06-01 11:39:54 | INFO | [GLOBAL - ncluster=55] AUC-ROC=50.00%  Train=1.727s  RAM=71.909 MB
2026-06-01 11:39:54 | INFO | [GLOBAL - ncluster=58] AUC-ROC=50.00%  Train=0.968s  RAM=74.481 MB
2026-06-01 11:39:54 | INFO | [GLOBAL - ncluster=61] AUC-ROC=50.00%  Train=1.834s  RAM=77.042 MB
2026-06-01 11:39:54 | INFO | [GLOBAL - ncluster=64] AUC-ROC=50.00%  Train=1.572s  RAM=79.618 MB
2026-06-01 11:39:54 | INFO | [GLOBAL - ncluster=67] AUC-ROC=50.00%  Train=2.480s  RAM=82.189 MB
2026-06-01 11:39:54 | INFO | [GLOBAL - ncluster=70] AUC-ROC=50.00%  Train=0.923s  RAM=84.758 MB
2026-06-01 11:39:54 | INFO | [GLOBAL - ncluster=73] AUC-ROC=50.00%  Train=1.182s  RAM=87.321 MB
2026-06-01 11:39:54 | INFO | [GLOBAL - ncluster=76] AUC-ROC=50.00%  Train=4.711s  RAM=89.893 MB
2026-06-01 11:39:54 | INFO | [GLOBAL - ncluster=79] AUC-ROC=50.00%  Train=2.822s  RAM=92.46 MB
2026-06-01 11:39:54 | INFO | [GLOBAL - ncluster=82] AUC-ROC=50.00%  Train=3.592s  RAM=95.033 MB
2026-06-01 11:39:54 | INFO | [GLOBAL - ncluster=85] AUC-ROC=50.00%  Train=4.150s  RAM=97.595 MB
2026-06-01 11:39:54 | INFO | [GLOBAL - ncluster=88] AUC-ROC=50.00%  Train=4.211s  RAM=100.168 MB
2026-06-01 11:39:54 | INFO | [GLOBAL - ncluster=91] AUC-ROC=50.00%  Train=3.824s  RAM=102.737 MB
2026-06-01 11:39:54 | INFO | [GLOBAL - ncluster=94] AUC-ROC=50.00%  Train=3.412s  RAM=105.304 MB
2026-06-01 11:39:54 | INFO | [GLOBAL - ncluster=97] AUC-ROC=50.00%  Train=3.722s  RAM=107.868 MB
2026-06-01 11:39:54 | INFO | [GLOBAL - ncluster=100] AUC-ROC=50.00%  Train=3.637s  RAM=110.445 MB
2026-06-01 11:39:54 | INFO | [GLOBAL - ncluster=103] AUC-ROC=50.00%  Train=5.315s  RAM=113.011 MB
2026-06-01 11:39:54 | INFO | [GLOBAL - ncluster=106] AUC-ROC=50.00%  Train=3.400s  RAM=115.58 MB
2026-06-01 11:39:54 | INFO | [GLOBAL - ncluster=109] AUC-ROC=50.00%  Train=3.332s  RAM=118.146 MB
2026-06-01 11:39:54 | INFO | [GLOBAL - ncluster=112] AUC-ROC=50.00%  Train=2.547s  RAM=120.715 MB
2026-06-01 11:39:54 | INFO | [GLOBAL - ncluster=115] AUC-ROC=50.00%  Train=3.245s  RAM=123.278 MB
2026-06-01 11:39:54 | INFO | [GLOBAL - ncluster=118] AUC-ROC=50.00%  Train=2.778s  RAM=125.849 MB
2026-06-01 11:39:54 | INFO | [GLOBAL - ncluster=121] AUC-ROC=50.00%  Train=2.800s  RAM=128.423 MB
2026-06-01 11:39:54 | INFO | [GLOBAL - ncluster=124] AUC-ROC=50.00%  Train=3.474s  RAM=130.991 MB
2026-06-01 11:39:54 | INFO | [GLOBAL - ncluster=127] AUC-ROC=50.00%  Train=3.432s  RAM=133.552 MB
2026-06-01 11:39:54 | INFO | [GLOBAL - ncluster=130] AUC-ROC=50.00%  Train=4.228s  RAM=136.121 MB
2026-06-01 11:39:54 | INFO | [GLOBAL - ncluster=133] AUC-ROC=50.00%  Train=3.544s  RAM=138.689 MB
2026-06-01 11:39:54 | INFO | [GLOBAL - ncluster=136] AUC-ROC=50.00%  Train=1.970s  RAM=141.263 MB
2026-06-01 11:39:54 | INFO | [GLOBAL - ncluster=139] AUC-ROC=50.00%  Train=3.860s  RAM=143.832 MB
2026-06-01 11:39:54 | INFO | [GLOBAL - ncluster=142] AUC-ROC=50.00%  Train=4.283s  RAM=146.402 MB
2026-06-01 11:39:54 | INFO | [GLOBAL - ncluster=145] AUC-ROC=50.00%  Train=3.984s  RAM=148.97 MB
2026-06-01 11:39:54 | INFO | [GLOBAL - ncluster=148] AUC-ROC=50.00%  Train=4.625s  RAM=151.536 MB
2026-06-01 11:39:54 | INFO | [GLOBAL - ncluster=151] AUC-ROC=50.00%  Train=3.007s  RAM=154.101 MB
2026-06-01 11:39:54 | INFO | [GLOBAL - ncluster=154] AUC-ROC=50.00%  Train=4.236s  RAM=156.679 MB
2026-06-01 11:39:54 | INFO | [GLOBAL - ncluster=157] AUC-ROC=50.00%  Train=3.907s  RAM=159.244 MB
2026-06-01 11:39:54 | INFO | [GLOBAL - ncluster=160] AUC-ROC=50.00%  Train=2.768s  RAM=161.809 MB
2026-06-01 11:39:54 | INFO | [GLOBAL - ncluster=163] AUC-ROC=50.00%  Train=2.729s  RAM=164.38 MB
2026-06-01 11:39:54 | INFO | [GLOBAL - ncluster=166] AUC-ROC=50.00%  Train=4.149s  RAM=166.95 MB
2026-06-01 11:39:54 | INFO | [GLOBAL - ncluster=169] AUC-ROC=50.00%  Train=2.573s  RAM=169.519 MB
2026-06-01 11:39:54 | INFO | [GLOBAL - ncluster=172] AUC-ROC=50.00%  Train=4.470s  RAM=172.084 MB
2026-06-01 11:39:54 | INFO | [GLOBAL - ncluster=175] AUC-ROC=50.00%  Train=5.111s  RAM=174.654 MB
2026-06-01 11:39:54 | INFO | [GLOBAL - ncluster=178] AUC-ROC=50.00%  Train=4.405s  RAM=177.224 MB
2026-06-01 11:39:54 | INFO | [GLOBAL - ncluster=181] AUC-ROC=50.00%  Train=4.934s  RAM=179.794 MB
2026-06-01 11:39:54 | INFO | [GLOBAL - ncluster=184] AUC-ROC=50.00%  Train=4.230s  RAM=182.357 MB
2026-06-01 11:39:54 | INFO | [GLOBAL - ncluster=187] AUC-ROC=50.00%  Train=4.829s  RAM=184.931 MB
2026-06-01 11:39:54 | INFO | [GLOBAL - ncluster=190] AUC-ROC=50.00%  Train=4.930s  RAM=187.498 MB
2026-06-01 11:39:54 | INFO | [GLOBAL - ncluster=193] AUC-ROC=50.00%  Train=4.242s  RAM=190.067 MB
2026-06-01 11:39:54 | INFO | [GLOBAL - ncluster=196] AUC-ROC=50.00%  Train=4.322s  RAM=192.633 MB
2026-06-01 11:39:54 | INFO | [GLOBAL - ncluster=199] AUC-ROC=50.00%  Train=2.997s  RAM=195.203 MB
2026-06-01 11:39:54 | INFO | [GLOBAL - ncluster=202] AUC-ROC=50.00%  Train=4.785s  RAM=197.77 MB
2026-06-01 11:39:54 | INFO | [GLOBAL - ncluster=205] AUC-ROC=50.00%  Train=5.028s  RAM=200.343 MB
2026-06-01 11:39:54 | INFO | [GLOBAL - ncluster=208] AUC-ROC=50.00%  Train=3.930s  RAM=202.91 MB
2026-06-01 11:39:54 | INFO | [GLOBAL - ncluster=211] AUC-ROC=50.00%  Train=2.434s  RAM=205.474 MB
2026-06-01 11:39:54 | INFO | [GLOBAL - ncluster=214] AUC-ROC=50.00%  Train=3.677s  RAM=208.048 MB
2026-06-01 11:39:54 | INFO | [GLOBAL - ncluster=217] AUC-ROC=50.00%  Train=5.558s  RAM=210.616 MB
2026-06-01 11:39:54 | INFO | [GLOBAL - ncluster=220] AUC-ROC=50.00%  Train=4.543s  RAM=213.185 MB
2026-06-01 11:39:54 | INFO | [GLOBAL - ncluster=223] AUC-ROC=50.00%  Train=3.814s  RAM=215.748 MB
2026-06-01 11:39:54 | INFO | [GLOBAL - ncluster=226] AUC-ROC=50.00%  Train=3.345s  RAM=218.321 MB
2026-06-01 11:39:54 | INFO | [GLOBAL - ncluster=229] AUC-ROC=50.00%  Train=3.390s  RAM=220.89 MB
2026-06-01 11:39:54 | INFO | [GLOBAL - ncluster=232] AUC-ROC=50.00%  Train=4.544s  RAM=223.458 MB
2026-06-01 11:39:54 | INFO | [GLOBAL - ncluster=235] AUC-ROC=50.00%  Train=3.458s  RAM=226.023 MB
2026-06-01 11:39:54 | INFO | [GLOBAL - ncluster=238] AUC-ROC=50.00%  Train=3.621s  RAM=228.598 MB
2026-06-01 11:39:54 | INFO | [GLOBAL - ncluster=241] AUC-ROC=50.00%  Train=3.646s  RAM=231.168 MB
2026-06-01 11:39:54 | INFO | [GLOBAL - ncluster=244] AUC-ROC=50.00%  Train=2.521s  RAM=233.727 MB
2026-06-01 11:39:54 | INFO | [GLOBAL - ncluster=247] AUC-ROC=50.00%  Train=2.443s  RAM=236.3 MB
2026-06-01 11:39:54 | INFO | [GLOBAL - ncluster=250] AUC-ROC=50.00%  Train=3.656s  RAM=238.871 MB
2026-06-01 11:39:54 | INFO | [GLOBAL - ncluster=253] AUC-ROC=50.00%  Train=1.869s  RAM=241.442 MB
2026-06-01 11:39:54 | INFO | [GLOBAL - ncluster=256] AUC-ROC=50.00%  Train=4.015s  RAM=244.007 MB
2026-06-01 11:39:54 | INFO | [GLOBAL - ncluster=259] AUC-ROC=50.00%  Train=3.213s  RAM=246.577 MB
2026-06-01 11:39:54 | INFO | [GLOBAL - ncluster=262] AUC-ROC=50.00%  Train=2.233s  RAM=249.146 MB
2026-06-01 11:39:54 | INFO | [GLOBAL - ncluster=265] AUC-ROC=50.00%  Train=2.632s  RAM=251.712 MB
2026-06-01 11:39:54 | INFO | [GLOBAL - ncluster=268] AUC-ROC=50.00%  Train=2.858s  RAM=254.277 MB
2026-06-01 11:39:54 | INFO | [GLOBAL - ncluster=271] AUC-ROC=50.00%  Train=1.134s  RAM=256.848 MB
2026-06-01 11:39:54 | INFO | [GLOBAL - ncluster=274] AUC-ROC=50.00%  Train=0.943s  RAM=259.417 MB
2026-06-01 11:39:54 | INFO | [GLOBAL - ncluster=277] AUC-ROC=50.00%  Train=1.164s  RAM=261.989 MB
2026-06-01 11:39:54 | INFO | [GLOBAL - ncluster=280] AUC-ROC=50.00%  Train=1.781s  RAM=264.553 MB
2026-06-01 11:39:54 | INFO | [GLOBAL - ncluster=283] AUC-ROC=50.00%  Train=0.920s  RAM=267.12 MB
2026-06-01 11:39:54 | INFO | [GLOBAL - ncluster=286] AUC-ROC=50.00%  Train=1.370s  RAM=269.693 MB
2026-06-01 11:39:54 | INFO | [GLOBAL - ncluster=289] AUC-ROC=50.00%  Train=1.688s  RAM=272.261 MB
2026-06-01 11:39:54 | INFO | [GLOBAL - ncluster=292] AUC-ROC=50.00%  Train=1.556s  RAM=274.831 MB
2026-06-01 11:39:54 | INFO | [GLOBAL - ncluster=295] AUC-ROC=50.00%  Train=1.328s  RAM=277.401 MB
2026-06-01 11:39:54 | INFO | [GLOBAL - ncluster=298] AUC-ROC=50.00%  Train=1.071s  RAM=279.971 MB
2026-06-01 11:39:54 | INFO | ============================================================
2026-06-01 11:39:54 | INFO | Dataset      : Train_global_RobustScaler_data_EdgeIIoTset.csv
2026-06-01 11:39:54 | INFO | Anomaly Mode : GLOBAL
2026-06-01 11:39:54 | INFO | Scaler       : RobustScaler
2026-06-01 11:39:54 | INFO | nClusters    : 100 values
2026-06-01 11:39:54 | INFO | ============================================================
2026-06-01 11:39:55 | INFO | Loaded Shape -> Train: (30000, 53), Test: (30000, 53)
2026-06-01 11:39:55 | INFO | Parallel execution on 32 cores for 100 clusters...
2026-06-01 11:47:40 | INFO | [GLOBAL - ncluster=1] AUC-ROC=100.00%  Train=5.246s  RAM=43.833 MB
2026-06-01 11:47:40 | INFO | [GLOBAL - ncluster=4] AUC-ROC=100.00%  Train=4.607s  RAM=43.836 MB
2026-06-01 11:47:40 | INFO | [GLOBAL - ncluster=7] AUC-ROC=100.00%  Train=5.094s  RAM=43.837 MB
2026-06-01 11:47:40 | INFO | [GLOBAL - ncluster=10] AUC-ROC=100.00%  Train=5.798s  RAM=43.84 MB
2026-06-01 11:47:40 | INFO | [GLOBAL - ncluster=13] AUC-ROC=100.00%  Train=5.388s  RAM=43.841 MB
2026-06-01 11:47:40 | INFO | [GLOBAL - ncluster=16] AUC-ROC=100.00%  Train=3.643s  RAM=43.842 MB
2026-06-01 11:47:40 | INFO | [GLOBAL - ncluster=19] AUC-ROC=100.00%  Train=5.668s  RAM=43.836 MB
2026-06-01 11:47:40 | INFO | [GLOBAL - ncluster=22] AUC-ROC=100.00%  Train=3.136s  RAM=43.84 MB
2026-06-01 11:47:40 | INFO | [GLOBAL - ncluster=25] AUC-ROC=100.00%  Train=4.614s  RAM=46.225 MB
2026-06-01 11:47:40 | INFO | [GLOBAL - ncluster=28] AUC-ROC=100.00%  Train=2.675s  RAM=48.8 MB
2026-06-01 11:47:40 | INFO | [GLOBAL - ncluster=31] AUC-ROC=100.00%  Train=1.407s  RAM=51.364 MB
2026-06-01 11:47:40 | INFO | [GLOBAL - ncluster=34] AUC-ROC=100.00%  Train=5.102s  RAM=53.935 MB
2026-06-01 11:47:40 | INFO | [GLOBAL - ncluster=37] AUC-ROC=100.00%  Train=6.214s  RAM=56.505 MB
2026-06-01 11:47:40 | INFO | [GLOBAL - ncluster=40] AUC-ROC=100.00%  Train=1.718s  RAM=59.072 MB
2026-06-01 11:47:40 | INFO | [GLOBAL - ncluster=43] AUC-ROC=100.00%  Train=5.027s  RAM=61.642 MB
2026-06-01 11:47:40 | INFO | [GLOBAL - ncluster=46] AUC-ROC=100.00%  Train=3.079s  RAM=64.206 MB
2026-06-01 11:47:40 | INFO | [GLOBAL - ncluster=49] AUC-ROC=100.00%  Train=4.290s  RAM=66.78 MB
2026-06-01 11:47:40 | INFO | [GLOBAL - ncluster=52] AUC-ROC=100.00%  Train=5.181s  RAM=69.348 MB
2026-06-01 11:47:40 | INFO | [GLOBAL - ncluster=55] AUC-ROC=100.00%  Train=4.995s  RAM=71.914 MB
2026-06-01 11:47:40 | INFO | [GLOBAL - ncluster=58] AUC-ROC=100.00%  Train=4.496s  RAM=74.478 MB
2026-06-01 11:47:40 | INFO | [GLOBAL - ncluster=61] AUC-ROC=100.00%  Train=4.709s  RAM=77.046 MB
2026-06-01 11:47:41 | INFO | [GLOBAL - ncluster=64] AUC-ROC=100.00%  Train=5.691s  RAM=79.619 MB
2026-06-01 11:47:41 | INFO | [GLOBAL - ncluster=67] AUC-ROC=99.99%  Train=4.733s  RAM=82.185 MB
2026-06-01 11:47:41 | INFO | [GLOBAL - ncluster=70] AUC-ROC=99.98%  Train=3.709s  RAM=84.754 MB
2026-06-01 11:47:41 | INFO | [GLOBAL - ncluster=73] AUC-ROC=50.00%  Train=5.304s  RAM=87.318 MB
2026-06-01 11:47:41 | INFO | [GLOBAL - ncluster=76] AUC-ROC=50.00%  Train=5.748s  RAM=89.89 MB
2026-06-01 11:47:41 | INFO | [GLOBAL - ncluster=79] AUC-ROC=50.00%  Train=5.995s  RAM=92.459 MB
2026-06-01 11:47:41 | INFO | [GLOBAL - ncluster=82] AUC-ROC=50.00%  Train=4.777s  RAM=95.027 MB
2026-06-01 11:47:41 | INFO | [GLOBAL - ncluster=85] AUC-ROC=50.00%  Train=5.168s  RAM=97.593 MB
2026-06-01 11:47:41 | INFO | [GLOBAL - ncluster=88] AUC-ROC=50.00%  Train=4.658s  RAM=100.165 MB
2026-06-01 11:47:41 | INFO | [GLOBAL - ncluster=91] AUC-ROC=50.00%  Train=3.259s  RAM=102.733 MB
2026-06-01 11:47:41 | INFO | [GLOBAL - ncluster=94] AUC-ROC=50.00%  Train=6.141s  RAM=105.302 MB
2026-06-01 11:47:41 | INFO | [GLOBAL - ncluster=97] AUC-ROC=50.00%  Train=4.064s  RAM=107.874 MB
2026-06-01 11:47:41 | INFO | [GLOBAL - ncluster=100] AUC-ROC=50.00%  Train=5.490s  RAM=110.435 MB
2026-06-01 11:47:41 | INFO | [GLOBAL - ncluster=103] AUC-ROC=50.00%  Train=4.102s  RAM=113.008 MB
2026-06-01 11:47:41 | INFO | [GLOBAL - ncluster=106] AUC-ROC=50.00%  Train=5.851s  RAM=115.578 MB
2026-06-01 11:47:41 | INFO | [GLOBAL - ncluster=109] AUC-ROC=50.00%  Train=4.101s  RAM=118.146 MB
2026-06-01 11:47:41 | INFO | [GLOBAL - ncluster=112] AUC-ROC=50.00%  Train=5.119s  RAM=120.713 MB
2026-06-01 11:47:41 | INFO | [GLOBAL - ncluster=115] AUC-ROC=50.00%  Train=3.445s  RAM=123.277 MB
2026-06-01 11:47:41 | INFO | [GLOBAL - ncluster=118] AUC-ROC=50.00%  Train=5.375s  RAM=125.848 MB
2026-06-01 11:47:41 | INFO | [GLOBAL - ncluster=121] AUC-ROC=50.00%  Train=5.727s  RAM=128.413 MB
2026-06-01 11:47:41 | INFO | [GLOBAL - ncluster=124] AUC-ROC=50.00%  Train=6.717s  RAM=130.988 MB
2026-06-01 11:47:41 | INFO | [GLOBAL - ncluster=127] AUC-ROC=50.00%  Train=5.331s  RAM=133.551 MB
2026-06-01 11:47:41 | INFO | [GLOBAL - ncluster=130] AUC-ROC=50.00%  Train=4.190s  RAM=136.119 MB
2026-06-01 11:47:41 | INFO | [GLOBAL - ncluster=133] AUC-ROC=50.00%  Train=4.496s  RAM=138.695 MB
2026-06-01 11:47:41 | INFO | [GLOBAL - ncluster=136] AUC-ROC=50.00%  Train=4.664s  RAM=141.259 MB
2026-06-01 11:47:41 | INFO | [GLOBAL - ncluster=139] AUC-ROC=50.00%  Train=5.176s  RAM=143.833 MB
2026-06-01 11:47:41 | INFO | [GLOBAL - ncluster=142] AUC-ROC=50.00%  Train=6.050s  RAM=146.399 MB
2026-06-01 11:47:41 | INFO | [GLOBAL - ncluster=145] AUC-ROC=50.00%  Train=6.144s  RAM=148.968 MB
2026-06-01 11:47:41 | INFO | [GLOBAL - ncluster=148] AUC-ROC=50.00%  Train=3.278s  RAM=151.538 MB
2026-06-01 11:47:41 | INFO | [GLOBAL - ncluster=151] AUC-ROC=50.00%  Train=7.075s  RAM=154.105 MB
2026-06-01 11:47:41 | INFO | [GLOBAL - ncluster=154] AUC-ROC=50.00%  Train=2.316s  RAM=156.673 MB
2026-06-01 11:47:41 | INFO | [GLOBAL - ncluster=157] AUC-ROC=50.00%  Train=5.278s  RAM=159.238 MB
2026-06-01 11:47:41 | INFO | [GLOBAL - ncluster=160] AUC-ROC=50.00%  Train=2.986s  RAM=161.81 MB
2026-06-01 11:47:41 | INFO | [GLOBAL - ncluster=163] AUC-ROC=50.00%  Train=5.387s  RAM=164.379 MB
2026-06-01 11:47:41 | INFO | [GLOBAL - ncluster=166] AUC-ROC=50.00%  Train=5.779s  RAM=166.947 MB
2026-06-01 11:47:41 | INFO | [GLOBAL - ncluster=169] AUC-ROC=50.00%  Train=3.910s  RAM=169.518 MB
2026-06-01 11:47:41 | INFO | [GLOBAL - ncluster=172] AUC-ROC=50.00%  Train=3.429s  RAM=172.086 MB
2026-06-01 11:47:41 | INFO | [GLOBAL - ncluster=175] AUC-ROC=50.00%  Train=4.574s  RAM=174.652 MB
2026-06-01 11:47:41 | INFO | [GLOBAL - ncluster=178] AUC-ROC=50.00%  Train=4.617s  RAM=177.222 MB
2026-06-01 11:47:41 | INFO | [GLOBAL - ncluster=181] AUC-ROC=50.00%  Train=4.475s  RAM=179.792 MB
2026-06-01 11:47:41 | INFO | [GLOBAL - ncluster=184] AUC-ROC=50.00%  Train=3.477s  RAM=182.358 MB
2026-06-01 11:47:41 | INFO | [GLOBAL - ncluster=187] AUC-ROC=50.00%  Train=5.599s  RAM=184.929 MB
2026-06-01 11:47:41 | INFO | [GLOBAL - ncluster=190] AUC-ROC=50.00%  Train=4.356s  RAM=187.493 MB
2026-06-01 11:47:41 | INFO | [GLOBAL - ncluster=193] AUC-ROC=50.00%  Train=5.666s  RAM=190.066 MB
2026-06-01 11:47:41 | INFO | [GLOBAL - ncluster=196] AUC-ROC=50.00%  Train=5.837s  RAM=192.636 MB
2026-06-01 11:47:41 | INFO | [GLOBAL - ncluster=199] AUC-ROC=50.00%  Train=3.926s  RAM=195.202 MB
2026-06-01 11:47:41 | INFO | [GLOBAL - ncluster=202] AUC-ROC=50.00%  Train=4.651s  RAM=197.771 MB
2026-06-01 11:47:41 | INFO | [GLOBAL - ncluster=205] AUC-ROC=50.00%  Train=4.416s  RAM=200.337 MB
2026-06-01 11:47:41 | INFO | [GLOBAL - ncluster=208] AUC-ROC=50.00%  Train=5.118s  RAM=202.908 MB
2026-06-01 11:47:41 | INFO | [GLOBAL - ncluster=211] AUC-ROC=50.00%  Train=4.762s  RAM=205.473 MB
2026-06-01 11:47:41 | INFO | [GLOBAL - ncluster=214] AUC-ROC=50.00%  Train=4.575s  RAM=208.045 MB
2026-06-01 11:47:41 | INFO | [GLOBAL - ncluster=217] AUC-ROC=50.00%  Train=5.630s  RAM=210.611 MB
2026-06-01 11:47:41 | INFO | [GLOBAL - ncluster=220] AUC-ROC=50.00%  Train=5.917s  RAM=213.181 MB
2026-06-01 11:47:41 | INFO | [GLOBAL - ncluster=223] AUC-ROC=50.00%  Train=4.725s  RAM=215.746 MB
2026-06-01 11:47:41 | INFO | [GLOBAL - ncluster=226] AUC-ROC=50.00%  Train=4.880s  RAM=218.321 MB
2026-06-01 11:47:41 | INFO | [GLOBAL - ncluster=229] AUC-ROC=50.00%  Train=4.671s  RAM=220.888 MB
2026-06-01 11:47:41 | INFO | [GLOBAL - ncluster=232] AUC-ROC=50.00%  Train=2.088s  RAM=223.456 MB
2026-06-01 11:47:41 | INFO | [GLOBAL - ncluster=235] AUC-ROC=50.00%  Train=2.283s  RAM=226.027 MB
2026-06-01 11:47:41 | INFO | [GLOBAL - ncluster=238] AUC-ROC=50.00%  Train=3.243s  RAM=228.595 MB
2026-06-01 11:47:41 | INFO | [GLOBAL - ncluster=241] AUC-ROC=50.00%  Train=2.905s  RAM=231.165 MB
2026-06-01 11:47:41 | INFO | [GLOBAL - ncluster=244] AUC-ROC=50.00%  Train=2.247s  RAM=233.732 MB
2026-06-01 11:47:41 | INFO | [GLOBAL - ncluster=247] AUC-ROC=50.00%  Train=2.394s  RAM=236.3 MB
2026-06-01 11:47:41 | INFO | [GLOBAL - ncluster=250] AUC-ROC=50.00%  Train=2.496s  RAM=238.869 MB
2026-06-01 11:47:41 | INFO | [GLOBAL - ncluster=253] AUC-ROC=50.00%  Train=2.716s  RAM=241.441 MB
2026-06-01 11:47:41 | INFO | [GLOBAL - ncluster=256] AUC-ROC=50.00%  Train=2.767s  RAM=244.007 MB
2026-06-01 11:47:41 | INFO | [GLOBAL - ncluster=259] AUC-ROC=50.00%  Train=1.191s  RAM=246.576 MB
2026-06-01 11:47:41 | INFO | [GLOBAL - ncluster=262] AUC-ROC=50.00%  Train=2.526s  RAM=249.14 MB
2026-06-01 11:47:41 | INFO | [GLOBAL - ncluster=265] AUC-ROC=50.00%  Train=0.795s  RAM=251.714 MB
2026-06-01 11:47:41 | INFO | [GLOBAL - ncluster=268] AUC-ROC=50.00%  Train=1.777s  RAM=254.283 MB
2026-06-01 11:47:41 | INFO | [GLOBAL - ncluster=271] AUC-ROC=50.00%  Train=4.045s  RAM=256.845 MB
2026-06-01 11:47:41 | INFO | [GLOBAL - ncluster=274] AUC-ROC=50.00%  Train=4.092s  RAM=259.416 MB
2026-06-01 11:47:41 | INFO | [GLOBAL - ncluster=277] AUC-ROC=50.00%  Train=0.996s  RAM=261.986 MB
2026-06-01 11:47:41 | INFO | [GLOBAL - ncluster=280] AUC-ROC=50.00%  Train=0.571s  RAM=264.557 MB
2026-06-01 11:47:41 | INFO | [GLOBAL - ncluster=283] AUC-ROC=50.00%  Train=0.566s  RAM=267.124 MB
2026-06-01 11:47:41 | INFO | [GLOBAL - ncluster=286] AUC-ROC=50.00%  Train=1.095s  RAM=269.695 MB
2026-06-01 11:47:41 | INFO | [GLOBAL - ncluster=289] AUC-ROC=50.00%  Train=0.583s  RAM=272.263 MB
2026-06-01 11:47:41 | INFO | [GLOBAL - ncluster=292] AUC-ROC=50.00%  Train=3.941s  RAM=274.827 MB
2026-06-01 11:47:41 | INFO | [GLOBAL - ncluster=295] AUC-ROC=50.00%  Train=2.519s  RAM=277.4 MB
2026-06-01 11:47:41 | INFO | [GLOBAL - ncluster=298] AUC-ROC=50.00%  Train=3.618s  RAM=279.969 MB
