2026-06-01 10:32:45 | INFO | Run started at 20260601_095531
2026-06-01 10:32:45 | INFO | ============================================================
2026-06-01 10:32:45 | INFO | Dataset      : Train_cluster_StandardScaler_data_EdgeIIoTset.csv
2026-06-01 10:32:45 | INFO | Anomaly Mode : CLUSTER
2026-06-01 10:32:45 | INFO | Scaler       : StandardScaler
2026-06-01 10:32:45 | INFO | nClusters    : 100 values
2026-06-01 10:32:45 | INFO | ============================================================
2026-06-01 10:32:49 | INFO | Loaded Shape -> Train: (30000, 53), Test: (30000, 53)
2026-06-01 10:32:49 | INFO | Parallel execution on 32 cores for 100 clusters...
2026-06-01 10:40:50 | INFO | [CLUSTER - ncluster=1] AUC-ROC=49.99%  Train=4.301s  RAM=43.832 MB
2026-06-01 10:40:50 | INFO | [CLUSTER - ncluster=4] AUC-ROC=99.99%  Train=5.611s  RAM=43.837 MB
2026-06-01 10:40:50 | INFO | [CLUSTER - ncluster=7] AUC-ROC=99.99%  Train=3.224s  RAM=43.839 MB
2026-06-01 10:40:50 | INFO | [CLUSTER - ncluster=10] AUC-ROC=99.99%  Train=3.791s  RAM=43.841 MB
2026-06-01 10:40:50 | INFO | [CLUSTER - ncluster=13] AUC-ROC=99.99%  Train=5.292s  RAM=43.839 MB
2026-06-01 10:40:50 | INFO | [CLUSTER - ncluster=16] AUC-ROC=99.99%  Train=3.652s  RAM=43.841 MB
2026-06-01 10:40:50 | INFO | [CLUSTER - ncluster=19] AUC-ROC=99.99%  Train=3.991s  RAM=43.839 MB
2026-06-01 10:40:50 | INFO | [CLUSTER - ncluster=22] AUC-ROC=99.99%  Train=3.530s  RAM=43.84 MB
2026-06-01 10:40:50 | INFO | [CLUSTER - ncluster=25] AUC-ROC=99.99%  Train=4.521s  RAM=46.231 MB
2026-06-01 10:40:50 | INFO | [CLUSTER - ncluster=28] AUC-ROC=99.99%  Train=5.486s  RAM=48.796 MB
2026-06-01 10:40:50 | INFO | [CLUSTER - ncluster=31] AUC-ROC=99.99%  Train=2.483s  RAM=51.373 MB
2026-06-01 10:40:50 | INFO | [CLUSTER - ncluster=34] AUC-ROC=99.99%  Train=4.092s  RAM=53.94 MB
2026-06-01 10:40:50 | INFO | [CLUSTER - ncluster=37] AUC-ROC=99.99%  Train=3.962s  RAM=56.505 MB
2026-06-01 10:40:50 | INFO | [CLUSTER - ncluster=40] AUC-ROC=99.99%  Train=5.831s  RAM=59.071 MB
2026-06-01 10:40:50 | INFO | [CLUSTER - ncluster=43] AUC-ROC=99.99%  Train=5.796s  RAM=61.64 MB
2026-06-01 10:40:50 | INFO | [CLUSTER - ncluster=46] AUC-ROC=99.99%  Train=3.359s  RAM=64.207 MB
2026-06-01 10:40:50 | INFO | [CLUSTER - ncluster=49] AUC-ROC=99.99%  Train=4.659s  RAM=66.774 MB
2026-06-01 10:40:50 | INFO | [CLUSTER - ncluster=52] AUC-ROC=99.99%  Train=5.618s  RAM=69.352 MB
2026-06-01 10:40:50 | INFO | [CLUSTER - ncluster=55] AUC-ROC=99.99%  Train=3.728s  RAM=71.918 MB
2026-06-01 10:40:50 | INFO | [CLUSTER - ncluster=58] AUC-ROC=99.99%  Train=4.812s  RAM=74.483 MB
2026-06-01 10:40:50 | INFO | [CLUSTER - ncluster=61] AUC-ROC=99.99%  Train=3.381s  RAM=77.056 MB
2026-06-01 10:40:50 | INFO | [CLUSTER - ncluster=64] AUC-ROC=99.99%  Train=6.327s  RAM=79.622 MB
2026-06-01 10:40:50 | INFO | [CLUSTER - ncluster=67] AUC-ROC=99.99%  Train=5.424s  RAM=82.193 MB
2026-06-01 10:40:50 | INFO | [CLUSTER - ncluster=70] AUC-ROC=99.99%  Train=4.704s  RAM=84.761 MB
2026-06-01 10:40:50 | INFO | [CLUSTER - ncluster=73] AUC-ROC=99.99%  Train=4.742s  RAM=87.326 MB
2026-06-01 10:40:50 | INFO | [CLUSTER - ncluster=76] AUC-ROC=99.99%  Train=4.254s  RAM=89.897 MB
2026-06-01 10:40:50 | INFO | [CLUSTER - ncluster=79] AUC-ROC=99.99%  Train=6.191s  RAM=92.466 MB
2026-06-01 10:40:50 | INFO | [CLUSTER - ncluster=82] AUC-ROC=99.99%  Train=5.481s  RAM=95.038 MB
2026-06-01 10:40:50 | INFO | [CLUSTER - ncluster=85] AUC-ROC=99.99%  Train=3.696s  RAM=97.603 MB
2026-06-01 10:40:50 | INFO | [CLUSTER - ncluster=88] AUC-ROC=99.99%  Train=5.137s  RAM=100.175 MB
2026-06-01 10:40:50 | INFO | [CLUSTER - ncluster=91] AUC-ROC=99.99%  Train=5.854s  RAM=102.737 MB
2026-06-01 10:40:50 | INFO | [CLUSTER - ncluster=94] AUC-ROC=99.99%  Train=5.294s  RAM=105.305 MB
2026-06-01 10:40:50 | INFO | [CLUSTER - ncluster=97] AUC-ROC=99.99%  Train=6.672s  RAM=107.88 MB
2026-06-01 10:40:50 | INFO | [CLUSTER - ncluster=100] AUC-ROC=99.99%  Train=4.200s  RAM=110.448 MB
2026-06-01 10:40:50 | INFO | [CLUSTER - ncluster=103] AUC-ROC=99.99%  Train=4.577s  RAM=113.02 MB
2026-06-01 10:40:50 | INFO | [CLUSTER - ncluster=106] AUC-ROC=99.99%  Train=5.595s  RAM=115.586 MB
2026-06-01 10:40:50 | INFO | [CLUSTER - ncluster=109] AUC-ROC=99.99%  Train=2.944s  RAM=118.151 MB
2026-06-01 10:40:50 | INFO | [CLUSTER - ncluster=112] AUC-ROC=99.99%  Train=5.964s  RAM=120.723 MB
2026-06-01 10:40:50 | INFO | [CLUSTER - ncluster=115] AUC-ROC=99.99%  Train=3.878s  RAM=123.289 MB
2026-06-01 10:40:50 | INFO | [CLUSTER - ncluster=118] AUC-ROC=99.99%  Train=4.279s  RAM=125.857 MB
2026-06-01 10:40:50 | INFO | [CLUSTER - ncluster=121] AUC-ROC=99.99%  Train=5.162s  RAM=128.429 MB
2026-06-01 10:40:50 | INFO | [CLUSTER - ncluster=124] AUC-ROC=99.99%  Train=4.818s  RAM=130.997 MB
2026-06-01 10:40:50 | INFO | [CLUSTER - ncluster=127] AUC-ROC=99.99%  Train=3.953s  RAM=133.564 MB
2026-06-01 10:40:50 | INFO | [CLUSTER - ncluster=130] AUC-ROC=99.99%  Train=3.460s  RAM=136.131 MB
2026-06-01 10:40:50 | INFO | [CLUSTER - ncluster=133] AUC-ROC=99.99%  Train=3.860s  RAM=138.707 MB
2026-06-01 10:40:50 | INFO | [CLUSTER - ncluster=136] AUC-ROC=99.99%  Train=4.082s  RAM=141.271 MB
2026-06-01 10:40:50 | INFO | [CLUSTER - ncluster=139] AUC-ROC=99.99%  Train=4.163s  RAM=143.836 MB
2026-06-01 10:40:50 | INFO | [CLUSTER - ncluster=142] AUC-ROC=99.99%  Train=3.646s  RAM=146.409 MB
2026-06-01 10:40:50 | INFO | [CLUSTER - ncluster=145] AUC-ROC=99.99%  Train=5.006s  RAM=148.971 MB
2026-06-01 10:40:50 | INFO | [CLUSTER - ncluster=148] AUC-ROC=99.99%  Train=5.937s  RAM=151.54 MB
2026-06-01 10:40:50 | INFO | [CLUSTER - ncluster=151] AUC-ROC=99.99%  Train=5.178s  RAM=154.114 MB
2026-06-01 10:40:50 | INFO | [CLUSTER - ncluster=154] AUC-ROC=99.99%  Train=1.961s  RAM=156.682 MB
2026-06-01 10:40:50 | INFO | [CLUSTER - ncluster=157] AUC-ROC=99.99%  Train=3.593s  RAM=159.251 MB
2026-06-01 10:40:50 | INFO | [CLUSTER - ncluster=160] AUC-ROC=99.99%  Train=2.975s  RAM=161.816 MB
2026-06-01 10:40:51 | INFO | [CLUSTER - ncluster=163] AUC-ROC=99.99%  Train=4.354s  RAM=164.388 MB
2026-06-01 10:40:51 | INFO | [CLUSTER - ncluster=166] AUC-ROC=99.99%  Train=4.392s  RAM=166.956 MB
2026-06-01 10:40:51 | INFO | [CLUSTER - ncluster=169] AUC-ROC=99.99%  Train=4.484s  RAM=169.519 MB
2026-06-01 10:40:51 | INFO | [CLUSTER - ncluster=172] AUC-ROC=99.99%  Train=5.119s  RAM=172.096 MB
2026-06-01 10:40:51 | INFO | [CLUSTER - ncluster=175] AUC-ROC=99.99%  Train=5.418s  RAM=174.663 MB
2026-06-01 10:40:51 | INFO | [CLUSTER - ncluster=178] AUC-ROC=99.99%  Train=5.860s  RAM=177.229 MB
2026-06-01 10:40:51 | INFO | [CLUSTER - ncluster=181] AUC-ROC=99.99%  Train=4.110s  RAM=179.8 MB
2026-06-01 10:40:51 | INFO | [CLUSTER - ncluster=184] AUC-ROC=99.99%  Train=5.465s  RAM=182.368 MB
2026-06-01 10:40:51 | INFO | [CLUSTER - ncluster=187] AUC-ROC=99.99%  Train=4.627s  RAM=184.937 MB
2026-06-01 10:40:51 | INFO | [CLUSTER - ncluster=190] AUC-ROC=99.99%  Train=4.676s  RAM=187.499 MB
2026-06-01 10:40:51 | INFO | [CLUSTER - ncluster=193] AUC-ROC=99.99%  Train=3.748s  RAM=190.072 MB
2026-06-01 10:40:51 | INFO | [CLUSTER - ncluster=196] AUC-ROC=99.99%  Train=4.845s  RAM=192.641 MB
2026-06-01 10:40:51 | INFO | [CLUSTER - ncluster=199] AUC-ROC=99.99%  Train=4.617s  RAM=195.211 MB
2026-06-01 10:40:51 | INFO | [CLUSTER - ncluster=202] AUC-ROC=99.99%  Train=2.852s  RAM=197.782 MB
2026-06-01 10:40:51 | INFO | [CLUSTER - ncluster=205] AUC-ROC=99.99%  Train=4.391s  RAM=200.347 MB
2026-06-01 10:40:51 | INFO | [CLUSTER - ncluster=208] AUC-ROC=99.99%  Train=4.532s  RAM=202.917 MB
2026-06-01 10:40:51 | INFO | [CLUSTER - ncluster=211] AUC-ROC=99.99%  Train=2.554s  RAM=205.487 MB
2026-06-01 10:40:51 | INFO | [CLUSTER - ncluster=214] AUC-ROC=99.99%  Train=3.074s  RAM=208.051 MB
2026-06-01 10:40:51 | INFO | [CLUSTER - ncluster=217] AUC-ROC=99.99%  Train=2.477s  RAM=210.623 MB
2026-06-01 10:40:51 | INFO | [CLUSTER - ncluster=220] AUC-ROC=99.99%  Train=1.704s  RAM=213.192 MB
2026-06-01 10:40:51 | INFO | [CLUSTER - ncluster=223] AUC-ROC=99.99%  Train=2.240s  RAM=215.762 MB
2026-06-01 10:40:51 | INFO | [CLUSTER - ncluster=226] AUC-ROC=99.99%  Train=3.468s  RAM=218.329 MB
2026-06-01 10:40:51 | INFO | [CLUSTER - ncluster=229] AUC-ROC=99.99%  Train=1.815s  RAM=220.897 MB
2026-06-01 10:40:51 | INFO | [CLUSTER - ncluster=232] AUC-ROC=99.99%  Train=1.791s  RAM=223.467 MB
2026-06-01 10:40:51 | INFO | [CLUSTER - ncluster=235] AUC-ROC=99.99%  Train=1.605s  RAM=226.034 MB
2026-06-01 10:40:51 | INFO | [CLUSTER - ncluster=238] AUC-ROC=99.99%  Train=2.543s  RAM=228.602 MB
2026-06-01 10:40:51 | INFO | [CLUSTER - ncluster=241] AUC-ROC=99.99%  Train=1.101s  RAM=231.168 MB
2026-06-01 10:40:51 | INFO | [CLUSTER - ncluster=244] AUC-ROC=99.99%  Train=1.367s  RAM=233.74 MB
2026-06-01 10:40:51 | INFO | [CLUSTER - ncluster=247] AUC-ROC=99.99%  Train=1.912s  RAM=236.304 MB
2026-06-01 10:40:51 | INFO | [CLUSTER - ncluster=250] AUC-ROC=99.99%  Train=1.764s  RAM=238.879 MB
2026-06-01 10:40:51 | INFO | [CLUSTER - ncluster=253] AUC-ROC=99.99%  Train=2.206s  RAM=241.441 MB
2026-06-01 10:40:51 | INFO | [CLUSTER - ncluster=256] AUC-ROC=99.99%  Train=5.077s  RAM=244.014 MB
2026-06-01 10:40:51 | INFO | [CLUSTER - ncluster=259] AUC-ROC=99.99%  Train=3.476s  RAM=246.582 MB
2026-06-01 10:40:51 | INFO | [CLUSTER - ncluster=262] AUC-ROC=99.99%  Train=5.365s  RAM=249.152 MB
2026-06-01 10:40:51 | INFO | [CLUSTER - ncluster=265] AUC-ROC=99.99%  Train=3.485s  RAM=251.721 MB
2026-06-01 10:40:51 | INFO | [CLUSTER - ncluster=268] AUC-ROC=99.99%  Train=3.974s  RAM=254.291 MB
2026-06-01 10:40:51 | INFO | [CLUSTER - ncluster=271] AUC-ROC=99.99%  Train=3.907s  RAM=256.858 MB
2026-06-01 10:40:51 | INFO | [CLUSTER - ncluster=274] AUC-ROC=99.99%  Train=3.877s  RAM=259.424 MB
2026-06-01 10:40:51 | INFO | [CLUSTER - ncluster=277] AUC-ROC=99.99%  Train=2.244s  RAM=261.994 MB
2026-06-01 10:40:51 | INFO | [CLUSTER - ncluster=280] AUC-ROC=99.99%  Train=4.459s  RAM=264.562 MB
2026-06-01 10:40:51 | INFO | [CLUSTER - ncluster=283] AUC-ROC=99.99%  Train=4.807s  RAM=267.127 MB
2026-06-01 10:40:51 | INFO | [CLUSTER - ncluster=286] AUC-ROC=99.99%  Train=3.383s  RAM=269.703 MB
2026-06-01 10:40:51 | INFO | [CLUSTER - ncluster=289] AUC-ROC=99.99%  Train=2.806s  RAM=272.27 MB
2026-06-01 10:40:51 | INFO | [CLUSTER - ncluster=292] AUC-ROC=99.99%  Train=4.298s  RAM=274.839 MB
2026-06-01 10:40:51 | INFO | [CLUSTER - ncluster=295] AUC-ROC=99.99%  Train=3.395s  RAM=277.41 MB
2026-06-01 10:40:51 | INFO | [CLUSTER - ncluster=298] AUC-ROC=99.99%  Train=3.100s  RAM=279.975 MB
2026-06-01 10:40:51 | INFO | ============================================================
2026-06-01 10:40:51 | INFO | Dataset      : Train_cluster_MinMaxScaler_data_EdgeIIoTset.csv
2026-06-01 10:40:51 | INFO | Anomaly Mode : CLUSTER
2026-06-01 10:40:51 | INFO | Scaler       : MinMaxScaler
2026-06-01 10:40:51 | INFO | nClusters    : 100 values
2026-06-01 10:40:51 | INFO | ============================================================
2026-06-01 10:40:56 | INFO | Loaded Shape -> Train: (30000, 53), Test: (30000, 53)
2026-06-01 10:40:56 | INFO | Parallel execution on 32 cores for 100 clusters...
2026-06-01 10:48:44 | INFO | [CLUSTER - ncluster=1] AUC-ROC=63.17%  Train=4.822s  RAM=43.833 MB
2026-06-01 10:48:44 | INFO | [CLUSTER - ncluster=4] AUC-ROC=94.56%  Train=6.309s  RAM=43.836 MB
2026-06-01 10:48:44 | INFO | [CLUSTER - ncluster=7] AUC-ROC=94.72%  Train=3.830s  RAM=43.841 MB
2026-06-01 10:48:44 | INFO | [CLUSTER - ncluster=10] AUC-ROC=50.00%  Train=3.278s  RAM=43.838 MB
2026-06-01 10:48:44 | INFO | [CLUSTER - ncluster=13] AUC-ROC=50.00%  Train=5.756s  RAM=43.841 MB
2026-06-01 10:48:44 | INFO | [CLUSTER - ncluster=16] AUC-ROC=50.00%  Train=4.409s  RAM=43.843 MB
2026-06-01 10:48:44 | INFO | [CLUSTER - ncluster=19] AUC-ROC=50.00%  Train=4.776s  RAM=43.841 MB
2026-06-01 10:48:44 | INFO | [CLUSTER - ncluster=22] AUC-ROC=50.00%  Train=4.475s  RAM=43.844 MB
2026-06-01 10:48:44 | INFO | [CLUSTER - ncluster=25] AUC-ROC=50.00%  Train=2.587s  RAM=46.223 MB
2026-06-01 10:48:44 | INFO | [CLUSTER - ncluster=28] AUC-ROC=50.00%  Train=4.539s  RAM=48.794 MB
2026-06-01 10:48:44 | INFO | [CLUSTER - ncluster=31] AUC-ROC=50.00%  Train=5.582s  RAM=51.355 MB
2026-06-01 10:48:44 | INFO | [CLUSTER - ncluster=34] AUC-ROC=50.00%  Train=6.261s  RAM=53.931 MB
2026-06-01 10:48:44 | INFO | [CLUSTER - ncluster=37] AUC-ROC=50.00%  Train=4.347s  RAM=56.496 MB
2026-06-01 10:48:44 | INFO | [CLUSTER - ncluster=40] AUC-ROC=50.00%  Train=5.822s  RAM=59.063 MB
2026-06-01 10:48:44 | INFO | [CLUSTER - ncluster=43] AUC-ROC=50.00%  Train=5.043s  RAM=61.638 MB
2026-06-01 10:48:44 | INFO | [CLUSTER - ncluster=46] AUC-ROC=50.00%  Train=2.287s  RAM=64.199 MB
2026-06-01 10:48:44 | INFO | [CLUSTER - ncluster=49] AUC-ROC=50.00%  Train=6.189s  RAM=66.775 MB
2026-06-01 10:48:44 | INFO | [CLUSTER - ncluster=52] AUC-ROC=50.00%  Train=5.601s  RAM=69.341 MB
2026-06-01 10:48:44 | INFO | [CLUSTER - ncluster=55] AUC-ROC=50.00%  Train=2.788s  RAM=71.911 MB
2026-06-01 10:48:44 | INFO | [CLUSTER - ncluster=58] AUC-ROC=50.00%  Train=4.264s  RAM=74.479 MB
2026-06-01 10:48:44 | INFO | [CLUSTER - ncluster=61] AUC-ROC=50.00%  Train=5.396s  RAM=77.05 MB
2026-06-01 10:48:44 | INFO | [CLUSTER - ncluster=64] AUC-ROC=50.00%  Train=4.375s  RAM=79.617 MB
2026-06-01 10:48:44 | INFO | [CLUSTER - ncluster=67] AUC-ROC=50.00%  Train=5.819s  RAM=82.185 MB
2026-06-01 10:48:44 | INFO | [CLUSTER - ncluster=70] AUC-ROC=50.00%  Train=5.691s  RAM=84.75 MB
2026-06-01 10:48:44 | INFO | [CLUSTER - ncluster=73] AUC-ROC=50.00%  Train=4.012s  RAM=87.32 MB
2026-06-01 10:48:44 | INFO | [CLUSTER - ncluster=76] AUC-ROC=50.00%  Train=7.286s  RAM=89.885 MB
2026-06-01 10:48:44 | INFO | [CLUSTER - ncluster=79] AUC-ROC=50.00%  Train=6.102s  RAM=92.454 MB
2026-06-01 10:48:44 | INFO | [CLUSTER - ncluster=82] AUC-ROC=50.00%  Train=6.755s  RAM=95.029 MB
2026-06-01 10:48:44 | INFO | [CLUSTER - ncluster=85] AUC-ROC=50.00%  Train=6.039s  RAM=97.599 MB
2026-06-01 10:48:44 | INFO | [CLUSTER - ncluster=88] AUC-ROC=50.00%  Train=6.655s  RAM=100.166 MB
2026-06-01 10:48:44 | INFO | [CLUSTER - ncluster=91] AUC-ROC=50.00%  Train=6.815s  RAM=102.735 MB
2026-06-01 10:48:44 | INFO | [CLUSTER - ncluster=94] AUC-ROC=50.00%  Train=3.878s  RAM=105.303 MB
2026-06-01 10:48:44 | INFO | [CLUSTER - ncluster=97] AUC-ROC=50.00%  Train=4.935s  RAM=107.872 MB
2026-06-01 10:48:44 | INFO | [CLUSTER - ncluster=100] AUC-ROC=50.00%  Train=5.982s  RAM=110.438 MB
2026-06-01 10:48:44 | INFO | [CLUSTER - ncluster=103] AUC-ROC=50.00%  Train=4.900s  RAM=113.004 MB
2026-06-01 10:48:44 | INFO | [CLUSTER - ncluster=106] AUC-ROC=50.00%  Train=4.102s  RAM=115.575 MB
2026-06-01 10:48:44 | INFO | [CLUSTER - ncluster=109] AUC-ROC=50.00%  Train=4.777s  RAM=118.142 MB
2026-06-01 10:48:44 | INFO | [CLUSTER - ncluster=112] AUC-ROC=50.00%  Train=2.468s  RAM=120.714 MB
2026-06-01 10:48:44 | INFO | [CLUSTER - ncluster=115] AUC-ROC=50.00%  Train=4.602s  RAM=123.284 MB
2026-06-01 10:48:44 | INFO | [CLUSTER - ncluster=118] AUC-ROC=50.00%  Train=4.385s  RAM=125.854 MB
2026-06-01 10:48:44 | INFO | [CLUSTER - ncluster=121] AUC-ROC=50.00%  Train=4.402s  RAM=128.418 MB
2026-06-01 10:48:44 | INFO | [CLUSTER - ncluster=124] AUC-ROC=50.00%  Train=4.027s  RAM=130.982 MB
2026-06-01 10:48:44 | INFO | [CLUSTER - ncluster=127] AUC-ROC=50.00%  Train=3.668s  RAM=133.558 MB
2026-06-01 10:48:44 | INFO | [CLUSTER - ncluster=130] AUC-ROC=50.00%  Train=4.417s  RAM=136.126 MB
2026-06-01 10:48:44 | INFO | [CLUSTER - ncluster=133] AUC-ROC=50.00%  Train=4.574s  RAM=138.694 MB
2026-06-01 10:48:44 | INFO | [CLUSTER - ncluster=136] AUC-ROC=50.00%  Train=4.487s  RAM=141.258 MB
2026-06-01 10:48:44 | INFO | [CLUSTER - ncluster=139] AUC-ROC=50.00%  Train=3.163s  RAM=143.83 MB
2026-06-01 10:48:44 | INFO | [CLUSTER - ncluster=142] AUC-ROC=50.00%  Train=4.269s  RAM=146.402 MB
2026-06-01 10:48:44 | INFO | [CLUSTER - ncluster=145] AUC-ROC=50.00%  Train=3.095s  RAM=148.968 MB
2026-06-01 10:48:44 | INFO | [CLUSTER - ncluster=148] AUC-ROC=50.00%  Train=4.067s  RAM=151.532 MB
2026-06-01 10:48:44 | INFO | [CLUSTER - ncluster=151] AUC-ROC=50.00%  Train=2.018s  RAM=154.106 MB
2026-06-01 10:48:44 | INFO | [CLUSTER - ncluster=154] AUC-ROC=50.00%  Train=4.084s  RAM=156.676 MB
2026-06-01 10:48:44 | INFO | [CLUSTER - ncluster=157] AUC-ROC=50.00%  Train=3.000s  RAM=159.247 MB
2026-06-01 10:48:44 | INFO | [CLUSTER - ncluster=160] AUC-ROC=50.00%  Train=2.310s  RAM=161.809 MB
2026-06-01 10:48:44 | INFO | [CLUSTER - ncluster=163] AUC-ROC=50.00%  Train=3.514s  RAM=164.382 MB
2026-06-01 10:48:44 | INFO | [CLUSTER - ncluster=166] AUC-ROC=50.00%  Train=2.995s  RAM=166.952 MB
2026-06-01 10:48:44 | INFO | [CLUSTER - ncluster=169] AUC-ROC=50.00%  Train=3.655s  RAM=169.513 MB
2026-06-01 10:48:44 | INFO | [CLUSTER - ncluster=172] AUC-ROC=50.00%  Train=2.814s  RAM=172.086 MB
2026-06-01 10:48:44 | INFO | [CLUSTER - ncluster=175] AUC-ROC=50.00%  Train=2.812s  RAM=174.653 MB
2026-06-01 10:48:44 | INFO | [CLUSTER - ncluster=178] AUC-ROC=50.00%  Train=3.951s  RAM=177.222 MB
2026-06-01 10:48:44 | INFO | [CLUSTER - ncluster=181] AUC-ROC=50.00%  Train=3.388s  RAM=179.793 MB
2026-06-01 10:48:44 | INFO | [CLUSTER - ncluster=184] AUC-ROC=50.00%  Train=2.628s  RAM=182.358 MB
2026-06-01 10:48:44 | INFO | [CLUSTER - ncluster=187] AUC-ROC=50.00%  Train=3.989s  RAM=184.923 MB
2026-06-01 10:48:44 | INFO | [CLUSTER - ncluster=190] AUC-ROC=50.00%  Train=4.926s  RAM=187.498 MB
2026-06-01 10:48:44 | INFO | [CLUSTER - ncluster=193] AUC-ROC=50.00%  Train=2.357s  RAM=190.069 MB
2026-06-01 10:48:44 | INFO | [CLUSTER - ncluster=196] AUC-ROC=50.00%  Train=2.291s  RAM=192.634 MB
2026-06-01 10:48:44 | INFO | [CLUSTER - ncluster=199] AUC-ROC=50.00%  Train=1.052s  RAM=195.202 MB
2026-06-01 10:48:44 | INFO | [CLUSTER - ncluster=202] AUC-ROC=50.00%  Train=1.939s  RAM=197.771 MB
2026-06-01 10:48:44 | INFO | [CLUSTER - ncluster=205] AUC-ROC=50.00%  Train=1.806s  RAM=200.343 MB
2026-06-01 10:48:44 | INFO | [CLUSTER - ncluster=208] AUC-ROC=50.00%  Train=2.383s  RAM=202.912 MB
2026-06-01 10:48:44 | INFO | [CLUSTER - ncluster=211] AUC-ROC=50.00%  Train=2.100s  RAM=205.476 MB
2026-06-01 10:48:44 | INFO | [CLUSTER - ncluster=214] AUC-ROC=50.00%  Train=4.948s  RAM=208.047 MB
2026-06-01 10:48:44 | INFO | [CLUSTER - ncluster=217] AUC-ROC=50.00%  Train=3.701s  RAM=210.613 MB
2026-06-01 10:48:44 | INFO | [CLUSTER - ncluster=220] AUC-ROC=50.00%  Train=5.461s  RAM=213.184 MB
2026-06-01 10:48:44 | INFO | [CLUSTER - ncluster=223] AUC-ROC=50.00%  Train=5.078s  RAM=215.754 MB
2026-06-01 10:48:44 | INFO | [CLUSTER - ncluster=226] AUC-ROC=50.00%  Train=4.869s  RAM=218.318 MB
2026-06-01 10:48:44 | INFO | [CLUSTER - ncluster=229] AUC-ROC=50.00%  Train=6.696s  RAM=220.891 MB
2026-06-01 10:48:44 | INFO | [CLUSTER - ncluster=232] AUC-ROC=50.00%  Train=4.980s  RAM=223.458 MB
2026-06-01 10:48:44 | INFO | [CLUSTER - ncluster=235] AUC-ROC=50.00%  Train=4.701s  RAM=226.023 MB
2026-06-01 10:48:44 | INFO | [CLUSTER - ncluster=238] AUC-ROC=50.00%  Train=5.094s  RAM=228.597 MB
2026-06-01 10:48:44 | INFO | [CLUSTER - ncluster=241] AUC-ROC=50.00%  Train=4.331s  RAM=231.163 MB
2026-06-01 10:48:44 | INFO | [CLUSTER - ncluster=244] AUC-ROC=50.00%  Train=4.845s  RAM=233.734 MB
2026-06-01 10:48:44 | INFO | [CLUSTER - ncluster=247] AUC-ROC=50.00%  Train=5.661s  RAM=236.304 MB
2026-06-01 10:48:44 | INFO | [CLUSTER - ncluster=250] AUC-ROC=50.00%  Train=3.652s  RAM=238.87 MB
2026-06-01 10:48:44 | INFO | [CLUSTER - ncluster=253] AUC-ROC=50.00%  Train=4.189s  RAM=241.438 MB
2026-06-01 10:48:44 | INFO | [CLUSTER - ncluster=256] AUC-ROC=50.00%  Train=4.616s  RAM=244.008 MB
2026-06-01 10:48:44 | INFO | [CLUSTER - ncluster=259] AUC-ROC=50.00%  Train=3.462s  RAM=246.576 MB
2026-06-01 10:48:44 | INFO | [CLUSTER - ncluster=262] AUC-ROC=50.00%  Train=4.179s  RAM=249.146 MB
2026-06-01 10:48:44 | INFO | [CLUSTER - ncluster=265] AUC-ROC=50.00%  Train=6.372s  RAM=251.708 MB
2026-06-01 10:48:44 | INFO | [CLUSTER - ncluster=268] AUC-ROC=50.00%  Train=2.217s  RAM=254.28 MB
2026-06-01 10:48:44 | INFO | [CLUSTER - ncluster=271] AUC-ROC=50.00%  Train=3.857s  RAM=256.852 MB
2026-06-01 10:48:44 | INFO | [CLUSTER - ncluster=274] AUC-ROC=50.00%  Train=4.258s  RAM=259.417 MB
2026-06-01 10:48:44 | INFO | [CLUSTER - ncluster=277] AUC-ROC=50.00%  Train=4.934s  RAM=261.988 MB
2026-06-01 10:48:44 | INFO | [CLUSTER - ncluster=280] AUC-ROC=50.00%  Train=4.998s  RAM=264.557 MB
2026-06-01 10:48:44 | INFO | [CLUSTER - ncluster=283] AUC-ROC=50.00%  Train=3.510s  RAM=267.127 MB
2026-06-01 10:48:44 | INFO | [CLUSTER - ncluster=286] AUC-ROC=50.00%  Train=2.960s  RAM=269.689 MB
2026-06-01 10:48:44 | INFO | [CLUSTER - ncluster=289] AUC-ROC=50.00%  Train=3.082s  RAM=272.261 MB
2026-06-01 10:48:45 | INFO | [CLUSTER - ncluster=292] AUC-ROC=50.00%  Train=3.746s  RAM=274.831 MB
2026-06-01 10:48:45 | INFO | [CLUSTER - ncluster=295] AUC-ROC=50.00%  Train=3.483s  RAM=277.399 MB
2026-06-01 10:48:45 | INFO | [CLUSTER - ncluster=298] AUC-ROC=50.00%  Train=4.383s  RAM=279.967 MB
2026-06-01 10:48:45 | INFO | ============================================================
2026-06-01 10:48:45 | INFO | Dataset      : Train_cluster_Normalizer_data_EdgeIIoTset.csv
2026-06-01 10:48:45 | INFO | Anomaly Mode : CLUSTER
2026-06-01 10:48:45 | INFO | Scaler       : Normalizer
2026-06-01 10:48:45 | INFO | nClusters    : 100 values
2026-06-01 10:48:45 | INFO | ============================================================
2026-06-01 10:48:48 | INFO | Loaded Shape -> Train: (30000, 53), Test: (30000, 53)
2026-06-01 10:48:49 | INFO | Parallel execution on 32 cores for 100 clusters...
2026-06-01 10:56:35 | INFO | [CLUSTER - ncluster=1] AUC-ROC=50.00%  Train=5.236s  RAM=43.833 MB
2026-06-01 10:56:35 | INFO | [CLUSTER - ncluster=4] AUC-ROC=50.00%  Train=4.053s  RAM=43.835 MB
2026-06-01 10:56:35 | INFO | [CLUSTER - ncluster=7] AUC-ROC=50.00%  Train=2.961s  RAM=43.84 MB
2026-06-01 10:56:35 | INFO | [CLUSTER - ncluster=10] AUC-ROC=50.00%  Train=4.875s  RAM=43.838 MB
2026-06-01 10:56:35 | INFO | [CLUSTER - ncluster=13] AUC-ROC=50.00%  Train=4.335s  RAM=43.843 MB
2026-06-01 10:56:35 | INFO | [CLUSTER - ncluster=16] AUC-ROC=50.00%  Train=5.159s  RAM=43.838 MB
2026-06-01 10:56:35 | INFO | [CLUSTER - ncluster=19] AUC-ROC=50.00%  Train=4.433s  RAM=43.839 MB
2026-06-01 10:56:35 | INFO | [CLUSTER - ncluster=22] AUC-ROC=50.00%  Train=5.162s  RAM=43.843 MB
2026-06-01 10:56:35 | INFO | [CLUSTER - ncluster=25] AUC-ROC=50.00%  Train=2.440s  RAM=46.227 MB
2026-06-01 10:56:35 | INFO | [CLUSTER - ncluster=28] AUC-ROC=50.00%  Train=2.857s  RAM=48.793 MB
2026-06-01 10:56:35 | INFO | [CLUSTER - ncluster=31] AUC-ROC=50.00%  Train=5.099s  RAM=51.361 MB
2026-06-01 10:56:35 | INFO | [CLUSTER - ncluster=34] AUC-ROC=50.00%  Train=2.958s  RAM=53.932 MB
2026-06-01 10:56:35 | INFO | [CLUSTER - ncluster=37] AUC-ROC=50.00%  Train=4.707s  RAM=56.501 MB
2026-06-01 10:56:35 | INFO | [CLUSTER - ncluster=40] AUC-ROC=50.00%  Train=5.096s  RAM=59.064 MB
2026-06-01 10:56:35 | INFO | [CLUSTER - ncluster=43] AUC-ROC=50.00%  Train=2.554s  RAM=61.636 MB
2026-06-01 10:56:35 | INFO | [CLUSTER - ncluster=46] AUC-ROC=50.00%  Train=4.349s  RAM=64.207 MB
2026-06-01 10:56:35 | INFO | [CLUSTER - ncluster=49] AUC-ROC=50.00%  Train=5.135s  RAM=66.773 MB
2026-06-01 10:56:35 | INFO | [CLUSTER - ncluster=52] AUC-ROC=50.00%  Train=4.185s  RAM=69.343 MB
2026-06-01 10:56:35 | INFO | [CLUSTER - ncluster=55] AUC-ROC=50.00%  Train=2.786s  RAM=71.908 MB
2026-06-01 10:56:35 | INFO | [CLUSTER - ncluster=58] AUC-ROC=50.00%  Train=4.459s  RAM=74.479 MB
2026-06-01 10:56:35 | INFO | [CLUSTER - ncluster=61] AUC-ROC=50.00%  Train=5.360s  RAM=77.049 MB
2026-06-01 10:56:35 | INFO | [CLUSTER - ncluster=64] AUC-ROC=50.00%  Train=5.499s  RAM=79.619 MB
2026-06-01 10:56:35 | INFO | [CLUSTER - ncluster=67] AUC-ROC=50.00%  Train=3.315s  RAM=82.187 MB
2026-06-01 10:56:35 | INFO | [CLUSTER - ncluster=70] AUC-ROC=50.00%  Train=3.896s  RAM=84.752 MB
2026-06-01 10:56:35 | INFO | [CLUSTER - ncluster=73] AUC-ROC=50.00%  Train=4.555s  RAM=87.321 MB
2026-06-01 10:56:35 | INFO | [CLUSTER - ncluster=76] AUC-ROC=50.00%  Train=3.396s  RAM=89.894 MB
2026-06-01 10:56:35 | INFO | [CLUSTER - ncluster=79] AUC-ROC=50.00%  Train=5.461s  RAM=92.455 MB
2026-06-01 10:56:35 | INFO | [CLUSTER - ncluster=82] AUC-ROC=50.00%  Train=3.776s  RAM=95.026 MB
2026-06-01 10:56:35 | INFO | [CLUSTER - ncluster=85] AUC-ROC=50.00%  Train=4.437s  RAM=97.599 MB
2026-06-01 10:56:35 | INFO | [CLUSTER - ncluster=88] AUC-ROC=50.00%  Train=4.572s  RAM=100.166 MB
2026-06-01 10:56:35 | INFO | [CLUSTER - ncluster=91] AUC-ROC=50.00%  Train=4.600s  RAM=102.731 MB
2026-06-01 10:56:35 | INFO | [CLUSTER - ncluster=94] AUC-ROC=50.00%  Train=2.054s  RAM=105.303 MB
2026-06-01 10:56:35 | INFO | [CLUSTER - ncluster=97] AUC-ROC=50.00%  Train=4.205s  RAM=107.876 MB
2026-06-01 10:56:35 | INFO | [CLUSTER - ncluster=100] AUC-ROC=50.00%  Train=2.910s  RAM=110.44 MB
2026-06-01 10:56:35 | INFO | [CLUSTER - ncluster=103] AUC-ROC=50.00%  Train=3.073s  RAM=113.008 MB
2026-06-01 10:56:35 | INFO | [CLUSTER - ncluster=106] AUC-ROC=50.00%  Train=3.073s  RAM=115.574 MB
2026-06-01 10:56:35 | INFO | [CLUSTER - ncluster=109] AUC-ROC=50.00%  Train=4.854s  RAM=118.147 MB
2026-06-01 10:56:35 | INFO | [CLUSTER - ncluster=112] AUC-ROC=50.00%  Train=2.532s  RAM=120.712 MB
2026-06-01 10:56:35 | INFO | [CLUSTER - ncluster=115] AUC-ROC=50.00%  Train=3.060s  RAM=123.278 MB
2026-06-01 10:56:35 | INFO | [CLUSTER - ncluster=118] AUC-ROC=50.00%  Train=3.627s  RAM=125.851 MB
2026-06-01 10:56:35 | INFO | [CLUSTER - ncluster=121] AUC-ROC=50.00%  Train=3.490s  RAM=128.42 MB
2026-06-01 10:56:35 | INFO | [CLUSTER - ncluster=124] AUC-ROC=50.00%  Train=2.354s  RAM=130.99 MB
2026-06-01 10:56:35 | INFO | [CLUSTER - ncluster=127] AUC-ROC=50.00%  Train=2.975s  RAM=133.555 MB
2026-06-01 10:56:35 | INFO | [CLUSTER - ncluster=130] AUC-ROC=50.00%  Train=2.548s  RAM=136.125 MB
2026-06-01 10:56:35 | INFO | [CLUSTER - ncluster=133] AUC-ROC=50.00%  Train=3.610s  RAM=138.694 MB
2026-06-01 10:56:35 | INFO | [CLUSTER - ncluster=136] AUC-ROC=50.00%  Train=3.488s  RAM=141.262 MB
2026-06-01 10:56:35 | INFO | [CLUSTER - ncluster=139] AUC-ROC=50.00%  Train=2.718s  RAM=143.831 MB
2026-06-01 10:56:35 | INFO | [CLUSTER - ncluster=142] AUC-ROC=50.00%  Train=2.473s  RAM=146.398 MB
2026-06-01 10:56:35 | INFO | [CLUSTER - ncluster=145] AUC-ROC=50.00%  Train=3.522s  RAM=148.969 MB
2026-06-01 10:56:35 | INFO | [CLUSTER - ncluster=148] AUC-ROC=50.00%  Train=2.681s  RAM=151.536 MB
2026-06-01 10:56:35 | INFO | [CLUSTER - ncluster=151] AUC-ROC=50.00%  Train=1.989s  RAM=154.107 MB
2026-06-01 10:56:35 | INFO | [CLUSTER - ncluster=154] AUC-ROC=50.00%  Train=3.156s  RAM=156.676 MB
2026-06-01 10:56:35 | INFO | [CLUSTER - ncluster=157] AUC-ROC=50.00%  Train=3.576s  RAM=159.241 MB
2026-06-01 10:56:35 | INFO | [CLUSTER - ncluster=160] AUC-ROC=50.00%  Train=3.101s  RAM=161.811 MB
2026-06-01 10:56:35 | INFO | [CLUSTER - ncluster=163] AUC-ROC=50.00%  Train=2.471s  RAM=164.381 MB
2026-06-01 10:56:35 | INFO | [CLUSTER - ncluster=166] AUC-ROC=50.00%  Train=3.601s  RAM=166.944 MB
2026-06-01 10:56:35 | INFO | [CLUSTER - ncluster=169] AUC-ROC=50.00%  Train=6.326s  RAM=169.517 MB
2026-06-01 10:56:35 | INFO | [CLUSTER - ncluster=172] AUC-ROC=50.00%  Train=6.039s  RAM=172.086 MB
2026-06-01 10:56:35 | INFO | [CLUSTER - ncluster=175] AUC-ROC=50.00%  Train=5.889s  RAM=174.652 MB
2026-06-01 10:56:35 | INFO | [CLUSTER - ncluster=178] AUC-ROC=50.00%  Train=6.197s  RAM=177.219 MB
2026-06-01 10:56:35 | INFO | [CLUSTER - ncluster=181] AUC-ROC=50.00%  Train=1.802s  RAM=179.79 MB
2026-06-01 10:56:35 | INFO | [CLUSTER - ncluster=184] AUC-ROC=50.00%  Train=5.600s  RAM=182.359 MB
2026-06-01 10:56:35 | INFO | [CLUSTER - ncluster=187] AUC-ROC=50.00%  Train=5.083s  RAM=184.928 MB
2026-06-01 10:56:35 | INFO | [CLUSTER - ncluster=190] AUC-ROC=50.00%  Train=5.714s  RAM=187.498 MB
2026-06-01 10:56:35 | INFO | [CLUSTER - ncluster=193] AUC-ROC=50.00%  Train=5.084s  RAM=190.064 MB
2026-06-01 10:56:35 | INFO | [CLUSTER - ncluster=196] AUC-ROC=50.00%  Train=5.150s  RAM=192.636 MB
2026-06-01 10:56:35 | INFO | [CLUSTER - ncluster=199] AUC-ROC=50.00%  Train=4.837s  RAM=195.204 MB
2026-06-01 10:56:35 | INFO | [CLUSTER - ncluster=202] AUC-ROC=50.00%  Train=3.473s  RAM=197.768 MB
2026-06-01 10:56:35 | INFO | [CLUSTER - ncluster=205] AUC-ROC=50.00%  Train=3.844s  RAM=200.337 MB
2026-06-01 10:56:35 | INFO | [CLUSTER - ncluster=208] AUC-ROC=50.00%  Train=7.617s  RAM=202.909 MB
2026-06-01 10:56:35 | INFO | [CLUSTER - ncluster=211] AUC-ROC=50.00%  Train=3.845s  RAM=205.477 MB
2026-06-01 10:56:35 | INFO | [CLUSTER - ncluster=214] AUC-ROC=50.00%  Train=4.696s  RAM=208.047 MB
2026-06-01 10:56:35 | INFO | [CLUSTER - ncluster=217] AUC-ROC=50.00%  Train=2.901s  RAM=210.616 MB
2026-06-01 10:56:35 | INFO | [CLUSTER - ncluster=220] AUC-ROC=50.00%  Train=2.884s  RAM=213.184 MB
2026-06-01 10:56:35 | INFO | [CLUSTER - ncluster=223] AUC-ROC=50.00%  Train=5.458s  RAM=215.752 MB
2026-06-01 10:56:35 | INFO | [CLUSTER - ncluster=226] AUC-ROC=50.00%  Train=4.300s  RAM=218.322 MB
2026-06-01 10:56:35 | INFO | [CLUSTER - ncluster=229] AUC-ROC=50.00%  Train=5.155s  RAM=220.891 MB
2026-06-01 10:56:35 | INFO | [CLUSTER - ncluster=232] AUC-ROC=50.00%  Train=2.922s  RAM=223.458 MB
2026-06-01 10:56:35 | INFO | [CLUSTER - ncluster=235] AUC-ROC=50.00%  Train=3.048s  RAM=226.026 MB
2026-06-01 10:56:35 | INFO | [CLUSTER - ncluster=238] AUC-ROC=50.00%  Train=4.816s  RAM=228.596 MB
2026-06-01 10:56:35 | INFO | [CLUSTER - ncluster=241] AUC-ROC=50.00%  Train=5.313s  RAM=231.163 MB
2026-06-01 10:56:35 | INFO | [CLUSTER - ncluster=244] AUC-ROC=50.00%  Train=5.165s  RAM=233.731 MB
2026-06-01 10:56:35 | INFO | [CLUSTER - ncluster=247] AUC-ROC=50.00%  Train=4.970s  RAM=236.301 MB
2026-06-01 10:56:35 | INFO | [CLUSTER - ncluster=250] AUC-ROC=50.00%  Train=2.308s  RAM=238.871 MB
2026-06-01 10:56:35 | INFO | [CLUSTER - ncluster=253] AUC-ROC=50.00%  Train=5.262s  RAM=241.438 MB
2026-06-01 10:56:35 | INFO | [CLUSTER - ncluster=256] AUC-ROC=50.00%  Train=4.074s  RAM=244.009 MB
2026-06-01 10:56:35 | INFO | [CLUSTER - ncluster=259] AUC-ROC=50.00%  Train=4.647s  RAM=246.575 MB
2026-06-01 10:56:35 | INFO | [CLUSTER - ncluster=262] AUC-ROC=50.00%  Train=4.370s  RAM=249.146 MB
2026-06-01 10:56:35 | INFO | [CLUSTER - ncluster=265] AUC-ROC=50.00%  Train=4.315s  RAM=251.707 MB
2026-06-01 10:56:35 | INFO | [CLUSTER - ncluster=268] AUC-ROC=50.00%  Train=3.355s  RAM=254.281 MB
2026-06-01 10:56:35 | INFO | [CLUSTER - ncluster=271] AUC-ROC=50.00%  Train=3.410s  RAM=256.849 MB
2026-06-01 10:56:35 | INFO | [CLUSTER - ncluster=274] AUC-ROC=50.00%  Train=4.467s  RAM=259.42 MB
2026-06-01 10:56:35 | INFO | [CLUSTER - ncluster=277] AUC-ROC=50.00%  Train=3.266s  RAM=261.983 MB
2026-06-01 10:56:35 | INFO | [CLUSTER - ncluster=280] AUC-ROC=50.00%  Train=2.651s  RAM=264.552 MB
2026-06-01 10:56:35 | INFO | [CLUSTER - ncluster=283] AUC-ROC=50.00%  Train=4.359s  RAM=267.124 MB
2026-06-01 10:56:35 | INFO | [CLUSTER - ncluster=286] AUC-ROC=50.00%  Train=5.279s  RAM=269.693 MB
2026-06-01 10:56:35 | INFO | [CLUSTER - ncluster=289] AUC-ROC=50.00%  Train=3.368s  RAM=272.262 MB
2026-06-01 10:56:35 | INFO | [CLUSTER - ncluster=292] AUC-ROC=50.00%  Train=2.712s  RAM=274.83 MB
2026-06-01 10:56:35 | INFO | [CLUSTER - ncluster=295] AUC-ROC=50.00%  Train=2.740s  RAM=277.399 MB
2026-06-01 10:56:35 | INFO | [CLUSTER - ncluster=298] AUC-ROC=50.00%  Train=1.788s  RAM=279.963 MB
2026-06-01 10:56:35 | INFO | ============================================================
2026-06-01 10:56:35 | INFO | Dataset      : Train_cluster_QuantileTransformer_data_EdgeIIoTset.csv
2026-06-01 10:56:35 | INFO | Anomaly Mode : CLUSTER
2026-06-01 10:56:35 | INFO | Scaler       : QuantileTransformer
2026-06-01 10:56:35 | INFO | nClusters    : 100 values
2026-06-01 10:56:35 | INFO | ============================================================
2026-06-01 10:56:36 | INFO | Loaded Shape -> Train: (30000, 53), Test: (30000, 53)
2026-06-01 10:56:36 | INFO | Parallel execution on 32 cores for 100 clusters...
2026-06-01 11:04:01 | INFO | [CLUSTER - ncluster=1] AUC-ROC=62.03%  Train=4.052s  RAM=43.832 MB
2026-06-01 11:04:01 | INFO | [CLUSTER - ncluster=4] AUC-ROC=92.90%  Train=3.329s  RAM=43.838 MB
2026-06-01 11:04:01 | INFO | [CLUSTER - ncluster=7] AUC-ROC=92.78%  Train=2.555s  RAM=43.84 MB
2026-06-01 11:04:01 | INFO | [CLUSTER - ncluster=10] AUC-ROC=50.00%  Train=4.073s  RAM=43.835 MB
2026-06-01 11:04:01 | INFO | [CLUSTER - ncluster=13] AUC-ROC=50.00%  Train=2.257s  RAM=43.839 MB
2026-06-01 11:04:01 | INFO | [CLUSTER - ncluster=16] AUC-ROC=50.00%  Train=3.118s  RAM=43.841 MB
2026-06-01 11:04:01 | INFO | [CLUSTER - ncluster=19] AUC-ROC=50.00%  Train=2.586s  RAM=43.843 MB
2026-06-01 11:04:01 | INFO | [CLUSTER - ncluster=22] AUC-ROC=50.00%  Train=2.558s  RAM=43.843 MB
2026-06-01 11:04:01 | INFO | [CLUSTER - ncluster=25] AUC-ROC=50.00%  Train=1.871s  RAM=46.222 MB
2026-06-01 11:04:01 | INFO | [CLUSTER - ncluster=28] AUC-ROC=50.00%  Train=1.915s  RAM=48.789 MB
2026-06-01 11:04:01 | INFO | [CLUSTER - ncluster=31] AUC-ROC=50.00%  Train=3.443s  RAM=51.361 MB
2026-06-01 11:04:01 | INFO | [CLUSTER - ncluster=34] AUC-ROC=50.00%  Train=2.371s  RAM=53.928 MB
2026-06-01 11:04:01 | INFO | [CLUSTER - ncluster=37] AUC-ROC=50.00%  Train=2.165s  RAM=56.498 MB
2026-06-01 11:04:01 | INFO | [CLUSTER - ncluster=40] AUC-ROC=50.00%  Train=2.947s  RAM=59.068 MB
2026-06-01 11:04:01 | INFO | [CLUSTER - ncluster=43] AUC-ROC=50.00%  Train=1.850s  RAM=61.633 MB
2026-06-01 11:04:01 | INFO | [CLUSTER - ncluster=46] AUC-ROC=50.00%  Train=3.017s  RAM=64.203 MB
2026-06-01 11:04:01 | INFO | [CLUSTER - ncluster=49] AUC-ROC=50.00%  Train=2.993s  RAM=66.774 MB
2026-06-01 11:04:01 | INFO | [CLUSTER - ncluster=52] AUC-ROC=50.00%  Train=3.228s  RAM=69.34 MB
2026-06-01 11:04:01 | INFO | [CLUSTER - ncluster=55] AUC-ROC=50.00%  Train=2.172s  RAM=71.912 MB
2026-06-01 11:04:01 | INFO | [CLUSTER - ncluster=58] AUC-ROC=50.00%  Train=1.679s  RAM=74.477 MB
2026-06-01 11:04:01 | INFO | [CLUSTER - ncluster=61] AUC-ROC=50.00%  Train=2.287s  RAM=77.046 MB
2026-06-01 11:04:01 | INFO | [CLUSTER - ncluster=64] AUC-ROC=50.00%  Train=2.601s  RAM=79.613 MB
2026-06-01 11:04:01 | INFO | [CLUSTER - ncluster=67] AUC-ROC=50.00%  Train=1.827s  RAM=82.179 MB
2026-06-01 11:04:01 | INFO | [CLUSTER - ncluster=70] AUC-ROC=50.00%  Train=1.874s  RAM=84.753 MB
2026-06-01 11:04:01 | INFO | [CLUSTER - ncluster=73] AUC-ROC=50.00%  Train=1.540s  RAM=87.315 MB
2026-06-01 11:04:01 | INFO | [CLUSTER - ncluster=76] AUC-ROC=50.00%  Train=2.035s  RAM=89.889 MB
2026-06-01 11:04:01 | INFO | [CLUSTER - ncluster=79] AUC-ROC=50.00%  Train=1.962s  RAM=92.455 MB
2026-06-01 11:04:01 | INFO | [CLUSTER - ncluster=82] AUC-ROC=50.00%  Train=2.172s  RAM=95.021 MB
2026-06-01 11:04:01 | INFO | [CLUSTER - ncluster=85] AUC-ROC=50.00%  Train=1.942s  RAM=97.597 MB
2026-06-01 11:04:01 | INFO | [CLUSTER - ncluster=88] AUC-ROC=50.00%  Train=2.052s  RAM=100.164 MB
2026-06-01 11:04:01 | INFO | [CLUSTER - ncluster=91] AUC-ROC=50.00%  Train=3.005s  RAM=102.732 MB
2026-06-01 11:04:01 | INFO | [CLUSTER - ncluster=94] AUC-ROC=50.00%  Train=4.948s  RAM=105.297 MB
2026-06-01 11:04:01 | INFO | [CLUSTER - ncluster=97] AUC-ROC=50.00%  Train=1.752s  RAM=107.867 MB
2026-06-01 11:04:01 | INFO | [CLUSTER - ncluster=100] AUC-ROC=50.00%  Train=2.527s  RAM=110.438 MB
2026-06-01 11:04:01 | INFO | [CLUSTER - ncluster=103] AUC-ROC=50.00%  Train=1.735s  RAM=113.008 MB
2026-06-01 11:04:01 | INFO | [CLUSTER - ncluster=106] AUC-ROC=50.00%  Train=5.178s  RAM=115.572 MB
2026-06-01 11:04:01 | INFO | [CLUSTER - ncluster=109] AUC-ROC=50.00%  Train=3.978s  RAM=118.144 MB
2026-06-01 11:04:01 | INFO | [CLUSTER - ncluster=112] AUC-ROC=50.00%  Train=5.156s  RAM=120.712 MB
2026-06-01 11:04:01 | INFO | [CLUSTER - ncluster=115] AUC-ROC=50.00%  Train=3.683s  RAM=123.282 MB
2026-06-01 11:04:01 | INFO | [CLUSTER - ncluster=118] AUC-ROC=50.00%  Train=2.502s  RAM=125.852 MB
2026-06-01 11:04:01 | INFO | [CLUSTER - ncluster=121] AUC-ROC=50.00%  Train=4.752s  RAM=128.42 MB
2026-06-01 11:04:01 | INFO | [CLUSTER - ncluster=124] AUC-ROC=50.00%  Train=5.515s  RAM=130.991 MB
2026-06-01 11:04:01 | INFO | [CLUSTER - ncluster=127] AUC-ROC=50.00%  Train=6.102s  RAM=133.554 MB
2026-06-01 11:04:01 | INFO | [CLUSTER - ncluster=130] AUC-ROC=50.00%  Train=5.491s  RAM=136.126 MB
2026-06-01 11:04:01 | INFO | [CLUSTER - ncluster=133] AUC-ROC=50.00%  Train=6.291s  RAM=138.693 MB
2026-06-01 11:04:01 | INFO | [CLUSTER - ncluster=136] AUC-ROC=50.00%  Train=4.477s  RAM=141.262 MB
2026-06-01 11:04:01 | INFO | [CLUSTER - ncluster=139] AUC-ROC=50.00%  Train=6.759s  RAM=143.831 MB
2026-06-01 11:04:01 | INFO | [CLUSTER - ncluster=142] AUC-ROC=50.00%  Train=5.791s  RAM=146.399 MB
2026-06-01 11:04:01 | INFO | [CLUSTER - ncluster=145] AUC-ROC=50.00%  Train=3.610s  RAM=148.968 MB
2026-06-01 11:04:01 | INFO | [CLUSTER - ncluster=148] AUC-ROC=50.00%  Train=6.782s  RAM=151.541 MB
2026-06-01 11:04:01 | INFO | [CLUSTER - ncluster=151] AUC-ROC=50.00%  Train=4.611s  RAM=154.106 MB
2026-06-01 11:04:01 | INFO | [CLUSTER - ncluster=154] AUC-ROC=50.00%  Train=5.849s  RAM=156.675 MB
2026-06-01 11:04:01 | INFO | [CLUSTER - ncluster=157] AUC-ROC=50.00%  Train=5.659s  RAM=159.243 MB
2026-06-01 11:04:01 | INFO | [CLUSTER - ncluster=160] AUC-ROC=50.00%  Train=3.404s  RAM=161.813 MB
2026-06-01 11:04:01 | INFO | [CLUSTER - ncluster=163] AUC-ROC=50.00%  Train=5.961s  RAM=164.375 MB
2026-06-01 11:04:01 | INFO | [CLUSTER - ncluster=166] AUC-ROC=50.00%  Train=6.996s  RAM=166.947 MB
2026-06-01 11:04:01 | INFO | [CLUSTER - ncluster=169] AUC-ROC=50.00%  Train=5.731s  RAM=169.517 MB
2026-06-01 11:04:01 | INFO | [CLUSTER - ncluster=172] AUC-ROC=50.00%  Train=4.839s  RAM=172.084 MB
2026-06-01 11:04:01 | INFO | [CLUSTER - ncluster=175] AUC-ROC=50.00%  Train=6.636s  RAM=174.656 MB
2026-06-01 11:04:01 | INFO | [CLUSTER - ncluster=178] AUC-ROC=50.00%  Train=5.651s  RAM=177.22 MB
2026-06-01 11:04:01 | INFO | [CLUSTER - ncluster=181] AUC-ROC=50.00%  Train=5.525s  RAM=179.79 MB
2026-06-01 11:04:01 | INFO | [CLUSTER - ncluster=184] AUC-ROC=50.00%  Train=6.311s  RAM=182.359 MB
2026-06-01 11:04:01 | INFO | [CLUSTER - ncluster=187] AUC-ROC=50.00%  Train=6.924s  RAM=184.927 MB
2026-06-01 11:04:01 | INFO | [CLUSTER - ncluster=190] AUC-ROC=50.00%  Train=6.843s  RAM=187.497 MB
2026-06-01 11:04:01 | INFO | [CLUSTER - ncluster=193] AUC-ROC=50.00%  Train=4.984s  RAM=190.062 MB
2026-06-01 11:04:01 | INFO | [CLUSTER - ncluster=196] AUC-ROC=50.00%  Train=4.033s  RAM=192.634 MB
2026-06-01 11:04:01 | INFO | [CLUSTER - ncluster=199] AUC-ROC=50.00%  Train=6.300s  RAM=195.2 MB
2026-06-01 11:04:01 | INFO | [CLUSTER - ncluster=202] AUC-ROC=50.00%  Train=5.280s  RAM=197.769 MB
2026-06-01 11:04:01 | INFO | [CLUSTER - ncluster=205] AUC-ROC=50.00%  Train=4.938s  RAM=200.341 MB
2026-06-01 11:04:01 | INFO | [CLUSTER - ncluster=208] AUC-ROC=50.00%  Train=5.828s  RAM=202.906 MB
2026-06-01 11:04:01 | INFO | [CLUSTER - ncluster=211] AUC-ROC=50.00%  Train=4.705s  RAM=205.478 MB
2026-06-01 11:04:02 | INFO | [CLUSTER - ncluster=214] AUC-ROC=50.00%  Train=5.455s  RAM=208.044 MB
2026-06-01 11:04:02 | INFO | [CLUSTER - ncluster=217] AUC-ROC=50.00%  Train=4.995s  RAM=210.612 MB
2026-06-01 11:04:02 | INFO | [CLUSTER - ncluster=220] AUC-ROC=50.00%  Train=6.597s  RAM=213.184 MB
2026-06-01 11:04:02 | INFO | [CLUSTER - ncluster=223] AUC-ROC=50.00%  Train=5.701s  RAM=215.75 MB
2026-06-01 11:04:02 | INFO | [CLUSTER - ncluster=226] AUC-ROC=50.00%  Train=2.142s  RAM=218.322 MB
2026-06-01 11:04:02 | INFO | [CLUSTER - ncluster=229] AUC-ROC=50.00%  Train=5.136s  RAM=220.888 MB
2026-06-01 11:04:02 | INFO | [CLUSTER - ncluster=232] AUC-ROC=50.00%  Train=2.177s  RAM=223.457 MB
2026-06-01 11:04:02 | INFO | [CLUSTER - ncluster=235] AUC-ROC=50.00%  Train=3.854s  RAM=226.028 MB
2026-06-01 11:04:02 | INFO | [CLUSTER - ncluster=238] AUC-ROC=50.00%  Train=4.055s  RAM=228.595 MB
2026-06-01 11:04:02 | INFO | [CLUSTER - ncluster=241] AUC-ROC=50.00%  Train=5.166s  RAM=231.164 MB
2026-06-01 11:04:02 | INFO | [CLUSTER - ncluster=244] AUC-ROC=50.00%  Train=3.464s  RAM=233.732 MB
2026-06-01 11:04:02 | INFO | [CLUSTER - ncluster=247] AUC-ROC=50.00%  Train=2.657s  RAM=236.312 MB
2026-06-01 11:04:02 | INFO | [CLUSTER - ncluster=250] AUC-ROC=50.00%  Train=2.480s  RAM=238.87 MB
2026-06-01 11:04:02 | INFO | [CLUSTER - ncluster=253] AUC-ROC=50.00%  Train=2.801s  RAM=241.442 MB
2026-06-01 11:04:02 | INFO | [CLUSTER - ncluster=256] AUC-ROC=50.00%  Train=2.103s  RAM=244.007 MB
2026-06-01 11:04:02 | INFO | [CLUSTER - ncluster=259] AUC-ROC=50.00%  Train=4.435s  RAM=246.572 MB
2026-06-01 11:04:02 | INFO | [CLUSTER - ncluster=262] AUC-ROC=50.00%  Train=4.076s  RAM=249.145 MB
2026-06-01 11:04:02 | INFO | [CLUSTER - ncluster=265] AUC-ROC=50.00%  Train=3.170s  RAM=251.708 MB
2026-06-01 11:04:02 | INFO | [CLUSTER - ncluster=268] AUC-ROC=50.00%  Train=2.874s  RAM=254.281 MB
2026-06-01 11:04:02 | INFO | [CLUSTER - ncluster=271] AUC-ROC=50.00%  Train=2.493s  RAM=256.854 MB
2026-06-01 11:04:02 | INFO | [CLUSTER - ncluster=274] AUC-ROC=50.00%  Train=2.572s  RAM=259.422 MB
2026-06-01 11:04:02 | INFO | [CLUSTER - ncluster=277] AUC-ROC=50.00%  Train=2.240s  RAM=261.998 MB
2026-06-01 11:04:02 | INFO | [CLUSTER - ncluster=280] AUC-ROC=50.00%  Train=1.567s  RAM=264.557 MB
2026-06-01 11:04:02 | INFO | [CLUSTER - ncluster=283] AUC-ROC=50.00%  Train=2.453s  RAM=267.125 MB
2026-06-01 11:04:02 | INFO | [CLUSTER - ncluster=286] AUC-ROC=50.00%  Train=2.333s  RAM=269.695 MB
2026-06-01 11:04:02 | INFO | [CLUSTER - ncluster=289] AUC-ROC=50.00%  Train=1.210s  RAM=272.265 MB
2026-06-01 11:04:02 | INFO | [CLUSTER - ncluster=292] AUC-ROC=50.00%  Train=0.441s  RAM=274.832 MB
2026-06-01 11:04:02 | INFO | [CLUSTER - ncluster=295] AUC-ROC=50.00%  Train=1.341s  RAM=277.396 MB
2026-06-01 11:04:02 | INFO | [CLUSTER - ncluster=298] AUC-ROC=50.00%  Train=1.937s  RAM=279.966 MB
2026-06-01 11:04:02 | INFO | ============================================================
2026-06-01 11:04:02 | INFO | Dataset      : Train_cluster_RobustScaler_data_EdgeIIoTset.csv
2026-06-01 11:04:02 | INFO | Anomaly Mode : CLUSTER
2026-06-01 11:04:02 | INFO | Scaler       : RobustScaler
2026-06-01 11:04:02 | INFO | nClusters    : 100 values
2026-06-01 11:04:02 | INFO | ============================================================
2026-06-01 11:04:06 | INFO | Loaded Shape -> Train: (30000, 53), Test: (30000, 53)
2026-06-01 11:04:06 | INFO | Parallel execution on 32 cores for 100 clusters...
2026-06-01 11:11:50 | INFO | [CLUSTER - ncluster=1] AUC-ROC=57.31%  Train=6.376s  RAM=43.831 MB
2026-06-01 11:11:50 | INFO | [CLUSTER - ncluster=4] AUC-ROC=78.35%  Train=4.130s  RAM=43.839 MB
2026-06-01 11:11:50 | INFO | [CLUSTER - ncluster=7] AUC-ROC=78.29%  Train=6.226s  RAM=43.842 MB
2026-06-01 11:11:50 | INFO | [CLUSTER - ncluster=10] AUC-ROC=78.32%  Train=3.023s  RAM=43.842 MB
2026-06-01 11:11:50 | INFO | [CLUSTER - ncluster=13] AUC-ROC=78.35%  Train=3.239s  RAM=43.841 MB
2026-06-01 11:11:50 | INFO | [CLUSTER - ncluster=16] AUC-ROC=78.37%  Train=2.532s  RAM=43.842 MB
2026-06-01 11:11:50 | INFO | [CLUSTER - ncluster=19] AUC-ROC=78.21%  Train=4.330s  RAM=43.844 MB
2026-06-01 11:11:50 | INFO | [CLUSTER - ncluster=22] AUC-ROC=78.13%  Train=4.454s  RAM=43.839 MB
2026-06-01 11:11:50 | INFO | [CLUSTER - ncluster=25] AUC-ROC=78.28%  Train=4.312s  RAM=46.227 MB
2026-06-01 11:11:50 | INFO | [CLUSTER - ncluster=28] AUC-ROC=78.22%  Train=6.196s  RAM=48.805 MB
2026-06-01 11:11:50 | INFO | [CLUSTER - ncluster=31] AUC-ROC=78.29%  Train=4.784s  RAM=51.373 MB
2026-06-01 11:11:50 | INFO | [CLUSTER - ncluster=34] AUC-ROC=78.01%  Train=5.592s  RAM=53.938 MB
2026-06-01 11:11:50 | INFO | [CLUSTER - ncluster=37] AUC-ROC=77.09%  Train=5.504s  RAM=56.506 MB
2026-06-01 11:11:50 | INFO | [CLUSTER - ncluster=40] AUC-ROC=77.16%  Train=2.633s  RAM=59.075 MB
2026-06-01 11:11:50 | INFO | [CLUSTER - ncluster=43] AUC-ROC=77.14%  Train=5.143s  RAM=61.647 MB
2026-06-01 11:11:50 | INFO | [CLUSTER - ncluster=46] AUC-ROC=77.11%  Train=4.221s  RAM=64.214 MB
2026-06-01 11:11:50 | INFO | [CLUSTER - ncluster=49] AUC-ROC=77.18%  Train=3.197s  RAM=66.783 MB
2026-06-01 11:11:50 | INFO | [CLUSTER - ncluster=52] AUC-ROC=77.06%  Train=3.324s  RAM=69.351 MB
2026-06-01 11:11:50 | INFO | [CLUSTER - ncluster=55] AUC-ROC=76.93%  Train=4.888s  RAM=71.916 MB
2026-06-01 11:11:50 | INFO | [CLUSTER - ncluster=58] AUC-ROC=76.51%  Train=6.442s  RAM=74.479 MB
2026-06-01 11:11:50 | INFO | [CLUSTER - ncluster=61] AUC-ROC=76.87%  Train=5.701s  RAM=77.047 MB
2026-06-01 11:11:50 | INFO | [CLUSTER - ncluster=64] AUC-ROC=76.30%  Train=6.775s  RAM=79.62 MB
2026-06-01 11:11:50 | INFO | [CLUSTER - ncluster=67] AUC-ROC=75.95%  Train=5.715s  RAM=82.186 MB
2026-06-01 11:11:50 | INFO | [CLUSTER - ncluster=70] AUC-ROC=75.70%  Train=5.328s  RAM=84.754 MB
2026-06-01 11:11:50 | INFO | [CLUSTER - ncluster=73] AUC-ROC=50.00%  Train=5.632s  RAM=87.323 MB
2026-06-01 11:11:50 | INFO | [CLUSTER - ncluster=76] AUC-ROC=50.00%  Train=3.646s  RAM=89.889 MB
2026-06-01 11:11:50 | INFO | [CLUSTER - ncluster=79] AUC-ROC=50.00%  Train=2.695s  RAM=92.458 MB
2026-06-01 11:11:50 | INFO | [CLUSTER - ncluster=82] AUC-ROC=50.00%  Train=2.368s  RAM=95.029 MB
2026-06-01 11:11:50 | INFO | [CLUSTER - ncluster=85] AUC-ROC=50.00%  Train=5.755s  RAM=97.596 MB
2026-06-01 11:11:50 | INFO | [CLUSTER - ncluster=88] AUC-ROC=50.00%  Train=4.726s  RAM=100.159 MB
2026-06-01 11:11:50 | INFO | [CLUSTER - ncluster=91] AUC-ROC=50.00%  Train=4.691s  RAM=102.731 MB
2026-06-01 11:11:50 | INFO | [CLUSTER - ncluster=94] AUC-ROC=50.00%  Train=1.875s  RAM=105.304 MB
2026-06-01 11:11:50 | INFO | [CLUSTER - ncluster=97] AUC-ROC=50.00%  Train=3.866s  RAM=107.87 MB
2026-06-01 11:11:50 | INFO | [CLUSTER - ncluster=100] AUC-ROC=50.00%  Train=4.379s  RAM=110.436 MB
2026-06-01 11:11:50 | INFO | [CLUSTER - ncluster=103] AUC-ROC=50.00%  Train=6.416s  RAM=113.01 MB
2026-06-01 11:11:50 | INFO | [CLUSTER - ncluster=106] AUC-ROC=50.00%  Train=5.583s  RAM=115.575 MB
2026-06-01 11:11:50 | INFO | [CLUSTER - ncluster=109] AUC-ROC=50.00%  Train=5.822s  RAM=118.148 MB
2026-06-01 11:11:50 | INFO | [CLUSTER - ncluster=112] AUC-ROC=50.00%  Train=5.547s  RAM=120.714 MB
2026-06-01 11:11:50 | INFO | [CLUSTER - ncluster=115] AUC-ROC=50.00%  Train=5.062s  RAM=123.284 MB
2026-06-01 11:11:50 | INFO | [CLUSTER - ncluster=118] AUC-ROC=50.00%  Train=5.504s  RAM=125.853 MB
2026-06-01 11:11:50 | INFO | [CLUSTER - ncluster=121] AUC-ROC=50.00%  Train=5.348s  RAM=128.416 MB
2026-06-01 11:11:50 | INFO | [CLUSTER - ncluster=124] AUC-ROC=50.00%  Train=5.118s  RAM=130.986 MB
2026-06-01 11:11:50 | INFO | [CLUSTER - ncluster=127] AUC-ROC=50.00%  Train=5.139s  RAM=133.556 MB
2026-06-01 11:11:50 | INFO | [CLUSTER - ncluster=130] AUC-ROC=50.00%  Train=5.361s  RAM=136.126 MB
2026-06-01 11:11:50 | INFO | [CLUSTER - ncluster=133] AUC-ROC=50.00%  Train=4.184s  RAM=138.694 MB
2026-06-01 11:11:50 | INFO | [CLUSTER - ncluster=136] AUC-ROC=50.00%  Train=6.153s  RAM=141.263 MB
2026-06-01 11:11:50 | INFO | [CLUSTER - ncluster=139] AUC-ROC=50.00%  Train=5.125s  RAM=143.832 MB
2026-06-01 11:11:50 | INFO | [CLUSTER - ncluster=142] AUC-ROC=50.00%  Train=5.846s  RAM=146.399 MB
2026-06-01 11:11:50 | INFO | [CLUSTER - ncluster=145] AUC-ROC=50.00%  Train=4.854s  RAM=148.97 MB
2026-06-01 11:11:50 | INFO | [CLUSTER - ncluster=148] AUC-ROC=50.00%  Train=5.578s  RAM=151.536 MB
2026-06-01 11:11:50 | INFO | [CLUSTER - ncluster=151] AUC-ROC=50.00%  Train=4.691s  RAM=154.107 MB
2026-06-01 11:11:50 | INFO | [CLUSTER - ncluster=154] AUC-ROC=50.00%  Train=5.502s  RAM=156.676 MB
2026-06-01 11:11:50 | INFO | [CLUSTER - ncluster=157] AUC-ROC=50.00%  Train=6.326s  RAM=159.243 MB
2026-06-01 11:11:50 | INFO | [CLUSTER - ncluster=160] AUC-ROC=50.00%  Train=6.014s  RAM=161.812 MB
2026-06-01 11:11:50 | INFO | [CLUSTER - ncluster=163] AUC-ROC=50.00%  Train=4.146s  RAM=164.375 MB
2026-06-01 11:11:50 | INFO | [CLUSTER - ncluster=166] AUC-ROC=50.00%  Train=4.807s  RAM=166.945 MB
2026-06-01 11:11:50 | INFO | [CLUSTER - ncluster=169] AUC-ROC=50.00%  Train=5.883s  RAM=169.515 MB
2026-06-01 11:11:50 | INFO | [CLUSTER - ncluster=172] AUC-ROC=50.00%  Train=4.348s  RAM=172.081 MB
2026-06-01 11:11:50 | INFO | [CLUSTER - ncluster=175] AUC-ROC=50.00%  Train=5.307s  RAM=174.654 MB
2026-06-01 11:11:50 | INFO | [CLUSTER - ncluster=178] AUC-ROC=50.00%  Train=3.142s  RAM=177.223 MB
2026-06-01 11:11:50 | INFO | [CLUSTER - ncluster=181] AUC-ROC=50.00%  Train=5.396s  RAM=179.792 MB
2026-06-01 11:11:50 | INFO | [CLUSTER - ncluster=184] AUC-ROC=50.00%  Train=2.605s  RAM=182.357 MB
2026-06-01 11:11:50 | INFO | [CLUSTER - ncluster=187] AUC-ROC=50.00%  Train=4.865s  RAM=184.93 MB
2026-06-01 11:11:50 | INFO | [CLUSTER - ncluster=190] AUC-ROC=50.00%  Train=4.450s  RAM=187.497 MB
2026-06-01 11:11:50 | INFO | [CLUSTER - ncluster=193] AUC-ROC=50.00%  Train=3.978s  RAM=190.063 MB
2026-06-01 11:11:50 | INFO | [CLUSTER - ncluster=196] AUC-ROC=50.00%  Train=5.367s  RAM=192.636 MB
2026-06-01 11:11:50 | INFO | [CLUSTER - ncluster=199] AUC-ROC=50.00%  Train=2.895s  RAM=195.203 MB
2026-06-01 11:11:50 | INFO | [CLUSTER - ncluster=202] AUC-ROC=50.00%  Train=4.381s  RAM=197.768 MB
2026-06-01 11:11:50 | INFO | [CLUSTER - ncluster=205] AUC-ROC=50.00%  Train=4.501s  RAM=200.337 MB
2026-06-01 11:11:50 | INFO | [CLUSTER - ncluster=208] AUC-ROC=50.00%  Train=4.253s  RAM=202.91 MB
2026-06-01 11:11:50 | INFO | [CLUSTER - ncluster=211] AUC-ROC=50.00%  Train=2.620s  RAM=205.478 MB
2026-06-01 11:11:50 | INFO | [CLUSTER - ncluster=214] AUC-ROC=50.00%  Train=3.574s  RAM=208.042 MB
2026-06-01 11:11:50 | INFO | [CLUSTER - ncluster=217] AUC-ROC=50.00%  Train=4.286s  RAM=210.616 MB
2026-06-01 11:11:50 | INFO | [CLUSTER - ncluster=220] AUC-ROC=50.00%  Train=5.487s  RAM=213.183 MB
2026-06-01 11:11:50 | INFO | [CLUSTER - ncluster=223] AUC-ROC=50.00%  Train=2.441s  RAM=215.749 MB
2026-06-01 11:11:50 | INFO | [CLUSTER - ncluster=226] AUC-ROC=50.00%  Train=3.210s  RAM=218.32 MB
2026-06-01 11:11:50 | INFO | [CLUSTER - ncluster=229] AUC-ROC=50.00%  Train=3.132s  RAM=220.89 MB
2026-06-01 11:11:50 | INFO | [CLUSTER - ncluster=232] AUC-ROC=50.00%  Train=2.599s  RAM=223.457 MB
2026-06-01 11:11:50 | INFO | [CLUSTER - ncluster=235] AUC-ROC=50.00%  Train=2.482s  RAM=226.026 MB
2026-06-01 11:11:50 | INFO | [CLUSTER - ncluster=238] AUC-ROC=50.00%  Train=2.008s  RAM=228.593 MB
2026-06-01 11:11:50 | INFO | [CLUSTER - ncluster=241] AUC-ROC=50.00%  Train=2.450s  RAM=231.164 MB
2026-06-01 11:11:50 | INFO | [CLUSTER - ncluster=244] AUC-ROC=50.00%  Train=2.197s  RAM=233.737 MB
2026-06-01 11:11:50 | INFO | [CLUSTER - ncluster=247] AUC-ROC=50.00%  Train=2.204s  RAM=236.301 MB
2026-06-01 11:11:50 | INFO | [CLUSTER - ncluster=250] AUC-ROC=50.00%  Train=1.876s  RAM=238.87 MB
2026-06-01 11:11:50 | INFO | [CLUSTER - ncluster=253] AUC-ROC=50.00%  Train=1.078s  RAM=241.439 MB
2026-06-01 11:11:50 | INFO | [CLUSTER - ncluster=256] AUC-ROC=50.00%  Train=1.764s  RAM=244.004 MB
2026-06-01 11:11:50 | INFO | [CLUSTER - ncluster=259] AUC-ROC=50.00%  Train=1.595s  RAM=246.571 MB
2026-06-01 11:11:50 | INFO | [CLUSTER - ncluster=262] AUC-ROC=50.00%  Train=1.800s  RAM=249.142 MB
2026-06-01 11:11:50 | INFO | [CLUSTER - ncluster=265] AUC-ROC=50.00%  Train=1.552s  RAM=251.709 MB
2026-06-01 11:11:50 | INFO | [CLUSTER - ncluster=268] AUC-ROC=50.00%  Train=3.910s  RAM=254.277 MB
2026-06-01 11:11:50 | INFO | [CLUSTER - ncluster=271] AUC-ROC=50.00%  Train=4.247s  RAM=256.844 MB
2026-06-01 11:11:50 | INFO | [CLUSTER - ncluster=274] AUC-ROC=50.00%  Train=2.715s  RAM=259.419 MB
2026-06-01 11:11:50 | INFO | [CLUSTER - ncluster=277] AUC-ROC=50.00%  Train=0.796s  RAM=261.983 MB
2026-06-01 11:11:50 | INFO | [CLUSTER - ncluster=280] AUC-ROC=50.00%  Train=2.666s  RAM=264.558 MB
2026-06-01 11:11:50 | INFO | [CLUSTER - ncluster=283] AUC-ROC=50.00%  Train=4.183s  RAM=267.125 MB
2026-06-01 11:11:50 | INFO | [CLUSTER - ncluster=286] AUC-ROC=50.00%  Train=5.412s  RAM=269.695 MB
2026-06-01 11:11:50 | INFO | [CLUSTER - ncluster=289] AUC-ROC=50.00%  Train=2.392s  RAM=272.261 MB
2026-06-01 11:11:50 | INFO | [CLUSTER - ncluster=292] AUC-ROC=50.00%  Train=3.595s  RAM=274.83 MB
2026-06-01 11:11:50 | INFO | [CLUSTER - ncluster=295] AUC-ROC=50.00%  Train=3.030s  RAM=277.398 MB
2026-06-01 11:11:50 | INFO | [CLUSTER - ncluster=298] AUC-ROC=50.00%  Train=1.545s  RAM=279.963 MB
