2026-06-01 11:47:41 | INFO | Run started at 20260601_095531
2026-06-01 11:47:41 | INFO | ============================================================
2026-06-01 11:47:41 | INFO | Dataset      : Train_local_StandardScaler_data_IoTID20.csv
2026-06-01 11:47:41 | INFO | Anomaly Mode : LOCAL
2026-06-01 11:47:41 | INFO | Scaler       : StandardScaler
2026-06-01 11:47:41 | INFO | nClusters    : 100 values
2026-06-01 11:47:41 | INFO | ============================================================
2026-06-01 11:47:46 | INFO | Loaded Shape -> Train: (30878, 94), Test: (22720, 94)
2026-06-01 11:47:46 | INFO | Parallel execution on 32 cores for 100 clusters...
2026-06-01 12:02:25 | INFO | [LOCAL - ncluster=1] AUC-ROC=86.91%  Train=12.782s  RAM=80.611 MB
2026-06-01 12:02:25 | INFO | [LOCAL - ncluster=4] AUC-ROC=93.75%  Train=14.302s  RAM=80.613 MB
2026-06-01 12:02:25 | INFO | [LOCAL - ncluster=7] AUC-ROC=98.69%  Train=12.430s  RAM=80.615 MB
2026-06-01 12:02:25 | INFO | [LOCAL - ncluster=10] AUC-ROC=98.91%  Train=12.169s  RAM=80.621 MB
2026-06-01 12:02:25 | INFO | [LOCAL - ncluster=13] AUC-ROC=98.87%  Train=13.626s  RAM=80.614 MB
2026-06-01 12:02:25 | INFO | [LOCAL - ncluster=16] AUC-ROC=98.92%  Train=11.070s  RAM=80.618 MB
2026-06-01 12:02:25 | INFO | [LOCAL - ncluster=19] AUC-ROC=98.90%  Train=15.050s  RAM=80.619 MB
2026-06-01 12:02:25 | INFO | [LOCAL - ncluster=22] AUC-ROC=98.91%  Train=14.912s  RAM=80.626 MB
2026-06-01 12:02:25 | INFO | [LOCAL - ncluster=25] AUC-ROC=98.92%  Train=15.590s  RAM=80.623 MB
2026-06-01 12:02:25 | INFO | [LOCAL - ncluster=28] AUC-ROC=98.91%  Train=11.561s  RAM=84.358 MB
2026-06-01 12:02:25 | INFO | [LOCAL - ncluster=31] AUC-ROC=98.98%  Train=15.809s  RAM=88.893 MB
2026-06-01 12:02:25 | INFO | [LOCAL - ncluster=34] AUC-ROC=98.94%  Train=9.894s  RAM=93.432 MB
2026-06-01 12:02:25 | INFO | [LOCAL - ncluster=37] AUC-ROC=98.96%  Train=14.664s  RAM=97.968 MB
2026-06-01 12:02:25 | INFO | [LOCAL - ncluster=40] AUC-ROC=98.95%  Train=15.374s  RAM=102.506 MB
2026-06-01 12:02:25 | INFO | [LOCAL - ncluster=43] AUC-ROC=99.00%  Train=15.987s  RAM=107.043 MB
2026-06-01 12:02:25 | INFO | [LOCAL - ncluster=46] AUC-ROC=99.05%  Train=17.959s  RAM=111.575 MB
2026-06-01 12:02:25 | INFO | [LOCAL - ncluster=49] AUC-ROC=99.03%  Train=12.700s  RAM=116.116 MB
2026-06-01 12:02:25 | INFO | [LOCAL - ncluster=52] AUC-ROC=99.09%  Train=13.959s  RAM=120.653 MB
2026-06-01 12:02:25 | INFO | [LOCAL - ncluster=55] AUC-ROC=99.09%  Train=13.233s  RAM=125.192 MB
2026-06-01 12:02:25 | INFO | [LOCAL - ncluster=58] AUC-ROC=99.08%  Train=15.078s  RAM=129.728 MB
2026-06-01 12:02:25 | INFO | [LOCAL - ncluster=61] AUC-ROC=99.11%  Train=12.026s  RAM=134.264 MB
2026-06-01 12:02:25 | INFO | [LOCAL - ncluster=64] AUC-ROC=99.05%  Train=16.242s  RAM=138.803 MB
2026-06-01 12:02:25 | INFO | [LOCAL - ncluster=67] AUC-ROC=99.09%  Train=19.165s  RAM=143.34 MB
2026-06-01 12:02:25 | INFO | [LOCAL - ncluster=70] AUC-ROC=99.08%  Train=12.371s  RAM=147.878 MB
2026-06-01 12:02:25 | INFO | [LOCAL - ncluster=73] AUC-ROC=99.06%  Train=14.211s  RAM=152.413 MB
2026-06-01 12:02:25 | INFO | [LOCAL - ncluster=76] AUC-ROC=99.05%  Train=13.137s  RAM=156.951 MB
2026-06-01 12:02:25 | INFO | [LOCAL - ncluster=79] AUC-ROC=99.10%  Train=14.843s  RAM=161.484 MB
2026-06-01 12:02:25 | INFO | [LOCAL - ncluster=82] AUC-ROC=99.09%  Train=13.102s  RAM=166.026 MB
2026-06-01 12:02:25 | INFO | [LOCAL - ncluster=85] AUC-ROC=99.12%  Train=14.691s  RAM=170.558 MB
2026-06-01 12:02:25 | INFO | [LOCAL - ncluster=88] AUC-ROC=99.08%  Train=15.616s  RAM=175.097 MB
2026-06-01 12:02:25 | INFO | [LOCAL - ncluster=91] AUC-ROC=99.16%  Train=14.198s  RAM=179.636 MB
2026-06-01 12:02:25 | INFO | [LOCAL - ncluster=94] AUC-ROC=99.09%  Train=14.873s  RAM=184.17 MB
2026-06-01 12:02:25 | INFO | [LOCAL - ncluster=97] AUC-ROC=99.10%  Train=13.434s  RAM=188.709 MB
2026-06-01 12:02:25 | INFO | [LOCAL - ncluster=100] AUC-ROC=99.09%  Train=14.144s  RAM=193.243 MB
2026-06-01 12:02:25 | INFO | [LOCAL - ncluster=103] AUC-ROC=99.12%  Train=12.122s  RAM=197.781 MB
2026-06-01 12:02:25 | INFO | [LOCAL - ncluster=106] AUC-ROC=99.10%  Train=11.731s  RAM=202.32 MB
2026-06-01 12:02:25 | INFO | [LOCAL - ncluster=109] AUC-ROC=99.09%  Train=9.443s  RAM=206.854 MB
2026-06-01 12:02:25 | INFO | [LOCAL - ncluster=112] AUC-ROC=99.10%  Train=6.656s  RAM=211.391 MB
2026-06-01 12:02:25 | INFO | [LOCAL - ncluster=115] AUC-ROC=99.10%  Train=9.855s  RAM=215.93 MB
2026-06-01 12:02:25 | INFO | [LOCAL - ncluster=118] AUC-ROC=99.14%  Train=10.960s  RAM=220.469 MB
2026-06-01 12:02:25 | INFO | [LOCAL - ncluster=121] AUC-ROC=99.18%  Train=9.809s  RAM=225.008 MB
2026-06-01 12:02:25 | INFO | [LOCAL - ncluster=124] AUC-ROC=99.14%  Train=13.134s  RAM=229.545 MB
2026-06-01 12:02:25 | INFO | [LOCAL - ncluster=127] AUC-ROC=99.14%  Train=10.810s  RAM=234.081 MB
2026-06-01 12:02:25 | INFO | [LOCAL - ncluster=130] AUC-ROC=99.16%  Train=10.391s  RAM=238.619 MB
2026-06-01 12:02:25 | INFO | [LOCAL - ncluster=133] AUC-ROC=99.12%  Train=13.251s  RAM=243.157 MB
2026-06-01 12:02:25 | INFO | [LOCAL - ncluster=136] AUC-ROC=99.16%  Train=9.476s  RAM=247.692 MB
2026-06-01 12:02:25 | INFO | [LOCAL - ncluster=139] AUC-ROC=99.17%  Train=11.060s  RAM=252.23 MB
2026-06-01 12:02:25 | INFO | [LOCAL - ncluster=142] AUC-ROC=99.13%  Train=11.426s  RAM=256.768 MB
2026-06-01 12:02:25 | INFO | [LOCAL - ncluster=145] AUC-ROC=99.14%  Train=10.196s  RAM=261.305 MB
2026-06-01 12:02:25 | INFO | [LOCAL - ncluster=148] AUC-ROC=99.21%  Train=10.187s  RAM=265.842 MB
2026-06-01 12:02:25 | INFO | [LOCAL - ncluster=151] AUC-ROC=99.11%  Train=9.323s  RAM=270.376 MB
2026-06-01 12:02:25 | INFO | [LOCAL - ncluster=154] AUC-ROC=99.15%  Train=6.803s  RAM=274.915 MB
2026-06-01 12:02:25 | INFO | [LOCAL - ncluster=157] AUC-ROC=99.15%  Train=7.267s  RAM=279.455 MB
2026-06-01 12:02:25 | INFO | [LOCAL - ncluster=160] AUC-ROC=99.16%  Train=7.739s  RAM=283.991 MB
2026-06-01 12:02:25 | INFO | [LOCAL - ncluster=163] AUC-ROC=99.13%  Train=17.996s  RAM=288.524 MB
2026-06-01 12:02:25 | INFO | [LOCAL - ncluster=166] AUC-ROC=99.13%  Train=17.488s  RAM=293.065 MB
2026-06-01 12:02:25 | INFO | [LOCAL - ncluster=169] AUC-ROC=99.19%  Train=11.961s  RAM=297.601 MB
2026-06-01 12:02:25 | INFO | [LOCAL - ncluster=172] AUC-ROC=99.19%  Train=15.641s  RAM=302.143 MB
2026-06-01 12:02:25 | INFO | [LOCAL - ncluster=175] AUC-ROC=99.18%  Train=13.431s  RAM=306.677 MB
2026-06-01 12:02:25 | INFO | [LOCAL - ncluster=178] AUC-ROC=99.19%  Train=13.869s  RAM=311.21 MB
2026-06-01 12:02:25 | INFO | [LOCAL - ncluster=181] AUC-ROC=99.18%  Train=14.666s  RAM=315.746 MB
2026-06-01 12:02:25 | INFO | [LOCAL - ncluster=184] AUC-ROC=99.20%  Train=17.098s  RAM=320.288 MB
2026-06-01 12:02:25 | INFO | [LOCAL - ncluster=187] AUC-ROC=99.20%  Train=18.574s  RAM=324.824 MB
2026-06-01 12:02:25 | INFO | [LOCAL - ncluster=190] AUC-ROC=99.21%  Train=11.450s  RAM=329.357 MB
2026-06-01 12:02:25 | INFO | [LOCAL - ncluster=193] AUC-ROC=99.16%  Train=19.174s  RAM=333.9 MB
2026-06-01 12:02:25 | INFO | [LOCAL - ncluster=196] AUC-ROC=99.18%  Train=14.448s  RAM=338.431 MB
2026-06-01 12:02:25 | INFO | [LOCAL - ncluster=199] AUC-ROC=99.20%  Train=11.894s  RAM=342.97 MB
2026-06-01 12:02:25 | INFO | [LOCAL - ncluster=202] AUC-ROC=99.19%  Train=14.373s  RAM=347.503 MB
2026-06-01 12:02:25 | INFO | [LOCAL - ncluster=205] AUC-ROC=99.17%  Train=14.619s  RAM=352.044 MB
2026-06-01 12:02:25 | INFO | [LOCAL - ncluster=208] AUC-ROC=99.17%  Train=14.336s  RAM=356.579 MB
2026-06-01 12:02:26 | INFO | [LOCAL - ncluster=211] AUC-ROC=99.17%  Train=15.215s  RAM=361.122 MB
2026-06-01 12:02:26 | INFO | [LOCAL - ncluster=214] AUC-ROC=99.19%  Train=15.466s  RAM=365.654 MB
2026-06-01 12:02:26 | INFO | [LOCAL - ncluster=217] AUC-ROC=99.15%  Train=13.334s  RAM=370.193 MB
2026-06-01 12:02:26 | INFO | [LOCAL - ncluster=220] AUC-ROC=99.12%  Train=13.176s  RAM=374.733 MB
2026-06-01 12:02:26 | INFO | [LOCAL - ncluster=223] AUC-ROC=99.17%  Train=12.951s  RAM=379.269 MB
2026-06-01 12:02:26 | INFO | [LOCAL - ncluster=226] AUC-ROC=99.19%  Train=11.617s  RAM=383.805 MB
2026-06-01 12:02:26 | INFO | [LOCAL - ncluster=229] AUC-ROC=99.14%  Train=12.385s  RAM=388.344 MB
2026-06-01 12:02:26 | INFO | [LOCAL - ncluster=232] AUC-ROC=99.20%  Train=13.488s  RAM=392.882 MB
2026-06-01 12:02:26 | INFO | [LOCAL - ncluster=235] AUC-ROC=99.15%  Train=9.828s  RAM=397.421 MB
2026-06-01 12:02:26 | INFO | [LOCAL - ncluster=238] AUC-ROC=99.16%  Train=12.832s  RAM=401.956 MB
2026-06-01 12:02:26 | INFO | [LOCAL - ncluster=241] AUC-ROC=99.15%  Train=13.278s  RAM=406.492 MB
2026-06-01 12:02:26 | INFO | [LOCAL - ncluster=244] AUC-ROC=99.19%  Train=9.539s  RAM=411.03 MB
2026-06-01 12:02:26 | INFO | [LOCAL - ncluster=247] AUC-ROC=99.19%  Train=9.154s  RAM=415.563 MB
2026-06-01 12:02:26 | INFO | [LOCAL - ncluster=250] AUC-ROC=99.19%  Train=10.726s  RAM=420.108 MB
2026-06-01 12:02:26 | INFO | [LOCAL - ncluster=253] AUC-ROC=99.23%  Train=5.972s  RAM=424.642 MB
2026-06-01 12:02:26 | INFO | [LOCAL - ncluster=256] AUC-ROC=99.18%  Train=6.498s  RAM=429.177 MB
2026-06-01 12:02:26 | INFO | [LOCAL - ncluster=259] AUC-ROC=99.23%  Train=6.073s  RAM=433.716 MB
2026-06-01 12:02:26 | INFO | [LOCAL - ncluster=262] AUC-ROC=99.17%  Train=4.919s  RAM=438.254 MB
2026-06-01 12:02:26 | INFO | [LOCAL - ncluster=265] AUC-ROC=99.22%  Train=7.729s  RAM=442.789 MB
2026-06-01 12:02:26 | INFO | [LOCAL - ncluster=268] AUC-ROC=99.17%  Train=3.248s  RAM=447.326 MB
2026-06-01 12:02:26 | INFO | [LOCAL - ncluster=271] AUC-ROC=99.21%  Train=7.228s  RAM=451.859 MB
2026-06-01 12:02:26 | INFO | [LOCAL - ncluster=274] AUC-ROC=99.16%  Train=6.969s  RAM=456.398 MB
2026-06-01 12:02:26 | INFO | [LOCAL - ncluster=277] AUC-ROC=99.23%  Train=7.115s  RAM=460.936 MB
2026-06-01 12:02:26 | INFO | [LOCAL - ncluster=280] AUC-ROC=99.17%  Train=11.560s  RAM=465.474 MB
2026-06-01 12:02:26 | INFO | [LOCAL - ncluster=283] AUC-ROC=99.20%  Train=6.521s  RAM=470.012 MB
2026-06-01 12:02:26 | INFO | [LOCAL - ncluster=286] AUC-ROC=99.16%  Train=7.843s  RAM=474.549 MB
2026-06-01 12:02:26 | INFO | [LOCAL - ncluster=289] AUC-ROC=99.17%  Train=9.143s  RAM=479.082 MB
2026-06-01 12:02:26 | INFO | [LOCAL - ncluster=292] AUC-ROC=99.19%  Train=11.616s  RAM=483.62 MB
2026-06-01 12:02:26 | INFO | [LOCAL - ncluster=295] AUC-ROC=99.26%  Train=9.584s  RAM=488.157 MB
2026-06-01 12:02:26 | INFO | [LOCAL - ncluster=298] AUC-ROC=99.16%  Train=10.758s  RAM=492.694 MB
2026-06-01 12:02:26 | INFO | ============================================================
2026-06-01 12:02:26 | INFO | Dataset      : Train_local_MinMaxScaler_data_IoTID20.csv
2026-06-01 12:02:26 | INFO | Anomaly Mode : LOCAL
2026-06-01 12:02:26 | INFO | Scaler       : MinMaxScaler
2026-06-01 12:02:26 | INFO | nClusters    : 100 values
2026-06-01 12:02:26 | INFO | ============================================================
2026-06-01 12:02:31 | INFO | Loaded Shape -> Train: (30878, 94), Test: (22720, 94)
2026-06-01 12:02:31 | INFO | Parallel execution on 32 cores for 100 clusters...
2026-06-01 12:17:54 | INFO | [LOCAL - ncluster=1] AUC-ROC=95.03%  Train=13.546s  RAM=80.608 MB
2026-06-01 12:17:54 | INFO | [LOCAL - ncluster=4] AUC-ROC=99.99%  Train=14.509s  RAM=80.615 MB
2026-06-01 12:17:54 | INFO | [LOCAL - ncluster=7] AUC-ROC=99.99%  Train=13.424s  RAM=80.617 MB
2026-06-01 12:17:54 | INFO | [LOCAL - ncluster=10] AUC-ROC=100.00%  Train=14.389s  RAM=80.616 MB
2026-06-01 12:17:54 | INFO | [LOCAL - ncluster=13] AUC-ROC=100.00%  Train=17.905s  RAM=80.62 MB
2026-06-01 12:17:54 | INFO | [LOCAL - ncluster=16] AUC-ROC=100.00%  Train=14.287s  RAM=80.619 MB
2026-06-01 12:17:54 | INFO | [LOCAL - ncluster=19] AUC-ROC=100.00%  Train=16.346s  RAM=80.624 MB
2026-06-01 12:17:54 | INFO | [LOCAL - ncluster=22] AUC-ROC=99.99%  Train=14.765s  RAM=80.622 MB
2026-06-01 12:17:54 | INFO | [LOCAL - ncluster=25] AUC-ROC=100.00%  Train=13.265s  RAM=80.625 MB
2026-06-01 12:17:54 | INFO | [LOCAL - ncluster=28] AUC-ROC=100.00%  Train=15.235s  RAM=84.357 MB
2026-06-01 12:17:54 | INFO | [LOCAL - ncluster=31] AUC-ROC=100.00%  Train=13.134s  RAM=88.895 MB
2026-06-01 12:17:54 | INFO | [LOCAL - ncluster=34] AUC-ROC=100.00%  Train=19.482s  RAM=93.431 MB
2026-06-01 12:17:54 | INFO | [LOCAL - ncluster=37] AUC-ROC=99.99%  Train=14.239s  RAM=97.966 MB
2026-06-01 12:17:54 | INFO | [LOCAL - ncluster=40] AUC-ROC=99.99%  Train=15.879s  RAM=102.502 MB
2026-06-01 12:17:54 | INFO | [LOCAL - ncluster=43] AUC-ROC=99.99%  Train=16.402s  RAM=107.047 MB
2026-06-01 12:17:54 | INFO | [LOCAL - ncluster=46] AUC-ROC=99.99%  Train=11.974s  RAM=111.579 MB
2026-06-01 12:17:54 | INFO | [LOCAL - ncluster=49] AUC-ROC=99.99%  Train=17.286s  RAM=116.115 MB
2026-06-01 12:17:54 | INFO | [LOCAL - ncluster=52] AUC-ROC=99.99%  Train=14.155s  RAM=120.656 MB
2026-06-01 12:17:54 | INFO | [LOCAL - ncluster=55] AUC-ROC=99.99%  Train=15.871s  RAM=125.194 MB
2026-06-01 12:17:54 | INFO | [LOCAL - ncluster=58] AUC-ROC=100.00%  Train=12.985s  RAM=129.727 MB
2026-06-01 12:17:54 | INFO | [LOCAL - ncluster=61] AUC-ROC=99.99%  Train=13.877s  RAM=134.262 MB
2026-06-01 12:17:54 | INFO | [LOCAL - ncluster=64] AUC-ROC=100.00%  Train=15.040s  RAM=138.809 MB
2026-06-01 12:17:54 | INFO | [LOCAL - ncluster=67] AUC-ROC=100.00%  Train=13.430s  RAM=143.339 MB
2026-06-01 12:17:54 | INFO | [LOCAL - ncluster=70] AUC-ROC=100.00%  Train=12.996s  RAM=147.873 MB
2026-06-01 12:17:54 | INFO | [LOCAL - ncluster=73] AUC-ROC=100.00%  Train=17.784s  RAM=152.413 MB
2026-06-01 12:17:54 | INFO | [LOCAL - ncluster=76] AUC-ROC=100.00%  Train=17.785s  RAM=156.95 MB
2026-06-01 12:17:54 | INFO | [LOCAL - ncluster=79] AUC-ROC=99.99%  Train=16.838s  RAM=161.484 MB
2026-06-01 12:17:54 | INFO | [LOCAL - ncluster=82] AUC-ROC=99.99%  Train=14.676s  RAM=166.024 MB
2026-06-01 12:17:54 | INFO | [LOCAL - ncluster=85] AUC-ROC=99.99%  Train=15.339s  RAM=170.558 MB
2026-06-01 12:17:54 | INFO | [LOCAL - ncluster=88] AUC-ROC=99.99%  Train=17.394s  RAM=175.095 MB
2026-06-01 12:17:54 | INFO | [LOCAL - ncluster=91] AUC-ROC=99.99%  Train=18.815s  RAM=179.632 MB
2026-06-01 12:17:54 | INFO | [LOCAL - ncluster=94] AUC-ROC=99.99%  Train=11.079s  RAM=184.436 MB
2026-06-01 12:17:54 | INFO | [LOCAL - ncluster=97] AUC-ROC=99.99%  Train=16.875s  RAM=188.708 MB
2026-06-01 12:17:54 | INFO | [LOCAL - ncluster=100] AUC-ROC=99.99%  Train=14.021s  RAM=193.246 MB
2026-06-01 12:17:54 | INFO | [LOCAL - ncluster=103] AUC-ROC=99.99%  Train=16.100s  RAM=197.789 MB
2026-06-01 12:17:54 | INFO | [LOCAL - ncluster=106] AUC-ROC=99.99%  Train=11.766s  RAM=202.318 MB
2026-06-01 12:17:54 | INFO | [LOCAL - ncluster=109] AUC-ROC=99.99%  Train=13.745s  RAM=206.861 MB
2026-06-01 12:17:54 | INFO | [LOCAL - ncluster=112] AUC-ROC=99.99%  Train=17.463s  RAM=211.395 MB
2026-06-01 12:17:54 | INFO | [LOCAL - ncluster=115] AUC-ROC=100.00%  Train=16.824s  RAM=215.933 MB
2026-06-01 12:17:54 | INFO | [LOCAL - ncluster=118] AUC-ROC=99.99%  Train=8.595s  RAM=220.477 MB
2026-06-01 12:17:54 | INFO | [LOCAL - ncluster=121] AUC-ROC=100.00%  Train=12.863s  RAM=225.005 MB
2026-06-01 12:17:54 | INFO | [LOCAL - ncluster=124] AUC-ROC=99.99%  Train=17.413s  RAM=229.542 MB
2026-06-01 12:17:54 | INFO | [LOCAL - ncluster=127] AUC-ROC=99.99%  Train=14.515s  RAM=234.081 MB
2026-06-01 12:17:54 | INFO | [LOCAL - ncluster=130] AUC-ROC=99.99%  Train=11.289s  RAM=238.616 MB
2026-06-01 12:17:54 | INFO | [LOCAL - ncluster=133] AUC-ROC=99.99%  Train=16.928s  RAM=243.158 MB
2026-06-01 12:17:54 | INFO | [LOCAL - ncluster=136] AUC-ROC=99.99%  Train=11.018s  RAM=247.694 MB
2026-06-01 12:17:54 | INFO | [LOCAL - ncluster=139] AUC-ROC=99.99%  Train=13.896s  RAM=252.233 MB
2026-06-01 12:17:54 | INFO | [LOCAL - ncluster=142] AUC-ROC=100.00%  Train=16.525s  RAM=256.771 MB
2026-06-01 12:17:54 | INFO | [LOCAL - ncluster=145] AUC-ROC=99.99%  Train=12.283s  RAM=261.308 MB
2026-06-01 12:17:54 | INFO | [LOCAL - ncluster=148] AUC-ROC=99.98%  Train=12.109s  RAM=265.842 MB
2026-06-01 12:17:54 | INFO | [LOCAL - ncluster=151] AUC-ROC=100.00%  Train=14.648s  RAM=270.379 MB
2026-06-01 12:17:54 | INFO | [LOCAL - ncluster=154] AUC-ROC=99.97%  Train=12.586s  RAM=274.915 MB
2026-06-01 12:17:54 | INFO | [LOCAL - ncluster=157] AUC-ROC=99.92%  Train=14.235s  RAM=279.452 MB
2026-06-01 12:17:54 | INFO | [LOCAL - ncluster=160] AUC-ROC=99.97%  Train=14.422s  RAM=283.983 MB
2026-06-01 12:17:54 | INFO | [LOCAL - ncluster=163] AUC-ROC=99.97%  Train=10.064s  RAM=288.524 MB
2026-06-01 12:17:54 | INFO | [LOCAL - ncluster=166] AUC-ROC=99.96%  Train=11.009s  RAM=293.065 MB
2026-06-01 12:17:54 | INFO | [LOCAL - ncluster=169] AUC-ROC=99.90%  Train=15.292s  RAM=297.595 MB
2026-06-01 12:17:54 | INFO | [LOCAL - ncluster=172] AUC-ROC=99.86%  Train=10.902s  RAM=302.139 MB
2026-06-01 12:17:54 | INFO | [LOCAL - ncluster=175] AUC-ROC=99.50%  Train=11.294s  RAM=306.67 MB
2026-06-01 12:17:54 | INFO | [LOCAL - ncluster=178] AUC-ROC=94.80%  Train=8.622s  RAM=311.201 MB
2026-06-01 12:17:54 | INFO | [LOCAL - ncluster=181] AUC-ROC=96.44%  Train=10.082s  RAM=315.744 MB
2026-06-01 12:17:54 | INFO | [LOCAL - ncluster=184] AUC-ROC=96.30%  Train=10.054s  RAM=320.328 MB
2026-06-01 12:17:54 | INFO | [LOCAL - ncluster=187] AUC-ROC=96.32%  Train=12.759s  RAM=324.812 MB
2026-06-01 12:17:54 | INFO | [LOCAL - ncluster=190] AUC-ROC=92.61%  Train=10.940s  RAM=329.347 MB
2026-06-01 12:17:54 | INFO | [LOCAL - ncluster=193] AUC-ROC=92.61%  Train=6.919s  RAM=333.886 MB
2026-06-01 12:17:54 | INFO | [LOCAL - ncluster=196] AUC-ROC=50.00%  Train=11.159s  RAM=338.425 MB
2026-06-01 12:17:54 | INFO | [LOCAL - ncluster=199] AUC-ROC=89.10%  Train=10.386s  RAM=342.964 MB
2026-06-01 12:17:54 | INFO | [LOCAL - ncluster=202] AUC-ROC=50.00%  Train=8.583s  RAM=347.496 MB
2026-06-01 12:17:54 | INFO | [LOCAL - ncluster=205] AUC-ROC=72.89%  Train=8.436s  RAM=352.037 MB
2026-06-01 12:17:54 | INFO | [LOCAL - ncluster=208] AUC-ROC=50.00%  Train=8.502s  RAM=356.574 MB
2026-06-01 12:17:54 | INFO | [LOCAL - ncluster=211] AUC-ROC=50.00%  Train=8.300s  RAM=361.114 MB
2026-06-01 12:17:54 | INFO | [LOCAL - ncluster=214] AUC-ROC=50.00%  Train=8.788s  RAM=365.648 MB
2026-06-01 12:17:54 | INFO | [LOCAL - ncluster=217] AUC-ROC=50.00%  Train=6.765s  RAM=370.186 MB
2026-06-01 12:17:54 | INFO | [LOCAL - ncluster=220] AUC-ROC=50.00%  Train=10.564s  RAM=374.724 MB
2026-06-01 12:17:54 | INFO | [LOCAL - ncluster=223] AUC-ROC=50.00%  Train=10.373s  RAM=379.262 MB
2026-06-01 12:17:54 | INFO | [LOCAL - ncluster=226] AUC-ROC=50.00%  Train=12.711s  RAM=383.798 MB
2026-06-01 12:17:54 | INFO | [LOCAL - ncluster=229] AUC-ROC=50.00%  Train=16.507s  RAM=388.331 MB
2026-06-01 12:17:54 | INFO | [LOCAL - ncluster=232] AUC-ROC=50.00%  Train=18.202s  RAM=392.871 MB
2026-06-01 12:17:54 | INFO | [LOCAL - ncluster=235] AUC-ROC=50.00%  Train=12.560s  RAM=397.408 MB
2026-06-01 12:17:54 | INFO | [LOCAL - ncluster=238] AUC-ROC=50.00%  Train=15.296s  RAM=401.945 MB
2026-06-01 12:17:54 | INFO | [LOCAL - ncluster=241] AUC-ROC=50.00%  Train=11.466s  RAM=406.481 MB
2026-06-01 12:17:54 | INFO | [LOCAL - ncluster=244] AUC-ROC=50.00%  Train=12.631s  RAM=411.023 MB
2026-06-01 12:17:54 | INFO | [LOCAL - ncluster=247] AUC-ROC=50.00%  Train=11.655s  RAM=415.554 MB
2026-06-01 12:17:54 | INFO | [LOCAL - ncluster=250] AUC-ROC=50.00%  Train=16.535s  RAM=420.095 MB
2026-06-01 12:17:54 | INFO | [LOCAL - ncluster=253] AUC-ROC=50.00%  Train=14.949s  RAM=424.626 MB
2026-06-01 12:17:54 | INFO | [LOCAL - ncluster=256] AUC-ROC=50.00%  Train=16.463s  RAM=429.167 MB
2026-06-01 12:17:54 | INFO | [LOCAL - ncluster=259] AUC-ROC=50.00%  Train=14.426s  RAM=433.7 MB
2026-06-01 12:17:54 | INFO | [LOCAL - ncluster=262] AUC-ROC=50.00%  Train=11.429s  RAM=438.244 MB
2026-06-01 12:17:54 | INFO | [LOCAL - ncluster=265] AUC-ROC=50.00%  Train=12.208s  RAM=442.778 MB
2026-06-01 12:17:54 | INFO | [LOCAL - ncluster=268] AUC-ROC=50.00%  Train=13.246s  RAM=447.312 MB
2026-06-01 12:17:54 | INFO | [LOCAL - ncluster=271] AUC-ROC=50.00%  Train=12.552s  RAM=451.85 MB
2026-06-01 12:17:54 | INFO | [LOCAL - ncluster=274] AUC-ROC=50.00%  Train=12.336s  RAM=456.385 MB
2026-06-01 12:17:54 | INFO | [LOCAL - ncluster=277] AUC-ROC=50.00%  Train=11.898s  RAM=460.926 MB
2026-06-01 12:17:54 | INFO | [LOCAL - ncluster=280] AUC-ROC=50.00%  Train=8.959s  RAM=465.475 MB
2026-06-01 12:17:54 | INFO | [LOCAL - ncluster=283] AUC-ROC=50.00%  Train=10.942s  RAM=470.002 MB
2026-06-01 12:17:54 | INFO | [LOCAL - ncluster=286] AUC-ROC=50.00%  Train=10.198s  RAM=474.532 MB
2026-06-01 12:17:54 | INFO | [LOCAL - ncluster=289] AUC-ROC=50.00%  Train=9.450s  RAM=479.071 MB
2026-06-01 12:17:54 | INFO | [LOCAL - ncluster=292] AUC-ROC=50.00%  Train=9.421s  RAM=483.613 MB
2026-06-01 12:17:54 | INFO | [LOCAL - ncluster=295] AUC-ROC=50.00%  Train=9.074s  RAM=488.15 MB
2026-06-01 12:17:54 | INFO | [LOCAL - ncluster=298] AUC-ROC=50.00%  Train=7.963s  RAM=492.682 MB
2026-06-01 12:17:54 | INFO | ============================================================
2026-06-01 12:17:54 | INFO | Dataset      : Train_local_Normalizer_data_IoTID20.csv
2026-06-01 12:17:54 | INFO | Anomaly Mode : LOCAL
2026-06-01 12:17:54 | INFO | Scaler       : Normalizer
2026-06-01 12:17:54 | INFO | nClusters    : 100 values
2026-06-01 12:17:54 | INFO | ============================================================
2026-06-01 12:17:58 | INFO | Loaded Shape -> Train: (30878, 94), Test: (22720, 94)
2026-06-01 12:17:59 | INFO | Parallel execution on 32 cores for 100 clusters...
2026-06-01 12:31:50 | INFO | [LOCAL - ncluster=1] AUC-ROC=100.00%  Train=11.052s  RAM=80.61 MB
2026-06-01 12:31:50 | INFO | [LOCAL - ncluster=4] AUC-ROC=50.00%  Train=12.375s  RAM=80.614 MB
2026-06-01 12:31:50 | INFO | [LOCAL - ncluster=7] AUC-ROC=50.00%  Train=13.813s  RAM=80.618 MB
2026-06-01 12:31:50 | INFO | [LOCAL - ncluster=10] AUC-ROC=50.00%  Train=13.174s  RAM=80.619 MB
2026-06-01 12:31:50 | INFO | [LOCAL - ncluster=13] AUC-ROC=50.00%  Train=13.604s  RAM=80.616 MB
2026-06-01 12:31:50 | INFO | [LOCAL - ncluster=16] AUC-ROC=50.00%  Train=13.290s  RAM=80.623 MB
2026-06-01 12:31:50 | INFO | [LOCAL - ncluster=19] AUC-ROC=50.00%  Train=11.766s  RAM=80.622 MB
2026-06-01 12:31:50 | INFO | [LOCAL - ncluster=22] AUC-ROC=50.00%  Train=12.935s  RAM=80.625 MB
2026-06-01 12:31:50 | INFO | [LOCAL - ncluster=25] AUC-ROC=50.00%  Train=13.303s  RAM=80.629 MB
2026-06-01 12:31:50 | INFO | [LOCAL - ncluster=28] AUC-ROC=50.00%  Train=11.715s  RAM=84.345 MB
2026-06-01 12:31:50 | INFO | [LOCAL - ncluster=31] AUC-ROC=50.00%  Train=8.513s  RAM=88.878 MB
2026-06-01 12:31:50 | INFO | [LOCAL - ncluster=34] AUC-ROC=50.00%  Train=11.886s  RAM=93.42 MB
2026-06-01 12:31:50 | INFO | [LOCAL - ncluster=37] AUC-ROC=50.00%  Train=12.195s  RAM=97.954 MB
2026-06-01 12:31:50 | INFO | [LOCAL - ncluster=40] AUC-ROC=50.00%  Train=11.292s  RAM=102.493 MB
2026-06-01 12:31:50 | INFO | [LOCAL - ncluster=43] AUC-ROC=50.00%  Train=14.887s  RAM=107.03 MB
2026-06-01 12:31:50 | INFO | [LOCAL - ncluster=46] AUC-ROC=50.00%  Train=8.289s  RAM=111.562 MB
2026-06-01 12:31:50 | INFO | [LOCAL - ncluster=49] AUC-ROC=50.00%  Train=9.825s  RAM=116.107 MB
2026-06-01 12:31:50 | INFO | [LOCAL - ncluster=52] AUC-ROC=50.00%  Train=12.973s  RAM=120.641 MB
2026-06-01 12:31:50 | INFO | [LOCAL - ncluster=55] AUC-ROC=50.00%  Train=13.062s  RAM=125.174 MB
2026-06-01 12:31:50 | INFO | [LOCAL - ncluster=58] AUC-ROC=50.00%  Train=12.932s  RAM=129.711 MB
2026-06-01 12:31:50 | INFO | [LOCAL - ncluster=61] AUC-ROC=50.00%  Train=11.877s  RAM=134.256 MB
2026-06-01 12:31:50 | INFO | [LOCAL - ncluster=64] AUC-ROC=50.00%  Train=14.729s  RAM=138.791 MB
2026-06-01 12:31:50 | INFO | [LOCAL - ncluster=67] AUC-ROC=50.00%  Train=12.207s  RAM=143.328 MB
2026-06-01 12:31:50 | INFO | [LOCAL - ncluster=70] AUC-ROC=50.00%  Train=10.933s  RAM=147.865 MB
2026-06-01 12:31:50 | INFO | [LOCAL - ncluster=73] AUC-ROC=50.00%  Train=9.281s  RAM=152.4 MB
2026-06-01 12:31:50 | INFO | [LOCAL - ncluster=76] AUC-ROC=50.00%  Train=10.998s  RAM=156.935 MB
2026-06-01 12:31:50 | INFO | [LOCAL - ncluster=79] AUC-ROC=50.00%  Train=9.474s  RAM=161.761 MB
2026-06-01 12:31:50 | INFO | [LOCAL - ncluster=82] AUC-ROC=50.00%  Train=12.099s  RAM=166.279 MB
2026-06-01 12:31:50 | INFO | [LOCAL - ncluster=85] AUC-ROC=50.00%  Train=10.444s  RAM=170.828 MB
2026-06-01 12:31:50 | INFO | [LOCAL - ncluster=88] AUC-ROC=50.00%  Train=10.367s  RAM=175.36 MB
2026-06-01 12:31:50 | INFO | [LOCAL - ncluster=91] AUC-ROC=50.00%  Train=8.265s  RAM=179.91 MB
2026-06-01 12:31:50 | INFO | [LOCAL - ncluster=94] AUC-ROC=50.00%  Train=10.041s  RAM=184.448 MB
2026-06-01 12:31:50 | INFO | [LOCAL - ncluster=97] AUC-ROC=50.00%  Train=7.005s  RAM=188.696 MB
2026-06-01 12:31:50 | INFO | [LOCAL - ncluster=100] AUC-ROC=50.00%  Train=9.522s  RAM=193.237 MB
2026-06-01 12:31:50 | INFO | [LOCAL - ncluster=103] AUC-ROC=50.00%  Train=8.570s  RAM=197.774 MB
2026-06-01 12:31:50 | INFO | [LOCAL - ncluster=106] AUC-ROC=50.00%  Train=8.883s  RAM=202.309 MB
2026-06-01 12:31:50 | INFO | [LOCAL - ncluster=109] AUC-ROC=50.00%  Train=9.057s  RAM=206.844 MB
2026-06-01 12:31:50 | INFO | [LOCAL - ncluster=112] AUC-ROC=50.00%  Train=8.584s  RAM=211.382 MB
2026-06-01 12:31:50 | INFO | [LOCAL - ncluster=115] AUC-ROC=50.00%  Train=7.706s  RAM=215.921 MB
2026-06-01 12:31:50 | INFO | [LOCAL - ncluster=118] AUC-ROC=50.00%  Train=6.886s  RAM=220.457 MB
2026-06-01 12:31:50 | INFO | [LOCAL - ncluster=121] AUC-ROC=50.00%  Train=8.026s  RAM=224.995 MB
2026-06-01 12:31:50 | INFO | [LOCAL - ncluster=124] AUC-ROC=50.00%  Train=7.640s  RAM=229.534 MB
2026-06-01 12:31:50 | INFO | [LOCAL - ncluster=127] AUC-ROC=50.00%  Train=8.014s  RAM=234.066 MB
2026-06-01 12:31:50 | INFO | [LOCAL - ncluster=130] AUC-ROC=50.00%  Train=7.416s  RAM=238.604 MB
2026-06-01 12:31:50 | INFO | [LOCAL - ncluster=133] AUC-ROC=50.00%  Train=5.724s  RAM=243.142 MB
2026-06-01 12:31:50 | INFO | [LOCAL - ncluster=136] AUC-ROC=50.00%  Train=5.467s  RAM=247.677 MB
2026-06-01 12:31:50 | INFO | [LOCAL - ncluster=139] AUC-ROC=50.00%  Train=4.362s  RAM=252.219 MB
2026-06-01 12:31:50 | INFO | [LOCAL - ncluster=142] AUC-ROC=50.00%  Train=4.753s  RAM=256.753 MB
2026-06-01 12:31:50 | INFO | [LOCAL - ncluster=145] AUC-ROC=50.00%  Train=6.703s  RAM=261.291 MB
2026-06-01 12:31:50 | INFO | [LOCAL - ncluster=148] AUC-ROC=50.00%  Train=14.834s  RAM=265.825 MB
2026-06-01 12:31:50 | INFO | [LOCAL - ncluster=151] AUC-ROC=50.00%  Train=6.138s  RAM=270.369 MB
2026-06-01 12:31:50 | INFO | [LOCAL - ncluster=154] AUC-ROC=50.00%  Train=13.505s  RAM=274.905 MB
2026-06-01 12:31:50 | INFO | [LOCAL - ncluster=157] AUC-ROC=50.00%  Train=4.823s  RAM=279.435 MB
2026-06-01 12:31:50 | INFO | [LOCAL - ncluster=160] AUC-ROC=50.00%  Train=5.886s  RAM=283.979 MB
2026-06-01 12:31:50 | INFO | [LOCAL - ncluster=163] AUC-ROC=50.00%  Train=7.307s  RAM=288.51 MB
2026-06-01 12:31:50 | INFO | [LOCAL - ncluster=166] AUC-ROC=50.00%  Train=8.412s  RAM=293.055 MB
2026-06-01 12:31:50 | INFO | [LOCAL - ncluster=169] AUC-ROC=50.00%  Train=13.493s  RAM=297.59 MB
2026-06-01 12:31:50 | INFO | [LOCAL - ncluster=172] AUC-ROC=50.00%  Train=15.400s  RAM=302.161 MB
2026-06-01 12:31:50 | INFO | [LOCAL - ncluster=175] AUC-ROC=50.00%  Train=13.602s  RAM=306.688 MB
2026-06-01 12:31:50 | INFO | [LOCAL - ncluster=178] AUC-ROC=50.00%  Train=15.012s  RAM=311.233 MB
2026-06-01 12:31:50 | INFO | [LOCAL - ncluster=181] AUC-ROC=50.00%  Train=12.423s  RAM=315.781 MB
2026-06-01 12:31:50 | INFO | [LOCAL - ncluster=184] AUC-ROC=50.00%  Train=18.810s  RAM=320.32 MB
2026-06-01 12:31:50 | INFO | [LOCAL - ncluster=187] AUC-ROC=50.00%  Train=14.681s  RAM=324.807 MB
2026-06-01 12:31:50 | INFO | [LOCAL - ncluster=190] AUC-ROC=50.00%  Train=16.793s  RAM=329.385 MB
2026-06-01 12:31:50 | INFO | [LOCAL - ncluster=193] AUC-ROC=50.00%  Train=13.102s  RAM=333.887 MB
2026-06-01 12:31:50 | INFO | [LOCAL - ncluster=196] AUC-ROC=50.00%  Train=11.528s  RAM=338.425 MB
2026-06-01 12:31:50 | INFO | [LOCAL - ncluster=199] AUC-ROC=50.00%  Train=15.366s  RAM=342.965 MB
2026-06-01 12:31:50 | INFO | [LOCAL - ncluster=202] AUC-ROC=50.00%  Train=14.875s  RAM=347.497 MB
2026-06-01 12:31:50 | INFO | [LOCAL - ncluster=205] AUC-ROC=50.00%  Train=19.371s  RAM=352.033 MB
2026-06-01 12:31:50 | INFO | [LOCAL - ncluster=208] AUC-ROC=50.00%  Train=13.564s  RAM=356.574 MB
2026-06-01 12:31:50 | INFO | [LOCAL - ncluster=211] AUC-ROC=50.00%  Train=11.031s  RAM=361.109 MB
2026-06-01 12:31:50 | INFO | [LOCAL - ncluster=214] AUC-ROC=50.00%  Train=13.688s  RAM=365.643 MB
2026-06-01 12:31:50 | INFO | [LOCAL - ncluster=217] AUC-ROC=50.00%  Train=14.946s  RAM=370.182 MB
2026-06-01 12:31:50 | INFO | [LOCAL - ncluster=220] AUC-ROC=50.00%  Train=15.151s  RAM=374.715 MB
2026-06-01 12:31:50 | INFO | [LOCAL - ncluster=223] AUC-ROC=50.00%  Train=14.198s  RAM=379.257 MB
2026-06-01 12:31:50 | INFO | [LOCAL - ncluster=226] AUC-ROC=50.00%  Train=11.711s  RAM=383.797 MB
2026-06-01 12:31:50 | INFO | [LOCAL - ncluster=229] AUC-ROC=50.00%  Train=8.571s  RAM=388.331 MB
2026-06-01 12:31:50 | INFO | [LOCAL - ncluster=232] AUC-ROC=50.00%  Train=11.579s  RAM=392.866 MB
2026-06-01 12:31:50 | INFO | [LOCAL - ncluster=235] AUC-ROC=50.00%  Train=14.610s  RAM=397.401 MB
2026-06-01 12:31:50 | INFO | [LOCAL - ncluster=238] AUC-ROC=50.00%  Train=14.184s  RAM=401.943 MB
2026-06-01 12:31:50 | INFO | [LOCAL - ncluster=241] AUC-ROC=50.00%  Train=10.999s  RAM=406.474 MB
2026-06-01 12:31:51 | INFO | [LOCAL - ncluster=244] AUC-ROC=50.00%  Train=11.709s  RAM=411.018 MB
2026-06-01 12:31:51 | INFO | [LOCAL - ncluster=247] AUC-ROC=50.00%  Train=11.816s  RAM=415.55 MB
2026-06-01 12:31:51 | INFO | [LOCAL - ncluster=250] AUC-ROC=50.00%  Train=9.405s  RAM=420.092 MB
2026-06-01 12:31:51 | INFO | [LOCAL - ncluster=253] AUC-ROC=50.00%  Train=14.512s  RAM=424.633 MB
2026-06-01 12:31:51 | INFO | [LOCAL - ncluster=256] AUC-ROC=50.00%  Train=13.474s  RAM=429.16 MB
2026-06-01 12:31:51 | INFO | [LOCAL - ncluster=259] AUC-ROC=50.00%  Train=12.651s  RAM=433.704 MB
2026-06-01 12:31:51 | INFO | [LOCAL - ncluster=262] AUC-ROC=50.00%  Train=10.835s  RAM=438.239 MB
2026-06-01 12:31:51 | INFO | [LOCAL - ncluster=265] AUC-ROC=50.00%  Train=11.268s  RAM=442.778 MB
2026-06-01 12:31:51 | INFO | [LOCAL - ncluster=268] AUC-ROC=50.00%  Train=13.625s  RAM=447.323 MB
2026-06-01 12:31:51 | INFO | [LOCAL - ncluster=271] AUC-ROC=50.00%  Train=10.821s  RAM=451.851 MB
2026-06-01 12:31:51 | INFO | [LOCAL - ncluster=274] AUC-ROC=50.00%  Train=9.709s  RAM=456.387 MB
2026-06-01 12:31:51 | INFO | [LOCAL - ncluster=277] AUC-ROC=50.00%  Train=6.210s  RAM=460.931 MB
2026-06-01 12:31:51 | INFO | [LOCAL - ncluster=280] AUC-ROC=50.00%  Train=6.211s  RAM=465.459 MB
2026-06-01 12:31:51 | INFO | [LOCAL - ncluster=283] AUC-ROC=50.00%  Train=5.783s  RAM=470.006 MB
2026-06-01 12:31:51 | INFO | [LOCAL - ncluster=286] AUC-ROC=50.00%  Train=7.538s  RAM=474.538 MB
2026-06-01 12:31:51 | INFO | [LOCAL - ncluster=289] AUC-ROC=50.00%  Train=6.438s  RAM=479.072 MB
2026-06-01 12:31:51 | INFO | [LOCAL - ncluster=292] AUC-ROC=50.00%  Train=8.698s  RAM=483.609 MB
2026-06-01 12:31:51 | INFO | [LOCAL - ncluster=295] AUC-ROC=50.00%  Train=4.634s  RAM=488.152 MB
2026-06-01 12:31:51 | INFO | [LOCAL - ncluster=298] AUC-ROC=50.00%  Train=1.809s  RAM=492.684 MB
2026-06-01 12:31:51 | INFO | ============================================================
2026-06-01 12:31:51 | INFO | Dataset      : Train_local_QuantileTransformer_data_IoTID20.csv
2026-06-01 12:31:51 | INFO | Anomaly Mode : LOCAL
2026-06-01 12:31:51 | INFO | Scaler       : QuantileTransformer
2026-06-01 12:31:51 | INFO | nClusters    : 100 values
2026-06-01 12:31:51 | INFO | ============================================================
2026-06-01 12:31:52 | INFO | Loaded Shape -> Train: (30878, 94), Test: (22720, 94)
2026-06-01 12:31:52 | INFO | Parallel execution on 32 cores for 100 clusters...
2026-06-01 12:46:01 | INFO | [LOCAL - ncluster=1] AUC-ROC=94.83%  Train=7.762s  RAM=80.609 MB
2026-06-01 12:46:01 | INFO | [LOCAL - ncluster=4] AUC-ROC=99.66%  Train=6.329s  RAM=80.615 MB
2026-06-01 12:46:01 | INFO | [LOCAL - ncluster=7] AUC-ROC=99.66%  Train=5.668s  RAM=80.617 MB
2026-06-01 12:46:01 | INFO | [LOCAL - ncluster=10] AUC-ROC=99.99%  Train=3.749s  RAM=80.618 MB
2026-06-01 12:46:01 | INFO | [LOCAL - ncluster=13] AUC-ROC=99.99%  Train=10.510s  RAM=80.62 MB
2026-06-01 12:46:01 | INFO | [LOCAL - ncluster=16] AUC-ROC=99.99%  Train=10.935s  RAM=80.623 MB
2026-06-01 12:46:01 | INFO | [LOCAL - ncluster=19] AUC-ROC=99.99%  Train=10.855s  RAM=80.618 MB
2026-06-01 12:46:01 | INFO | [LOCAL - ncluster=22] AUC-ROC=99.99%  Train=8.588s  RAM=80.62 MB
2026-06-01 12:46:01 | INFO | [LOCAL - ncluster=25] AUC-ROC=99.99%  Train=14.947s  RAM=80.625 MB
2026-06-01 12:46:01 | INFO | [LOCAL - ncluster=28] AUC-ROC=99.99%  Train=14.470s  RAM=84.356 MB
2026-06-01 12:46:01 | INFO | [LOCAL - ncluster=31] AUC-ROC=99.99%  Train=12.091s  RAM=88.89 MB
2026-06-01 12:46:01 | INFO | [LOCAL - ncluster=34] AUC-ROC=99.99%  Train=12.823s  RAM=93.428 MB
2026-06-01 12:46:01 | INFO | [LOCAL - ncluster=37] AUC-ROC=99.99%  Train=8.395s  RAM=97.969 MB
2026-06-01 12:46:01 | INFO | [LOCAL - ncluster=40] AUC-ROC=99.99%  Train=10.195s  RAM=102.505 MB
2026-06-01 12:46:01 | INFO | [LOCAL - ncluster=43] AUC-ROC=99.99%  Train=10.094s  RAM=107.043 MB
2026-06-01 12:46:01 | INFO | [LOCAL - ncluster=46] AUC-ROC=99.99%  Train=16.945s  RAM=111.584 MB
2026-06-01 12:46:01 | INFO | [LOCAL - ncluster=49] AUC-ROC=99.99%  Train=16.648s  RAM=116.116 MB
2026-06-01 12:46:01 | INFO | [LOCAL - ncluster=52] AUC-ROC=99.99%  Train=14.082s  RAM=120.651 MB
2026-06-01 12:46:01 | INFO | [LOCAL - ncluster=55] AUC-ROC=99.99%  Train=18.085s  RAM=125.191 MB
2026-06-01 12:46:01 | INFO | [LOCAL - ncluster=58] AUC-ROC=99.99%  Train=15.326s  RAM=129.743 MB
2026-06-01 12:46:01 | INFO | [LOCAL - ncluster=61] AUC-ROC=99.99%  Train=14.883s  RAM=134.274 MB
2026-06-01 12:46:01 | INFO | [LOCAL - ncluster=64] AUC-ROC=99.99%  Train=17.204s  RAM=138.805 MB
2026-06-01 12:46:01 | INFO | [LOCAL - ncluster=67] AUC-ROC=99.99%  Train=14.148s  RAM=143.334 MB
2026-06-01 12:46:01 | INFO | [LOCAL - ncluster=70] AUC-ROC=99.99%  Train=13.875s  RAM=147.885 MB
2026-06-01 12:46:01 | INFO | [LOCAL - ncluster=73] AUC-ROC=99.99%  Train=15.353s  RAM=152.419 MB
2026-06-01 12:46:01 | INFO | [LOCAL - ncluster=76] AUC-ROC=99.99%  Train=10.559s  RAM=156.951 MB
2026-06-01 12:46:01 | INFO | [LOCAL - ncluster=79] AUC-ROC=99.99%  Train=15.225s  RAM=161.489 MB
2026-06-01 12:46:01 | INFO | [LOCAL - ncluster=82] AUC-ROC=99.99%  Train=14.936s  RAM=166.023 MB
2026-06-01 12:46:01 | INFO | [LOCAL - ncluster=85] AUC-ROC=99.99%  Train=14.925s  RAM=170.562 MB
2026-06-01 12:46:01 | INFO | [LOCAL - ncluster=88] AUC-ROC=99.99%  Train=13.151s  RAM=175.098 MB
2026-06-01 12:46:01 | INFO | [LOCAL - ncluster=91] AUC-ROC=99.99%  Train=15.145s  RAM=179.914 MB
2026-06-01 12:46:01 | INFO | [LOCAL - ncluster=94] AUC-ROC=99.99%  Train=9.467s  RAM=184.446 MB
2026-06-01 12:46:01 | INFO | [LOCAL - ncluster=97] AUC-ROC=99.99%  Train=13.042s  RAM=188.71 MB
2026-06-01 12:46:01 | INFO | [LOCAL - ncluster=100] AUC-ROC=99.99%  Train=14.630s  RAM=193.248 MB
2026-06-01 12:46:01 | INFO | [LOCAL - ncluster=103] AUC-ROC=99.99%  Train=13.057s  RAM=197.785 MB
2026-06-01 12:46:01 | INFO | [LOCAL - ncluster=106] AUC-ROC=99.99%  Train=15.781s  RAM=202.32 MB
2026-06-01 12:46:01 | INFO | [LOCAL - ncluster=109] AUC-ROC=99.99%  Train=12.776s  RAM=206.858 MB
2026-06-01 12:46:01 | INFO | [LOCAL - ncluster=112] AUC-ROC=99.99%  Train=8.777s  RAM=211.394 MB
2026-06-01 12:46:01 | INFO | [LOCAL - ncluster=115] AUC-ROC=99.98%  Train=15.505s  RAM=215.926 MB
2026-06-01 12:46:01 | INFO | [LOCAL - ncluster=118] AUC-ROC=99.79%  Train=14.246s  RAM=220.459 MB
2026-06-01 12:46:01 | INFO | [LOCAL - ncluster=121] AUC-ROC=99.95%  Train=9.807s  RAM=225.002 MB
2026-06-01 12:46:01 | INFO | [LOCAL - ncluster=124] AUC-ROC=99.87%  Train=15.597s  RAM=229.536 MB
2026-06-01 12:46:01 | INFO | [LOCAL - ncluster=127] AUC-ROC=92.24%  Train=13.838s  RAM=234.071 MB
2026-06-01 12:46:01 | INFO | [LOCAL - ncluster=130] AUC-ROC=73.00%  Train=10.090s  RAM=238.603 MB
2026-06-01 12:46:01 | INFO | [LOCAL - ncluster=133] AUC-ROC=88.54%  Train=15.573s  RAM=243.143 MB
2026-06-01 12:46:01 | INFO | [LOCAL - ncluster=136] AUC-ROC=50.00%  Train=14.367s  RAM=247.681 MB
2026-06-01 12:46:01 | INFO | [LOCAL - ncluster=139] AUC-ROC=73.26%  Train=14.253s  RAM=252.219 MB
2026-06-01 12:46:01 | INFO | [LOCAL - ncluster=142] AUC-ROC=50.00%  Train=15.036s  RAM=256.756 MB
2026-06-01 12:46:01 | INFO | [LOCAL - ncluster=145] AUC-ROC=50.00%  Train=14.925s  RAM=261.289 MB
2026-06-01 12:46:01 | INFO | [LOCAL - ncluster=148] AUC-ROC=50.00%  Train=13.399s  RAM=265.833 MB
2026-06-01 12:46:01 | INFO | [LOCAL - ncluster=151] AUC-ROC=50.00%  Train=12.324s  RAM=270.364 MB
2026-06-01 12:46:01 | INFO | [LOCAL - ncluster=154] AUC-ROC=50.00%  Train=17.254s  RAM=274.904 MB
2026-06-01 12:46:01 | INFO | [LOCAL - ncluster=157] AUC-ROC=50.00%  Train=16.530s  RAM=279.437 MB
2026-06-01 12:46:01 | INFO | [LOCAL - ncluster=160] AUC-ROC=50.00%  Train=16.491s  RAM=283.984 MB
2026-06-01 12:46:01 | INFO | [LOCAL - ncluster=163] AUC-ROC=50.00%  Train=18.449s  RAM=288.513 MB
2026-06-01 12:46:01 | INFO | [LOCAL - ncluster=166] AUC-ROC=50.00%  Train=14.847s  RAM=293.056 MB
2026-06-01 12:46:01 | INFO | [LOCAL - ncluster=169] AUC-ROC=50.00%  Train=12.819s  RAM=297.596 MB
2026-06-01 12:46:01 | INFO | [LOCAL - ncluster=172] AUC-ROC=50.00%  Train=12.919s  RAM=302.129 MB
2026-06-01 12:46:01 | INFO | [LOCAL - ncluster=175] AUC-ROC=50.00%  Train=17.482s  RAM=306.665 MB
2026-06-01 12:46:01 | INFO | [LOCAL - ncluster=178] AUC-ROC=50.00%  Train=16.357s  RAM=311.202 MB
2026-06-01 12:46:01 | INFO | [LOCAL - ncluster=181] AUC-ROC=50.00%  Train=12.157s  RAM=315.772 MB
2026-06-01 12:46:01 | INFO | [LOCAL - ncluster=184] AUC-ROC=50.00%  Train=16.425s  RAM=320.275 MB
2026-06-01 12:46:01 | INFO | [LOCAL - ncluster=187] AUC-ROC=50.00%  Train=14.646s  RAM=324.811 MB
2026-06-01 12:46:01 | INFO | [LOCAL - ncluster=190] AUC-ROC=50.00%  Train=15.021s  RAM=329.377 MB
2026-06-01 12:46:01 | INFO | [LOCAL - ncluster=193] AUC-ROC=50.00%  Train=16.523s  RAM=333.883 MB
2026-06-01 12:46:01 | INFO | [LOCAL - ncluster=196] AUC-ROC=50.00%  Train=11.283s  RAM=338.425 MB
2026-06-01 12:46:01 | INFO | [LOCAL - ncluster=199] AUC-ROC=50.00%  Train=14.779s  RAM=342.959 MB
2026-06-01 12:46:01 | INFO | [LOCAL - ncluster=202] AUC-ROC=50.00%  Train=8.509s  RAM=347.495 MB
2026-06-01 12:46:01 | INFO | [LOCAL - ncluster=205] AUC-ROC=50.00%  Train=11.946s  RAM=352.033 MB
2026-06-01 12:46:01 | INFO | [LOCAL - ncluster=208] AUC-ROC=50.00%  Train=9.603s  RAM=356.567 MB
2026-06-01 12:46:01 | INFO | [LOCAL - ncluster=211] AUC-ROC=50.00%  Train=10.495s  RAM=361.11 MB
2026-06-01 12:46:01 | INFO | [LOCAL - ncluster=214] AUC-ROC=50.00%  Train=4.708s  RAM=365.642 MB
2026-06-01 12:46:01 | INFO | [LOCAL - ncluster=217] AUC-ROC=50.00%  Train=8.693s  RAM=370.183 MB
2026-06-01 12:46:01 | INFO | [LOCAL - ncluster=220] AUC-ROC=50.00%  Train=9.419s  RAM=374.716 MB
2026-06-01 12:46:01 | INFO | [LOCAL - ncluster=223] AUC-ROC=50.00%  Train=9.262s  RAM=379.253 MB
2026-06-01 12:46:01 | INFO | [LOCAL - ncluster=226] AUC-ROC=50.00%  Train=9.795s  RAM=383.794 MB
2026-06-01 12:46:01 | INFO | [LOCAL - ncluster=229] AUC-ROC=50.00%  Train=6.391s  RAM=388.331 MB
2026-06-01 12:46:01 | INFO | [LOCAL - ncluster=232] AUC-ROC=50.00%  Train=8.334s  RAM=392.868 MB
2026-06-01 12:46:01 | INFO | [LOCAL - ncluster=235] AUC-ROC=50.00%  Train=8.759s  RAM=397.406 MB
2026-06-01 12:46:01 | INFO | [LOCAL - ncluster=238] AUC-ROC=50.00%  Train=9.564s  RAM=401.947 MB
2026-06-01 12:46:01 | INFO | [LOCAL - ncluster=241] AUC-ROC=50.00%  Train=5.865s  RAM=406.481 MB
2026-06-01 12:46:01 | INFO | [LOCAL - ncluster=244] AUC-ROC=50.00%  Train=9.337s  RAM=411.012 MB
2026-06-01 12:46:01 | INFO | [LOCAL - ncluster=247] AUC-ROC=50.00%  Train=6.907s  RAM=415.561 MB
2026-06-01 12:46:01 | INFO | [LOCAL - ncluster=250] AUC-ROC=50.00%  Train=6.789s  RAM=420.097 MB
2026-06-01 12:46:01 | INFO | [LOCAL - ncluster=253] AUC-ROC=50.00%  Train=4.070s  RAM=424.625 MB
2026-06-01 12:46:01 | INFO | [LOCAL - ncluster=256] AUC-ROC=50.00%  Train=7.032s  RAM=429.165 MB
2026-06-01 12:46:01 | INFO | [LOCAL - ncluster=259] AUC-ROC=50.00%  Train=4.723s  RAM=433.708 MB
2026-06-01 12:46:01 | INFO | [LOCAL - ncluster=262] AUC-ROC=50.00%  Train=3.984s  RAM=438.244 MB
2026-06-01 12:46:01 | INFO | [LOCAL - ncluster=265] AUC-ROC=50.00%  Train=3.450s  RAM=442.783 MB
2026-06-01 12:46:01 | INFO | [LOCAL - ncluster=268] AUC-ROC=50.00%  Train=3.418s  RAM=447.319 MB
2026-06-01 12:46:01 | INFO | [LOCAL - ncluster=271] AUC-ROC=50.00%  Train=5.380s  RAM=451.865 MB
2026-06-01 12:46:01 | INFO | [LOCAL - ncluster=274] AUC-ROC=50.00%  Train=8.318s  RAM=456.387 MB
2026-06-01 12:46:01 | INFO | [LOCAL - ncluster=277] AUC-ROC=50.00%  Train=7.243s  RAM=460.924 MB
2026-06-01 12:46:01 | INFO | [LOCAL - ncluster=280] AUC-ROC=50.00%  Train=11.052s  RAM=465.461 MB
2026-06-01 12:46:01 | INFO | [LOCAL - ncluster=283] AUC-ROC=50.00%  Train=10.397s  RAM=469.999 MB
2026-06-01 12:46:01 | INFO | [LOCAL - ncluster=286] AUC-ROC=50.00%  Train=5.827s  RAM=474.537 MB
2026-06-01 12:46:01 | INFO | [LOCAL - ncluster=289] AUC-ROC=50.00%  Train=8.636s  RAM=479.072 MB
2026-06-01 12:46:01 | INFO | [LOCAL - ncluster=292] AUC-ROC=50.00%  Train=9.150s  RAM=483.61 MB
2026-06-01 12:46:01 | INFO | [LOCAL - ncluster=295] AUC-ROC=50.00%  Train=10.248s  RAM=488.147 MB
2026-06-01 12:46:01 | INFO | [LOCAL - ncluster=298] AUC-ROC=50.00%  Train=8.867s  RAM=492.686 MB
2026-06-01 12:46:01 | INFO | ============================================================
2026-06-01 12:46:01 | INFO | Dataset      : Train_local_RobustScaler_data_IoTID20.csv
2026-06-01 12:46:01 | INFO | Anomaly Mode : LOCAL
2026-06-01 12:46:01 | INFO | Scaler       : RobustScaler
2026-06-01 12:46:01 | INFO | nClusters    : 100 values
2026-06-01 12:46:01 | INFO | ============================================================
2026-06-01 12:46:06 | INFO | Loaded Shape -> Train: (30878, 94), Test: (22720, 94)
2026-06-01 12:46:07 | INFO | Parallel execution on 32 cores for 100 clusters...
2026-06-01 13:01:21 | INFO | [LOCAL - ncluster=1] AUC-ROC=95.48%  Train=11.759s  RAM=80.608 MB
2026-06-01 13:01:21 | INFO | [LOCAL - ncluster=4] AUC-ROC=98.02%  Train=11.508s  RAM=80.612 MB
2026-06-01 13:01:21 | INFO | [LOCAL - ncluster=7] AUC-ROC=99.22%  Train=15.397s  RAM=80.614 MB
2026-06-01 13:01:21 | INFO | [LOCAL - ncluster=10] AUC-ROC=99.94%  Train=12.011s  RAM=80.62 MB
2026-06-01 13:01:21 | INFO | [LOCAL - ncluster=13] AUC-ROC=99.94%  Train=15.517s  RAM=80.616 MB
2026-06-01 13:01:21 | INFO | [LOCAL - ncluster=16] AUC-ROC=99.95%  Train=14.551s  RAM=80.62 MB
2026-06-01 13:01:21 | INFO | [LOCAL - ncluster=19] AUC-ROC=99.95%  Train=9.748s  RAM=80.62 MB
2026-06-01 13:01:21 | INFO | [LOCAL - ncluster=22] AUC-ROC=99.95%  Train=13.651s  RAM=80.623 MB
2026-06-01 13:01:21 | INFO | [LOCAL - ncluster=25] AUC-ROC=99.95%  Train=14.562s  RAM=80.628 MB
2026-06-01 13:01:21 | INFO | [LOCAL - ncluster=28] AUC-ROC=99.95%  Train=15.133s  RAM=84.355 MB
2026-06-01 13:01:21 | INFO | [LOCAL - ncluster=31] AUC-ROC=99.95%  Train=8.519s  RAM=88.893 MB
2026-06-01 13:01:21 | INFO | [LOCAL - ncluster=34] AUC-ROC=99.96%  Train=10.332s  RAM=93.433 MB
2026-06-01 13:01:21 | INFO | [LOCAL - ncluster=37] AUC-ROC=99.95%  Train=11.049s  RAM=97.969 MB
2026-06-01 13:01:21 | INFO | [LOCAL - ncluster=40] AUC-ROC=99.95%  Train=14.464s  RAM=102.502 MB
2026-06-01 13:01:21 | INFO | [LOCAL - ncluster=43] AUC-ROC=99.95%  Train=15.965s  RAM=107.05 MB
2026-06-01 13:01:21 | INFO | [LOCAL - ncluster=46] AUC-ROC=99.96%  Train=13.859s  RAM=111.579 MB
2026-06-01 13:01:21 | INFO | [LOCAL - ncluster=49] AUC-ROC=99.96%  Train=16.017s  RAM=116.118 MB
2026-06-01 13:01:21 | INFO | [LOCAL - ncluster=52] AUC-ROC=99.96%  Train=13.488s  RAM=120.649 MB
2026-06-01 13:01:21 | INFO | [LOCAL - ncluster=55] AUC-ROC=99.96%  Train=18.673s  RAM=125.193 MB
2026-06-01 13:01:21 | INFO | [LOCAL - ncluster=58] AUC-ROC=99.96%  Train=6.106s  RAM=129.734 MB
2026-06-01 13:01:21 | INFO | [LOCAL - ncluster=61] AUC-ROC=99.96%  Train=15.084s  RAM=134.269 MB
2026-06-01 13:01:21 | INFO | [LOCAL - ncluster=64] AUC-ROC=99.96%  Train=17.195s  RAM=138.799 MB
2026-06-01 13:01:21 | INFO | [LOCAL - ncluster=67] AUC-ROC=99.96%  Train=11.228s  RAM=143.339 MB
2026-06-01 13:01:21 | INFO | [LOCAL - ncluster=70] AUC-ROC=99.96%  Train=14.336s  RAM=147.882 MB
2026-06-01 13:01:21 | INFO | [LOCAL - ncluster=73] AUC-ROC=99.96%  Train=13.878s  RAM=152.413 MB
2026-06-01 13:01:21 | INFO | [LOCAL - ncluster=76] AUC-ROC=99.96%  Train=11.449s  RAM=156.951 MB
2026-06-01 13:01:21 | INFO | [LOCAL - ncluster=79] AUC-ROC=99.96%  Train=13.121s  RAM=161.486 MB
2026-06-01 13:01:21 | INFO | [LOCAL - ncluster=82] AUC-ROC=99.96%  Train=10.254s  RAM=166.028 MB
2026-06-01 13:01:21 | INFO | [LOCAL - ncluster=85] AUC-ROC=99.96%  Train=12.876s  RAM=170.561 MB
2026-06-01 13:01:21 | INFO | [LOCAL - ncluster=88] AUC-ROC=99.96%  Train=12.877s  RAM=175.098 MB
2026-06-01 13:01:21 | INFO | [LOCAL - ncluster=91] AUC-ROC=99.96%  Train=14.833s  RAM=179.637 MB
2026-06-01 13:01:21 | INFO | [LOCAL - ncluster=94] AUC-ROC=99.96%  Train=16.900s  RAM=184.174 MB
2026-06-01 13:01:21 | INFO | [LOCAL - ncluster=97] AUC-ROC=99.96%  Train=15.793s  RAM=188.709 MB
2026-06-01 13:01:21 | INFO | [LOCAL - ncluster=100] AUC-ROC=99.96%  Train=18.161s  RAM=193.243 MB
2026-06-01 13:01:21 | INFO | [LOCAL - ncluster=103] AUC-ROC=99.96%  Train=9.782s  RAM=197.787 MB
2026-06-01 13:01:21 | INFO | [LOCAL - ncluster=106] AUC-ROC=99.96%  Train=12.205s  RAM=202.32 MB
2026-06-01 13:01:21 | INFO | [LOCAL - ncluster=109] AUC-ROC=99.96%  Train=13.232s  RAM=206.857 MB
2026-06-01 13:01:21 | INFO | [LOCAL - ncluster=112] AUC-ROC=99.96%  Train=11.943s  RAM=211.392 MB
2026-06-01 13:01:21 | INFO | [LOCAL - ncluster=115] AUC-ROC=99.97%  Train=9.971s  RAM=215.932 MB
2026-06-01 13:01:21 | INFO | [LOCAL - ncluster=118] AUC-ROC=99.97%  Train=15.175s  RAM=220.469 MB
2026-06-01 13:01:21 | INFO | [LOCAL - ncluster=121] AUC-ROC=99.96%  Train=8.687s  RAM=225.005 MB
2026-06-01 13:01:21 | INFO | [LOCAL - ncluster=124] AUC-ROC=99.96%  Train=14.056s  RAM=229.546 MB
2026-06-01 13:01:21 | INFO | [LOCAL - ncluster=127] AUC-ROC=99.96%  Train=12.753s  RAM=234.085 MB
2026-06-01 13:01:21 | INFO | [LOCAL - ncluster=130] AUC-ROC=99.96%  Train=12.431s  RAM=238.624 MB
2026-06-01 13:01:21 | INFO | [LOCAL - ncluster=133] AUC-ROC=99.96%  Train=11.648s  RAM=243.161 MB
2026-06-01 13:01:21 | INFO | [LOCAL - ncluster=136] AUC-ROC=99.96%  Train=11.995s  RAM=247.695 MB
2026-06-01 13:01:21 | INFO | [LOCAL - ncluster=139] AUC-ROC=99.97%  Train=11.931s  RAM=252.234 MB
2026-06-01 13:01:21 | INFO | [LOCAL - ncluster=142] AUC-ROC=99.96%  Train=12.957s  RAM=256.769 MB
2026-06-01 13:01:21 | INFO | [LOCAL - ncluster=145] AUC-ROC=99.96%  Train=11.946s  RAM=261.309 MB
2026-06-01 13:01:21 | INFO | [LOCAL - ncluster=148] AUC-ROC=99.96%  Train=12.190s  RAM=265.838 MB
2026-06-01 13:01:21 | INFO | [LOCAL - ncluster=151] AUC-ROC=99.96%  Train=12.175s  RAM=270.383 MB
2026-06-01 13:01:21 | INFO | [LOCAL - ncluster=154] AUC-ROC=99.97%  Train=7.716s  RAM=274.917 MB
2026-06-01 13:01:21 | INFO | [LOCAL - ncluster=157] AUC-ROC=99.97%  Train=11.566s  RAM=279.455 MB
2026-06-01 13:01:21 | INFO | [LOCAL - ncluster=160] AUC-ROC=99.96%  Train=10.490s  RAM=283.99 MB
2026-06-01 13:01:21 | INFO | [LOCAL - ncluster=163] AUC-ROC=99.96%  Train=10.684s  RAM=288.525 MB
2026-06-01 13:01:21 | INFO | [LOCAL - ncluster=166] AUC-ROC=99.97%  Train=10.465s  RAM=293.065 MB
2026-06-01 13:01:21 | INFO | [LOCAL - ncluster=169] AUC-ROC=100.00%  Train=10.003s  RAM=297.605 MB
2026-06-01 13:01:21 | INFO | [LOCAL - ncluster=172] AUC-ROC=100.00%  Train=7.810s  RAM=302.137 MB
2026-06-01 13:01:21 | INFO | [LOCAL - ncluster=175] AUC-ROC=100.00%  Train=8.238s  RAM=306.675 MB
2026-06-01 13:01:21 | INFO | [LOCAL - ncluster=178] AUC-ROC=100.00%  Train=9.238s  RAM=311.213 MB
2026-06-01 13:01:21 | INFO | [LOCAL - ncluster=181] AUC-ROC=100.00%  Train=8.766s  RAM=315.749 MB
2026-06-01 13:01:21 | INFO | [LOCAL - ncluster=184] AUC-ROC=99.99%  Train=9.027s  RAM=320.284 MB
2026-06-01 13:01:21 | INFO | [LOCAL - ncluster=187] AUC-ROC=100.00%  Train=8.520s  RAM=324.825 MB
2026-06-01 13:01:21 | INFO | [LOCAL - ncluster=190] AUC-ROC=100.00%  Train=6.322s  RAM=329.357 MB
2026-06-01 13:01:21 | INFO | [LOCAL - ncluster=193] AUC-ROC=100.00%  Train=8.797s  RAM=333.897 MB
2026-06-01 13:01:21 | INFO | [LOCAL - ncluster=196] AUC-ROC=100.00%  Train=7.475s  RAM=338.436 MB
2026-06-01 13:01:21 | INFO | [LOCAL - ncluster=199] AUC-ROC=100.00%  Train=9.425s  RAM=342.972 MB
2026-06-01 13:01:21 | INFO | [LOCAL - ncluster=202] AUC-ROC=100.00%  Train=13.523s  RAM=347.514 MB
2026-06-01 13:01:21 | INFO | [LOCAL - ncluster=205] AUC-ROC=99.99%  Train=7.727s  RAM=352.049 MB
2026-06-01 13:01:21 | INFO | [LOCAL - ncluster=208] AUC-ROC=100.00%  Train=14.936s  RAM=356.579 MB
2026-06-01 13:01:21 | INFO | [LOCAL - ncluster=211] AUC-ROC=100.00%  Train=16.671s  RAM=361.116 MB
2026-06-01 13:01:21 | INFO | [LOCAL - ncluster=214] AUC-ROC=99.99%  Train=12.159s  RAM=365.658 MB
2026-06-01 13:01:21 | INFO | [LOCAL - ncluster=217] AUC-ROC=100.00%  Train=17.065s  RAM=370.198 MB
2026-06-01 13:01:21 | INFO | [LOCAL - ncluster=220] AUC-ROC=100.00%  Train=16.434s  RAM=374.733 MB
2026-06-01 13:01:21 | INFO | [LOCAL - ncluster=223] AUC-ROC=99.99%  Train=10.044s  RAM=379.27 MB
2026-06-01 13:01:21 | INFO | [LOCAL - ncluster=226] AUC-ROC=99.99%  Train=13.595s  RAM=383.807 MB
2026-06-01 13:01:21 | INFO | [LOCAL - ncluster=229] AUC-ROC=100.00%  Train=14.719s  RAM=388.34 MB
2026-06-01 13:01:21 | INFO | [LOCAL - ncluster=232] AUC-ROC=100.00%  Train=10.021s  RAM=392.882 MB
2026-06-01 13:01:21 | INFO | [LOCAL - ncluster=235] AUC-ROC=100.00%  Train=12.358s  RAM=397.421 MB
2026-06-01 13:01:21 | INFO | [LOCAL - ncluster=238] AUC-ROC=99.99%  Train=14.377s  RAM=401.955 MB
2026-06-01 13:01:21 | INFO | [LOCAL - ncluster=241] AUC-ROC=99.99%  Train=14.136s  RAM=406.49 MB
2026-06-01 13:01:21 | INFO | [LOCAL - ncluster=244] AUC-ROC=100.00%  Train=10.559s  RAM=411.031 MB
2026-06-01 13:01:21 | INFO | [LOCAL - ncluster=247] AUC-ROC=99.99%  Train=15.510s  RAM=415.565 MB
2026-06-01 13:01:21 | INFO | [LOCAL - ncluster=250] AUC-ROC=100.00%  Train=12.605s  RAM=420.105 MB
2026-06-01 13:01:21 | INFO | [LOCAL - ncluster=253] AUC-ROC=99.99%  Train=10.610s  RAM=424.641 MB
2026-06-01 13:01:21 | INFO | [LOCAL - ncluster=256] AUC-ROC=100.00%  Train=14.081s  RAM=429.173 MB
2026-06-01 13:01:21 | INFO | [LOCAL - ncluster=259] AUC-ROC=99.99%  Train=10.809s  RAM=433.718 MB
2026-06-01 13:01:21 | INFO | [LOCAL - ncluster=262] AUC-ROC=100.00%  Train=12.999s  RAM=438.257 MB
2026-06-01 13:01:21 | INFO | [LOCAL - ncluster=265] AUC-ROC=100.00%  Train=10.002s  RAM=442.791 MB
2026-06-01 13:01:21 | INFO | [LOCAL - ncluster=268] AUC-ROC=100.00%  Train=14.849s  RAM=447.328 MB
2026-06-01 13:01:21 | INFO | [LOCAL - ncluster=271] AUC-ROC=99.99%  Train=11.014s  RAM=451.862 MB
2026-06-01 13:01:21 | INFO | [LOCAL - ncluster=274] AUC-ROC=100.00%  Train=14.325s  RAM=456.405 MB
2026-06-01 13:01:21 | INFO | [LOCAL - ncluster=277] AUC-ROC=100.00%  Train=15.075s  RAM=460.942 MB
2026-06-01 13:01:21 | INFO | [LOCAL - ncluster=280] AUC-ROC=100.00%  Train=11.909s  RAM=465.481 MB
2026-06-01 13:01:22 | INFO | [LOCAL - ncluster=283] AUC-ROC=100.00%  Train=13.301s  RAM=470.007 MB
2026-06-01 13:01:22 | INFO | [LOCAL - ncluster=286] AUC-ROC=100.00%  Train=12.387s  RAM=474.551 MB
2026-06-01 13:01:22 | INFO | [LOCAL - ncluster=289] AUC-ROC=100.00%  Train=11.419s  RAM=479.091 MB
2026-06-01 13:01:22 | INFO | [LOCAL - ncluster=292] AUC-ROC=100.00%  Train=8.543s  RAM=483.624 MB
2026-06-01 13:01:22 | INFO | [LOCAL - ncluster=295] AUC-ROC=99.99%  Train=9.844s  RAM=488.16 MB
2026-06-01 13:01:22 | INFO | [LOCAL - ncluster=298] AUC-ROC=100.00%  Train=11.598s  RAM=492.699 MB
