2026-06-01 13:01:22 | INFO | Run started at 20260601_095531
2026-06-01 13:01:22 | INFO | ============================================================
2026-06-01 13:01:22 | INFO | Dataset      : Train_cluster_StandardScaler_data_IoTID20.csv
2026-06-01 13:01:22 | INFO | Anomaly Mode : CLUSTER
2026-06-01 13:01:22 | INFO | Scaler       : StandardScaler
2026-06-01 13:01:22 | INFO | nClusters    : 100 values
2026-06-01 13:01:22 | INFO | ============================================================
2026-06-01 13:01:27 | INFO | Loaded Shape -> Train: (30878, 94), Test: (22720, 94)
2026-06-01 13:01:27 | INFO | Parallel execution on 32 cores for 100 clusters...
2026-06-01 13:15:53 | INFO | [CLUSTER - ncluster=1] AUC-ROC=52.40%  Train=12.188s  RAM=80.611 MB
2026-06-01 13:15:53 | INFO | [CLUSTER - ncluster=4] AUC-ROC=99.58%  Train=9.598s  RAM=80.617 MB
2026-06-01 13:15:53 | INFO | [CLUSTER - ncluster=7] AUC-ROC=99.71%  Train=8.496s  RAM=80.62 MB
2026-06-01 13:15:53 | INFO | [CLUSTER - ncluster=10] AUC-ROC=99.99%  Train=10.407s  RAM=80.622 MB
2026-06-01 13:15:53 | INFO | [CLUSTER - ncluster=13] AUC-ROC=99.99%  Train=8.889s  RAM=80.623 MB
2026-06-01 13:15:53 | INFO | [CLUSTER - ncluster=16] AUC-ROC=99.99%  Train=11.396s  RAM=80.622 MB
2026-06-01 13:15:53 | INFO | [CLUSTER - ncluster=19] AUC-ROC=99.99%  Train=9.722s  RAM=80.619 MB
2026-06-01 13:15:53 | INFO | [CLUSTER - ncluster=22] AUC-ROC=99.99%  Train=9.912s  RAM=80.623 MB
2026-06-01 13:15:53 | INFO | [CLUSTER - ncluster=25] AUC-ROC=99.99%  Train=9.905s  RAM=80.625 MB
2026-06-01 13:15:53 | INFO | [CLUSTER - ncluster=28] AUC-ROC=99.99%  Train=9.406s  RAM=84.361 MB
2026-06-01 13:15:53 | INFO | [CLUSTER - ncluster=31] AUC-ROC=99.99%  Train=11.591s  RAM=88.89 MB
2026-06-01 13:15:53 | INFO | [CLUSTER - ncluster=34] AUC-ROC=99.98%  Train=10.217s  RAM=93.428 MB
2026-06-01 13:15:53 | INFO | [CLUSTER - ncluster=37] AUC-ROC=99.99%  Train=6.549s  RAM=97.967 MB
2026-06-01 13:15:53 | INFO | [CLUSTER - ncluster=40] AUC-ROC=99.99%  Train=13.179s  RAM=102.508 MB
2026-06-01 13:15:53 | INFO | [CLUSTER - ncluster=43] AUC-ROC=99.99%  Train=11.649s  RAM=107.045 MB
2026-06-01 13:15:53 | INFO | [CLUSTER - ncluster=46] AUC-ROC=100.00%  Train=8.420s  RAM=111.577 MB
2026-06-01 13:15:53 | INFO | [CLUSTER - ncluster=49] AUC-ROC=100.00%  Train=14.188s  RAM=116.117 MB
2026-06-01 13:15:53 | INFO | [CLUSTER - ncluster=52] AUC-ROC=100.00%  Train=8.218s  RAM=120.659 MB
2026-06-01 13:15:53 | INFO | [CLUSTER - ncluster=55] AUC-ROC=100.00%  Train=10.765s  RAM=125.191 MB
2026-06-01 13:15:53 | INFO | [CLUSTER - ncluster=58] AUC-ROC=99.99%  Train=12.052s  RAM=129.725 MB
2026-06-01 13:15:53 | INFO | [CLUSTER - ncluster=61] AUC-ROC=100.00%  Train=11.084s  RAM=134.266 MB
2026-06-01 13:15:53 | INFO | [CLUSTER - ncluster=64] AUC-ROC=99.99%  Train=10.202s  RAM=138.803 MB
2026-06-01 13:15:53 | INFO | [CLUSTER - ncluster=67] AUC-ROC=100.00%  Train=8.789s  RAM=143.336 MB
2026-06-01 13:15:53 | INFO | [CLUSTER - ncluster=70] AUC-ROC=99.99%  Train=11.360s  RAM=147.876 MB
2026-06-01 13:15:53 | INFO | [CLUSTER - ncluster=73] AUC-ROC=99.99%  Train=8.460s  RAM=152.415 MB
2026-06-01 13:15:53 | INFO | [CLUSTER - ncluster=76] AUC-ROC=99.99%  Train=8.840s  RAM=157.235 MB
2026-06-01 13:15:53 | INFO | [CLUSTER - ncluster=79] AUC-ROC=100.00%  Train=11.899s  RAM=161.762 MB
2026-06-01 13:15:53 | INFO | [CLUSTER - ncluster=82] AUC-ROC=100.00%  Train=8.502s  RAM=166.303 MB
2026-06-01 13:15:53 | INFO | [CLUSTER - ncluster=85] AUC-ROC=100.00%  Train=9.044s  RAM=170.845 MB
2026-06-01 13:15:53 | INFO | [CLUSTER - ncluster=88] AUC-ROC=100.00%  Train=8.850s  RAM=175.363 MB
2026-06-01 13:15:53 | INFO | [CLUSTER - ncluster=91] AUC-ROC=100.00%  Train=10.063s  RAM=179.912 MB
2026-06-01 13:15:53 | INFO | [CLUSTER - ncluster=94] AUC-ROC=99.99%  Train=10.760s  RAM=184.446 MB
2026-06-01 13:15:53 | INFO | [CLUSTER - ncluster=97] AUC-ROC=99.99%  Train=8.432s  RAM=188.711 MB
2026-06-01 13:15:53 | INFO | [CLUSTER - ncluster=100] AUC-ROC=99.99%  Train=10.260s  RAM=193.25 MB
2026-06-01 13:15:53 | INFO | [CLUSTER - ncluster=103] AUC-ROC=100.00%  Train=4.425s  RAM=197.786 MB
2026-06-01 13:15:53 | INFO | [CLUSTER - ncluster=106] AUC-ROC=100.00%  Train=7.187s  RAM=202.323 MB
2026-06-01 13:15:53 | INFO | [CLUSTER - ncluster=109] AUC-ROC=100.00%  Train=12.169s  RAM=206.862 MB
2026-06-01 13:15:53 | INFO | [CLUSTER - ncluster=112] AUC-ROC=99.99%  Train=16.137s  RAM=211.392 MB
2026-06-01 13:15:53 | INFO | [CLUSTER - ncluster=115] AUC-ROC=100.00%  Train=16.977s  RAM=215.94 MB
2026-06-01 13:15:53 | INFO | [CLUSTER - ncluster=118] AUC-ROC=99.99%  Train=14.293s  RAM=220.472 MB
2026-06-01 13:15:53 | INFO | [CLUSTER - ncluster=121] AUC-ROC=99.99%  Train=16.043s  RAM=225.01 MB
2026-06-01 13:15:53 | INFO | [CLUSTER - ncluster=124] AUC-ROC=100.00%  Train=15.733s  RAM=229.549 MB
2026-06-01 13:15:53 | INFO | [CLUSTER - ncluster=127] AUC-ROC=99.99%  Train=11.423s  RAM=234.081 MB
2026-06-01 13:15:53 | INFO | [CLUSTER - ncluster=130] AUC-ROC=99.99%  Train=18.753s  RAM=238.615 MB
2026-06-01 13:15:53 | INFO | [CLUSTER - ncluster=133] AUC-ROC=100.00%  Train=13.231s  RAM=243.156 MB
2026-06-01 13:15:53 | INFO | [CLUSTER - ncluster=136] AUC-ROC=99.99%  Train=17.301s  RAM=247.696 MB
2026-06-01 13:15:53 | INFO | [CLUSTER - ncluster=139] AUC-ROC=99.99%  Train=14.469s  RAM=252.229 MB
2026-06-01 13:15:53 | INFO | [CLUSTER - ncluster=142] AUC-ROC=99.99%  Train=17.791s  RAM=256.77 MB
2026-06-01 13:15:53 | INFO | [CLUSTER - ncluster=145] AUC-ROC=99.99%  Train=17.476s  RAM=261.305 MB
2026-06-01 13:15:53 | INFO | [CLUSTER - ncluster=148] AUC-ROC=100.00%  Train=16.276s  RAM=265.843 MB
2026-06-01 13:15:53 | INFO | [CLUSTER - ncluster=151] AUC-ROC=99.99%  Train=16.829s  RAM=270.377 MB
2026-06-01 13:15:53 | INFO | [CLUSTER - ncluster=154] AUC-ROC=99.99%  Train=16.604s  RAM=274.916 MB
2026-06-01 13:15:53 | INFO | [CLUSTER - ncluster=157] AUC-ROC=99.99%  Train=18.532s  RAM=279.45 MB
2026-06-01 13:15:53 | INFO | [CLUSTER - ncluster=160] AUC-ROC=99.99%  Train=13.032s  RAM=283.987 MB
2026-06-01 13:15:53 | INFO | [CLUSTER - ncluster=163] AUC-ROC=99.99%  Train=18.093s  RAM=288.526 MB
2026-06-01 13:15:53 | INFO | [CLUSTER - ncluster=166] AUC-ROC=99.99%  Train=16.252s  RAM=293.067 MB
2026-06-01 13:15:53 | INFO | [CLUSTER - ncluster=169] AUC-ROC=99.99%  Train=13.756s  RAM=297.643 MB
2026-06-01 13:15:53 | INFO | [CLUSTER - ncluster=172] AUC-ROC=100.00%  Train=12.157s  RAM=302.189 MB
2026-06-01 13:15:53 | INFO | [CLUSTER - ncluster=175] AUC-ROC=99.99%  Train=13.895s  RAM=306.676 MB
2026-06-01 13:15:53 | INFO | [CLUSTER - ncluster=178] AUC-ROC=99.99%  Train=14.755s  RAM=311.215 MB
2026-06-01 13:15:53 | INFO | [CLUSTER - ncluster=181] AUC-ROC=99.99%  Train=15.438s  RAM=315.783 MB
2026-06-01 13:15:53 | INFO | [CLUSTER - ncluster=184] AUC-ROC=99.99%  Train=17.293s  RAM=320.32 MB
2026-06-01 13:15:53 | INFO | [CLUSTER - ncluster=187] AUC-ROC=99.99%  Train=18.030s  RAM=324.861 MB
2026-06-01 13:15:53 | INFO | [CLUSTER - ncluster=190] AUC-ROC=99.99%  Train=15.723s  RAM=329.397 MB
2026-06-01 13:15:53 | INFO | [CLUSTER - ncluster=193] AUC-ROC=99.99%  Train=19.816s  RAM=333.947 MB
2026-06-01 13:15:53 | INFO | [CLUSTER - ncluster=196] AUC-ROC=99.99%  Train=17.566s  RAM=338.434 MB
2026-06-01 13:15:53 | INFO | [CLUSTER - ncluster=199] AUC-ROC=99.99%  Train=18.707s  RAM=342.971 MB
2026-06-01 13:15:53 | INFO | [CLUSTER - ncluster=202] AUC-ROC=100.00%  Train=16.745s  RAM=347.506 MB
2026-06-01 13:15:53 | INFO | [CLUSTER - ncluster=205] AUC-ROC=99.99%  Train=14.421s  RAM=352.05 MB
2026-06-01 13:15:53 | INFO | [CLUSTER - ncluster=208] AUC-ROC=99.99%  Train=14.471s  RAM=356.587 MB
2026-06-01 13:15:53 | INFO | [CLUSTER - ncluster=211] AUC-ROC=99.99%  Train=16.633s  RAM=361.125 MB
2026-06-01 13:15:53 | INFO | [CLUSTER - ncluster=214] AUC-ROC=99.99%  Train=15.509s  RAM=365.652 MB
2026-06-01 13:15:53 | INFO | [CLUSTER - ncluster=217] AUC-ROC=99.99%  Train=14.215s  RAM=370.197 MB
2026-06-01 13:15:53 | INFO | [CLUSTER - ncluster=220] AUC-ROC=99.99%  Train=17.646s  RAM=374.73 MB
2026-06-01 13:15:53 | INFO | [CLUSTER - ncluster=223] AUC-ROC=99.99%  Train=13.744s  RAM=379.269 MB
2026-06-01 13:15:53 | INFO | [CLUSTER - ncluster=226] AUC-ROC=99.99%  Train=16.372s  RAM=383.806 MB
2026-06-01 13:15:53 | INFO | [CLUSTER - ncluster=229] AUC-ROC=99.99%  Train=12.919s  RAM=388.348 MB
2026-06-01 13:15:53 | INFO | [CLUSTER - ncluster=232] AUC-ROC=99.99%  Train=9.403s  RAM=392.885 MB
2026-06-01 13:15:53 | INFO | [CLUSTER - ncluster=235] AUC-ROC=99.99%  Train=12.070s  RAM=397.416 MB
2026-06-01 13:15:53 | INFO | [CLUSTER - ncluster=238] AUC-ROC=99.99%  Train=6.840s  RAM=401.956 MB
2026-06-01 13:15:53 | INFO | [CLUSTER - ncluster=241] AUC-ROC=99.99%  Train=15.525s  RAM=406.496 MB
2026-06-01 13:15:53 | INFO | [CLUSTER - ncluster=244] AUC-ROC=99.99%  Train=13.324s  RAM=411.031 MB
2026-06-01 13:15:53 | INFO | [CLUSTER - ncluster=247] AUC-ROC=100.00%  Train=11.495s  RAM=415.569 MB
2026-06-01 13:15:53 | INFO | [CLUSTER - ncluster=250] AUC-ROC=99.99%  Train=12.950s  RAM=420.098 MB
2026-06-01 13:15:53 | INFO | [CLUSTER - ncluster=253] AUC-ROC=99.99%  Train=8.872s  RAM=424.637 MB
2026-06-01 13:15:53 | INFO | [CLUSTER - ncluster=256] AUC-ROC=99.99%  Train=8.211s  RAM=429.172 MB
2026-06-01 13:15:53 | INFO | [CLUSTER - ncluster=259] AUC-ROC=99.99%  Train=9.434s  RAM=433.717 MB
2026-06-01 13:15:53 | INFO | [CLUSTER - ncluster=262] AUC-ROC=99.99%  Train=7.660s  RAM=438.253 MB
2026-06-01 13:15:53 | INFO | [CLUSTER - ncluster=265] AUC-ROC=99.99%  Train=8.921s  RAM=442.787 MB
2026-06-01 13:15:53 | INFO | [CLUSTER - ncluster=268] AUC-ROC=99.99%  Train=6.050s  RAM=447.333 MB
2026-06-01 13:15:53 | INFO | [CLUSTER - ncluster=271] AUC-ROC=100.00%  Train=7.640s  RAM=451.862 MB
2026-06-01 13:15:53 | INFO | [CLUSTER - ncluster=274] AUC-ROC=99.99%  Train=8.297s  RAM=456.405 MB
2026-06-01 13:15:53 | INFO | [CLUSTER - ncluster=277] AUC-ROC=99.99%  Train=4.941s  RAM=460.946 MB
2026-06-01 13:15:53 | INFO | [CLUSTER - ncluster=280] AUC-ROC=99.99%  Train=5.048s  RAM=465.479 MB
2026-06-01 13:15:53 | INFO | [CLUSTER - ncluster=283] AUC-ROC=99.99%  Train=6.282s  RAM=470.019 MB
2026-06-01 13:15:53 | INFO | [CLUSTER - ncluster=286] AUC-ROC=99.99%  Train=5.313s  RAM=474.554 MB
2026-06-01 13:15:53 | INFO | [CLUSTER - ncluster=289] AUC-ROC=99.99%  Train=5.925s  RAM=479.106 MB
2026-06-01 13:15:53 | INFO | [CLUSTER - ncluster=292] AUC-ROC=99.99%  Train=7.229s  RAM=483.623 MB
2026-06-01 13:15:53 | INFO | [CLUSTER - ncluster=295] AUC-ROC=99.99%  Train=2.102s  RAM=488.16 MB
2026-06-01 13:15:53 | INFO | [CLUSTER - ncluster=298] AUC-ROC=99.99%  Train=4.075s  RAM=492.696 MB
2026-06-01 13:15:53 | INFO | ============================================================
2026-06-01 13:15:53 | INFO | Dataset      : Train_cluster_MinMaxScaler_data_IoTID20.csv
2026-06-01 13:15:53 | INFO | Anomaly Mode : CLUSTER
2026-06-01 13:15:53 | INFO | Scaler       : MinMaxScaler
2026-06-01 13:15:53 | INFO | nClusters    : 100 values
2026-06-01 13:15:53 | INFO | ============================================================
2026-06-01 13:15:53 | INFO | Loaded Shape -> Train: (30878, 94), Test: (22720, 94)
2026-06-01 13:15:53 | INFO | Parallel execution on 32 cores for 100 clusters...
2026-06-01 13:31:19 | INFO | [CLUSTER - ncluster=1] AUC-ROC=100.00%  Train=12.991s  RAM=80.61 MB
2026-06-01 13:31:19 | INFO | [CLUSTER - ncluster=4] AUC-ROC=100.00%  Train=15.786s  RAM=80.619 MB
2026-06-01 13:31:19 | INFO | [CLUSTER - ncluster=7] AUC-ROC=100.00%  Train=16.141s  RAM=80.616 MB
2026-06-01 13:31:19 | INFO | [CLUSTER - ncluster=10] AUC-ROC=100.00%  Train=15.615s  RAM=80.62 MB
2026-06-01 13:31:19 | INFO | [CLUSTER - ncluster=13] AUC-ROC=100.00%  Train=15.067s  RAM=80.618 MB
2026-06-01 13:31:19 | INFO | [CLUSTER - ncluster=16] AUC-ROC=100.00%  Train=13.970s  RAM=80.621 MB
2026-06-01 13:31:19 | INFO | [CLUSTER - ncluster=19] AUC-ROC=100.00%  Train=16.352s  RAM=80.624 MB
2026-06-01 13:31:19 | INFO | [CLUSTER - ncluster=22] AUC-ROC=100.00%  Train=12.603s  RAM=80.627 MB
2026-06-01 13:31:19 | INFO | [CLUSTER - ncluster=25] AUC-ROC=100.00%  Train=9.949s  RAM=80.624 MB
2026-06-01 13:31:19 | INFO | [CLUSTER - ncluster=28] AUC-ROC=100.00%  Train=14.963s  RAM=84.361 MB
2026-06-01 13:31:19 | INFO | [CLUSTER - ncluster=31] AUC-ROC=100.00%  Train=16.503s  RAM=88.893 MB
2026-06-01 13:31:19 | INFO | [CLUSTER - ncluster=34] AUC-ROC=100.00%  Train=12.944s  RAM=93.431 MB
2026-06-01 13:31:19 | INFO | [CLUSTER - ncluster=37] AUC-ROC=99.99%  Train=7.188s  RAM=97.964 MB
2026-06-01 13:31:19 | INFO | [CLUSTER - ncluster=40] AUC-ROC=99.99%  Train=13.795s  RAM=102.499 MB
2026-06-01 13:31:19 | INFO | [CLUSTER - ncluster=43] AUC-ROC=99.99%  Train=15.692s  RAM=107.041 MB
2026-06-01 13:31:19 | INFO | [CLUSTER - ncluster=46] AUC-ROC=99.99%  Train=15.619s  RAM=111.58 MB
2026-06-01 13:31:19 | INFO | [CLUSTER - ncluster=49] AUC-ROC=99.99%  Train=17.906s  RAM=116.119 MB
2026-06-01 13:31:19 | INFO | [CLUSTER - ncluster=52] AUC-ROC=99.99%  Train=15.338s  RAM=120.65 MB
2026-06-01 13:31:19 | INFO | [CLUSTER - ncluster=55] AUC-ROC=99.99%  Train=13.904s  RAM=125.194 MB
2026-06-01 13:31:19 | INFO | [CLUSTER - ncluster=58] AUC-ROC=100.00%  Train=14.768s  RAM=129.724 MB
2026-06-01 13:31:19 | INFO | [CLUSTER - ncluster=61] AUC-ROC=99.99%  Train=14.602s  RAM=134.263 MB
2026-06-01 13:31:19 | INFO | [CLUSTER - ncluster=64] AUC-ROC=100.00%  Train=17.243s  RAM=138.801 MB
2026-06-01 13:31:19 | INFO | [CLUSTER - ncluster=67] AUC-ROC=100.00%  Train=15.355s  RAM=143.338 MB
2026-06-01 13:31:19 | INFO | [CLUSTER - ncluster=70] AUC-ROC=100.00%  Train=13.767s  RAM=147.887 MB
2026-06-01 13:31:19 | INFO | [CLUSTER - ncluster=73] AUC-ROC=100.00%  Train=16.621s  RAM=152.417 MB
2026-06-01 13:31:19 | INFO | [CLUSTER - ncluster=76] AUC-ROC=100.00%  Train=17.916s  RAM=156.956 MB
2026-06-01 13:31:19 | INFO | [CLUSTER - ncluster=79] AUC-ROC=99.99%  Train=13.938s  RAM=161.493 MB
2026-06-01 13:31:19 | INFO | [CLUSTER - ncluster=82] AUC-ROC=99.99%  Train=10.902s  RAM=166.025 MB
2026-06-01 13:31:19 | INFO | [CLUSTER - ncluster=85] AUC-ROC=99.99%  Train=14.357s  RAM=170.565 MB
2026-06-01 13:31:19 | INFO | [CLUSTER - ncluster=88] AUC-ROC=99.99%  Train=17.007s  RAM=175.101 MB
2026-06-01 13:31:19 | INFO | [CLUSTER - ncluster=91] AUC-ROC=99.99%  Train=18.912s  RAM=179.633 MB
2026-06-01 13:31:19 | INFO | [CLUSTER - ncluster=94] AUC-ROC=99.99%  Train=18.639s  RAM=184.173 MB
2026-06-01 13:31:19 | INFO | [CLUSTER - ncluster=97] AUC-ROC=99.99%  Train=15.753s  RAM=188.711 MB
2026-06-01 13:31:19 | INFO | [CLUSTER - ncluster=100] AUC-ROC=99.99%  Train=12.594s  RAM=193.248 MB
2026-06-01 13:31:19 | INFO | [CLUSTER - ncluster=103] AUC-ROC=99.99%  Train=15.062s  RAM=197.78 MB
2026-06-01 13:31:19 | INFO | [CLUSTER - ncluster=106] AUC-ROC=99.99%  Train=14.288s  RAM=202.323 MB
2026-06-01 13:31:19 | INFO | [CLUSTER - ncluster=109] AUC-ROC=99.99%  Train=13.487s  RAM=206.854 MB
2026-06-01 13:31:19 | INFO | [CLUSTER - ncluster=112] AUC-ROC=99.99%  Train=16.674s  RAM=211.398 MB
2026-06-01 13:31:19 | INFO | [CLUSTER - ncluster=115] AUC-ROC=100.00%  Train=15.454s  RAM=215.932 MB
2026-06-01 13:31:19 | INFO | [CLUSTER - ncluster=118] AUC-ROC=99.99%  Train=16.363s  RAM=220.47 MB
2026-06-01 13:31:19 | INFO | [CLUSTER - ncluster=121] AUC-ROC=100.00%  Train=14.918s  RAM=225.004 MB
2026-06-01 13:31:19 | INFO | [CLUSTER - ncluster=124] AUC-ROC=99.99%  Train=10.989s  RAM=229.542 MB
2026-06-01 13:31:19 | INFO | [CLUSTER - ncluster=127] AUC-ROC=99.99%  Train=17.125s  RAM=234.078 MB
2026-06-01 13:31:19 | INFO | [CLUSTER - ncluster=130] AUC-ROC=99.99%  Train=14.959s  RAM=238.614 MB
2026-06-01 13:31:19 | INFO | [CLUSTER - ncluster=133] AUC-ROC=99.99%  Train=17.128s  RAM=243.154 MB
2026-06-01 13:31:19 | INFO | [CLUSTER - ncluster=136] AUC-ROC=99.99%  Train=18.639s  RAM=247.686 MB
2026-06-01 13:31:19 | INFO | [CLUSTER - ncluster=139] AUC-ROC=99.99%  Train=18.012s  RAM=252.228 MB
2026-06-01 13:31:19 | INFO | [CLUSTER - ncluster=142] AUC-ROC=100.00%  Train=16.840s  RAM=256.766 MB
2026-06-01 13:31:19 | INFO | [CLUSTER - ncluster=145] AUC-ROC=99.99%  Train=20.432s  RAM=261.299 MB
2026-06-01 13:31:19 | INFO | [CLUSTER - ncluster=148] AUC-ROC=99.98%  Train=13.921s  RAM=265.839 MB
2026-06-01 13:31:19 | INFO | [CLUSTER - ncluster=151] AUC-ROC=100.00%  Train=15.404s  RAM=270.377 MB
2026-06-01 13:31:19 | INFO | [CLUSTER - ncluster=154] AUC-ROC=99.91%  Train=15.041s  RAM=274.911 MB
2026-06-01 13:31:19 | INFO | [CLUSTER - ncluster=157] AUC-ROC=99.87%  Train=14.239s  RAM=279.447 MB
2026-06-01 13:31:19 | INFO | [CLUSTER - ncluster=160] AUC-ROC=99.93%  Train=19.274s  RAM=283.991 MB
2026-06-01 13:31:19 | INFO | [CLUSTER - ncluster=163] AUC-ROC=99.92%  Train=14.035s  RAM=288.524 MB
2026-06-01 13:31:19 | INFO | [CLUSTER - ncluster=166] AUC-ROC=99.92%  Train=10.683s  RAM=293.063 MB
2026-06-01 13:31:19 | INFO | [CLUSTER - ncluster=169] AUC-ROC=99.41%  Train=19.005s  RAM=297.593 MB
2026-06-01 13:31:19 | INFO | [CLUSTER - ncluster=172] AUC-ROC=99.74%  Train=15.336s  RAM=302.138 MB
2026-06-01 13:31:19 | INFO | [CLUSTER - ncluster=175] AUC-ROC=99.42%  Train=11.578s  RAM=306.673 MB
2026-06-01 13:31:19 | INFO | [CLUSTER - ncluster=178] AUC-ROC=90.90%  Train=15.061s  RAM=311.207 MB
2026-06-01 13:31:19 | INFO | [CLUSTER - ncluster=181] AUC-ROC=84.89%  Train=16.773s  RAM=315.74 MB
2026-06-01 13:31:19 | INFO | [CLUSTER - ncluster=184] AUC-ROC=75.37%  Train=17.700s  RAM=320.281 MB
2026-06-01 13:31:19 | INFO | [CLUSTER - ncluster=187] AUC-ROC=80.70%  Train=17.822s  RAM=324.817 MB
2026-06-01 13:31:19 | INFO | [CLUSTER - ncluster=190] AUC-ROC=91.49%  Train=13.421s  RAM=329.349 MB
2026-06-01 13:31:19 | INFO | [CLUSTER - ncluster=193] AUC-ROC=87.26%  Train=15.037s  RAM=333.888 MB
2026-06-01 13:31:19 | INFO | [CLUSTER - ncluster=196] AUC-ROC=50.00%  Train=15.708s  RAM=338.426 MB
2026-06-01 13:31:19 | INFO | [CLUSTER - ncluster=199] AUC-ROC=84.49%  Train=11.085s  RAM=342.958 MB
2026-06-01 13:31:19 | INFO | [CLUSTER - ncluster=202] AUC-ROC=50.00%  Train=9.199s  RAM=347.494 MB
2026-06-01 13:31:19 | INFO | [CLUSTER - ncluster=205] AUC-ROC=58.70%  Train=9.901s  RAM=352.035 MB
2026-06-01 13:31:19 | INFO | [CLUSTER - ncluster=208] AUC-ROC=50.00%  Train=7.600s  RAM=356.578 MB
2026-06-01 13:31:19 | INFO | [CLUSTER - ncluster=211] AUC-ROC=50.00%  Train=12.102s  RAM=361.111 MB
2026-06-01 13:31:19 | INFO | [CLUSTER - ncluster=214] AUC-ROC=50.00%  Train=7.154s  RAM=365.646 MB
2026-06-01 13:31:19 | INFO | [CLUSTER - ncluster=217] AUC-ROC=50.00%  Train=11.790s  RAM=370.183 MB
2026-06-01 13:31:19 | INFO | [CLUSTER - ncluster=220] AUC-ROC=50.00%  Train=5.256s  RAM=374.721 MB
2026-06-01 13:31:19 | INFO | [CLUSTER - ncluster=223] AUC-ROC=50.00%  Train=10.399s  RAM=379.261 MB
2026-06-01 13:31:19 | INFO | [CLUSTER - ncluster=226] AUC-ROC=50.00%  Train=8.601s  RAM=383.796 MB
2026-06-01 13:31:19 | INFO | [CLUSTER - ncluster=229] AUC-ROC=50.00%  Train=11.301s  RAM=388.328 MB
2026-06-01 13:31:19 | INFO | [CLUSTER - ncluster=232] AUC-ROC=50.00%  Train=7.864s  RAM=392.868 MB
2026-06-01 13:31:19 | INFO | [CLUSTER - ncluster=235] AUC-ROC=50.00%  Train=5.803s  RAM=397.406 MB
2026-06-01 13:31:19 | INFO | [CLUSTER - ncluster=238] AUC-ROC=50.00%  Train=7.516s  RAM=401.94 MB
2026-06-01 13:31:19 | INFO | [CLUSTER - ncluster=241] AUC-ROC=50.00%  Train=6.663s  RAM=406.478 MB
2026-06-01 13:31:19 | INFO | [CLUSTER - ncluster=244] AUC-ROC=50.00%  Train=7.824s  RAM=411.018 MB
2026-06-01 13:31:19 | INFO | [CLUSTER - ncluster=247] AUC-ROC=50.00%  Train=4.801s  RAM=415.553 MB
2026-06-01 13:31:19 | INFO | [CLUSTER - ncluster=250] AUC-ROC=50.00%  Train=4.265s  RAM=420.087 MB
2026-06-01 13:31:19 | INFO | [CLUSTER - ncluster=253] AUC-ROC=50.00%  Train=4.885s  RAM=424.633 MB
2026-06-01 13:31:19 | INFO | [CLUSTER - ncluster=256] AUC-ROC=50.00%  Train=2.053s  RAM=429.16 MB
2026-06-01 13:31:19 | INFO | [CLUSTER - ncluster=259] AUC-ROC=50.00%  Train=3.712s  RAM=433.702 MB
2026-06-01 13:31:19 | INFO | [CLUSTER - ncluster=262] AUC-ROC=50.00%  Train=5.130s  RAM=438.245 MB
2026-06-01 13:31:19 | INFO | [CLUSTER - ncluster=265] AUC-ROC=50.00%  Train=8.239s  RAM=442.778 MB
2026-06-01 13:31:19 | INFO | [CLUSTER - ncluster=268] AUC-ROC=50.00%  Train=13.515s  RAM=447.314 MB
2026-06-01 13:31:19 | INFO | [CLUSTER - ncluster=271] AUC-ROC=50.00%  Train=8.502s  RAM=451.857 MB
2026-06-01 13:31:19 | INFO | [CLUSTER - ncluster=274] AUC-ROC=50.00%  Train=13.283s  RAM=456.389 MB
2026-06-01 13:31:19 | INFO | [CLUSTER - ncluster=277] AUC-ROC=50.00%  Train=7.218s  RAM=460.924 MB
2026-06-01 13:31:19 | INFO | [CLUSTER - ncluster=280] AUC-ROC=50.00%  Train=12.059s  RAM=465.461 MB
2026-06-01 13:31:19 | INFO | [CLUSTER - ncluster=283] AUC-ROC=50.00%  Train=10.837s  RAM=470.006 MB
2026-06-01 13:31:19 | INFO | [CLUSTER - ncluster=286] AUC-ROC=50.00%  Train=9.716s  RAM=474.538 MB
2026-06-01 13:31:19 | INFO | [CLUSTER - ncluster=289] AUC-ROC=50.00%  Train=13.006s  RAM=479.07 MB
2026-06-01 13:31:19 | INFO | [CLUSTER - ncluster=292] AUC-ROC=50.00%  Train=13.873s  RAM=483.614 MB
2026-06-01 13:31:19 | INFO | [CLUSTER - ncluster=295] AUC-ROC=50.00%  Train=5.931s  RAM=488.143 MB
2026-06-01 13:31:19 | INFO | [CLUSTER - ncluster=298] AUC-ROC=50.00%  Train=8.449s  RAM=492.681 MB
2026-06-01 13:31:19 | INFO | ============================================================
2026-06-01 13:31:19 | INFO | Dataset      : Train_cluster_Normalizer_data_IoTID20.csv
2026-06-01 13:31:19 | INFO | Anomaly Mode : CLUSTER
2026-06-01 13:31:19 | INFO | Scaler       : Normalizer
2026-06-01 13:31:19 | INFO | nClusters    : 100 values
2026-06-01 13:31:19 | INFO | ============================================================
2026-06-01 13:31:24 | INFO | Loaded Shape -> Train: (30878, 94), Test: (22720, 94)
2026-06-01 13:31:24 | INFO | Parallel execution on 32 cores for 100 clusters...
2026-06-01 13:46:29 | INFO | [CLUSTER - ncluster=1] AUC-ROC=100.00%  Train=14.212s  RAM=80.61 MB
2026-06-01 13:46:29 | INFO | [CLUSTER - ncluster=4] AUC-ROC=50.00%  Train=14.273s  RAM=80.617 MB
2026-06-01 13:46:29 | INFO | [CLUSTER - ncluster=7] AUC-ROC=50.00%  Train=13.646s  RAM=80.617 MB
2026-06-01 13:46:29 | INFO | [CLUSTER - ncluster=10] AUC-ROC=50.00%  Train=13.386s  RAM=80.626 MB
2026-06-01 13:46:29 | INFO | [CLUSTER - ncluster=13] AUC-ROC=50.00%  Train=11.739s  RAM=80.622 MB
2026-06-01 13:46:29 | INFO | [CLUSTER - ncluster=16] AUC-ROC=50.00%  Train=16.671s  RAM=80.62 MB
2026-06-01 13:46:29 | INFO | [CLUSTER - ncluster=19] AUC-ROC=50.00%  Train=13.120s  RAM=80.623 MB
2026-06-01 13:46:29 | INFO | [CLUSTER - ncluster=22] AUC-ROC=50.00%  Train=12.103s  RAM=80.623 MB
2026-06-01 13:46:29 | INFO | [CLUSTER - ncluster=25] AUC-ROC=50.00%  Train=17.292s  RAM=80.62 MB
2026-06-01 13:46:29 | INFO | [CLUSTER - ncluster=28] AUC-ROC=50.00%  Train=15.921s  RAM=84.34 MB
2026-06-01 13:46:29 | INFO | [CLUSTER - ncluster=31] AUC-ROC=50.00%  Train=15.548s  RAM=88.877 MB
2026-06-01 13:46:29 | INFO | [CLUSTER - ncluster=34] AUC-ROC=50.00%  Train=14.201s  RAM=93.42 MB
2026-06-01 13:46:29 | INFO | [CLUSTER - ncluster=37] AUC-ROC=50.00%  Train=14.601s  RAM=97.956 MB
2026-06-01 13:46:29 | INFO | [CLUSTER - ncluster=40] AUC-ROC=50.00%  Train=13.707s  RAM=102.49 MB
2026-06-01 13:46:29 | INFO | [CLUSTER - ncluster=43] AUC-ROC=50.00%  Train=14.889s  RAM=107.031 MB
2026-06-01 13:46:29 | INFO | [CLUSTER - ncluster=46] AUC-ROC=50.00%  Train=13.580s  RAM=111.569 MB
2026-06-01 13:46:29 | INFO | [CLUSTER - ncluster=49] AUC-ROC=50.00%  Train=14.719s  RAM=116.106 MB
2026-06-01 13:46:29 | INFO | [CLUSTER - ncluster=52] AUC-ROC=50.00%  Train=13.160s  RAM=120.643 MB
2026-06-01 13:46:29 | INFO | [CLUSTER - ncluster=55] AUC-ROC=50.00%  Train=17.066s  RAM=125.178 MB
2026-06-01 13:46:29 | INFO | [CLUSTER - ncluster=58] AUC-ROC=50.00%  Train=10.736s  RAM=129.717 MB
2026-06-01 13:46:29 | INFO | [CLUSTER - ncluster=61] AUC-ROC=50.00%  Train=17.184s  RAM=134.252 MB
2026-06-01 13:46:29 | INFO | [CLUSTER - ncluster=64] AUC-ROC=50.00%  Train=15.068s  RAM=138.789 MB
2026-06-01 13:46:29 | INFO | [CLUSTER - ncluster=67] AUC-ROC=50.00%  Train=11.603s  RAM=143.322 MB
2026-06-01 13:46:29 | INFO | [CLUSTER - ncluster=70] AUC-ROC=50.00%  Train=12.901s  RAM=147.863 MB
2026-06-01 13:46:29 | INFO | [CLUSTER - ncluster=73] AUC-ROC=50.00%  Train=11.451s  RAM=152.402 MB
2026-06-01 13:46:29 | INFO | [CLUSTER - ncluster=76] AUC-ROC=50.00%  Train=13.311s  RAM=156.938 MB
2026-06-01 13:46:29 | INFO | [CLUSTER - ncluster=79] AUC-ROC=50.00%  Train=13.592s  RAM=161.476 MB
2026-06-01 13:46:29 | INFO | [CLUSTER - ncluster=82] AUC-ROC=50.00%  Train=16.437s  RAM=166.016 MB
2026-06-01 13:46:29 | INFO | [CLUSTER - ncluster=85] AUC-ROC=50.00%  Train=16.531s  RAM=170.544 MB
2026-06-01 13:46:29 | INFO | [CLUSTER - ncluster=88] AUC-ROC=50.00%  Train=10.337s  RAM=175.081 MB
2026-06-01 13:46:29 | INFO | [CLUSTER - ncluster=91] AUC-ROC=50.00%  Train=14.530s  RAM=179.624 MB
2026-06-01 13:46:29 | INFO | [CLUSTER - ncluster=94] AUC-ROC=50.00%  Train=13.977s  RAM=184.436 MB
2026-06-01 13:46:29 | INFO | [CLUSTER - ncluster=97] AUC-ROC=50.00%  Train=11.488s  RAM=188.701 MB
2026-06-01 13:46:29 | INFO | [CLUSTER - ncluster=100] AUC-ROC=50.00%  Train=13.143s  RAM=193.239 MB
2026-06-01 13:46:29 | INFO | [CLUSTER - ncluster=103] AUC-ROC=50.00%  Train=7.901s  RAM=197.773 MB
2026-06-01 13:46:29 | INFO | [CLUSTER - ncluster=106] AUC-ROC=50.00%  Train=17.375s  RAM=202.31 MB
2026-06-01 13:46:29 | INFO | [CLUSTER - ncluster=109] AUC-ROC=50.00%  Train=9.380s  RAM=206.849 MB
2026-06-01 13:46:29 | INFO | [CLUSTER - ncluster=112] AUC-ROC=50.00%  Train=9.039s  RAM=211.382 MB
2026-06-01 13:46:29 | INFO | [CLUSTER - ncluster=115] AUC-ROC=50.00%  Train=10.977s  RAM=215.923 MB
2026-06-01 13:46:29 | INFO | [CLUSTER - ncluster=118] AUC-ROC=50.00%  Train=10.281s  RAM=220.459 MB
2026-06-01 13:46:29 | INFO | [CLUSTER - ncluster=121] AUC-ROC=50.00%  Train=9.995s  RAM=224.993 MB
2026-06-01 13:46:29 | INFO | [CLUSTER - ncluster=124] AUC-ROC=50.00%  Train=10.031s  RAM=229.529 MB
2026-06-01 13:46:29 | INFO | [CLUSTER - ncluster=127] AUC-ROC=50.00%  Train=13.030s  RAM=234.065 MB
2026-06-01 13:46:29 | INFO | [CLUSTER - ncluster=130] AUC-ROC=50.00%  Train=12.347s  RAM=238.607 MB
2026-06-01 13:46:29 | INFO | [CLUSTER - ncluster=133] AUC-ROC=50.00%  Train=8.371s  RAM=243.139 MB
2026-06-01 13:46:29 | INFO | [CLUSTER - ncluster=136] AUC-ROC=50.00%  Train=9.104s  RAM=247.68 MB
2026-06-01 13:46:29 | INFO | [CLUSTER - ncluster=139] AUC-ROC=50.00%  Train=9.789s  RAM=252.218 MB
2026-06-01 13:46:29 | INFO | [CLUSTER - ncluster=142] AUC-ROC=50.00%  Train=8.527s  RAM=256.757 MB
2026-06-01 13:46:29 | INFO | [CLUSTER - ncluster=145] AUC-ROC=50.00%  Train=6.177s  RAM=261.297 MB
2026-06-01 13:46:29 | INFO | [CLUSTER - ncluster=148] AUC-ROC=50.00%  Train=8.709s  RAM=265.831 MB
2026-06-01 13:46:29 | INFO | [CLUSTER - ncluster=151] AUC-ROC=50.00%  Train=7.326s  RAM=270.367 MB
2026-06-01 13:46:29 | INFO | [CLUSTER - ncluster=154] AUC-ROC=50.00%  Train=7.796s  RAM=274.904 MB
2026-06-01 13:46:29 | INFO | [CLUSTER - ncluster=157] AUC-ROC=50.00%  Train=6.210s  RAM=279.443 MB
2026-06-01 13:46:29 | INFO | [CLUSTER - ncluster=160] AUC-ROC=50.00%  Train=7.007s  RAM=283.978 MB
2026-06-01 13:46:29 | INFO | [CLUSTER - ncluster=163] AUC-ROC=50.00%  Train=9.256s  RAM=288.513 MB
2026-06-01 13:46:29 | INFO | [CLUSTER - ncluster=166] AUC-ROC=50.00%  Train=8.041s  RAM=293.049 MB
2026-06-01 13:46:29 | INFO | [CLUSTER - ncluster=169] AUC-ROC=50.00%  Train=8.794s  RAM=297.59 MB
2026-06-01 13:46:29 | INFO | [CLUSTER - ncluster=172] AUC-ROC=50.00%  Train=6.741s  RAM=302.122 MB
2026-06-01 13:46:29 | INFO | [CLUSTER - ncluster=175] AUC-ROC=50.00%  Train=7.489s  RAM=306.668 MB
2026-06-01 13:46:29 | INFO | [CLUSTER - ncluster=178] AUC-ROC=50.00%  Train=6.372s  RAM=311.197 MB
2026-06-01 13:46:29 | INFO | [CLUSTER - ncluster=181] AUC-ROC=50.00%  Train=7.857s  RAM=315.733 MB
2026-06-01 13:46:29 | INFO | [CLUSTER - ncluster=184] AUC-ROC=50.00%  Train=7.305s  RAM=320.274 MB
2026-06-01 13:46:29 | INFO | [CLUSTER - ncluster=187] AUC-ROC=50.00%  Train=6.501s  RAM=324.811 MB
2026-06-01 13:46:29 | INFO | [CLUSTER - ncluster=190] AUC-ROC=50.00%  Train=11.032s  RAM=329.351 MB
2026-06-01 13:46:29 | INFO | [CLUSTER - ncluster=193] AUC-ROC=50.00%  Train=12.695s  RAM=333.887 MB
2026-06-01 13:46:29 | INFO | [CLUSTER - ncluster=196] AUC-ROC=50.00%  Train=17.700s  RAM=338.457 MB
2026-06-01 13:46:29 | INFO | [CLUSTER - ncluster=199] AUC-ROC=50.00%  Train=12.368s  RAM=342.96 MB
2026-06-01 13:46:29 | INFO | [CLUSTER - ncluster=202] AUC-ROC=50.00%  Train=14.757s  RAM=347.498 MB
2026-06-01 13:46:29 | INFO | [CLUSTER - ncluster=205] AUC-ROC=50.00%  Train=17.981s  RAM=352.034 MB
2026-06-01 13:46:29 | INFO | [CLUSTER - ncluster=208] AUC-ROC=50.00%  Train=14.746s  RAM=356.572 MB
2026-06-01 13:46:29 | INFO | [CLUSTER - ncluster=211] AUC-ROC=50.00%  Train=14.027s  RAM=361.106 MB
2026-06-01 13:46:29 | INFO | [CLUSTER - ncluster=214] AUC-ROC=50.00%  Train=13.809s  RAM=365.643 MB
2026-06-01 13:46:29 | INFO | [CLUSTER - ncluster=217] AUC-ROC=50.00%  Train=11.912s  RAM=370.184 MB
2026-06-01 13:46:29 | INFO | [CLUSTER - ncluster=220] AUC-ROC=50.00%  Train=19.292s  RAM=374.715 MB
2026-06-01 13:46:29 | INFO | [CLUSTER - ncluster=223] AUC-ROC=50.00%  Train=17.564s  RAM=379.253 MB
2026-06-01 13:46:29 | INFO | [CLUSTER - ncluster=226] AUC-ROC=50.00%  Train=15.728s  RAM=383.794 MB
2026-06-01 13:46:29 | INFO | [CLUSTER - ncluster=229] AUC-ROC=50.00%  Train=13.064s  RAM=388.335 MB
2026-06-01 13:46:29 | INFO | [CLUSTER - ncluster=232] AUC-ROC=50.00%  Train=10.256s  RAM=392.869 MB
2026-06-01 13:46:29 | INFO | [CLUSTER - ncluster=235] AUC-ROC=50.00%  Train=15.211s  RAM=397.404 MB
2026-06-01 13:46:29 | INFO | [CLUSTER - ncluster=238] AUC-ROC=50.00%  Train=14.351s  RAM=401.947 MB
2026-06-01 13:46:29 | INFO | [CLUSTER - ncluster=241] AUC-ROC=50.00%  Train=14.273s  RAM=406.479 MB
2026-06-01 13:46:29 | INFO | [CLUSTER - ncluster=244] AUC-ROC=50.00%  Train=16.069s  RAM=411.018 MB
2026-06-01 13:46:29 | INFO | [CLUSTER - ncluster=247] AUC-ROC=50.00%  Train=14.338s  RAM=415.556 MB
2026-06-01 13:46:29 | INFO | [CLUSTER - ncluster=250] AUC-ROC=50.00%  Train=13.063s  RAM=420.101 MB
2026-06-01 13:46:29 | INFO | [CLUSTER - ncluster=253] AUC-ROC=50.00%  Train=14.907s  RAM=424.628 MB
2026-06-01 13:46:29 | INFO | [CLUSTER - ncluster=256] AUC-ROC=50.00%  Train=15.336s  RAM=429.167 MB
2026-06-01 13:46:29 | INFO | [CLUSTER - ncluster=259] AUC-ROC=50.00%  Train=16.191s  RAM=433.704 MB
2026-06-01 13:46:29 | INFO | [CLUSTER - ncluster=262] AUC-ROC=50.00%  Train=17.233s  RAM=438.236 MB
2026-06-01 13:46:29 | INFO | [CLUSTER - ncluster=265] AUC-ROC=50.00%  Train=16.922s  RAM=442.776 MB
2026-06-01 13:46:29 | INFO | [CLUSTER - ncluster=268] AUC-ROC=50.00%  Train=14.019s  RAM=447.316 MB
2026-06-01 13:46:29 | INFO | [CLUSTER - ncluster=271] AUC-ROC=50.00%  Train=12.894s  RAM=451.852 MB
2026-06-01 13:46:29 | INFO | [CLUSTER - ncluster=274] AUC-ROC=50.00%  Train=13.865s  RAM=456.387 MB
2026-06-01 13:46:29 | INFO | [CLUSTER - ncluster=277] AUC-ROC=50.00%  Train=12.727s  RAM=460.922 MB
2026-06-01 13:46:29 | INFO | [CLUSTER - ncluster=280] AUC-ROC=50.00%  Train=11.326s  RAM=465.465 MB
2026-06-01 13:46:29 | INFO | [CLUSTER - ncluster=283] AUC-ROC=50.00%  Train=11.106s  RAM=470.0 MB
2026-06-01 13:46:29 | INFO | [CLUSTER - ncluster=286] AUC-ROC=50.00%  Train=7.928s  RAM=474.543 MB
2026-06-01 13:46:29 | INFO | [CLUSTER - ncluster=289] AUC-ROC=50.00%  Train=8.724s  RAM=479.076 MB
2026-06-01 13:46:29 | INFO | [CLUSTER - ncluster=292] AUC-ROC=50.00%  Train=9.391s  RAM=483.61 MB
2026-06-01 13:46:29 | INFO | [CLUSTER - ncluster=295] AUC-ROC=50.00%  Train=6.572s  RAM=488.172 MB
2026-06-01 13:46:29 | INFO | [CLUSTER - ncluster=298] AUC-ROC=50.00%  Train=5.740s  RAM=492.684 MB
2026-06-01 13:46:29 | INFO | ============================================================
2026-06-01 13:46:29 | INFO | Dataset      : Train_cluster_QuantileTransformer_data_IoTID20.csv
2026-06-01 13:46:29 | INFO | Anomaly Mode : CLUSTER
2026-06-01 13:46:29 | INFO | Scaler       : QuantileTransformer
2026-06-01 13:46:29 | INFO | nClusters    : 100 values
2026-06-01 13:46:29 | INFO | ============================================================
2026-06-01 13:46:32 | INFO | Loaded Shape -> Train: (30878, 94), Test: (22720, 94)
2026-06-01 13:46:32 | INFO | Parallel execution on 32 cores for 100 clusters...
2026-06-01 14:02:15 | INFO | [CLUSTER - ncluster=1] AUC-ROC=100.00%  Train=10.451s  RAM=80.608 MB
2026-06-01 14:02:15 | INFO | [CLUSTER - ncluster=4] AUC-ROC=100.00%  Train=9.300s  RAM=80.616 MB
2026-06-01 14:02:15 | INFO | [CLUSTER - ncluster=7] AUC-ROC=100.00%  Train=9.842s  RAM=80.616 MB
2026-06-01 14:02:15 | INFO | [CLUSTER - ncluster=10] AUC-ROC=99.63%  Train=9.884s  RAM=80.622 MB
2026-06-01 14:02:15 | INFO | [CLUSTER - ncluster=13] AUC-ROC=99.58%  Train=8.927s  RAM=80.615 MB
2026-06-01 14:02:15 | INFO | [CLUSTER - ncluster=16] AUC-ROC=99.79%  Train=8.416s  RAM=80.622 MB
2026-06-01 14:02:15 | INFO | [CLUSTER - ncluster=19] AUC-ROC=99.76%  Train=9.544s  RAM=80.623 MB
2026-06-01 14:02:15 | INFO | [CLUSTER - ncluster=22] AUC-ROC=99.72%  Train=8.408s  RAM=80.624 MB
2026-06-01 14:02:15 | INFO | [CLUSTER - ncluster=25] AUC-ROC=99.56%  Train=9.753s  RAM=80.625 MB
2026-06-01 14:02:15 | INFO | [CLUSTER - ncluster=28] AUC-ROC=99.55%  Train=7.626s  RAM=84.356 MB
2026-06-01 14:02:15 | INFO | [CLUSTER - ncluster=31] AUC-ROC=99.64%  Train=8.298s  RAM=88.893 MB
2026-06-01 14:02:15 | INFO | [CLUSTER - ncluster=34] AUC-ROC=99.55%  Train=5.387s  RAM=93.432 MB
2026-06-01 14:02:15 | INFO | [CLUSTER - ncluster=37] AUC-ROC=99.66%  Train=5.257s  RAM=97.964 MB
2026-06-01 14:02:15 | INFO | [CLUSTER - ncluster=40] AUC-ROC=99.45%  Train=6.584s  RAM=102.508 MB
2026-06-01 14:02:15 | INFO | [CLUSTER - ncluster=43] AUC-ROC=99.51%  Train=6.793s  RAM=107.04 MB
2026-06-01 14:02:16 | INFO | [CLUSTER - ncluster=46] AUC-ROC=99.76%  Train=7.258s  RAM=111.582 MB
2026-06-01 14:02:16 | INFO | [CLUSTER - ncluster=49] AUC-ROC=99.87%  Train=7.980s  RAM=116.112 MB
2026-06-01 14:02:16 | INFO | [CLUSTER - ncluster=52] AUC-ROC=99.78%  Train=6.900s  RAM=120.655 MB
2026-06-01 14:02:16 | INFO | [CLUSTER - ncluster=55] AUC-ROC=99.92%  Train=5.883s  RAM=125.189 MB
2026-06-01 14:02:16 | INFO | [CLUSTER - ncluster=58] AUC-ROC=99.79%  Train=7.581s  RAM=129.729 MB
2026-06-01 14:02:16 | INFO | [CLUSTER - ncluster=61] AUC-ROC=99.89%  Train=8.779s  RAM=134.264 MB
2026-06-01 14:02:16 | INFO | [CLUSTER - ncluster=64] AUC-ROC=99.89%  Train=10.171s  RAM=138.807 MB
2026-06-01 14:02:16 | INFO | [CLUSTER - ncluster=67] AUC-ROC=99.71%  Train=10.882s  RAM=143.342 MB
2026-06-01 14:02:16 | INFO | [CLUSTER - ncluster=70] AUC-ROC=99.89%  Train=5.642s  RAM=147.887 MB
2026-06-01 14:02:16 | INFO | [CLUSTER - ncluster=73] AUC-ROC=99.90%  Train=16.307s  RAM=152.418 MB
2026-06-01 14:02:16 | INFO | [CLUSTER - ncluster=76] AUC-ROC=99.73%  Train=13.177s  RAM=156.952 MB
2026-06-01 14:02:16 | INFO | [CLUSTER - ncluster=79] AUC-ROC=99.85%  Train=15.534s  RAM=161.743 MB
2026-06-01 14:02:16 | INFO | [CLUSTER - ncluster=82] AUC-ROC=99.90%  Train=15.726s  RAM=166.304 MB
2026-06-01 14:02:16 | INFO | [CLUSTER - ncluster=85] AUC-ROC=99.85%  Train=14.719s  RAM=170.834 MB
2026-06-01 14:02:16 | INFO | [CLUSTER - ncluster=88] AUC-ROC=99.88%  Train=15.597s  RAM=175.364 MB
2026-06-01 14:02:16 | INFO | [CLUSTER - ncluster=91] AUC-ROC=99.91%  Train=13.075s  RAM=179.915 MB
2026-06-01 14:02:16 | INFO | [CLUSTER - ncluster=94] AUC-ROC=99.92%  Train=17.342s  RAM=184.454 MB
2026-06-01 14:02:16 | INFO | [CLUSTER - ncluster=97] AUC-ROC=99.90%  Train=14.179s  RAM=188.706 MB
2026-06-01 14:02:16 | INFO | [CLUSTER - ncluster=100] AUC-ROC=99.88%  Train=19.538s  RAM=193.248 MB
2026-06-01 14:02:16 | INFO | [CLUSTER - ncluster=103] AUC-ROC=99.89%  Train=16.948s  RAM=197.783 MB
2026-06-01 14:02:16 | INFO | [CLUSTER - ncluster=106] AUC-ROC=99.80%  Train=15.320s  RAM=202.322 MB
2026-06-01 14:02:16 | INFO | [CLUSTER - ncluster=109] AUC-ROC=99.65%  Train=13.818s  RAM=206.855 MB
2026-06-01 14:02:16 | INFO | [CLUSTER - ncluster=112] AUC-ROC=99.71%  Train=18.281s  RAM=211.4 MB
2026-06-01 14:02:16 | INFO | [CLUSTER - ncluster=115] AUC-ROC=99.66%  Train=12.263s  RAM=215.934 MB
2026-06-01 14:02:16 | INFO | [CLUSTER - ncluster=118] AUC-ROC=99.23%  Train=14.885s  RAM=220.466 MB
2026-06-01 14:02:16 | INFO | [CLUSTER - ncluster=121] AUC-ROC=99.38%  Train=14.797s  RAM=225.011 MB
2026-06-01 14:02:16 | INFO | [CLUSTER - ncluster=124] AUC-ROC=99.39%  Train=17.676s  RAM=229.54 MB
2026-06-01 14:02:16 | INFO | [CLUSTER - ncluster=127] AUC-ROC=77.24%  Train=14.698s  RAM=234.076 MB
2026-06-01 14:02:16 | INFO | [CLUSTER - ncluster=130] AUC-ROC=85.73%  Train=18.297s  RAM=238.606 MB
2026-06-01 14:02:16 | INFO | [CLUSTER - ncluster=133] AUC-ROC=80.52%  Train=14.958s  RAM=243.143 MB
2026-06-01 14:02:16 | INFO | [CLUSTER - ncluster=136] AUC-ROC=50.00%  Train=13.829s  RAM=247.68 MB
2026-06-01 14:02:16 | INFO | [CLUSTER - ncluster=139] AUC-ROC=88.35%  Train=11.349s  RAM=252.217 MB
2026-06-01 14:02:16 | INFO | [CLUSTER - ncluster=142] AUC-ROC=50.00%  Train=17.556s  RAM=256.751 MB
2026-06-01 14:02:16 | INFO | [CLUSTER - ncluster=145] AUC-ROC=50.00%  Train=16.211s  RAM=261.29 MB
2026-06-01 14:02:16 | INFO | [CLUSTER - ncluster=148] AUC-ROC=50.00%  Train=16.291s  RAM=265.827 MB
2026-06-01 14:02:16 | INFO | [CLUSTER - ncluster=151] AUC-ROC=50.00%  Train=17.804s  RAM=270.368 MB
2026-06-01 14:02:16 | INFO | [CLUSTER - ncluster=154] AUC-ROC=50.00%  Train=15.828s  RAM=274.904 MB
2026-06-01 14:02:16 | INFO | [CLUSTER - ncluster=157] AUC-ROC=50.00%  Train=15.648s  RAM=279.443 MB
2026-06-01 14:02:16 | INFO | [CLUSTER - ncluster=160] AUC-ROC=50.00%  Train=17.294s  RAM=283.978 MB
2026-06-01 14:02:16 | INFO | [CLUSTER - ncluster=163] AUC-ROC=50.00%  Train=17.067s  RAM=288.516 MB
2026-06-01 14:02:16 | INFO | [CLUSTER - ncluster=166] AUC-ROC=50.00%  Train=18.676s  RAM=293.06 MB
2026-06-01 14:02:16 | INFO | [CLUSTER - ncluster=169] AUC-ROC=50.00%  Train=17.115s  RAM=297.631 MB
2026-06-01 14:02:16 | INFO | [CLUSTER - ncluster=172] AUC-ROC=50.00%  Train=14.407s  RAM=302.151 MB
2026-06-01 14:02:16 | INFO | [CLUSTER - ncluster=175] AUC-ROC=50.00%  Train=11.405s  RAM=306.672 MB
2026-06-01 14:02:16 | INFO | [CLUSTER - ncluster=178] AUC-ROC=50.00%  Train=21.514s  RAM=311.232 MB
2026-06-01 14:02:16 | INFO | [CLUSTER - ncluster=181] AUC-ROC=50.00%  Train=19.171s  RAM=315.737 MB
2026-06-01 14:02:16 | INFO | [CLUSTER - ncluster=184] AUC-ROC=50.00%  Train=16.599s  RAM=320.305 MB
2026-06-01 14:02:16 | INFO | [CLUSTER - ncluster=187] AUC-ROC=50.00%  Train=16.250s  RAM=324.849 MB
2026-06-01 14:02:16 | INFO | [CLUSTER - ncluster=190] AUC-ROC=50.00%  Train=14.958s  RAM=329.379 MB
2026-06-01 14:02:16 | INFO | [CLUSTER - ncluster=193] AUC-ROC=50.00%  Train=14.608s  RAM=333.893 MB
2026-06-01 14:02:16 | INFO | [CLUSTER - ncluster=196] AUC-ROC=50.00%  Train=14.577s  RAM=338.421 MB
2026-06-01 14:02:16 | INFO | [CLUSTER - ncluster=199] AUC-ROC=50.00%  Train=14.114s  RAM=342.963 MB
2026-06-01 14:02:16 | INFO | [CLUSTER - ncluster=202] AUC-ROC=50.00%  Train=18.258s  RAM=347.5 MB
2026-06-01 14:02:16 | INFO | [CLUSTER - ncluster=205] AUC-ROC=50.00%  Train=15.154s  RAM=352.037 MB
2026-06-01 14:02:16 | INFO | [CLUSTER - ncluster=208] AUC-ROC=50.00%  Train=15.125s  RAM=356.576 MB
2026-06-01 14:02:16 | INFO | [CLUSTER - ncluster=211] AUC-ROC=50.00%  Train=19.007s  RAM=361.103 MB
2026-06-01 14:02:16 | INFO | [CLUSTER - ncluster=214] AUC-ROC=50.00%  Train=16.032s  RAM=365.648 MB
2026-06-01 14:02:16 | INFO | [CLUSTER - ncluster=217] AUC-ROC=50.00%  Train=13.181s  RAM=370.181 MB
2026-06-01 14:02:16 | INFO | [CLUSTER - ncluster=220] AUC-ROC=50.00%  Train=11.263s  RAM=374.72 MB
2026-06-01 14:02:16 | INFO | [CLUSTER - ncluster=223] AUC-ROC=50.00%  Train=15.333s  RAM=379.26 MB
2026-06-01 14:02:16 | INFO | [CLUSTER - ncluster=226] AUC-ROC=50.00%  Train=13.074s  RAM=383.801 MB
2026-06-01 14:02:16 | INFO | [CLUSTER - ncluster=229] AUC-ROC=50.00%  Train=12.898s  RAM=388.339 MB
2026-06-01 14:02:16 | INFO | [CLUSTER - ncluster=232] AUC-ROC=50.00%  Train=14.447s  RAM=392.866 MB
2026-06-01 14:02:16 | INFO | [CLUSTER - ncluster=235] AUC-ROC=50.00%  Train=10.322s  RAM=397.403 MB
2026-06-01 14:02:16 | INFO | [CLUSTER - ncluster=238] AUC-ROC=50.00%  Train=11.333s  RAM=401.942 MB
2026-06-01 14:02:16 | INFO | [CLUSTER - ncluster=241] AUC-ROC=50.00%  Train=13.774s  RAM=406.476 MB
2026-06-01 14:02:16 | INFO | [CLUSTER - ncluster=244] AUC-ROC=50.00%  Train=11.819s  RAM=411.014 MB
2026-06-01 14:02:16 | INFO | [CLUSTER - ncluster=247] AUC-ROC=50.00%  Train=7.128s  RAM=415.558 MB
2026-06-01 14:02:16 | INFO | [CLUSTER - ncluster=250] AUC-ROC=50.00%  Train=6.721s  RAM=420.093 MB
2026-06-01 14:02:16 | INFO | [CLUSTER - ncluster=253] AUC-ROC=50.00%  Train=8.109s  RAM=424.63 MB
2026-06-01 14:02:16 | INFO | [CLUSTER - ncluster=256] AUC-ROC=50.00%  Train=8.134s  RAM=429.167 MB
2026-06-01 14:02:16 | INFO | [CLUSTER - ncluster=259] AUC-ROC=50.00%  Train=9.308s  RAM=433.704 MB
2026-06-01 14:02:16 | INFO | [CLUSTER - ncluster=262] AUC-ROC=50.00%  Train=7.122s  RAM=438.24 MB
2026-06-01 14:02:16 | INFO | [CLUSTER - ncluster=265] AUC-ROC=50.00%  Train=5.440s  RAM=442.781 MB
2026-06-01 14:02:16 | INFO | [CLUSTER - ncluster=268] AUC-ROC=50.00%  Train=3.644s  RAM=447.315 MB
2026-06-01 14:02:16 | INFO | [CLUSTER - ncluster=271] AUC-ROC=50.00%  Train=2.954s  RAM=451.853 MB
2026-06-01 14:02:16 | INFO | [CLUSTER - ncluster=274] AUC-ROC=50.00%  Train=4.228s  RAM=456.39 MB
2026-06-01 14:02:16 | INFO | [CLUSTER - ncluster=277] AUC-ROC=50.00%  Train=3.053s  RAM=460.944 MB
2026-06-01 14:02:16 | INFO | [CLUSTER - ncluster=280] AUC-ROC=50.00%  Train=4.248s  RAM=465.472 MB
2026-06-01 14:02:16 | INFO | [CLUSTER - ncluster=283] AUC-ROC=50.00%  Train=11.119s  RAM=470.0 MB
2026-06-01 14:02:16 | INFO | [CLUSTER - ncluster=286] AUC-ROC=50.00%  Train=10.813s  RAM=474.534 MB
2026-06-01 14:02:16 | INFO | [CLUSTER - ncluster=289] AUC-ROC=50.00%  Train=7.374s  RAM=479.075 MB
2026-06-01 14:02:16 | INFO | [CLUSTER - ncluster=292] AUC-ROC=50.00%  Train=8.249s  RAM=483.609 MB
2026-06-01 14:02:16 | INFO | [CLUSTER - ncluster=295] AUC-ROC=50.00%  Train=10.424s  RAM=488.15 MB
2026-06-01 14:02:16 | INFO | [CLUSTER - ncluster=298] AUC-ROC=50.00%  Train=15.112s  RAM=492.688 MB
2026-06-01 14:02:16 | INFO | ============================================================
2026-06-01 14:02:16 | INFO | Dataset      : Train_cluster_RobustScaler_data_IoTID20.csv
2026-06-01 14:02:16 | INFO | Anomaly Mode : CLUSTER
2026-06-01 14:02:16 | INFO | Scaler       : RobustScaler
2026-06-01 14:02:16 | INFO | nClusters    : 100 values
2026-06-01 14:02:16 | INFO | ============================================================
2026-06-01 14:02:25 | INFO | Loaded Shape -> Train: (30878, 94), Test: (22720, 94)
2026-06-01 14:02:26 | INFO | Parallel execution on 32 cores for 100 clusters...
2026-06-01 14:19:35 | INFO | [CLUSTER - ncluster=1] AUC-ROC=100.00%  Train=15.896s  RAM=80.608 MB
2026-06-01 14:19:35 | INFO | [CLUSTER - ncluster=4] AUC-ROC=100.00%  Train=11.933s  RAM=80.615 MB
2026-06-01 14:19:35 | INFO | [CLUSTER - ncluster=7] AUC-ROC=100.00%  Train=19.428s  RAM=80.616 MB
2026-06-01 14:19:35 | INFO | [CLUSTER - ncluster=10] AUC-ROC=100.00%  Train=16.977s  RAM=80.621 MB
2026-06-01 14:19:35 | INFO | [CLUSTER - ncluster=13] AUC-ROC=100.00%  Train=20.064s  RAM=80.62 MB
2026-06-01 14:19:35 | INFO | [CLUSTER - ncluster=16] AUC-ROC=100.00%  Train=12.667s  RAM=80.624 MB
2026-06-01 14:19:35 | INFO | [CLUSTER - ncluster=19] AUC-ROC=100.00%  Train=18.568s  RAM=80.618 MB
2026-06-01 14:19:35 | INFO | [CLUSTER - ncluster=22] AUC-ROC=100.00%  Train=18.644s  RAM=80.622 MB
2026-06-01 14:19:35 | INFO | [CLUSTER - ncluster=25] AUC-ROC=100.00%  Train=18.667s  RAM=80.626 MB
2026-06-01 14:19:35 | INFO | [CLUSTER - ncluster=28] AUC-ROC=100.00%  Train=15.770s  RAM=84.358 MB
2026-06-01 14:19:35 | INFO | [CLUSTER - ncluster=31] AUC-ROC=100.00%  Train=15.054s  RAM=88.889 MB
2026-06-01 14:19:35 | INFO | [CLUSTER - ncluster=34] AUC-ROC=100.00%  Train=12.760s  RAM=93.428 MB
2026-06-01 14:19:36 | INFO | [CLUSTER - ncluster=37] AUC-ROC=100.00%  Train=13.214s  RAM=97.968 MB
2026-06-01 14:19:36 | INFO | [CLUSTER - ncluster=40] AUC-ROC=100.00%  Train=20.930s  RAM=102.505 MB
2026-06-01 14:19:36 | INFO | [CLUSTER - ncluster=43] AUC-ROC=100.00%  Train=11.783s  RAM=107.044 MB
2026-06-01 14:19:36 | INFO | [CLUSTER - ncluster=46] AUC-ROC=100.00%  Train=14.997s  RAM=111.582 MB
2026-06-01 14:19:36 | INFO | [CLUSTER - ncluster=49] AUC-ROC=100.00%  Train=13.416s  RAM=116.119 MB
2026-06-01 14:19:36 | INFO | [CLUSTER - ncluster=52] AUC-ROC=100.00%  Train=19.484s  RAM=120.658 MB
2026-06-01 14:19:36 | INFO | [CLUSTER - ncluster=55] AUC-ROC=100.00%  Train=17.350s  RAM=125.194 MB
2026-06-01 14:19:36 | INFO | [CLUSTER - ncluster=58] AUC-ROC=100.00%  Train=16.766s  RAM=129.735 MB
2026-06-01 14:19:36 | INFO | [CLUSTER - ncluster=61] AUC-ROC=100.00%  Train=18.698s  RAM=134.283 MB
2026-06-01 14:19:36 | INFO | [CLUSTER - ncluster=64] AUC-ROC=100.00%  Train=18.028s  RAM=138.805 MB
2026-06-01 14:19:36 | INFO | [CLUSTER - ncluster=67] AUC-ROC=100.00%  Train=17.876s  RAM=143.344 MB
2026-06-01 14:19:36 | INFO | [CLUSTER - ncluster=70] AUC-ROC=100.00%  Train=22.411s  RAM=147.882 MB
2026-06-01 14:19:36 | INFO | [CLUSTER - ncluster=73] AUC-ROC=100.00%  Train=20.274s  RAM=152.411 MB
2026-06-01 14:19:36 | INFO | [CLUSTER - ncluster=76] AUC-ROC=100.00%  Train=20.300s  RAM=156.955 MB
2026-06-01 14:19:36 | INFO | [CLUSTER - ncluster=79] AUC-ROC=100.00%  Train=19.653s  RAM=161.49 MB
2026-06-01 14:19:36 | INFO | [CLUSTER - ncluster=82] AUC-ROC=100.00%  Train=16.486s  RAM=166.02 MB
2026-06-01 14:19:36 | INFO | [CLUSTER - ncluster=85] AUC-ROC=100.00%  Train=14.263s  RAM=170.564 MB
2026-06-01 14:19:36 | INFO | [CLUSTER - ncluster=88] AUC-ROC=100.00%  Train=19.265s  RAM=175.099 MB
2026-06-01 14:19:36 | INFO | [CLUSTER - ncluster=91] AUC-ROC=100.00%  Train=13.917s  RAM=179.922 MB
2026-06-01 14:19:36 | INFO | [CLUSTER - ncluster=94] AUC-ROC=100.00%  Train=17.497s  RAM=184.452 MB
2026-06-01 14:19:36 | INFO | [CLUSTER - ncluster=97] AUC-ROC=100.00%  Train=18.532s  RAM=188.707 MB
2026-06-01 14:19:36 | INFO | [CLUSTER - ncluster=100] AUC-ROC=100.00%  Train=18.486s  RAM=193.241 MB
2026-06-01 14:19:36 | INFO | [CLUSTER - ncluster=103] AUC-ROC=100.00%  Train=19.552s  RAM=197.782 MB
2026-06-01 14:19:36 | INFO | [CLUSTER - ncluster=106] AUC-ROC=100.00%  Train=13.317s  RAM=202.323 MB
2026-06-01 14:19:36 | INFO | [CLUSTER - ncluster=109] AUC-ROC=100.00%  Train=16.213s  RAM=206.856 MB
2026-06-01 14:19:36 | INFO | [CLUSTER - ncluster=112] AUC-ROC=100.00%  Train=19.608s  RAM=211.397 MB
2026-06-01 14:19:36 | INFO | [CLUSTER - ncluster=115] AUC-ROC=100.00%  Train=16.780s  RAM=215.931 MB
2026-06-01 14:19:36 | INFO | [CLUSTER - ncluster=118] AUC-ROC=100.00%  Train=11.562s  RAM=220.467 MB
2026-06-01 14:19:36 | INFO | [CLUSTER - ncluster=121] AUC-ROC=100.00%  Train=15.842s  RAM=225.007 MB
2026-06-01 14:19:36 | INFO | [CLUSTER - ncluster=124] AUC-ROC=100.00%  Train=12.866s  RAM=229.546 MB
2026-06-01 14:19:36 | INFO | [CLUSTER - ncluster=127] AUC-ROC=100.00%  Train=15.796s  RAM=234.082 MB
2026-06-01 14:19:36 | INFO | [CLUSTER - ncluster=130] AUC-ROC=100.00%  Train=16.335s  RAM=238.615 MB
2026-06-01 14:19:36 | INFO | [CLUSTER - ncluster=133] AUC-ROC=100.00%  Train=13.911s  RAM=243.159 MB
2026-06-01 14:19:36 | INFO | [CLUSTER - ncluster=136] AUC-ROC=100.00%  Train=13.737s  RAM=247.691 MB
2026-06-01 14:19:36 | INFO | [CLUSTER - ncluster=139] AUC-ROC=100.00%  Train=13.134s  RAM=252.23 MB
2026-06-01 14:19:36 | INFO | [CLUSTER - ncluster=142] AUC-ROC=100.00%  Train=15.116s  RAM=256.773 MB
2026-06-01 14:19:36 | INFO | [CLUSTER - ncluster=145] AUC-ROC=100.00%  Train=14.505s  RAM=261.307 MB
2026-06-01 14:19:36 | INFO | [CLUSTER - ncluster=148] AUC-ROC=100.00%  Train=18.410s  RAM=265.841 MB
2026-06-01 14:19:36 | INFO | [CLUSTER - ncluster=151] AUC-ROC=100.00%  Train=10.830s  RAM=270.378 MB
2026-06-01 14:19:36 | INFO | [CLUSTER - ncluster=154] AUC-ROC=100.00%  Train=14.067s  RAM=274.914 MB
2026-06-01 14:19:36 | INFO | [CLUSTER - ncluster=157] AUC-ROC=100.00%  Train=12.718s  RAM=279.465 MB
2026-06-01 14:19:36 | INFO | [CLUSTER - ncluster=160] AUC-ROC=100.00%  Train=12.279s  RAM=283.987 MB
2026-06-01 14:19:36 | INFO | [CLUSTER - ncluster=163] AUC-ROC=100.00%  Train=14.132s  RAM=288.526 MB
2026-06-01 14:19:36 | INFO | [CLUSTER - ncluster=166] AUC-ROC=100.00%  Train=8.235s  RAM=293.065 MB
2026-06-01 14:19:36 | INFO | [CLUSTER - ncluster=169] AUC-ROC=100.00%  Train=13.419s  RAM=297.603 MB
2026-06-01 14:19:36 | INFO | [CLUSTER - ncluster=172] AUC-ROC=100.00%  Train=14.265s  RAM=302.137 MB
2026-06-01 14:19:36 | INFO | [CLUSTER - ncluster=175] AUC-ROC=100.00%  Train=13.891s  RAM=306.681 MB
2026-06-01 14:19:36 | INFO | [CLUSTER - ncluster=178] AUC-ROC=100.00%  Train=16.832s  RAM=311.214 MB
2026-06-01 14:19:36 | INFO | [CLUSTER - ncluster=181] AUC-ROC=100.00%  Train=15.403s  RAM=315.746 MB
2026-06-01 14:19:36 | INFO | [CLUSTER - ncluster=184] AUC-ROC=99.99%  Train=11.134s  RAM=320.285 MB
2026-06-01 14:19:36 | INFO | [CLUSTER - ncluster=187] AUC-ROC=100.00%  Train=9.610s  RAM=324.824 MB
2026-06-01 14:19:36 | INFO | [CLUSTER - ncluster=190] AUC-ROC=100.00%  Train=10.732s  RAM=329.399 MB
2026-06-01 14:19:36 | INFO | [CLUSTER - ncluster=193] AUC-ROC=100.00%  Train=13.107s  RAM=333.939 MB
2026-06-01 14:19:36 | INFO | [CLUSTER - ncluster=196] AUC-ROC=100.00%  Train=11.090s  RAM=338.428 MB
2026-06-01 14:19:36 | INFO | [CLUSTER - ncluster=199] AUC-ROC=100.00%  Train=13.018s  RAM=342.976 MB
2026-06-01 14:19:36 | INFO | [CLUSTER - ncluster=202] AUC-ROC=100.00%  Train=6.479s  RAM=347.507 MB
2026-06-01 14:19:36 | INFO | [CLUSTER - ncluster=205] AUC-ROC=99.99%  Train=9.560s  RAM=352.047 MB
2026-06-01 14:19:36 | INFO | [CLUSTER - ncluster=208] AUC-ROC=100.00%  Train=10.059s  RAM=356.581 MB
2026-06-01 14:19:36 | INFO | [CLUSTER - ncluster=211] AUC-ROC=100.00%  Train=8.120s  RAM=361.117 MB
2026-06-01 14:19:36 | INFO | [CLUSTER - ncluster=214] AUC-ROC=99.99%  Train=8.759s  RAM=365.654 MB
2026-06-01 14:19:36 | INFO | [CLUSTER - ncluster=217] AUC-ROC=100.00%  Train=9.929s  RAM=370.191 MB
2026-06-01 14:19:36 | INFO | [CLUSTER - ncluster=220] AUC-ROC=100.00%  Train=13.979s  RAM=374.733 MB
2026-06-01 14:19:36 | INFO | [CLUSTER - ncluster=223] AUC-ROC=99.99%  Train=13.356s  RAM=379.27 MB
2026-06-01 14:19:36 | INFO | [CLUSTER - ncluster=226] AUC-ROC=99.99%  Train=11.310s  RAM=383.809 MB
2026-06-01 14:19:36 | INFO | [CLUSTER - ncluster=229] AUC-ROC=100.00%  Train=17.514s  RAM=388.343 MB
2026-06-01 14:19:36 | INFO | [CLUSTER - ncluster=232] AUC-ROC=100.00%  Train=15.222s  RAM=392.88 MB
2026-06-01 14:19:36 | INFO | [CLUSTER - ncluster=235] AUC-ROC=100.00%  Train=17.941s  RAM=397.42 MB
2026-06-01 14:19:36 | INFO | [CLUSTER - ncluster=238] AUC-ROC=99.99%  Train=15.646s  RAM=401.955 MB
2026-06-01 14:19:36 | INFO | [CLUSTER - ncluster=241] AUC-ROC=99.99%  Train=13.895s  RAM=406.492 MB
2026-06-01 14:19:36 | INFO | [CLUSTER - ncluster=244] AUC-ROC=100.00%  Train=13.472s  RAM=411.028 MB
2026-06-01 14:19:36 | INFO | [CLUSTER - ncluster=247] AUC-ROC=99.99%  Train=15.965s  RAM=415.567 MB
2026-06-01 14:19:36 | INFO | [CLUSTER - ncluster=250] AUC-ROC=100.00%  Train=11.237s  RAM=420.102 MB
2026-06-01 14:19:36 | INFO | [CLUSTER - ncluster=253] AUC-ROC=99.99%  Train=13.892s  RAM=424.647 MB
2026-06-01 14:19:36 | INFO | [CLUSTER - ncluster=256] AUC-ROC=100.00%  Train=6.933s  RAM=429.178 MB
2026-06-01 14:19:36 | INFO | [CLUSTER - ncluster=259] AUC-ROC=99.99%  Train=13.374s  RAM=433.718 MB
2026-06-01 14:19:36 | INFO | [CLUSTER - ncluster=262] AUC-ROC=100.00%  Train=13.897s  RAM=438.252 MB
2026-06-01 14:19:36 | INFO | [CLUSTER - ncluster=265] AUC-ROC=100.00%  Train=13.975s  RAM=442.796 MB
2026-06-01 14:19:36 | INFO | [CLUSTER - ncluster=268] AUC-ROC=100.00%  Train=12.620s  RAM=447.324 MB
2026-06-01 14:19:36 | INFO | [CLUSTER - ncluster=271] AUC-ROC=99.99%  Train=11.353s  RAM=451.863 MB
2026-06-01 14:19:36 | INFO | [CLUSTER - ncluster=274] AUC-ROC=100.00%  Train=10.361s  RAM=456.395 MB
2026-06-01 14:19:36 | INFO | [CLUSTER - ncluster=277] AUC-ROC=100.00%  Train=9.641s  RAM=460.94 MB
2026-06-01 14:19:36 | INFO | [CLUSTER - ncluster=280] AUC-ROC=100.00%  Train=12.085s  RAM=465.476 MB
2026-06-01 14:19:36 | INFO | [CLUSTER - ncluster=283] AUC-ROC=100.00%  Train=11.239s  RAM=470.017 MB
2026-06-01 14:19:36 | INFO | [CLUSTER - ncluster=286] AUC-ROC=100.00%  Train=13.201s  RAM=474.549 MB
2026-06-01 14:19:36 | INFO | [CLUSTER - ncluster=289] AUC-ROC=100.00%  Train=8.101s  RAM=479.096 MB
2026-06-01 14:19:36 | INFO | [CLUSTER - ncluster=292] AUC-ROC=100.00%  Train=10.293s  RAM=483.624 MB
2026-06-01 14:19:36 | INFO | [CLUSTER - ncluster=295] AUC-ROC=99.99%  Train=12.030s  RAM=488.152 MB
2026-06-01 14:19:36 | INFO | [CLUSTER - ncluster=298] AUC-ROC=100.00%  Train=8.511s  RAM=492.696 MB
