2026-06-01 14:19:36 | INFO | Run started at 20260601_095531
2026-06-01 14:19:36 | INFO | ============================================================
2026-06-01 14:19:36 | INFO | Dataset      : Train_global_StandardScaler_data_IoTID20.csv
2026-06-01 14:19:36 | INFO | Anomaly Mode : GLOBAL
2026-06-01 14:19:36 | INFO | Scaler       : StandardScaler
2026-06-01 14:19:36 | INFO | nClusters    : 100 values
2026-06-01 14:19:36 | INFO | ============================================================
2026-06-01 14:19:44 | INFO | Loaded Shape -> Train: (30878, 94), Test: (22720, 94)
2026-06-01 14:19:45 | INFO | Parallel execution on 32 cores for 100 clusters...
2026-06-01 14:36:24 | INFO | [GLOBAL - ncluster=1] AUC-ROC=100.00%  Train=16.884s  RAM=80.611 MB
2026-06-01 14:36:24 | INFO | [GLOBAL - ncluster=4] AUC-ROC=100.00%  Train=15.944s  RAM=80.615 MB
2026-06-01 14:36:24 | INFO | [GLOBAL - ncluster=7] AUC-ROC=100.00%  Train=15.384s  RAM=80.618 MB
2026-06-01 14:36:24 | INFO | [GLOBAL - ncluster=10] AUC-ROC=100.00%  Train=15.397s  RAM=80.62 MB
2026-06-01 14:36:24 | INFO | [GLOBAL - ncluster=13] AUC-ROC=100.00%  Train=18.947s  RAM=80.622 MB
2026-06-01 14:36:24 | INFO | [GLOBAL - ncluster=16] AUC-ROC=100.00%  Train=18.345s  RAM=80.625 MB
2026-06-01 14:36:24 | INFO | [GLOBAL - ncluster=19] AUC-ROC=100.00%  Train=14.260s  RAM=80.623 MB
2026-06-01 14:36:24 | INFO | [GLOBAL - ncluster=22] AUC-ROC=100.00%  Train=17.144s  RAM=80.625 MB
2026-06-01 14:36:24 | INFO | [GLOBAL - ncluster=25] AUC-ROC=100.00%  Train=13.904s  RAM=80.625 MB
2026-06-01 14:36:24 | INFO | [GLOBAL - ncluster=28] AUC-ROC=100.00%  Train=12.663s  RAM=84.359 MB
2026-06-01 14:36:24 | INFO | [GLOBAL - ncluster=31] AUC-ROC=100.00%  Train=14.750s  RAM=88.895 MB
2026-06-01 14:36:24 | INFO | [GLOBAL - ncluster=34] AUC-ROC=100.00%  Train=15.103s  RAM=93.43 MB
2026-06-01 14:36:24 | INFO | [GLOBAL - ncluster=37] AUC-ROC=100.00%  Train=12.858s  RAM=97.969 MB
2026-06-01 14:36:24 | INFO | [GLOBAL - ncluster=40] AUC-ROC=100.00%  Train=14.315s  RAM=102.503 MB
2026-06-01 14:36:24 | INFO | [GLOBAL - ncluster=43] AUC-ROC=100.00%  Train=15.099s  RAM=107.042 MB
2026-06-01 14:36:24 | INFO | [GLOBAL - ncluster=46] AUC-ROC=100.00%  Train=18.343s  RAM=111.575 MB
2026-06-01 14:36:24 | INFO | [GLOBAL - ncluster=49] AUC-ROC=100.00%  Train=16.941s  RAM=116.124 MB
2026-06-01 14:36:24 | INFO | [GLOBAL - ncluster=52] AUC-ROC=100.00%  Train=15.458s  RAM=120.664 MB
2026-06-01 14:36:24 | INFO | [GLOBAL - ncluster=55] AUC-ROC=100.00%  Train=16.813s  RAM=125.189 MB
2026-06-01 14:36:24 | INFO | [GLOBAL - ncluster=58] AUC-ROC=100.00%  Train=13.647s  RAM=129.735 MB
2026-06-01 14:36:24 | INFO | [GLOBAL - ncluster=61] AUC-ROC=100.00%  Train=12.049s  RAM=134.267 MB
2026-06-01 14:36:24 | INFO | [GLOBAL - ncluster=64] AUC-ROC=100.00%  Train=10.042s  RAM=138.804 MB
2026-06-01 14:36:24 | INFO | [GLOBAL - ncluster=67] AUC-ROC=100.00%  Train=12.479s  RAM=143.332 MB
2026-06-01 14:36:24 | INFO | [GLOBAL - ncluster=70] AUC-ROC=100.00%  Train=14.851s  RAM=147.876 MB
2026-06-01 14:36:24 | INFO | [GLOBAL - ncluster=73] AUC-ROC=100.00%  Train=13.756s  RAM=152.413 MB
2026-06-01 14:36:24 | INFO | [GLOBAL - ncluster=76] AUC-ROC=100.00%  Train=12.402s  RAM=157.222 MB
2026-06-01 14:36:24 | INFO | [GLOBAL - ncluster=79] AUC-ROC=100.00%  Train=14.716s  RAM=161.772 MB
2026-06-01 14:36:24 | INFO | [GLOBAL - ncluster=82] AUC-ROC=100.00%  Train=12.192s  RAM=166.302 MB
2026-06-01 14:36:24 | INFO | [GLOBAL - ncluster=85] AUC-ROC=100.00%  Train=14.539s  RAM=170.831 MB
2026-06-01 14:36:24 | INFO | [GLOBAL - ncluster=88] AUC-ROC=100.00%  Train=9.814s  RAM=175.382 MB
2026-06-01 14:36:24 | INFO | [GLOBAL - ncluster=91] AUC-ROC=100.00%  Train=10.264s  RAM=179.923 MB
2026-06-01 14:36:24 | INFO | [GLOBAL - ncluster=94] AUC-ROC=100.00%  Train=12.844s  RAM=184.461 MB
2026-06-01 14:36:24 | INFO | [GLOBAL - ncluster=97] AUC-ROC=100.00%  Train=12.790s  RAM=188.711 MB
2026-06-01 14:36:24 | INFO | [GLOBAL - ncluster=100] AUC-ROC=100.00%  Train=11.589s  RAM=193.245 MB
2026-06-01 14:36:24 | INFO | [GLOBAL - ncluster=103] AUC-ROC=100.00%  Train=13.157s  RAM=197.783 MB
2026-06-01 14:36:24 | INFO | [GLOBAL - ncluster=106] AUC-ROC=100.00%  Train=12.761s  RAM=202.32 MB
2026-06-01 14:36:24 | INFO | [GLOBAL - ncluster=109] AUC-ROC=100.00%  Train=12.775s  RAM=206.857 MB
2026-06-01 14:36:24 | INFO | [GLOBAL - ncluster=112] AUC-ROC=100.00%  Train=12.201s  RAM=211.398 MB
2026-06-01 14:36:24 | INFO | [GLOBAL - ncluster=115] AUC-ROC=100.00%  Train=9.458s  RAM=215.935 MB
2026-06-01 14:36:24 | INFO | [GLOBAL - ncluster=118] AUC-ROC=100.00%  Train=9.950s  RAM=220.471 MB
2026-06-01 14:36:24 | INFO | [GLOBAL - ncluster=121] AUC-ROC=100.00%  Train=10.847s  RAM=225.004 MB
2026-06-01 14:36:24 | INFO | [GLOBAL - ncluster=124] AUC-ROC=100.00%  Train=9.645s  RAM=229.547 MB
2026-06-01 14:36:24 | INFO | [GLOBAL - ncluster=127] AUC-ROC=100.00%  Train=12.020s  RAM=234.083 MB
2026-06-01 14:36:24 | INFO | [GLOBAL - ncluster=130] AUC-ROC=100.00%  Train=9.437s  RAM=238.619 MB
2026-06-01 14:36:24 | INFO | [GLOBAL - ncluster=133] AUC-ROC=100.00%  Train=7.737s  RAM=243.157 MB
2026-06-01 14:36:24 | INFO | [GLOBAL - ncluster=136] AUC-ROC=100.00%  Train=9.450s  RAM=247.691 MB
2026-06-01 14:36:24 | INFO | [GLOBAL - ncluster=139] AUC-ROC=100.00%  Train=10.850s  RAM=252.228 MB
2026-06-01 14:36:24 | INFO | [GLOBAL - ncluster=142] AUC-ROC=100.00%  Train=12.282s  RAM=256.77 MB
2026-06-01 14:36:24 | INFO | [GLOBAL - ncluster=145] AUC-ROC=100.00%  Train=10.207s  RAM=261.302 MB
2026-06-01 14:36:24 | INFO | [GLOBAL - ncluster=148] AUC-ROC=100.00%  Train=9.757s  RAM=265.845 MB
2026-06-01 14:36:24 | INFO | [GLOBAL - ncluster=151] AUC-ROC=100.00%  Train=8.346s  RAM=270.373 MB
2026-06-01 14:36:24 | INFO | [GLOBAL - ncluster=154] AUC-ROC=100.00%  Train=6.058s  RAM=274.915 MB
2026-06-01 14:36:24 | INFO | [GLOBAL - ncluster=157] AUC-ROC=100.00%  Train=10.256s  RAM=279.456 MB
2026-06-01 14:36:24 | INFO | [GLOBAL - ncluster=160] AUC-ROC=100.00%  Train=8.588s  RAM=283.993 MB
2026-06-01 14:36:24 | INFO | [GLOBAL - ncluster=163] AUC-ROC=100.00%  Train=8.734s  RAM=288.527 MB
2026-06-01 14:36:24 | INFO | [GLOBAL - ncluster=166] AUC-ROC=100.00%  Train=9.317s  RAM=293.058 MB
2026-06-01 14:36:24 | INFO | [GLOBAL - ncluster=169] AUC-ROC=100.00%  Train=8.187s  RAM=297.652 MB
2026-06-01 14:36:24 | INFO | [GLOBAL - ncluster=172] AUC-ROC=100.00%  Train=13.283s  RAM=302.18 MB
2026-06-01 14:36:24 | INFO | [GLOBAL - ncluster=175] AUC-ROC=100.00%  Train=7.933s  RAM=306.705 MB
2026-06-01 14:36:24 | INFO | [GLOBAL - ncluster=178] AUC-ROC=100.00%  Train=8.674s  RAM=311.21 MB
2026-06-01 14:36:24 | INFO | [GLOBAL - ncluster=181] AUC-ROC=100.00%  Train=6.202s  RAM=315.798 MB
2026-06-01 14:36:24 | INFO | [GLOBAL - ncluster=184] AUC-ROC=100.00%  Train=15.851s  RAM=320.289 MB
2026-06-01 14:36:24 | INFO | [GLOBAL - ncluster=187] AUC-ROC=100.00%  Train=17.250s  RAM=324.862 MB
2026-06-01 14:36:24 | INFO | [GLOBAL - ncluster=190] AUC-ROC=100.00%  Train=11.526s  RAM=329.395 MB
2026-06-01 14:36:24 | INFO | [GLOBAL - ncluster=193] AUC-ROC=100.00%  Train=18.238s  RAM=333.939 MB
2026-06-01 14:36:24 | INFO | [GLOBAL - ncluster=196] AUC-ROC=100.00%  Train=16.545s  RAM=338.438 MB
2026-06-01 14:36:24 | INFO | [GLOBAL - ncluster=199] AUC-ROC=100.00%  Train=13.467s  RAM=342.972 MB
2026-06-01 14:36:24 | INFO | [GLOBAL - ncluster=202] AUC-ROC=100.00%  Train=14.248s  RAM=347.51 MB
2026-06-01 14:36:24 | INFO | [GLOBAL - ncluster=205] AUC-ROC=100.00%  Train=18.189s  RAM=352.046 MB
2026-06-01 14:36:24 | INFO | [GLOBAL - ncluster=208] AUC-ROC=100.00%  Train=14.041s  RAM=356.584 MB
2026-06-01 14:36:24 | INFO | [GLOBAL - ncluster=211] AUC-ROC=100.00%  Train=16.674s  RAM=361.124 MB
2026-06-01 14:36:24 | INFO | [GLOBAL - ncluster=214] AUC-ROC=100.00%  Train=14.343s  RAM=365.655 MB
2026-06-01 14:36:24 | INFO | [GLOBAL - ncluster=217] AUC-ROC=100.00%  Train=17.714s  RAM=370.195 MB
2026-06-01 14:36:24 | INFO | [GLOBAL - ncluster=220] AUC-ROC=100.00%  Train=19.265s  RAM=374.732 MB
2026-06-01 14:36:24 | INFO | [GLOBAL - ncluster=223] AUC-ROC=100.00%  Train=15.518s  RAM=379.27 MB
2026-06-01 14:36:24 | INFO | [GLOBAL - ncluster=226] AUC-ROC=100.00%  Train=16.742s  RAM=383.808 MB
2026-06-01 14:36:24 | INFO | [GLOBAL - ncluster=229] AUC-ROC=100.00%  Train=18.507s  RAM=388.344 MB
2026-06-01 14:36:24 | INFO | [GLOBAL - ncluster=232] AUC-ROC=100.00%  Train=13.030s  RAM=392.879 MB
2026-06-01 14:36:24 | INFO | [GLOBAL - ncluster=235] AUC-ROC=100.00%  Train=15.306s  RAM=397.419 MB
2026-06-01 14:36:24 | INFO | [GLOBAL - ncluster=238] AUC-ROC=100.00%  Train=15.364s  RAM=401.954 MB
2026-06-01 14:36:24 | INFO | [GLOBAL - ncluster=241] AUC-ROC=100.00%  Train=9.762s  RAM=406.491 MB
2026-06-01 14:36:24 | INFO | [GLOBAL - ncluster=244] AUC-ROC=100.00%  Train=13.440s  RAM=411.029 MB
2026-06-01 14:36:24 | INFO | [GLOBAL - ncluster=247] AUC-ROC=100.00%  Train=15.963s  RAM=415.566 MB
2026-06-01 14:36:24 | INFO | [GLOBAL - ncluster=250] AUC-ROC=100.00%  Train=10.068s  RAM=420.108 MB
2026-06-01 14:36:24 | INFO | [GLOBAL - ncluster=253] AUC-ROC=100.00%  Train=15.865s  RAM=424.641 MB
2026-06-01 14:36:24 | INFO | [GLOBAL - ncluster=256] AUC-ROC=100.00%  Train=13.498s  RAM=429.184 MB
2026-06-01 14:36:24 | INFO | [GLOBAL - ncluster=259] AUC-ROC=100.00%  Train=13.979s  RAM=433.709 MB
2026-06-01 14:36:24 | INFO | [GLOBAL - ncluster=262] AUC-ROC=99.99%  Train=15.161s  RAM=438.26 MB
2026-06-01 14:36:24 | INFO | [GLOBAL - ncluster=265] AUC-ROC=100.00%  Train=14.060s  RAM=442.788 MB
2026-06-01 14:36:24 | INFO | [GLOBAL - ncluster=268] AUC-ROC=100.00%  Train=11.714s  RAM=447.334 MB
2026-06-01 14:36:24 | INFO | [GLOBAL - ncluster=271] AUC-ROC=100.00%  Train=9.455s  RAM=451.865 MB
2026-06-01 14:36:24 | INFO | [GLOBAL - ncluster=274] AUC-ROC=100.00%  Train=12.645s  RAM=456.413 MB
2026-06-01 14:36:24 | INFO | [GLOBAL - ncluster=277] AUC-ROC=100.00%  Train=10.804s  RAM=460.936 MB
2026-06-01 14:36:24 | INFO | [GLOBAL - ncluster=280] AUC-ROC=100.00%  Train=15.393s  RAM=465.482 MB
2026-06-01 14:36:24 | INFO | [GLOBAL - ncluster=283] AUC-ROC=100.00%  Train=10.482s  RAM=470.014 MB
2026-06-01 14:36:24 | INFO | [GLOBAL - ncluster=286] AUC-ROC=100.00%  Train=11.530s  RAM=474.564 MB
2026-06-01 14:36:24 | INFO | [GLOBAL - ncluster=289] AUC-ROC=100.00%  Train=12.098s  RAM=479.084 MB
2026-06-01 14:36:24 | INFO | [GLOBAL - ncluster=292] AUC-ROC=100.00%  Train=10.635s  RAM=483.623 MB
2026-06-01 14:36:24 | INFO | [GLOBAL - ncluster=295] AUC-ROC=99.99%  Train=13.321s  RAM=488.165 MB
2026-06-01 14:36:24 | INFO | [GLOBAL - ncluster=298] AUC-ROC=99.99%  Train=7.715s  RAM=492.699 MB
2026-06-01 14:36:24 | INFO | ============================================================
2026-06-01 14:36:24 | INFO | Dataset      : Train_global_MinMaxScaler_data_IoTID20.csv
2026-06-01 14:36:24 | INFO | Anomaly Mode : GLOBAL
2026-06-01 14:36:24 | INFO | Scaler       : MinMaxScaler
2026-06-01 14:36:24 | INFO | nClusters    : 100 values
2026-06-01 14:36:24 | INFO | ============================================================
2026-06-01 14:36:28 | INFO | Loaded Shape -> Train: (30878, 94), Test: (22720, 94)
2026-06-01 14:36:28 | INFO | Parallel execution on 32 cores for 100 clusters...
2026-06-01 14:51:24 | INFO | [GLOBAL - ncluster=1] AUC-ROC=100.00%  Train=11.008s  RAM=80.61 MB
2026-06-01 14:51:24 | INFO | [GLOBAL - ncluster=4] AUC-ROC=100.00%  Train=9.721s  RAM=80.615 MB
2026-06-01 14:51:24 | INFO | [GLOBAL - ncluster=7] AUC-ROC=100.00%  Train=10.614s  RAM=80.615 MB
2026-06-01 14:51:24 | INFO | [GLOBAL - ncluster=10] AUC-ROC=100.00%  Train=10.805s  RAM=80.617 MB
2026-06-01 14:51:24 | INFO | [GLOBAL - ncluster=13] AUC-ROC=100.00%  Train=11.060s  RAM=80.622 MB
2026-06-01 14:51:24 | INFO | [GLOBAL - ncluster=16] AUC-ROC=100.00%  Train=10.985s  RAM=80.623 MB
2026-06-01 14:51:24 | INFO | [GLOBAL - ncluster=19] AUC-ROC=100.00%  Train=12.458s  RAM=80.622 MB
2026-06-01 14:51:24 | INFO | [GLOBAL - ncluster=22] AUC-ROC=100.00%  Train=11.178s  RAM=80.628 MB
2026-06-01 14:51:24 | INFO | [GLOBAL - ncluster=25] AUC-ROC=100.00%  Train=8.726s  RAM=80.621 MB
2026-06-01 14:51:24 | INFO | [GLOBAL - ncluster=28] AUC-ROC=100.00%  Train=11.623s  RAM=84.351 MB
2026-06-01 14:51:24 | INFO | [GLOBAL - ncluster=31] AUC-ROC=100.00%  Train=13.625s  RAM=88.896 MB
2026-06-01 14:51:24 | INFO | [GLOBAL - ncluster=34] AUC-ROC=100.00%  Train=8.317s  RAM=93.431 MB
2026-06-01 14:51:24 | INFO | [GLOBAL - ncluster=37] AUC-ROC=99.99%  Train=9.567s  RAM=97.98 MB
2026-06-01 14:51:24 | INFO | [GLOBAL - ncluster=40] AUC-ROC=99.99%  Train=10.127s  RAM=102.505 MB
2026-06-01 14:51:24 | INFO | [GLOBAL - ncluster=43] AUC-ROC=99.99%  Train=10.518s  RAM=107.047 MB
2026-06-01 14:51:24 | INFO | [GLOBAL - ncluster=46] AUC-ROC=99.99%  Train=11.086s  RAM=111.591 MB
2026-06-01 14:51:24 | INFO | [GLOBAL - ncluster=49] AUC-ROC=99.99%  Train=8.588s  RAM=116.116 MB
2026-06-01 14:51:24 | INFO | [GLOBAL - ncluster=52] AUC-ROC=99.99%  Train=11.781s  RAM=120.653 MB
2026-06-01 14:51:24 | INFO | [GLOBAL - ncluster=55] AUC-ROC=99.99%  Train=9.977s  RAM=125.191 MB
2026-06-01 14:51:24 | INFO | [GLOBAL - ncluster=58] AUC-ROC=100.00%  Train=11.064s  RAM=129.733 MB
2026-06-01 14:51:24 | INFO | [GLOBAL - ncluster=61] AUC-ROC=99.99%  Train=12.286s  RAM=134.263 MB
2026-06-01 14:51:24 | INFO | [GLOBAL - ncluster=64] AUC-ROC=100.00%  Train=10.494s  RAM=138.805 MB
2026-06-01 14:51:24 | INFO | [GLOBAL - ncluster=67] AUC-ROC=100.00%  Train=12.769s  RAM=143.346 MB
2026-06-01 14:51:24 | INFO | [GLOBAL - ncluster=70] AUC-ROC=100.00%  Train=9.798s  RAM=147.874 MB
2026-06-01 14:51:24 | INFO | [GLOBAL - ncluster=73] AUC-ROC=100.00%  Train=10.285s  RAM=152.698 MB
2026-06-01 14:51:24 | INFO | [GLOBAL - ncluster=76] AUC-ROC=100.00%  Train=7.913s  RAM=157.213 MB
2026-06-01 14:51:24 | INFO | [GLOBAL - ncluster=79] AUC-ROC=99.99%  Train=9.118s  RAM=161.775 MB
2026-06-01 14:51:24 | INFO | [GLOBAL - ncluster=82] AUC-ROC=99.99%  Train=10.037s  RAM=166.3 MB
2026-06-01 14:51:24 | INFO | [GLOBAL - ncluster=85] AUC-ROC=99.99%  Train=8.879s  RAM=170.834 MB
2026-06-01 14:51:24 | INFO | [GLOBAL - ncluster=88] AUC-ROC=99.99%  Train=11.554s  RAM=175.374 MB
2026-06-01 14:51:24 | INFO | [GLOBAL - ncluster=91] AUC-ROC=99.99%  Train=11.719s  RAM=179.91 MB
2026-06-01 14:51:24 | INFO | [GLOBAL - ncluster=94] AUC-ROC=99.99%  Train=10.779s  RAM=184.45 MB
2026-06-01 14:51:24 | INFO | [GLOBAL - ncluster=97] AUC-ROC=99.99%  Train=8.839s  RAM=188.709 MB
2026-06-01 14:51:24 | INFO | [GLOBAL - ncluster=100] AUC-ROC=99.99%  Train=8.812s  RAM=193.248 MB
2026-06-01 14:51:24 | INFO | [GLOBAL - ncluster=103] AUC-ROC=99.99%  Train=8.717s  RAM=197.782 MB
2026-06-01 14:51:24 | INFO | [GLOBAL - ncluster=106] AUC-ROC=99.99%  Train=9.791s  RAM=202.323 MB
2026-06-01 14:51:24 | INFO | [GLOBAL - ncluster=109] AUC-ROC=99.99%  Train=11.139s  RAM=206.857 MB
2026-06-01 14:51:24 | INFO | [GLOBAL - ncluster=112] AUC-ROC=99.99%  Train=8.289s  RAM=211.396 MB
2026-06-01 14:51:24 | INFO | [GLOBAL - ncluster=115] AUC-ROC=100.00%  Train=8.822s  RAM=215.928 MB
2026-06-01 14:51:24 | INFO | [GLOBAL - ncluster=118] AUC-ROC=99.99%  Train=6.566s  RAM=220.469 MB
2026-06-01 14:51:24 | INFO | [GLOBAL - ncluster=121] AUC-ROC=100.00%  Train=10.337s  RAM=225.008 MB
2026-06-01 14:51:24 | INFO | [GLOBAL - ncluster=124] AUC-ROC=99.99%  Train=9.523s  RAM=229.538 MB
2026-06-01 14:51:24 | INFO | [GLOBAL - ncluster=127] AUC-ROC=99.99%  Train=17.667s  RAM=234.085 MB
2026-06-01 14:51:24 | INFO | [GLOBAL - ncluster=130] AUC-ROC=99.99%  Train=16.187s  RAM=238.62 MB
2026-06-01 14:51:24 | INFO | [GLOBAL - ncluster=133] AUC-ROC=99.99%  Train=16.304s  RAM=243.156 MB
2026-06-01 14:51:24 | INFO | [GLOBAL - ncluster=136] AUC-ROC=99.99%  Train=17.199s  RAM=247.691 MB
2026-06-01 14:51:24 | INFO | [GLOBAL - ncluster=139] AUC-ROC=99.99%  Train=17.184s  RAM=252.227 MB
2026-06-01 14:51:24 | INFO | [GLOBAL - ncluster=142] AUC-ROC=100.00%  Train=17.811s  RAM=256.769 MB
2026-06-01 14:51:24 | INFO | [GLOBAL - ncluster=145] AUC-ROC=99.99%  Train=13.670s  RAM=261.301 MB
2026-06-01 14:51:24 | INFO | [GLOBAL - ncluster=148] AUC-ROC=99.98%  Train=20.035s  RAM=265.84 MB
2026-06-01 14:51:24 | INFO | [GLOBAL - ncluster=151] AUC-ROC=100.00%  Train=15.524s  RAM=270.38 MB
2026-06-01 14:51:24 | INFO | [GLOBAL - ncluster=154] AUC-ROC=99.97%  Train=18.221s  RAM=274.91 MB
2026-06-01 14:51:24 | INFO | [GLOBAL - ncluster=157] AUC-ROC=99.97%  Train=14.630s  RAM=279.452 MB
2026-06-01 14:51:24 | INFO | [GLOBAL - ncluster=160] AUC-ROC=99.98%  Train=14.082s  RAM=283.989 MB
2026-06-01 14:51:24 | INFO | [GLOBAL - ncluster=163] AUC-ROC=99.99%  Train=16.384s  RAM=288.528 MB
2026-06-01 14:51:24 | INFO | [GLOBAL - ncluster=166] AUC-ROC=99.98%  Train=14.249s  RAM=293.056 MB
2026-06-01 14:51:24 | INFO | [GLOBAL - ncluster=169] AUC-ROC=99.99%  Train=14.225s  RAM=297.637 MB
2026-06-01 14:51:24 | INFO | [GLOBAL - ncluster=172] AUC-ROC=100.00%  Train=16.197s  RAM=302.16 MB
2026-06-01 14:51:24 | INFO | [GLOBAL - ncluster=175] AUC-ROC=100.00%  Train=16.678s  RAM=306.699 MB
2026-06-01 14:51:24 | INFO | [GLOBAL - ncluster=178] AUC-ROC=100.00%  Train=17.243s  RAM=311.235 MB
2026-06-01 14:51:24 | INFO | [GLOBAL - ncluster=181] AUC-ROC=100.00%  Train=17.390s  RAM=315.776 MB
2026-06-01 14:51:24 | INFO | [GLOBAL - ncluster=184] AUC-ROC=100.00%  Train=11.570s  RAM=320.31 MB
2026-06-01 14:51:24 | INFO | [GLOBAL - ncluster=187] AUC-ROC=100.00%  Train=15.610s  RAM=324.846 MB
2026-06-01 14:51:24 | INFO | [GLOBAL - ncluster=190] AUC-ROC=100.00%  Train=10.195s  RAM=329.394 MB
2026-06-01 14:51:24 | INFO | [GLOBAL - ncluster=193] AUC-ROC=100.00%  Train=16.474s  RAM=333.888 MB
2026-06-01 14:51:24 | INFO | [GLOBAL - ncluster=196] AUC-ROC=50.00%  Train=18.007s  RAM=338.424 MB
2026-06-01 14:51:24 | INFO | [GLOBAL - ncluster=199] AUC-ROC=99.99%  Train=17.096s  RAM=342.962 MB
2026-06-01 14:51:24 | INFO | [GLOBAL - ncluster=202] AUC-ROC=50.00%  Train=16.623s  RAM=347.495 MB
2026-06-01 14:51:24 | INFO | [GLOBAL - ncluster=205] AUC-ROC=99.78%  Train=15.810s  RAM=352.034 MB
2026-06-01 14:51:24 | INFO | [GLOBAL - ncluster=208] AUC-ROC=50.00%  Train=11.997s  RAM=356.574 MB
2026-06-01 14:51:24 | INFO | [GLOBAL - ncluster=211] AUC-ROC=50.00%  Train=18.818s  RAM=361.105 MB
2026-06-01 14:51:24 | INFO | [GLOBAL - ncluster=214] AUC-ROC=50.00%  Train=16.604s  RAM=365.642 MB
2026-06-01 14:51:24 | INFO | [GLOBAL - ncluster=217] AUC-ROC=50.00%  Train=17.263s  RAM=370.183 MB
2026-06-01 14:51:24 | INFO | [GLOBAL - ncluster=220] AUC-ROC=50.00%  Train=9.164s  RAM=374.719 MB
2026-06-01 14:51:24 | INFO | [GLOBAL - ncluster=223] AUC-ROC=50.00%  Train=12.122s  RAM=379.26 MB
2026-06-01 14:51:24 | INFO | [GLOBAL - ncluster=226] AUC-ROC=50.00%  Train=19.090s  RAM=383.79 MB
2026-06-01 14:51:24 | INFO | [GLOBAL - ncluster=229] AUC-ROC=50.00%  Train=17.335s  RAM=388.333 MB
2026-06-01 14:51:24 | INFO | [GLOBAL - ncluster=232] AUC-ROC=50.00%  Train=14.483s  RAM=392.87 MB
2026-06-01 14:51:24 | INFO | [GLOBAL - ncluster=235] AUC-ROC=50.00%  Train=12.980s  RAM=397.405 MB
2026-06-01 14:51:24 | INFO | [GLOBAL - ncluster=238] AUC-ROC=50.00%  Train=13.011s  RAM=401.941 MB
2026-06-01 14:51:24 | INFO | [GLOBAL - ncluster=241] AUC-ROC=50.00%  Train=15.435s  RAM=406.478 MB
2026-06-01 14:51:24 | INFO | [GLOBAL - ncluster=244] AUC-ROC=50.00%  Train=9.270s  RAM=411.015 MB
2026-06-01 14:51:24 | INFO | [GLOBAL - ncluster=247] AUC-ROC=50.00%  Train=15.172s  RAM=415.558 MB
2026-06-01 14:51:24 | INFO | [GLOBAL - ncluster=250] AUC-ROC=50.00%  Train=12.737s  RAM=420.092 MB
2026-06-01 14:51:24 | INFO | [GLOBAL - ncluster=253] AUC-ROC=50.00%  Train=12.676s  RAM=424.632 MB
2026-06-01 14:51:24 | INFO | [GLOBAL - ncluster=256] AUC-ROC=50.00%  Train=12.972s  RAM=429.172 MB
2026-06-01 14:51:24 | INFO | [GLOBAL - ncluster=259] AUC-ROC=50.00%  Train=10.756s  RAM=433.709 MB
2026-06-01 14:51:24 | INFO | [GLOBAL - ncluster=262] AUC-ROC=50.00%  Train=12.345s  RAM=438.237 MB
2026-06-01 14:51:24 | INFO | [GLOBAL - ncluster=265] AUC-ROC=50.00%  Train=10.222s  RAM=442.788 MB
2026-06-01 14:51:24 | INFO | [GLOBAL - ncluster=268] AUC-ROC=50.00%  Train=7.726s  RAM=447.314 MB
2026-06-01 14:51:24 | INFO | [GLOBAL - ncluster=271] AUC-ROC=50.00%  Train=7.423s  RAM=451.856 MB
2026-06-01 14:51:24 | INFO | [GLOBAL - ncluster=274] AUC-ROC=50.00%  Train=6.494s  RAM=456.4 MB
2026-06-01 14:51:24 | INFO | [GLOBAL - ncluster=277] AUC-ROC=50.00%  Train=5.128s  RAM=460.946 MB
2026-06-01 14:51:24 | INFO | [GLOBAL - ncluster=280] AUC-ROC=50.00%  Train=7.346s  RAM=465.475 MB
2026-06-01 14:51:24 | INFO | [GLOBAL - ncluster=283] AUC-ROC=50.00%  Train=6.564s  RAM=470.006 MB
2026-06-01 14:51:24 | INFO | [GLOBAL - ncluster=286] AUC-ROC=50.00%  Train=7.786s  RAM=474.562 MB
2026-06-01 14:51:24 | INFO | [GLOBAL - ncluster=289] AUC-ROC=50.00%  Train=5.511s  RAM=479.074 MB
2026-06-01 14:51:24 | INFO | [GLOBAL - ncluster=292] AUC-ROC=50.00%  Train=7.891s  RAM=483.612 MB
2026-06-01 14:51:24 | INFO | [GLOBAL - ncluster=295] AUC-ROC=50.00%  Train=4.625s  RAM=488.148 MB
2026-06-01 14:51:24 | INFO | [GLOBAL - ncluster=298] AUC-ROC=50.00%  Train=4.373s  RAM=492.692 MB
2026-06-01 14:51:24 | INFO | ============================================================
2026-06-01 14:51:24 | INFO | Dataset      : Train_global_Normalizer_data_IoTID20.csv
2026-06-01 14:51:24 | INFO | Anomaly Mode : GLOBAL
2026-06-01 14:51:24 | INFO | Scaler       : Normalizer
2026-06-01 14:51:24 | INFO | nClusters    : 100 values
2026-06-01 14:51:24 | INFO | ============================================================
2026-06-01 14:51:25 | INFO | Loaded Shape -> Train: (30878, 94), Test: (22720, 94)
2026-06-01 14:51:25 | INFO | Parallel execution on 32 cores for 100 clusters...
2026-06-01 15:05:15 | INFO | [GLOBAL - ncluster=1] AUC-ROC=100.00%  Train=9.279s  RAM=80.608 MB
2026-06-01 15:05:15 | INFO | [GLOBAL - ncluster=4] AUC-ROC=50.00%  Train=8.247s  RAM=80.615 MB
2026-06-01 15:05:15 | INFO | [GLOBAL - ncluster=7] AUC-ROC=50.00%  Train=7.943s  RAM=80.614 MB
2026-06-01 15:05:15 | INFO | [GLOBAL - ncluster=10] AUC-ROC=50.00%  Train=6.359s  RAM=80.619 MB
2026-06-01 15:05:15 | INFO | [GLOBAL - ncluster=13] AUC-ROC=50.00%  Train=7.863s  RAM=80.623 MB
2026-06-01 15:05:15 | INFO | [GLOBAL - ncluster=16] AUC-ROC=50.00%  Train=6.802s  RAM=80.62 MB
2026-06-01 15:05:15 | INFO | [GLOBAL - ncluster=19] AUC-ROC=50.00%  Train=7.426s  RAM=80.622 MB
2026-06-01 15:05:15 | INFO | [GLOBAL - ncluster=22] AUC-ROC=50.00%  Train=7.612s  RAM=80.621 MB
2026-06-01 15:05:15 | INFO | [GLOBAL - ncluster=25] AUC-ROC=50.00%  Train=7.873s  RAM=80.624 MB
2026-06-01 15:05:15 | INFO | [GLOBAL - ncluster=28] AUC-ROC=50.00%  Train=6.808s  RAM=84.342 MB
2026-06-01 15:05:15 | INFO | [GLOBAL - ncluster=31] AUC-ROC=50.00%  Train=8.149s  RAM=88.883 MB
2026-06-01 15:05:15 | INFO | [GLOBAL - ncluster=34] AUC-ROC=50.00%  Train=6.129s  RAM=93.421 MB
2026-06-01 15:05:15 | INFO | [GLOBAL - ncluster=37] AUC-ROC=50.00%  Train=5.135s  RAM=97.96 MB
2026-06-01 15:05:15 | INFO | [GLOBAL - ncluster=40] AUC-ROC=50.00%  Train=7.363s  RAM=102.492 MB
2026-06-01 15:05:15 | INFO | [GLOBAL - ncluster=43] AUC-ROC=50.00%  Train=5.646s  RAM=107.032 MB
2026-06-01 15:05:15 | INFO | [GLOBAL - ncluster=46] AUC-ROC=50.00%  Train=6.337s  RAM=111.567 MB
2026-06-01 15:05:15 | INFO | [GLOBAL - ncluster=49] AUC-ROC=50.00%  Train=13.832s  RAM=116.102 MB
2026-06-01 15:05:15 | INFO | [GLOBAL - ncluster=52] AUC-ROC=50.00%  Train=12.414s  RAM=120.648 MB
2026-06-01 15:05:15 | INFO | [GLOBAL - ncluster=55] AUC-ROC=50.00%  Train=8.478s  RAM=125.178 MB
2026-06-01 15:05:15 | INFO | [GLOBAL - ncluster=58] AUC-ROC=50.00%  Train=7.769s  RAM=129.72 MB
2026-06-01 15:05:15 | INFO | [GLOBAL - ncluster=61] AUC-ROC=50.00%  Train=12.196s  RAM=134.272 MB
2026-06-01 15:05:15 | INFO | [GLOBAL - ncluster=64] AUC-ROC=50.00%  Train=8.648s  RAM=138.81 MB
2026-06-01 15:05:15 | INFO | [GLOBAL - ncluster=67] AUC-ROC=50.00%  Train=14.191s  RAM=143.338 MB
2026-06-01 15:05:15 | INFO | [GLOBAL - ncluster=70] AUC-ROC=50.00%  Train=11.627s  RAM=147.872 MB
2026-06-01 15:05:15 | INFO | [GLOBAL - ncluster=73] AUC-ROC=50.00%  Train=14.090s  RAM=152.411 MB
2026-06-01 15:05:15 | INFO | [GLOBAL - ncluster=76] AUC-ROC=50.00%  Train=13.745s  RAM=156.942 MB
2026-06-01 15:05:15 | INFO | [GLOBAL - ncluster=79] AUC-ROC=50.00%  Train=14.255s  RAM=161.475 MB
2026-06-01 15:05:15 | INFO | [GLOBAL - ncluster=82] AUC-ROC=50.00%  Train=15.911s  RAM=166.017 MB
2026-06-01 15:05:15 | INFO | [GLOBAL - ncluster=85] AUC-ROC=50.00%  Train=12.737s  RAM=170.551 MB
2026-06-01 15:05:15 | INFO | [GLOBAL - ncluster=88] AUC-ROC=50.00%  Train=14.002s  RAM=175.086 MB
2026-06-01 15:05:15 | INFO | [GLOBAL - ncluster=91] AUC-ROC=50.00%  Train=13.298s  RAM=179.623 MB
2026-06-01 15:05:15 | INFO | [GLOBAL - ncluster=94] AUC-ROC=50.00%  Train=11.474s  RAM=184.438 MB
2026-06-01 15:05:15 | INFO | [GLOBAL - ncluster=97] AUC-ROC=50.00%  Train=11.404s  RAM=188.693 MB
2026-06-01 15:05:15 | INFO | [GLOBAL - ncluster=100] AUC-ROC=50.00%  Train=15.725s  RAM=193.24 MB
2026-06-01 15:05:15 | INFO | [GLOBAL - ncluster=103] AUC-ROC=50.00%  Train=14.318s  RAM=197.768 MB
2026-06-01 15:05:15 | INFO | [GLOBAL - ncluster=106] AUC-ROC=50.00%  Train=13.233s  RAM=202.309 MB
2026-06-01 15:05:15 | INFO | [GLOBAL - ncluster=109] AUC-ROC=50.00%  Train=12.383s  RAM=206.848 MB
2026-06-01 15:05:15 | INFO | [GLOBAL - ncluster=112] AUC-ROC=50.00%  Train=11.585s  RAM=211.394 MB
2026-06-01 15:05:15 | INFO | [GLOBAL - ncluster=115] AUC-ROC=50.00%  Train=11.016s  RAM=215.923 MB
2026-06-01 15:05:15 | INFO | [GLOBAL - ncluster=118] AUC-ROC=50.00%  Train=13.375s  RAM=220.456 MB
2026-06-01 15:05:15 | INFO | [GLOBAL - ncluster=121] AUC-ROC=50.00%  Train=11.061s  RAM=225.001 MB
2026-06-01 15:05:15 | INFO | [GLOBAL - ncluster=124] AUC-ROC=50.00%  Train=13.396s  RAM=229.53 MB
2026-06-01 15:05:15 | INFO | [GLOBAL - ncluster=127] AUC-ROC=50.00%  Train=11.558s  RAM=234.073 MB
2026-06-01 15:05:15 | INFO | [GLOBAL - ncluster=130] AUC-ROC=50.00%  Train=14.884s  RAM=238.607 MB
2026-06-01 15:05:15 | INFO | [GLOBAL - ncluster=133] AUC-ROC=50.00%  Train=13.635s  RAM=243.145 MB
2026-06-01 15:05:15 | INFO | [GLOBAL - ncluster=136] AUC-ROC=50.00%  Train=15.902s  RAM=247.683 MB
2026-06-01 15:05:15 | INFO | [GLOBAL - ncluster=139] AUC-ROC=50.00%  Train=15.198s  RAM=252.219 MB
2026-06-01 15:05:15 | INFO | [GLOBAL - ncluster=142] AUC-ROC=50.00%  Train=11.664s  RAM=256.758 MB
2026-06-01 15:05:15 | INFO | [GLOBAL - ncluster=145] AUC-ROC=50.00%  Train=11.961s  RAM=261.289 MB
2026-06-01 15:05:15 | INFO | [GLOBAL - ncluster=148] AUC-ROC=50.00%  Train=12.858s  RAM=265.832 MB
2026-06-01 15:05:15 | INFO | [GLOBAL - ncluster=151] AUC-ROC=50.00%  Train=11.524s  RAM=270.367 MB
2026-06-01 15:05:15 | INFO | [GLOBAL - ncluster=154] AUC-ROC=50.00%  Train=14.527s  RAM=274.909 MB
2026-06-01 15:05:15 | INFO | [GLOBAL - ncluster=157] AUC-ROC=50.00%  Train=15.510s  RAM=279.447 MB
2026-06-01 15:05:15 | INFO | [GLOBAL - ncluster=160] AUC-ROC=50.00%  Train=14.105s  RAM=283.972 MB
2026-06-01 15:05:15 | INFO | [GLOBAL - ncluster=163] AUC-ROC=50.00%  Train=17.075s  RAM=288.516 MB
2026-06-01 15:05:15 | INFO | [GLOBAL - ncluster=166] AUC-ROC=50.00%  Train=16.199s  RAM=293.053 MB
2026-06-01 15:05:15 | INFO | [GLOBAL - ncluster=169] AUC-ROC=50.00%  Train=13.284s  RAM=297.592 MB
2026-06-01 15:05:15 | INFO | [GLOBAL - ncluster=172] AUC-ROC=50.00%  Train=14.586s  RAM=302.131 MB
2026-06-01 15:05:15 | INFO | [GLOBAL - ncluster=175] AUC-ROC=50.00%  Train=15.871s  RAM=306.662 MB
2026-06-01 15:05:15 | INFO | [GLOBAL - ncluster=178] AUC-ROC=50.00%  Train=17.517s  RAM=311.199 MB
2026-06-01 15:05:15 | INFO | [GLOBAL - ncluster=181] AUC-ROC=50.00%  Train=16.192s  RAM=315.743 MB
2026-06-01 15:05:15 | INFO | [GLOBAL - ncluster=184] AUC-ROC=50.00%  Train=17.111s  RAM=320.281 MB
2026-06-01 15:05:15 | INFO | [GLOBAL - ncluster=187] AUC-ROC=50.00%  Train=15.213s  RAM=324.812 MB
2026-06-01 15:05:15 | INFO | [GLOBAL - ncluster=190] AUC-ROC=50.00%  Train=16.371s  RAM=329.392 MB
2026-06-01 15:05:15 | INFO | [GLOBAL - ncluster=193] AUC-ROC=50.00%  Train=13.338s  RAM=333.882 MB
2026-06-01 15:05:15 | INFO | [GLOBAL - ncluster=196] AUC-ROC=50.00%  Train=14.373s  RAM=338.424 MB
2026-06-01 15:05:15 | INFO | [GLOBAL - ncluster=199] AUC-ROC=50.00%  Train=14.269s  RAM=342.956 MB
2026-06-01 15:05:15 | INFO | [GLOBAL - ncluster=202] AUC-ROC=50.00%  Train=13.722s  RAM=347.496 MB
2026-06-01 15:05:15 | INFO | [GLOBAL - ncluster=205] AUC-ROC=50.00%  Train=11.406s  RAM=352.038 MB
2026-06-01 15:05:15 | INFO | [GLOBAL - ncluster=208] AUC-ROC=50.00%  Train=11.994s  RAM=356.574 MB
2026-06-01 15:05:15 | INFO | [GLOBAL - ncluster=211] AUC-ROC=50.00%  Train=11.769s  RAM=361.109 MB
2026-06-01 15:05:15 | INFO | [GLOBAL - ncluster=214] AUC-ROC=50.00%  Train=13.254s  RAM=365.647 MB
2026-06-01 15:05:15 | INFO | [GLOBAL - ncluster=217] AUC-ROC=50.00%  Train=14.993s  RAM=370.181 MB
2026-06-01 15:05:15 | INFO | [GLOBAL - ncluster=220] AUC-ROC=50.00%  Train=11.720s  RAM=374.719 MB
2026-06-01 15:05:15 | INFO | [GLOBAL - ncluster=223] AUC-ROC=50.00%  Train=13.717s  RAM=379.268 MB
2026-06-01 15:05:15 | INFO | [GLOBAL - ncluster=226] AUC-ROC=50.00%  Train=9.127s  RAM=383.795 MB
2026-06-01 15:05:15 | INFO | [GLOBAL - ncluster=229] AUC-ROC=50.00%  Train=9.566s  RAM=388.333 MB
2026-06-01 15:05:15 | INFO | [GLOBAL - ncluster=232] AUC-ROC=50.00%  Train=8.046s  RAM=392.87 MB
2026-06-01 15:05:15 | INFO | [GLOBAL - ncluster=235] AUC-ROC=50.00%  Train=10.470s  RAM=397.404 MB
2026-06-01 15:05:15 | INFO | [GLOBAL - ncluster=238] AUC-ROC=50.00%  Train=7.687s  RAM=401.955 MB
2026-06-01 15:05:15 | INFO | [GLOBAL - ncluster=241] AUC-ROC=50.00%  Train=8.143s  RAM=406.476 MB
2026-06-01 15:05:15 | INFO | [GLOBAL - ncluster=244] AUC-ROC=50.00%  Train=12.478s  RAM=411.022 MB
2026-06-01 15:05:15 | INFO | [GLOBAL - ncluster=247] AUC-ROC=50.00%  Train=9.224s  RAM=415.553 MB
2026-06-01 15:05:15 | INFO | [GLOBAL - ncluster=250] AUC-ROC=50.00%  Train=9.846s  RAM=420.089 MB
2026-06-01 15:05:15 | INFO | [GLOBAL - ncluster=253] AUC-ROC=50.00%  Train=8.686s  RAM=424.63 MB
2026-06-01 15:05:15 | INFO | [GLOBAL - ncluster=256] AUC-ROC=50.00%  Train=4.592s  RAM=429.166 MB
2026-06-01 15:05:15 | INFO | [GLOBAL - ncluster=259] AUC-ROC=50.00%  Train=8.024s  RAM=433.706 MB
2026-06-01 15:05:15 | INFO | [GLOBAL - ncluster=262] AUC-ROC=50.00%  Train=8.038s  RAM=438.246 MB
2026-06-01 15:05:15 | INFO | [GLOBAL - ncluster=265] AUC-ROC=50.00%  Train=8.494s  RAM=442.777 MB
2026-06-01 15:05:15 | INFO | [GLOBAL - ncluster=268] AUC-ROC=50.00%  Train=5.832s  RAM=447.319 MB
2026-06-01 15:05:15 | INFO | [GLOBAL - ncluster=271] AUC-ROC=50.00%  Train=5.696s  RAM=451.847 MB
2026-06-01 15:05:15 | INFO | [GLOBAL - ncluster=274] AUC-ROC=50.00%  Train=6.832s  RAM=456.388 MB
2026-06-01 15:05:15 | INFO | [GLOBAL - ncluster=277] AUC-ROC=50.00%  Train=6.194s  RAM=460.929 MB
2026-06-01 15:05:15 | INFO | [GLOBAL - ncluster=280] AUC-ROC=50.00%  Train=4.651s  RAM=465.459 MB
2026-06-01 15:05:15 | INFO | [GLOBAL - ncluster=283] AUC-ROC=50.00%  Train=4.168s  RAM=470.006 MB
2026-06-01 15:05:15 | INFO | [GLOBAL - ncluster=286] AUC-ROC=50.00%  Train=2.105s  RAM=474.535 MB
2026-06-01 15:05:15 | INFO | [GLOBAL - ncluster=289] AUC-ROC=50.00%  Train=2.168s  RAM=479.076 MB
2026-06-01 15:05:15 | INFO | [GLOBAL - ncluster=292] AUC-ROC=50.00%  Train=2.302s  RAM=483.611 MB
2026-06-01 15:05:15 | INFO | [GLOBAL - ncluster=295] AUC-ROC=50.00%  Train=2.057s  RAM=488.144 MB
2026-06-01 15:05:15 | INFO | [GLOBAL - ncluster=298] AUC-ROC=50.00%  Train=8.557s  RAM=492.685 MB
2026-06-01 15:05:15 | INFO | ============================================================
2026-06-01 15:05:15 | INFO | Dataset      : Train_global_QuantileTransformer_data_IoTID20.csv
2026-06-01 15:05:15 | INFO | Anomaly Mode : GLOBAL
2026-06-01 15:05:15 | INFO | Scaler       : QuantileTransformer
2026-06-01 15:05:15 | INFO | nClusters    : 100 values
2026-06-01 15:05:15 | INFO | ============================================================
2026-06-01 15:05:20 | INFO | Loaded Shape -> Train: (30878, 94), Test: (22720, 94)
2026-06-01 15:05:21 | INFO | Parallel execution on 32 cores for 100 clusters...
2026-06-01 15:20:03 | INFO | [GLOBAL - ncluster=1] AUC-ROC=100.00%  Train=14.723s  RAM=80.611 MB
2026-06-01 15:20:03 | INFO | [GLOBAL - ncluster=4] AUC-ROC=100.00%  Train=10.865s  RAM=80.614 MB
2026-06-01 15:20:03 | INFO | [GLOBAL - ncluster=7] AUC-ROC=100.00%  Train=15.579s  RAM=80.62 MB
2026-06-01 15:20:03 | INFO | [GLOBAL - ncluster=10] AUC-ROC=99.99%  Train=14.272s  RAM=80.615 MB
2026-06-01 15:20:03 | INFO | [GLOBAL - ncluster=13] AUC-ROC=99.99%  Train=12.531s  RAM=80.621 MB
2026-06-01 15:20:03 | INFO | [GLOBAL - ncluster=16] AUC-ROC=99.99%  Train=11.772s  RAM=80.621 MB
2026-06-01 15:20:03 | INFO | [GLOBAL - ncluster=19] AUC-ROC=99.99%  Train=16.768s  RAM=80.621 MB
2026-06-01 15:20:03 | INFO | [GLOBAL - ncluster=22] AUC-ROC=99.99%  Train=6.227s  RAM=80.625 MB
2026-06-01 15:20:03 | INFO | [GLOBAL - ncluster=25] AUC-ROC=99.99%  Train=8.345s  RAM=80.626 MB
2026-06-01 15:20:03 | INFO | [GLOBAL - ncluster=28] AUC-ROC=99.99%  Train=10.146s  RAM=84.356 MB
2026-06-01 15:20:03 | INFO | [GLOBAL - ncluster=31] AUC-ROC=99.99%  Train=12.858s  RAM=88.896 MB
2026-06-01 15:20:03 | INFO | [GLOBAL - ncluster=34] AUC-ROC=99.99%  Train=16.134s  RAM=93.435 MB
2026-06-01 15:20:03 | INFO | [GLOBAL - ncluster=37] AUC-ROC=99.99%  Train=7.385s  RAM=97.965 MB
2026-06-01 15:20:03 | INFO | [GLOBAL - ncluster=40] AUC-ROC=99.99%  Train=14.208s  RAM=102.509 MB
2026-06-01 15:20:03 | INFO | [GLOBAL - ncluster=43] AUC-ROC=99.99%  Train=12.918s  RAM=107.037 MB
2026-06-01 15:20:03 | INFO | [GLOBAL - ncluster=46] AUC-ROC=99.99%  Train=10.228s  RAM=111.584 MB
2026-06-01 15:20:03 | INFO | [GLOBAL - ncluster=49] AUC-ROC=99.99%  Train=15.791s  RAM=116.123 MB
2026-06-01 15:20:03 | INFO | [GLOBAL - ncluster=52] AUC-ROC=99.99%  Train=15.414s  RAM=120.654 MB
2026-06-01 15:20:03 | INFO | [GLOBAL - ncluster=55] AUC-ROC=99.99%  Train=11.748s  RAM=125.193 MB
2026-06-01 15:20:03 | INFO | [GLOBAL - ncluster=58] AUC-ROC=99.99%  Train=16.751s  RAM=129.728 MB
2026-06-01 15:20:03 | INFO | [GLOBAL - ncluster=61] AUC-ROC=99.99%  Train=15.088s  RAM=134.266 MB
2026-06-01 15:20:03 | INFO | [GLOBAL - ncluster=64] AUC-ROC=99.99%  Train=15.464s  RAM=138.804 MB
2026-06-01 15:20:03 | INFO | [GLOBAL - ncluster=67] AUC-ROC=99.99%  Train=15.059s  RAM=143.339 MB
2026-06-01 15:20:03 | INFO | [GLOBAL - ncluster=70] AUC-ROC=99.99%  Train=12.143s  RAM=147.876 MB
2026-06-01 15:20:03 | INFO | [GLOBAL - ncluster=73] AUC-ROC=99.99%  Train=10.230s  RAM=152.415 MB
2026-06-01 15:20:03 | INFO | [GLOBAL - ncluster=76] AUC-ROC=99.99%  Train=12.158s  RAM=156.965 MB
2026-06-01 15:20:03 | INFO | [GLOBAL - ncluster=79] AUC-ROC=99.99%  Train=12.029s  RAM=161.484 MB
2026-06-01 15:20:03 | INFO | [GLOBAL - ncluster=82] AUC-ROC=99.99%  Train=14.435s  RAM=166.025 MB
2026-06-01 15:20:03 | INFO | [GLOBAL - ncluster=85] AUC-ROC=99.99%  Train=17.932s  RAM=170.562 MB
2026-06-01 15:20:03 | INFO | [GLOBAL - ncluster=88] AUC-ROC=99.99%  Train=15.699s  RAM=175.102 MB
2026-06-01 15:20:03 | INFO | [GLOBAL - ncluster=91] AUC-ROC=99.99%  Train=18.141s  RAM=179.633 MB
2026-06-01 15:20:03 | INFO | [GLOBAL - ncluster=94] AUC-ROC=99.99%  Train=15.134s  RAM=184.174 MB
2026-06-01 15:20:03 | INFO | [GLOBAL - ncluster=97] AUC-ROC=99.99%  Train=16.415s  RAM=188.712 MB
2026-06-01 15:20:03 | INFO | [GLOBAL - ncluster=100] AUC-ROC=99.99%  Train=14.079s  RAM=193.248 MB
2026-06-01 15:20:03 | INFO | [GLOBAL - ncluster=103] AUC-ROC=99.99%  Train=13.153s  RAM=197.787 MB
2026-06-01 15:20:03 | INFO | [GLOBAL - ncluster=106] AUC-ROC=99.99%  Train=12.149s  RAM=202.324 MB
2026-06-01 15:20:03 | INFO | [GLOBAL - ncluster=109] AUC-ROC=99.99%  Train=17.227s  RAM=206.861 MB
2026-06-01 15:20:03 | INFO | [GLOBAL - ncluster=112] AUC-ROC=99.99%  Train=14.346s  RAM=211.397 MB
2026-06-01 15:20:03 | INFO | [GLOBAL - ncluster=115] AUC-ROC=99.99%  Train=15.753s  RAM=215.933 MB
2026-06-01 15:20:03 | INFO | [GLOBAL - ncluster=118] AUC-ROC=99.97%  Train=16.166s  RAM=220.463 MB
2026-06-01 15:20:03 | INFO | [GLOBAL - ncluster=121] AUC-ROC=99.97%  Train=10.982s  RAM=224.999 MB
2026-06-01 15:20:03 | INFO | [GLOBAL - ncluster=124] AUC-ROC=99.99%  Train=16.196s  RAM=229.538 MB
2026-06-01 15:20:03 | INFO | [GLOBAL - ncluster=127] AUC-ROC=99.99%  Train=13.887s  RAM=234.071 MB
2026-06-01 15:20:03 | INFO | [GLOBAL - ncluster=130] AUC-ROC=99.78%  Train=17.723s  RAM=238.611 MB
2026-06-01 15:20:03 | INFO | [GLOBAL - ncluster=133] AUC-ROC=100.00%  Train=14.042s  RAM=243.149 MB
2026-06-01 15:20:03 | INFO | [GLOBAL - ncluster=136] AUC-ROC=50.00%  Train=17.853s  RAM=247.681 MB
2026-06-01 15:20:03 | INFO | [GLOBAL - ncluster=139] AUC-ROC=99.73%  Train=13.719s  RAM=252.221 MB
2026-06-01 15:20:03 | INFO | [GLOBAL - ncluster=142] AUC-ROC=50.00%  Train=11.544s  RAM=256.757 MB
2026-06-01 15:20:03 | INFO | [GLOBAL - ncluster=145] AUC-ROC=50.00%  Train=14.260s  RAM=261.295 MB
2026-06-01 15:20:03 | INFO | [GLOBAL - ncluster=148] AUC-ROC=50.00%  Train=8.626s  RAM=265.83 MB
2026-06-01 15:20:03 | INFO | [GLOBAL - ncluster=151] AUC-ROC=50.00%  Train=14.063s  RAM=270.369 MB
2026-06-01 15:20:03 | INFO | [GLOBAL - ncluster=154] AUC-ROC=50.00%  Train=13.113s  RAM=274.899 MB
2026-06-01 15:20:03 | INFO | [GLOBAL - ncluster=157] AUC-ROC=50.00%  Train=11.204s  RAM=279.438 MB
2026-06-01 15:20:03 | INFO | [GLOBAL - ncluster=160] AUC-ROC=50.00%  Train=14.015s  RAM=283.977 MB
2026-06-01 15:20:03 | INFO | [GLOBAL - ncluster=163] AUC-ROC=50.00%  Train=11.449s  RAM=288.52 MB
2026-06-01 15:20:03 | INFO | [GLOBAL - ncluster=166] AUC-ROC=50.00%  Train=13.068s  RAM=293.055 MB
2026-06-01 15:20:03 | INFO | [GLOBAL - ncluster=169] AUC-ROC=50.00%  Train=13.866s  RAM=297.585 MB
2026-06-01 15:20:03 | INFO | [GLOBAL - ncluster=172] AUC-ROC=50.00%  Train=12.891s  RAM=302.13 MB
2026-06-01 15:20:03 | INFO | [GLOBAL - ncluster=175] AUC-ROC=50.00%  Train=13.996s  RAM=306.665 MB
2026-06-01 15:20:03 | INFO | [GLOBAL - ncluster=178] AUC-ROC=50.00%  Train=9.899s  RAM=311.203 MB
2026-06-01 15:20:03 | INFO | [GLOBAL - ncluster=181] AUC-ROC=50.00%  Train=12.328s  RAM=315.734 MB
2026-06-01 15:20:03 | INFO | [GLOBAL - ncluster=184] AUC-ROC=50.00%  Train=13.807s  RAM=320.271 MB
2026-06-01 15:20:03 | INFO | [GLOBAL - ncluster=187] AUC-ROC=50.00%  Train=11.519s  RAM=324.811 MB
2026-06-01 15:20:03 | INFO | [GLOBAL - ncluster=190] AUC-ROC=50.00%  Train=7.090s  RAM=329.351 MB
2026-06-01 15:20:03 | INFO | [GLOBAL - ncluster=193] AUC-ROC=50.00%  Train=13.733s  RAM=333.889 MB
2026-06-01 15:20:03 | INFO | [GLOBAL - ncluster=196] AUC-ROC=50.00%  Train=10.283s  RAM=338.423 MB
2026-06-01 15:20:03 | INFO | [GLOBAL - ncluster=199] AUC-ROC=50.00%  Train=9.133s  RAM=342.967 MB
2026-06-01 15:20:03 | INFO | [GLOBAL - ncluster=202] AUC-ROC=50.00%  Train=9.082s  RAM=347.498 MB
2026-06-01 15:20:03 | INFO | [GLOBAL - ncluster=205] AUC-ROC=50.00%  Train=5.480s  RAM=352.039 MB
2026-06-01 15:20:03 | INFO | [GLOBAL - ncluster=208] AUC-ROC=50.00%  Train=9.141s  RAM=356.567 MB
2026-06-01 15:20:03 | INFO | [GLOBAL - ncluster=211] AUC-ROC=50.00%  Train=8.908s  RAM=361.112 MB
2026-06-01 15:20:03 | INFO | [GLOBAL - ncluster=214] AUC-ROC=50.00%  Train=4.854s  RAM=365.648 MB
2026-06-01 15:20:03 | INFO | [GLOBAL - ncluster=217] AUC-ROC=50.00%  Train=5.697s  RAM=370.182 MB
2026-06-01 15:20:03 | INFO | [GLOBAL - ncluster=220] AUC-ROC=50.00%  Train=8.041s  RAM=374.719 MB
2026-06-01 15:20:03 | INFO | [GLOBAL - ncluster=223] AUC-ROC=50.00%  Train=8.288s  RAM=379.255 MB
2026-06-01 15:20:03 | INFO | [GLOBAL - ncluster=226] AUC-ROC=50.00%  Train=5.677s  RAM=383.796 MB
2026-06-01 15:20:03 | INFO | [GLOBAL - ncluster=229] AUC-ROC=50.00%  Train=3.017s  RAM=388.335 MB
2026-06-01 15:20:03 | INFO | [GLOBAL - ncluster=232] AUC-ROC=50.00%  Train=15.916s  RAM=392.869 MB
2026-06-01 15:20:03 | INFO | [GLOBAL - ncluster=235] AUC-ROC=50.00%  Train=12.607s  RAM=397.407 MB
2026-06-01 15:20:03 | INFO | [GLOBAL - ncluster=238] AUC-ROC=50.00%  Train=12.181s  RAM=401.945 MB
2026-06-01 15:20:03 | INFO | [GLOBAL - ncluster=241] AUC-ROC=50.00%  Train=12.558s  RAM=406.48 MB
2026-06-01 15:20:03 | INFO | [GLOBAL - ncluster=244] AUC-ROC=50.00%  Train=12.875s  RAM=411.019 MB
2026-06-01 15:20:03 | INFO | [GLOBAL - ncluster=247] AUC-ROC=50.00%  Train=11.295s  RAM=415.559 MB
2026-06-01 15:20:03 | INFO | [GLOBAL - ncluster=250] AUC-ROC=50.00%  Train=12.887s  RAM=420.094 MB
2026-06-01 15:20:03 | INFO | [GLOBAL - ncluster=253] AUC-ROC=50.00%  Train=11.342s  RAM=424.624 MB
2026-06-01 15:20:03 | INFO | [GLOBAL - ncluster=256] AUC-ROC=50.00%  Train=12.018s  RAM=429.164 MB
2026-06-01 15:20:03 | INFO | [GLOBAL - ncluster=259] AUC-ROC=50.00%  Train=11.702s  RAM=433.701 MB
2026-06-01 15:20:03 | INFO | [GLOBAL - ncluster=262] AUC-ROC=50.00%  Train=9.546s  RAM=438.241 MB
2026-06-01 15:20:03 | INFO | [GLOBAL - ncluster=265] AUC-ROC=50.00%  Train=10.250s  RAM=442.772 MB
2026-06-01 15:20:03 | INFO | [GLOBAL - ncluster=268] AUC-ROC=50.00%  Train=9.801s  RAM=447.314 MB
2026-06-01 15:20:03 | INFO | [GLOBAL - ncluster=271] AUC-ROC=50.00%  Train=12.143s  RAM=451.856 MB
2026-06-01 15:20:03 | INFO | [GLOBAL - ncluster=274] AUC-ROC=50.00%  Train=9.728s  RAM=456.392 MB
2026-06-01 15:20:03 | INFO | [GLOBAL - ncluster=277] AUC-ROC=50.00%  Train=12.372s  RAM=460.923 MB
2026-06-01 15:20:03 | INFO | [GLOBAL - ncluster=280] AUC-ROC=50.00%  Train=9.938s  RAM=465.461 MB
2026-06-01 15:20:03 | INFO | [GLOBAL - ncluster=283] AUC-ROC=50.00%  Train=10.546s  RAM=469.996 MB
2026-06-01 15:20:03 | INFO | [GLOBAL - ncluster=286] AUC-ROC=50.00%  Train=9.920s  RAM=474.537 MB
2026-06-01 15:20:03 | INFO | [GLOBAL - ncluster=289] AUC-ROC=50.00%  Train=11.272s  RAM=479.076 MB
2026-06-01 15:20:03 | INFO | [GLOBAL - ncluster=292] AUC-ROC=50.00%  Train=8.604s  RAM=483.612 MB
2026-06-01 15:20:03 | INFO | [GLOBAL - ncluster=295] AUC-ROC=50.00%  Train=8.188s  RAM=488.15 MB
2026-06-01 15:20:03 | INFO | [GLOBAL - ncluster=298] AUC-ROC=50.00%  Train=9.142s  RAM=492.688 MB
2026-06-01 15:20:03 | INFO | ============================================================
2026-06-01 15:20:03 | INFO | Dataset      : Train_global_RobustScaler_data_IoTID20.csv
2026-06-01 15:20:03 | INFO | Anomaly Mode : GLOBAL
2026-06-01 15:20:03 | INFO | Scaler       : RobustScaler
2026-06-01 15:20:03 | INFO | nClusters    : 100 values
2026-06-01 15:20:03 | INFO | ============================================================
2026-06-01 15:20:09 | INFO | Loaded Shape -> Train: (30878, 94), Test: (22720, 94)
2026-06-01 15:20:09 | INFO | Parallel execution on 32 cores for 100 clusters...
2026-06-01 15:35:18 | INFO | [GLOBAL - ncluster=1] AUC-ROC=100.00%  Train=14.453s  RAM=80.611 MB
2026-06-01 15:35:18 | INFO | [GLOBAL - ncluster=4] AUC-ROC=100.00%  Train=13.690s  RAM=80.618 MB
2026-06-01 15:35:18 | INFO | [GLOBAL - ncluster=7] AUC-ROC=100.00%  Train=8.505s  RAM=80.616 MB
2026-06-01 15:35:18 | INFO | [GLOBAL - ncluster=10] AUC-ROC=100.00%  Train=14.099s  RAM=80.62 MB
2026-06-01 15:35:18 | INFO | [GLOBAL - ncluster=13] AUC-ROC=100.00%  Train=13.611s  RAM=80.626 MB
2026-06-01 15:35:18 | INFO | [GLOBAL - ncluster=16] AUC-ROC=100.00%  Train=12.706s  RAM=80.624 MB
2026-06-01 15:35:18 | INFO | [GLOBAL - ncluster=19] AUC-ROC=100.00%  Train=12.620s  RAM=80.625 MB
2026-06-01 15:35:18 | INFO | [GLOBAL - ncluster=22] AUC-ROC=100.00%  Train=14.050s  RAM=80.624 MB
2026-06-01 15:35:18 | INFO | [GLOBAL - ncluster=25] AUC-ROC=100.00%  Train=11.067s  RAM=80.626 MB
2026-06-01 15:35:18 | INFO | [GLOBAL - ncluster=28] AUC-ROC=100.00%  Train=12.966s  RAM=84.357 MB
2026-06-01 15:35:18 | INFO | [GLOBAL - ncluster=31] AUC-ROC=100.00%  Train=14.203s  RAM=88.893 MB
2026-06-01 15:35:18 | INFO | [GLOBAL - ncluster=34] AUC-ROC=100.00%  Train=13.359s  RAM=93.43 MB
2026-06-01 15:35:18 | INFO | [GLOBAL - ncluster=37] AUC-ROC=100.00%  Train=11.165s  RAM=97.97 MB
2026-06-01 15:35:18 | INFO | [GLOBAL - ncluster=40] AUC-ROC=100.00%  Train=13.519s  RAM=102.507 MB
2026-06-01 15:35:18 | INFO | [GLOBAL - ncluster=43] AUC-ROC=100.00%  Train=14.113s  RAM=107.041 MB
2026-06-01 15:35:18 | INFO | [GLOBAL - ncluster=46] AUC-ROC=100.00%  Train=15.186s  RAM=111.582 MB
2026-06-01 15:35:18 | INFO | [GLOBAL - ncluster=49] AUC-ROC=100.00%  Train=10.639s  RAM=116.115 MB
2026-06-01 15:35:18 | INFO | [GLOBAL - ncluster=52] AUC-ROC=100.00%  Train=15.800s  RAM=120.653 MB
2026-06-01 15:35:18 | INFO | [GLOBAL - ncluster=55] AUC-ROC=100.00%  Train=14.969s  RAM=125.187 MB
2026-06-01 15:35:18 | INFO | [GLOBAL - ncluster=58] AUC-ROC=100.00%  Train=13.693s  RAM=129.729 MB
2026-06-01 15:35:18 | INFO | [GLOBAL - ncluster=61] AUC-ROC=100.00%  Train=10.620s  RAM=134.267 MB
2026-06-01 15:35:18 | INFO | [GLOBAL - ncluster=64] AUC-ROC=100.00%  Train=13.605s  RAM=138.802 MB
2026-06-01 15:35:18 | INFO | [GLOBAL - ncluster=67] AUC-ROC=100.00%  Train=9.199s  RAM=143.338 MB
2026-06-01 15:35:18 | INFO | [GLOBAL - ncluster=70] AUC-ROC=100.00%  Train=12.124s  RAM=147.877 MB
2026-06-01 15:35:18 | INFO | [GLOBAL - ncluster=73] AUC-ROC=100.00%  Train=12.996s  RAM=152.419 MB
2026-06-01 15:35:18 | INFO | [GLOBAL - ncluster=76] AUC-ROC=100.00%  Train=10.976s  RAM=156.96 MB
2026-06-01 15:35:18 | INFO | [GLOBAL - ncluster=79] AUC-ROC=100.00%  Train=9.653s  RAM=161.49 MB
2026-06-01 15:35:18 | INFO | [GLOBAL - ncluster=82] AUC-ROC=100.00%  Train=13.568s  RAM=166.029 MB
2026-06-01 15:35:18 | INFO | [GLOBAL - ncluster=85] AUC-ROC=100.00%  Train=11.129s  RAM=170.562 MB
2026-06-01 15:35:18 | INFO | [GLOBAL - ncluster=88] AUC-ROC=100.00%  Train=10.773s  RAM=175.1 MB
2026-06-01 15:35:18 | INFO | [GLOBAL - ncluster=91] AUC-ROC=100.00%  Train=11.654s  RAM=179.923 MB
2026-06-01 15:35:18 | INFO | [GLOBAL - ncluster=94] AUC-ROC=100.00%  Train=13.546s  RAM=184.438 MB
2026-06-01 15:35:18 | INFO | [GLOBAL - ncluster=97] AUC-ROC=100.00%  Train=14.092s  RAM=188.71 MB
2026-06-01 15:35:18 | INFO | [GLOBAL - ncluster=100] AUC-ROC=100.00%  Train=14.495s  RAM=193.247 MB
2026-06-01 15:35:18 | INFO | [GLOBAL - ncluster=103] AUC-ROC=100.00%  Train=7.488s  RAM=197.789 MB
2026-06-01 15:35:18 | INFO | [GLOBAL - ncluster=106] AUC-ROC=100.00%  Train=9.403s  RAM=202.334 MB
2026-06-01 15:35:18 | INFO | [GLOBAL - ncluster=109] AUC-ROC=100.00%  Train=9.469s  RAM=206.854 MB
2026-06-01 15:35:18 | INFO | [GLOBAL - ncluster=112] AUC-ROC=100.00%  Train=7.149s  RAM=211.399 MB
2026-06-01 15:35:18 | INFO | [GLOBAL - ncluster=115] AUC-ROC=100.00%  Train=10.719s  RAM=215.931 MB
2026-06-01 15:35:18 | INFO | [GLOBAL - ncluster=118] AUC-ROC=100.00%  Train=8.979s  RAM=220.47 MB
2026-06-01 15:35:18 | INFO | [GLOBAL - ncluster=121] AUC-ROC=100.00%  Train=10.066s  RAM=225.009 MB
2026-06-01 15:35:18 | INFO | [GLOBAL - ncluster=124] AUC-ROC=100.00%  Train=6.027s  RAM=229.544 MB
2026-06-01 15:35:18 | INFO | [GLOBAL - ncluster=127] AUC-ROC=100.00%  Train=10.897s  RAM=234.085 MB
2026-06-01 15:35:18 | INFO | [GLOBAL - ncluster=130] AUC-ROC=100.00%  Train=9.901s  RAM=238.619 MB
2026-06-01 15:35:18 | INFO | [GLOBAL - ncluster=133] AUC-ROC=100.00%  Train=7.770s  RAM=243.159 MB
2026-06-01 15:35:18 | INFO | [GLOBAL - ncluster=136] AUC-ROC=100.00%  Train=8.403s  RAM=247.692 MB
2026-06-01 15:35:18 | INFO | [GLOBAL - ncluster=139] AUC-ROC=100.00%  Train=6.565s  RAM=252.237 MB
2026-06-01 15:35:18 | INFO | [GLOBAL - ncluster=142] AUC-ROC=100.00%  Train=8.314s  RAM=256.765 MB
2026-06-01 15:35:18 | INFO | [GLOBAL - ncluster=145] AUC-ROC=100.00%  Train=6.573s  RAM=261.305 MB
2026-06-01 15:35:18 | INFO | [GLOBAL - ncluster=148] AUC-ROC=100.00%  Train=9.516s  RAM=265.843 MB
2026-06-01 15:35:18 | INFO | [GLOBAL - ncluster=151] AUC-ROC=100.00%  Train=5.888s  RAM=270.375 MB
2026-06-01 15:35:18 | INFO | [GLOBAL - ncluster=154] AUC-ROC=100.00%  Train=6.328s  RAM=274.92 MB
2026-06-01 15:35:18 | INFO | [GLOBAL - ncluster=157] AUC-ROC=100.00%  Train=7.370s  RAM=279.448 MB
2026-06-01 15:35:18 | INFO | [GLOBAL - ncluster=160] AUC-ROC=100.00%  Train=5.526s  RAM=283.995 MB
2026-06-01 15:35:18 | INFO | [GLOBAL - ncluster=163] AUC-ROC=100.00%  Train=6.365s  RAM=288.53 MB
2026-06-01 15:35:18 | INFO | [GLOBAL - ncluster=166] AUC-ROC=100.00%  Train=4.499s  RAM=293.061 MB
2026-06-01 15:35:18 | INFO | [GLOBAL - ncluster=169] AUC-ROC=100.00%  Train=5.086s  RAM=297.601 MB
2026-06-01 15:35:18 | INFO | [GLOBAL - ncluster=172] AUC-ROC=100.00%  Train=6.527s  RAM=302.138 MB
2026-06-01 15:35:18 | INFO | [GLOBAL - ncluster=175] AUC-ROC=100.00%  Train=6.690s  RAM=306.678 MB
2026-06-01 15:35:18 | INFO | [GLOBAL - ncluster=178] AUC-ROC=100.00%  Train=11.707s  RAM=311.215 MB
2026-06-01 15:35:18 | INFO | [GLOBAL - ncluster=181] AUC-ROC=100.00%  Train=7.703s  RAM=315.746 MB
2026-06-01 15:35:18 | INFO | [GLOBAL - ncluster=184] AUC-ROC=99.99%  Train=14.159s  RAM=320.287 MB
2026-06-01 15:35:18 | INFO | [GLOBAL - ncluster=187] AUC-ROC=100.00%  Train=15.925s  RAM=324.864 MB
2026-06-01 15:35:18 | INFO | [GLOBAL - ncluster=190] AUC-ROC=100.00%  Train=15.146s  RAM=329.363 MB
2026-06-01 15:35:18 | INFO | [GLOBAL - ncluster=193] AUC-ROC=100.00%  Train=16.333s  RAM=333.896 MB
2026-06-01 15:35:18 | INFO | [GLOBAL - ncluster=196] AUC-ROC=100.00%  Train=14.415s  RAM=338.463 MB
2026-06-01 15:35:18 | INFO | [GLOBAL - ncluster=199] AUC-ROC=100.00%  Train=16.596s  RAM=342.974 MB
2026-06-01 15:35:18 | INFO | [GLOBAL - ncluster=202] AUC-ROC=100.00%  Train=9.654s  RAM=347.506 MB
2026-06-01 15:35:18 | INFO | [GLOBAL - ncluster=205] AUC-ROC=99.99%  Train=8.281s  RAM=352.051 MB
2026-06-01 15:35:18 | INFO | [GLOBAL - ncluster=208] AUC-ROC=100.00%  Train=17.707s  RAM=356.581 MB
2026-06-01 15:35:18 | INFO | [GLOBAL - ncluster=211] AUC-ROC=100.00%  Train=15.888s  RAM=361.117 MB
2026-06-01 15:35:18 | INFO | [GLOBAL - ncluster=214] AUC-ROC=99.99%  Train=18.264s  RAM=365.66 MB
2026-06-01 15:35:18 | INFO | [GLOBAL - ncluster=217] AUC-ROC=100.00%  Train=15.838s  RAM=370.196 MB
2026-06-01 15:35:18 | INFO | [GLOBAL - ncluster=220] AUC-ROC=100.00%  Train=11.759s  RAM=374.733 MB
2026-06-01 15:35:18 | INFO | [GLOBAL - ncluster=223] AUC-ROC=99.99%  Train=15.370s  RAM=379.271 MB
2026-06-01 15:35:18 | INFO | [GLOBAL - ncluster=226] AUC-ROC=99.99%  Train=12.902s  RAM=383.807 MB
2026-06-01 15:35:18 | INFO | [GLOBAL - ncluster=229] AUC-ROC=100.00%  Train=15.252s  RAM=388.345 MB
2026-06-01 15:35:18 | INFO | [GLOBAL - ncluster=232] AUC-ROC=100.00%  Train=15.096s  RAM=392.881 MB
2026-06-01 15:35:18 | INFO | [GLOBAL - ncluster=235] AUC-ROC=100.00%  Train=15.797s  RAM=397.422 MB
2026-06-01 15:35:18 | INFO | [GLOBAL - ncluster=238] AUC-ROC=99.99%  Train=17.444s  RAM=401.953 MB
2026-06-01 15:35:18 | INFO | [GLOBAL - ncluster=241] AUC-ROC=99.99%  Train=11.851s  RAM=406.494 MB
2026-06-01 15:35:18 | INFO | [GLOBAL - ncluster=244] AUC-ROC=100.00%  Train=16.123s  RAM=411.03 MB
2026-06-01 15:35:18 | INFO | [GLOBAL - ncluster=247] AUC-ROC=99.99%  Train=10.757s  RAM=415.565 MB
2026-06-01 15:35:18 | INFO | [GLOBAL - ncluster=250] AUC-ROC=100.00%  Train=13.697s  RAM=420.106 MB
2026-06-01 15:35:18 | INFO | [GLOBAL - ncluster=253] AUC-ROC=99.99%  Train=13.602s  RAM=424.642 MB
2026-06-01 15:35:18 | INFO | [GLOBAL - ncluster=256] AUC-ROC=100.00%  Train=12.482s  RAM=429.175 MB
2026-06-01 15:35:18 | INFO | [GLOBAL - ncluster=259] AUC-ROC=99.99%  Train=12.895s  RAM=433.714 MB
2026-06-01 15:35:18 | INFO | [GLOBAL - ncluster=262] AUC-ROC=100.00%  Train=10.028s  RAM=438.255 MB
2026-06-01 15:35:18 | INFO | [GLOBAL - ncluster=265] AUC-ROC=100.00%  Train=12.770s  RAM=442.789 MB
2026-06-01 15:35:18 | INFO | [GLOBAL - ncluster=268] AUC-ROC=100.00%  Train=8.013s  RAM=447.324 MB
2026-06-01 15:35:18 | INFO | [GLOBAL - ncluster=271] AUC-ROC=99.99%  Train=13.708s  RAM=451.867 MB
2026-06-01 15:35:18 | INFO | [GLOBAL - ncluster=274] AUC-ROC=100.00%  Train=10.572s  RAM=456.402 MB
2026-06-01 15:35:18 | INFO | [GLOBAL - ncluster=277] AUC-ROC=100.00%  Train=11.752s  RAM=460.933 MB
2026-06-01 15:35:18 | INFO | [GLOBAL - ncluster=280] AUC-ROC=100.00%  Train=9.620s  RAM=465.474 MB
2026-06-01 15:35:18 | INFO | [GLOBAL - ncluster=283] AUC-ROC=100.00%  Train=11.342s  RAM=470.016 MB
2026-06-01 15:35:18 | INFO | [GLOBAL - ncluster=286] AUC-ROC=100.00%  Train=10.823s  RAM=474.553 MB
2026-06-01 15:35:18 | INFO | [GLOBAL - ncluster=289] AUC-ROC=100.00%  Train=9.103s  RAM=479.085 MB
2026-06-01 15:35:18 | INFO | [GLOBAL - ncluster=292] AUC-ROC=100.00%  Train=8.465s  RAM=483.626 MB
2026-06-01 15:35:18 | INFO | [GLOBAL - ncluster=295] AUC-ROC=99.99%  Train=7.004s  RAM=488.163 MB
2026-06-01 15:35:18 | INFO | [GLOBAL - ncluster=298] AUC-ROC=100.00%  Train=7.062s  RAM=492.697 MB
