2026-05-19 12:05:44 | INFO | Run started at 20260519_120544
2026-05-19 12:05:44 | INFO | ============================================================
2026-05-19 12:05:44 | INFO | Dataset      : Train_local_StandardScaler_data_EdgeIIoTset.csv
2026-05-19 12:05:44 | INFO | Anomaly Mode : LOCAL
2026-05-19 12:05:44 | INFO | Scaler       : StandardScaler
2026-05-19 12:05:44 | INFO | nClusters    : 100 values
2026-05-19 12:05:44 | INFO | ============================================================
2026-05-19 12:05:46 | INFO | Loaded Shape -> Train: (30000, 53), Test: (30000, 53)
2026-05-19 12:05:46 | INFO | Parallel execution on 12 cores for 100 clusters...
2026-05-19 12:15:46 | INFO | [LOCAL - ncluster=1] AUC-ROC=99.85%  Train=0.987s  RAM=44.019 MB
2026-05-19 12:15:46 | INFO | [LOCAL - ncluster=4] AUC-ROC=99.87%  Train=1.047s  RAM=44.034 MB
2026-05-19 12:15:46 | INFO | [LOCAL - ncluster=7] AUC-ROC=99.89%  Train=1.082s  RAM=44.03 MB
2026-05-19 12:15:46 | INFO | [LOCAL - ncluster=10] AUC-ROC=99.89%  Train=0.854s  RAM=44.038 MB
2026-05-19 12:15:46 | INFO | [LOCAL - ncluster=13] AUC-ROC=99.89%  Train=1.052s  RAM=44.04 MB
2026-05-19 12:15:46 | INFO | [LOCAL - ncluster=16] AUC-ROC=99.89%  Train=1.107s  RAM=44.043 MB
2026-05-19 12:15:46 | INFO | [LOCAL - ncluster=19] AUC-ROC=99.89%  Train=0.960s  RAM=44.035 MB
2026-05-19 12:15:46 | INFO | [LOCAL - ncluster=22] AUC-ROC=99.89%  Train=0.839s  RAM=44.039 MB
2026-05-19 12:15:46 | INFO | [LOCAL - ncluster=25] AUC-ROC=99.89%  Train=1.010s  RAM=44.045 MB
2026-05-19 12:15:46 | INFO | [LOCAL - ncluster=28] AUC-ROC=99.88%  Train=1.042s  RAM=44.048 MB
2026-05-19 12:15:46 | INFO | [LOCAL - ncluster=31] AUC-ROC=99.88%  Train=0.926s  RAM=44.046 MB
2026-05-19 12:15:46 | INFO | [LOCAL - ncluster=34] AUC-ROC=99.88%  Train=1.040s  RAM=44.042 MB
2026-05-19 12:15:46 | INFO | [LOCAL - ncluster=37] AUC-ROC=99.88%  Train=0.836s  RAM=43.856 MB
2026-05-19 12:15:46 | INFO | [LOCAL - ncluster=40] AUC-ROC=99.88%  Train=1.038s  RAM=43.855 MB
2026-05-19 12:15:46 | INFO | [LOCAL - ncluster=43] AUC-ROC=99.89%  Train=0.782s  RAM=43.856 MB
2026-05-19 12:15:46 | INFO | [LOCAL - ncluster=46] AUC-ROC=99.89%  Train=0.875s  RAM=43.857 MB
2026-05-19 12:15:46 | INFO | [LOCAL - ncluster=49] AUC-ROC=99.89%  Train=0.607s  RAM=43.859 MB
2026-05-19 12:15:46 | INFO | [LOCAL - ncluster=52] AUC-ROC=99.89%  Train=1.008s  RAM=43.861 MB
2026-05-19 12:15:46 | INFO | [LOCAL - ncluster=55] AUC-ROC=99.89%  Train=0.900s  RAM=43.858 MB
2026-05-19 12:15:46 | INFO | [LOCAL - ncluster=58] AUC-ROC=99.89%  Train=0.936s  RAM=43.856 MB
2026-05-19 12:15:46 | INFO | [LOCAL - ncluster=61] AUC-ROC=99.89%  Train=0.884s  RAM=43.861 MB
2026-05-19 12:15:46 | INFO | [LOCAL - ncluster=64] AUC-ROC=99.89%  Train=0.786s  RAM=43.86 MB
2026-05-19 12:15:46 | INFO | [LOCAL - ncluster=67] AUC-ROC=99.89%  Train=0.917s  RAM=43.862 MB
2026-05-19 12:15:46 | INFO | [LOCAL - ncluster=70] AUC-ROC=99.89%  Train=0.850s  RAM=43.849 MB
2026-05-19 12:15:46 | INFO | [LOCAL - ncluster=73] AUC-ROC=99.89%  Train=0.949s  RAM=43.864 MB
2026-05-19 12:15:46 | INFO | [LOCAL - ncluster=76] AUC-ROC=99.89%  Train=1.062s  RAM=43.854 MB
2026-05-19 12:15:46 | INFO | [LOCAL - ncluster=79] AUC-ROC=99.89%  Train=0.766s  RAM=43.851 MB
2026-05-19 12:15:46 | INFO | [LOCAL - ncluster=82] AUC-ROC=99.89%  Train=0.939s  RAM=43.851 MB
2026-05-19 12:15:46 | INFO | [LOCAL - ncluster=85] AUC-ROC=99.90%  Train=0.886s  RAM=43.854 MB
2026-05-19 12:15:46 | INFO | [LOCAL - ncluster=88] AUC-ROC=99.89%  Train=0.951s  RAM=43.853 MB
2026-05-19 12:15:46 | INFO | [LOCAL - ncluster=91] AUC-ROC=99.89%  Train=0.987s  RAM=43.852 MB
2026-05-19 12:15:46 | INFO | [LOCAL - ncluster=94] AUC-ROC=99.90%  Train=0.967s  RAM=43.853 MB
2026-05-19 12:15:46 | INFO | [LOCAL - ncluster=97] AUC-ROC=99.90%  Train=0.811s  RAM=43.854 MB
2026-05-19 12:15:46 | INFO | [LOCAL - ncluster=100] AUC-ROC=99.90%  Train=1.000s  RAM=43.854 MB
2026-05-19 12:15:46 | INFO | [LOCAL - ncluster=103] AUC-ROC=99.89%  Train=0.759s  RAM=43.856 MB
2026-05-19 12:15:46 | INFO | [LOCAL - ncluster=106] AUC-ROC=99.90%  Train=1.056s  RAM=43.854 MB
2026-05-19 12:15:46 | INFO | [LOCAL - ncluster=109] AUC-ROC=99.90%  Train=0.619s  RAM=43.857 MB
2026-05-19 12:15:46 | INFO | [LOCAL - ncluster=112] AUC-ROC=99.90%  Train=0.976s  RAM=43.858 MB
2026-05-19 12:15:46 | INFO | [LOCAL - ncluster=115] AUC-ROC=99.90%  Train=0.986s  RAM=43.858 MB
2026-05-19 12:15:46 | INFO | [LOCAL - ncluster=118] AUC-ROC=99.90%  Train=1.062s  RAM=43.859 MB
2026-05-19 12:15:46 | INFO | [LOCAL - ncluster=121] AUC-ROC=99.89%  Train=0.792s  RAM=43.858 MB
2026-05-19 12:15:46 | INFO | [LOCAL - ncluster=124] AUC-ROC=99.90%  Train=0.855s  RAM=43.859 MB
2026-05-19 12:15:46 | INFO | [LOCAL - ncluster=127] AUC-ROC=99.90%  Train=1.031s  RAM=43.858 MB
2026-05-19 12:15:46 | INFO | [LOCAL - ncluster=130] AUC-ROC=99.90%  Train=1.042s  RAM=43.861 MB
2026-05-19 12:15:46 | INFO | [LOCAL - ncluster=133] AUC-ROC=99.98%  Train=1.080s  RAM=43.86 MB
2026-05-19 12:15:46 | INFO | [LOCAL - ncluster=136] AUC-ROC=99.98%  Train=0.929s  RAM=43.863 MB
2026-05-19 12:15:46 | INFO | [LOCAL - ncluster=139] AUC-ROC=99.98%  Train=0.901s  RAM=43.86 MB
2026-05-19 12:15:46 | INFO | [LOCAL - ncluster=142] AUC-ROC=99.98%  Train=1.000s  RAM=43.863 MB
2026-05-19 12:15:46 | INFO | [LOCAL - ncluster=145] AUC-ROC=99.98%  Train=0.891s  RAM=43.863 MB
2026-05-19 12:15:46 | INFO | [LOCAL - ncluster=148] AUC-ROC=99.98%  Train=0.897s  RAM=43.866 MB
2026-05-19 12:15:46 | INFO | [LOCAL - ncluster=151] AUC-ROC=99.98%  Train=0.780s  RAM=43.865 MB
2026-05-19 12:15:46 | INFO | [LOCAL - ncluster=154] AUC-ROC=99.98%  Train=1.018s  RAM=43.867 MB
2026-05-19 12:15:46 | INFO | [LOCAL - ncluster=157] AUC-ROC=99.98%  Train=0.698s  RAM=43.866 MB
2026-05-19 12:15:46 | INFO | [LOCAL - ncluster=160] AUC-ROC=99.98%  Train=1.044s  RAM=43.867 MB
2026-05-19 12:15:46 | INFO | [LOCAL - ncluster=163] AUC-ROC=99.98%  Train=0.784s  RAM=43.866 MB
2026-05-19 12:15:46 | INFO | [LOCAL - ncluster=166] AUC-ROC=99.98%  Train=0.967s  RAM=43.867 MB
2026-05-19 12:15:46 | INFO | [LOCAL - ncluster=169] AUC-ROC=99.98%  Train=0.748s  RAM=43.869 MB
2026-05-19 12:15:46 | INFO | [LOCAL - ncluster=172] AUC-ROC=99.98%  Train=0.941s  RAM=43.868 MB
2026-05-19 12:15:46 | INFO | [LOCAL - ncluster=175] AUC-ROC=99.98%  Train=0.744s  RAM=43.869 MB
2026-05-19 12:15:46 | INFO | [LOCAL - ncluster=178] AUC-ROC=99.98%  Train=0.798s  RAM=43.867 MB
2026-05-19 12:15:46 | INFO | [LOCAL - ncluster=181] AUC-ROC=99.98%  Train=0.846s  RAM=43.87 MB
2026-05-19 12:15:46 | INFO | [LOCAL - ncluster=184] AUC-ROC=99.98%  Train=0.745s  RAM=43.87 MB
2026-05-19 12:15:46 | INFO | [LOCAL - ncluster=187] AUC-ROC=99.98%  Train=0.575s  RAM=43.87 MB
2026-05-19 12:15:46 | INFO | [LOCAL - ncluster=190] AUC-ROC=99.98%  Train=0.555s  RAM=43.872 MB
2026-05-19 12:15:46 | INFO | [LOCAL - ncluster=193] AUC-ROC=99.98%  Train=0.614s  RAM=43.872 MB
2026-05-19 12:15:46 | INFO | [LOCAL - ncluster=196] AUC-ROC=99.98%  Train=0.592s  RAM=43.873 MB
2026-05-19 12:15:46 | INFO | [LOCAL - ncluster=199] AUC-ROC=99.98%  Train=0.452s  RAM=43.874 MB
2026-05-19 12:15:46 | INFO | [LOCAL - ncluster=202] AUC-ROC=99.98%  Train=0.680s  RAM=43.876 MB
2026-05-19 12:15:46 | INFO | [LOCAL - ncluster=205] AUC-ROC=99.98%  Train=0.499s  RAM=43.874 MB
2026-05-19 12:15:46 | INFO | [LOCAL - ncluster=208] AUC-ROC=99.98%  Train=0.562s  RAM=43.873 MB
2026-05-19 12:15:46 | INFO | [LOCAL - ncluster=211] AUC-ROC=99.98%  Train=1.000s  RAM=43.876 MB
2026-05-19 12:15:46 | INFO | [LOCAL - ncluster=214] AUC-ROC=99.98%  Train=1.195s  RAM=43.877 MB
2026-05-19 12:15:46 | INFO | [LOCAL - ncluster=217] AUC-ROC=99.98%  Train=0.895s  RAM=43.879 MB
2026-05-19 12:15:46 | INFO | [LOCAL - ncluster=220] AUC-ROC=99.98%  Train=0.787s  RAM=43.878 MB
2026-05-19 12:15:46 | INFO | [LOCAL - ncluster=223] AUC-ROC=99.98%  Train=1.083s  RAM=43.879 MB
2026-05-19 12:15:46 | INFO | [LOCAL - ncluster=226] AUC-ROC=99.98%  Train=1.098s  RAM=43.88 MB
2026-05-19 12:15:46 | INFO | [LOCAL - ncluster=229] AUC-ROC=99.98%  Train=1.089s  RAM=43.88 MB
2026-05-19 12:15:46 | INFO | [LOCAL - ncluster=232] AUC-ROC=99.98%  Train=1.163s  RAM=43.882 MB
2026-05-19 12:15:46 | INFO | [LOCAL - ncluster=235] AUC-ROC=99.98%  Train=0.721s  RAM=43.881 MB
2026-05-19 12:15:46 | INFO | [LOCAL - ncluster=238] AUC-ROC=99.98%  Train=1.141s  RAM=43.882 MB
2026-05-19 12:15:46 | INFO | [LOCAL - ncluster=241] AUC-ROC=99.98%  Train=1.104s  RAM=43.882 MB
2026-05-19 12:15:46 | INFO | [LOCAL - ncluster=244] AUC-ROC=99.98%  Train=1.230s  RAM=43.883 MB
2026-05-19 12:15:46 | INFO | [LOCAL - ncluster=247] AUC-ROC=99.98%  Train=1.052s  RAM=43.883 MB
2026-05-19 12:15:46 | INFO | [LOCAL - ncluster=250] AUC-ROC=99.98%  Train=1.299s  RAM=43.884 MB
2026-05-19 12:15:46 | INFO | [LOCAL - ncluster=253] AUC-ROC=99.98%  Train=1.153s  RAM=43.886 MB
2026-05-19 12:15:46 | INFO | [LOCAL - ncluster=256] AUC-ROC=99.98%  Train=1.055s  RAM=43.887 MB
2026-05-19 12:15:46 | INFO | [LOCAL - ncluster=259] AUC-ROC=99.98%  Train=1.007s  RAM=43.887 MB
2026-05-19 12:15:46 | INFO | [LOCAL - ncluster=262] AUC-ROC=99.98%  Train=0.918s  RAM=43.888 MB
2026-05-19 12:15:46 | INFO | [LOCAL - ncluster=265] AUC-ROC=99.98%  Train=1.082s  RAM=43.887 MB
2026-05-19 12:15:46 | INFO | [LOCAL - ncluster=268] AUC-ROC=99.98%  Train=1.026s  RAM=43.889 MB
2026-05-19 12:15:46 | INFO | [LOCAL - ncluster=271] AUC-ROC=99.98%  Train=0.901s  RAM=43.891 MB
2026-05-19 12:15:46 | INFO | [LOCAL - ncluster=274] AUC-ROC=99.98%  Train=0.871s  RAM=43.89 MB
2026-05-19 12:15:46 | INFO | [LOCAL - ncluster=277] AUC-ROC=99.98%  Train=0.625s  RAM=43.891 MB
2026-05-19 12:15:46 | INFO | [LOCAL - ncluster=280] AUC-ROC=99.98%  Train=0.762s  RAM=43.891 MB
2026-05-19 12:15:46 | INFO | [LOCAL - ncluster=283] AUC-ROC=99.98%  Train=1.085s  RAM=43.892 MB
2026-05-19 12:15:46 | INFO | [LOCAL - ncluster=286] AUC-ROC=99.98%  Train=0.746s  RAM=43.894 MB
2026-05-19 12:15:46 | INFO | [LOCAL - ncluster=289] AUC-ROC=99.98%  Train=0.762s  RAM=43.892 MB
2026-05-19 12:15:46 | INFO | [LOCAL - ncluster=292] AUC-ROC=99.98%  Train=0.612s  RAM=43.894 MB
2026-05-19 12:15:46 | INFO | [LOCAL - ncluster=295] AUC-ROC=99.98%  Train=0.900s  RAM=43.895 MB
2026-05-19 12:15:46 | INFO | [LOCAL - ncluster=298] AUC-ROC=99.98%  Train=0.680s  RAM=43.896 MB
2026-05-19 12:15:46 | INFO | ============================================================
2026-05-19 12:15:46 | INFO | Dataset      : Train_local_MinMaxScaler_data_EdgeIIoTset.csv
2026-05-19 12:15:46 | INFO | Anomaly Mode : LOCAL
2026-05-19 12:15:46 | INFO | Scaler       : MinMaxScaler
2026-05-19 12:15:46 | INFO | nClusters    : 100 values
2026-05-19 12:15:46 | INFO | ============================================================
2026-05-19 12:15:48 | INFO | Loaded Shape -> Train: (30000, 53), Test: (30000, 53)
2026-05-19 12:15:48 | INFO | Parallel execution on 12 cores for 100 clusters...
2026-05-19 12:24:33 | INFO | [LOCAL - ncluster=1] AUC-ROC=100.00%  Train=1.131s  RAM=43.832 MB
2026-05-19 12:24:33 | INFO | [LOCAL - ncluster=4] AUC-ROC=100.00%  Train=1.141s  RAM=43.832 MB
2026-05-19 12:24:33 | INFO | [LOCAL - ncluster=7] AUC-ROC=100.00%  Train=0.948s  RAM=43.834 MB
2026-05-19 12:24:33 | INFO | [LOCAL - ncluster=10] AUC-ROC=50.00%  Train=0.876s  RAM=43.834 MB
2026-05-19 12:24:33 | INFO | [LOCAL - ncluster=13] AUC-ROC=50.00%  Train=1.020s  RAM=43.834 MB
2026-05-19 12:24:33 | INFO | [LOCAL - ncluster=16] AUC-ROC=50.00%  Train=1.179s  RAM=43.835 MB
2026-05-19 12:24:33 | INFO | [LOCAL - ncluster=19] AUC-ROC=50.00%  Train=1.106s  RAM=43.835 MB
2026-05-19 12:24:33 | INFO | [LOCAL - ncluster=22] AUC-ROC=50.00%  Train=0.790s  RAM=43.836 MB
2026-05-19 12:24:33 | INFO | [LOCAL - ncluster=25] AUC-ROC=50.00%  Train=1.275s  RAM=43.835 MB
2026-05-19 12:24:33 | INFO | [LOCAL - ncluster=28] AUC-ROC=50.00%  Train=0.995s  RAM=43.838 MB
2026-05-19 12:24:33 | INFO | [LOCAL - ncluster=31] AUC-ROC=50.00%  Train=0.886s  RAM=43.839 MB
2026-05-19 12:24:33 | INFO | [LOCAL - ncluster=34] AUC-ROC=50.00%  Train=0.960s  RAM=43.839 MB
2026-05-19 12:24:33 | INFO | [LOCAL - ncluster=37] AUC-ROC=50.00%  Train=0.702s  RAM=43.84 MB
2026-05-19 12:24:33 | INFO | [LOCAL - ncluster=40] AUC-ROC=50.00%  Train=0.974s  RAM=43.841 MB
2026-05-19 12:24:33 | INFO | [LOCAL - ncluster=43] AUC-ROC=50.00%  Train=1.041s  RAM=43.841 MB
2026-05-19 12:24:33 | INFO | [LOCAL - ncluster=46] AUC-ROC=50.00%  Train=0.800s  RAM=43.841 MB
2026-05-19 12:24:33 | INFO | [LOCAL - ncluster=49] AUC-ROC=50.00%  Train=0.852s  RAM=43.842 MB
2026-05-19 12:24:33 | INFO | [LOCAL - ncluster=52] AUC-ROC=50.00%  Train=1.032s  RAM=43.841 MB
2026-05-19 12:24:33 | INFO | [LOCAL - ncluster=55] AUC-ROC=50.00%  Train=0.944s  RAM=43.843 MB
2026-05-19 12:24:33 | INFO | [LOCAL - ncluster=58] AUC-ROC=50.00%  Train=0.815s  RAM=43.844 MB
2026-05-19 12:24:33 | INFO | [LOCAL - ncluster=61] AUC-ROC=50.00%  Train=1.032s  RAM=43.845 MB
2026-05-19 12:24:33 | INFO | [LOCAL - ncluster=64] AUC-ROC=50.00%  Train=0.927s  RAM=43.844 MB
2026-05-19 12:24:33 | INFO | [LOCAL - ncluster=67] AUC-ROC=50.00%  Train=0.845s  RAM=43.847 MB
2026-05-19 12:24:33 | INFO | [LOCAL - ncluster=70] AUC-ROC=50.00%  Train=0.985s  RAM=43.847 MB
2026-05-19 12:24:33 | INFO | [LOCAL - ncluster=73] AUC-ROC=50.00%  Train=0.993s  RAM=43.848 MB
2026-05-19 12:24:33 | INFO | [LOCAL - ncluster=76] AUC-ROC=50.00%  Train=0.896s  RAM=43.848 MB
2026-05-19 12:24:33 | INFO | [LOCAL - ncluster=79] AUC-ROC=50.00%  Train=0.918s  RAM=43.849 MB
2026-05-19 12:24:33 | INFO | [LOCAL - ncluster=82] AUC-ROC=50.00%  Train=0.799s  RAM=43.848 MB
2026-05-19 12:24:33 | INFO | [LOCAL - ncluster=85] AUC-ROC=50.00%  Train=0.821s  RAM=43.852 MB
2026-05-19 12:24:33 | INFO | [LOCAL - ncluster=88] AUC-ROC=50.00%  Train=0.849s  RAM=43.849 MB
2026-05-19 12:24:33 | INFO | [LOCAL - ncluster=91] AUC-ROC=50.00%  Train=0.893s  RAM=43.851 MB
2026-05-19 12:24:33 | INFO | [LOCAL - ncluster=94] AUC-ROC=50.00%  Train=0.926s  RAM=43.85 MB
2026-05-19 12:24:33 | INFO | [LOCAL - ncluster=97] AUC-ROC=50.00%  Train=0.925s  RAM=43.853 MB
2026-05-19 12:24:33 | INFO | [LOCAL - ncluster=100] AUC-ROC=50.00%  Train=0.864s  RAM=43.853 MB
2026-05-19 12:24:33 | INFO | [LOCAL - ncluster=103] AUC-ROC=50.00%  Train=0.763s  RAM=43.852 MB
2026-05-19 12:24:33 | INFO | [LOCAL - ncluster=106] AUC-ROC=50.00%  Train=0.637s  RAM=43.855 MB
2026-05-19 12:24:33 | INFO | [LOCAL - ncluster=109] AUC-ROC=50.00%  Train=0.783s  RAM=43.855 MB
2026-05-19 12:24:33 | INFO | [LOCAL - ncluster=112] AUC-ROC=50.00%  Train=0.821s  RAM=43.857 MB
2026-05-19 12:24:33 | INFO | [LOCAL - ncluster=115] AUC-ROC=50.00%  Train=0.526s  RAM=43.856 MB
2026-05-19 12:24:33 | INFO | [LOCAL - ncluster=118] AUC-ROC=50.00%  Train=0.832s  RAM=43.857 MB
2026-05-19 12:24:33 | INFO | [LOCAL - ncluster=121] AUC-ROC=50.00%  Train=0.472s  RAM=43.86 MB
2026-05-19 12:24:33 | INFO | [LOCAL - ncluster=124] AUC-ROC=50.00%  Train=0.506s  RAM=43.857 MB
2026-05-19 12:24:33 | INFO | [LOCAL - ncluster=127] AUC-ROC=50.00%  Train=0.349s  RAM=43.858 MB
2026-05-19 12:24:33 | INFO | [LOCAL - ncluster=130] AUC-ROC=50.00%  Train=1.354s  RAM=43.859 MB
2026-05-19 12:24:33 | INFO | [LOCAL - ncluster=133] AUC-ROC=50.00%  Train=0.699s  RAM=43.859 MB
2026-05-19 12:24:33 | INFO | [LOCAL - ncluster=136] AUC-ROC=50.00%  Train=1.323s  RAM=43.859 MB
2026-05-19 12:24:33 | INFO | [LOCAL - ncluster=139] AUC-ROC=50.00%  Train=0.843s  RAM=43.861 MB
2026-05-19 12:24:33 | INFO | [LOCAL - ncluster=142] AUC-ROC=50.00%  Train=0.816s  RAM=43.861 MB
2026-05-19 12:24:33 | INFO | [LOCAL - ncluster=145] AUC-ROC=50.00%  Train=1.039s  RAM=43.863 MB
2026-05-19 12:24:33 | INFO | [LOCAL - ncluster=148] AUC-ROC=50.00%  Train=0.974s  RAM=43.863 MB
2026-05-19 12:24:33 | INFO | [LOCAL - ncluster=151] AUC-ROC=50.00%  Train=1.120s  RAM=43.863 MB
2026-05-19 12:24:33 | INFO | [LOCAL - ncluster=154] AUC-ROC=50.00%  Train=1.120s  RAM=43.865 MB
2026-05-19 12:24:33 | INFO | [LOCAL - ncluster=157] AUC-ROC=50.00%  Train=0.991s  RAM=43.864 MB
2026-05-19 12:24:33 | INFO | [LOCAL - ncluster=160] AUC-ROC=50.00%  Train=1.165s  RAM=43.865 MB
2026-05-19 12:24:33 | INFO | [LOCAL - ncluster=163] AUC-ROC=50.00%  Train=1.074s  RAM=43.865 MB
2026-05-19 12:24:33 | INFO | [LOCAL - ncluster=166] AUC-ROC=50.00%  Train=0.938s  RAM=43.868 MB
2026-05-19 12:24:33 | INFO | [LOCAL - ncluster=169] AUC-ROC=50.00%  Train=0.851s  RAM=43.867 MB
2026-05-19 12:24:33 | INFO | [LOCAL - ncluster=172] AUC-ROC=50.00%  Train=0.860s  RAM=43.869 MB
2026-05-19 12:24:33 | INFO | [LOCAL - ncluster=175] AUC-ROC=50.00%  Train=0.998s  RAM=43.869 MB
2026-05-19 12:24:33 | INFO | [LOCAL - ncluster=178] AUC-ROC=50.00%  Train=0.856s  RAM=43.867 MB
2026-05-19 12:24:33 | INFO | [LOCAL - ncluster=181] AUC-ROC=50.00%  Train=1.057s  RAM=43.87 MB
2026-05-19 12:24:33 | INFO | [LOCAL - ncluster=184] AUC-ROC=50.00%  Train=0.957s  RAM=43.871 MB
2026-05-19 12:24:33 | INFO | [LOCAL - ncluster=187] AUC-ROC=50.00%  Train=0.903s  RAM=43.871 MB
2026-05-19 12:24:33 | INFO | [LOCAL - ncluster=190] AUC-ROC=50.00%  Train=0.969s  RAM=43.873 MB
2026-05-19 12:24:33 | INFO | [LOCAL - ncluster=193] AUC-ROC=50.00%  Train=1.129s  RAM=43.871 MB
2026-05-19 12:24:33 | INFO | [LOCAL - ncluster=196] AUC-ROC=50.00%  Train=0.906s  RAM=43.872 MB
2026-05-19 12:24:33 | INFO | [LOCAL - ncluster=199] AUC-ROC=50.00%  Train=0.618s  RAM=43.874 MB
2026-05-19 12:24:33 | INFO | [LOCAL - ncluster=202] AUC-ROC=50.00%  Train=1.131s  RAM=43.874 MB
2026-05-19 12:24:33 | INFO | [LOCAL - ncluster=205] AUC-ROC=50.00%  Train=0.885s  RAM=43.874 MB
2026-05-19 12:24:33 | INFO | [LOCAL - ncluster=208] AUC-ROC=50.00%  Train=0.792s  RAM=43.876 MB
2026-05-19 12:24:33 | INFO | [LOCAL - ncluster=211] AUC-ROC=50.00%  Train=1.195s  RAM=43.875 MB
2026-05-19 12:24:33 | INFO | [LOCAL - ncluster=214] AUC-ROC=50.00%  Train=0.954s  RAM=43.876 MB
2026-05-19 12:24:33 | INFO | [LOCAL - ncluster=217] AUC-ROC=50.00%  Train=1.135s  RAM=43.878 MB
2026-05-19 12:24:33 | INFO | [LOCAL - ncluster=220] AUC-ROC=50.00%  Train=1.127s  RAM=43.879 MB
2026-05-19 12:24:33 | INFO | [LOCAL - ncluster=223] AUC-ROC=50.00%  Train=1.083s  RAM=43.879 MB
2026-05-19 12:24:33 | INFO | [LOCAL - ncluster=226] AUC-ROC=50.00%  Train=1.070s  RAM=43.88 MB
2026-05-19 12:24:33 | INFO | [LOCAL - ncluster=229] AUC-ROC=50.00%  Train=0.909s  RAM=43.879 MB
2026-05-19 12:24:33 | INFO | [LOCAL - ncluster=232] AUC-ROC=50.00%  Train=0.951s  RAM=43.88 MB
2026-05-19 12:24:33 | INFO | [LOCAL - ncluster=235] AUC-ROC=50.00%  Train=0.953s  RAM=43.88 MB
2026-05-19 12:24:33 | INFO | [LOCAL - ncluster=238] AUC-ROC=50.00%  Train=0.982s  RAM=43.882 MB
2026-05-19 12:24:33 | INFO | [LOCAL - ncluster=241] AUC-ROC=50.00%  Train=0.959s  RAM=43.882 MB
2026-05-19 12:24:33 | INFO | [LOCAL - ncluster=244] AUC-ROC=50.00%  Train=0.961s  RAM=43.883 MB
2026-05-19 12:24:33 | INFO | [LOCAL - ncluster=247] AUC-ROC=50.00%  Train=1.014s  RAM=43.883 MB
2026-05-19 12:24:33 | INFO | [LOCAL - ncluster=250] AUC-ROC=50.00%  Train=1.001s  RAM=43.884 MB
2026-05-19 12:24:33 | INFO | [LOCAL - ncluster=253] AUC-ROC=50.00%  Train=1.109s  RAM=43.886 MB
2026-05-19 12:24:33 | INFO | [LOCAL - ncluster=256] AUC-ROC=50.00%  Train=1.003s  RAM=43.886 MB
2026-05-19 12:24:33 | INFO | [LOCAL - ncluster=259] AUC-ROC=50.00%  Train=1.069s  RAM=43.887 MB
2026-05-19 12:24:33 | INFO | [LOCAL - ncluster=262] AUC-ROC=50.00%  Train=0.963s  RAM=43.888 MB
2026-05-19 12:24:33 | INFO | [LOCAL - ncluster=265] AUC-ROC=50.00%  Train=0.878s  RAM=43.887 MB
2026-05-19 12:24:33 | INFO | [LOCAL - ncluster=268] AUC-ROC=50.00%  Train=0.775s  RAM=43.888 MB
2026-05-19 12:24:33 | INFO | [LOCAL - ncluster=271] AUC-ROC=50.00%  Train=0.912s  RAM=43.889 MB
2026-05-19 12:24:33 | INFO | [LOCAL - ncluster=274] AUC-ROC=50.00%  Train=0.842s  RAM=43.89 MB
2026-05-19 12:24:33 | INFO | [LOCAL - ncluster=277] AUC-ROC=50.00%  Train=0.663s  RAM=43.889 MB
2026-05-19 12:24:33 | INFO | [LOCAL - ncluster=280] AUC-ROC=50.00%  Train=0.668s  RAM=43.891 MB
2026-05-19 12:24:33 | INFO | [LOCAL - ncluster=283] AUC-ROC=50.00%  Train=0.415s  RAM=43.89 MB
2026-05-19 12:24:33 | INFO | [LOCAL - ncluster=286] AUC-ROC=50.00%  Train=0.253s  RAM=43.892 MB
2026-05-19 12:24:33 | INFO | [LOCAL - ncluster=289] AUC-ROC=50.00%  Train=0.499s  RAM=43.893 MB
2026-05-19 12:24:33 | INFO | [LOCAL - ncluster=292] AUC-ROC=50.00%  Train=0.371s  RAM=43.894 MB
2026-05-19 12:24:33 | INFO | [LOCAL - ncluster=295] AUC-ROC=50.00%  Train=0.170s  RAM=43.896 MB
2026-05-19 12:24:33 | INFO | [LOCAL - ncluster=298] AUC-ROC=50.00%  Train=0.289s  RAM=43.895 MB
2026-05-19 12:24:33 | INFO | ============================================================
2026-05-19 12:24:33 | INFO | Dataset      : Train_local_Normalizer_data_EdgeIIoTset.csv
2026-05-19 12:24:33 | INFO | Anomaly Mode : LOCAL
2026-05-19 12:24:33 | INFO | Scaler       : Normalizer
2026-05-19 12:24:33 | INFO | nClusters    : 100 values
2026-05-19 12:24:33 | INFO | ============================================================
2026-05-19 12:24:34 | INFO | Loaded Shape -> Train: (30000, 53), Test: (30000, 53)
2026-05-19 12:24:34 | INFO | Parallel execution on 12 cores for 100 clusters...
2026-05-19 12:34:13 | INFO | [LOCAL - ncluster=1] AUC-ROC=50.00%  Train=1.182s  RAM=43.829 MB
2026-05-19 12:34:13 | INFO | [LOCAL - ncluster=4] AUC-ROC=50.00%  Train=1.155s  RAM=43.833 MB
2026-05-19 12:34:13 | INFO | [LOCAL - ncluster=7] AUC-ROC=50.00%  Train=0.899s  RAM=43.833 MB
2026-05-19 12:34:13 | INFO | [LOCAL - ncluster=10] AUC-ROC=50.00%  Train=1.054s  RAM=43.835 MB
2026-05-19 12:34:13 | INFO | [LOCAL - ncluster=13] AUC-ROC=50.00%  Train=1.049s  RAM=43.835 MB
2026-05-19 12:34:13 | INFO | [LOCAL - ncluster=16] AUC-ROC=50.00%  Train=0.710s  RAM=43.838 MB
2026-05-19 12:34:13 | INFO | [LOCAL - ncluster=19] AUC-ROC=50.00%  Train=1.123s  RAM=43.835 MB
2026-05-19 12:34:13 | INFO | [LOCAL - ncluster=22] AUC-ROC=50.00%  Train=1.220s  RAM=43.837 MB
2026-05-19 12:34:14 | INFO | [LOCAL - ncluster=25] AUC-ROC=50.00%  Train=1.030s  RAM=43.837 MB
2026-05-19 12:34:14 | INFO | [LOCAL - ncluster=28] AUC-ROC=50.00%  Train=1.121s  RAM=43.838 MB
2026-05-19 12:34:14 | INFO | [LOCAL - ncluster=31] AUC-ROC=50.00%  Train=1.181s  RAM=43.839 MB
2026-05-19 12:34:14 | INFO | [LOCAL - ncluster=34] AUC-ROC=50.00%  Train=0.809s  RAM=43.84 MB
2026-05-19 12:34:14 | INFO | [LOCAL - ncluster=37] AUC-ROC=50.00%  Train=0.976s  RAM=43.839 MB
2026-05-19 12:34:14 | INFO | [LOCAL - ncluster=40] AUC-ROC=50.00%  Train=1.006s  RAM=43.84 MB
2026-05-19 12:34:14 | INFO | [LOCAL - ncluster=43] AUC-ROC=50.00%  Train=0.998s  RAM=43.841 MB
2026-05-19 12:34:14 | INFO | [LOCAL - ncluster=46] AUC-ROC=50.00%  Train=0.989s  RAM=43.842 MB
2026-05-19 12:34:14 | INFO | [LOCAL - ncluster=49] AUC-ROC=50.00%  Train=0.808s  RAM=43.842 MB
2026-05-19 12:34:14 | INFO | [LOCAL - ncluster=52] AUC-ROC=50.00%  Train=0.915s  RAM=43.844 MB
2026-05-19 12:34:14 | INFO | [LOCAL - ncluster=55] AUC-ROC=50.00%  Train=0.907s  RAM=43.843 MB
2026-05-19 12:34:14 | INFO | [LOCAL - ncluster=58] AUC-ROC=50.00%  Train=0.907s  RAM=43.844 MB
2026-05-19 12:34:14 | INFO | [LOCAL - ncluster=61] AUC-ROC=50.00%  Train=0.553s  RAM=43.846 MB
2026-05-19 12:34:14 | INFO | [LOCAL - ncluster=64] AUC-ROC=50.00%  Train=1.160s  RAM=43.845 MB
2026-05-19 12:34:14 | INFO | [LOCAL - ncluster=67] AUC-ROC=50.00%  Train=1.047s  RAM=43.847 MB
2026-05-19 12:34:14 | INFO | [LOCAL - ncluster=70] AUC-ROC=50.00%  Train=0.768s  RAM=43.848 MB
2026-05-19 12:34:14 | INFO | [LOCAL - ncluster=73] AUC-ROC=50.00%  Train=1.040s  RAM=43.846 MB
2026-05-19 12:34:14 | INFO | [LOCAL - ncluster=76] AUC-ROC=50.00%  Train=1.088s  RAM=43.848 MB
2026-05-19 12:34:14 | INFO | [LOCAL - ncluster=79] AUC-ROC=50.00%  Train=1.151s  RAM=43.847 MB
2026-05-19 12:34:14 | INFO | [LOCAL - ncluster=82] AUC-ROC=50.00%  Train=1.050s  RAM=43.848 MB
2026-05-19 12:34:14 | INFO | [LOCAL - ncluster=85] AUC-ROC=50.00%  Train=0.976s  RAM=43.85 MB
2026-05-19 12:34:14 | INFO | [LOCAL - ncluster=88] AUC-ROC=50.00%  Train=0.830s  RAM=43.85 MB
2026-05-19 12:34:14 | INFO | [LOCAL - ncluster=91] AUC-ROC=50.00%  Train=1.109s  RAM=43.85 MB
2026-05-19 12:34:14 | INFO | [LOCAL - ncluster=94] AUC-ROC=50.00%  Train=0.792s  RAM=43.851 MB
2026-05-19 12:34:14 | INFO | [LOCAL - ncluster=97] AUC-ROC=50.00%  Train=0.988s  RAM=43.853 MB
2026-05-19 12:34:14 | INFO | [LOCAL - ncluster=100] AUC-ROC=50.00%  Train=0.596s  RAM=43.853 MB
2026-05-19 12:34:14 | INFO | [LOCAL - ncluster=103] AUC-ROC=50.00%  Train=0.928s  RAM=43.855 MB
2026-05-19 12:34:14 | INFO | [LOCAL - ncluster=106] AUC-ROC=50.00%  Train=1.064s  RAM=43.855 MB
2026-05-19 12:34:14 | INFO | [LOCAL - ncluster=109] AUC-ROC=50.00%  Train=0.859s  RAM=43.854 MB
2026-05-19 12:34:14 | INFO | [LOCAL - ncluster=112] AUC-ROC=50.00%  Train=1.011s  RAM=43.855 MB
2026-05-19 12:34:14 | INFO | [LOCAL - ncluster=115] AUC-ROC=50.00%  Train=0.847s  RAM=43.856 MB
2026-05-19 12:34:14 | INFO | [LOCAL - ncluster=118] AUC-ROC=50.00%  Train=1.135s  RAM=43.856 MB
2026-05-19 12:34:14 | INFO | [LOCAL - ncluster=121] AUC-ROC=50.00%  Train=1.020s  RAM=43.857 MB
2026-05-19 12:34:14 | INFO | [LOCAL - ncluster=124] AUC-ROC=50.00%  Train=1.090s  RAM=43.857 MB
2026-05-19 12:34:14 | INFO | [LOCAL - ncluster=127] AUC-ROC=50.00%  Train=1.065s  RAM=43.857 MB
2026-05-19 12:34:14 | INFO | [LOCAL - ncluster=130] AUC-ROC=50.00%  Train=1.071s  RAM=43.859 MB
2026-05-19 12:34:14 | INFO | [LOCAL - ncluster=133] AUC-ROC=50.00%  Train=1.037s  RAM=43.859 MB
2026-05-19 12:34:14 | INFO | [LOCAL - ncluster=136] AUC-ROC=50.00%  Train=1.071s  RAM=43.863 MB
2026-05-19 12:34:14 | INFO | [LOCAL - ncluster=139] AUC-ROC=50.00%  Train=0.897s  RAM=43.861 MB
2026-05-19 12:34:14 | INFO | [LOCAL - ncluster=142] AUC-ROC=50.00%  Train=0.977s  RAM=43.862 MB
2026-05-19 12:34:14 | INFO | [LOCAL - ncluster=145] AUC-ROC=50.00%  Train=0.846s  RAM=43.862 MB
2026-05-19 12:34:14 | INFO | [LOCAL - ncluster=148] AUC-ROC=50.00%  Train=0.573s  RAM=43.863 MB
2026-05-19 12:34:14 | INFO | [LOCAL - ncluster=151] AUC-ROC=50.00%  Train=0.955s  RAM=43.863 MB
2026-05-19 12:34:14 | INFO | [LOCAL - ncluster=154] AUC-ROC=50.00%  Train=0.829s  RAM=43.864 MB
2026-05-19 12:34:14 | INFO | [LOCAL - ncluster=157] AUC-ROC=50.00%  Train=1.057s  RAM=43.864 MB
2026-05-19 12:34:14 | INFO | [LOCAL - ncluster=160] AUC-ROC=50.00%  Train=1.055s  RAM=43.865 MB
2026-05-19 12:34:14 | INFO | [LOCAL - ncluster=163] AUC-ROC=50.00%  Train=0.972s  RAM=43.865 MB
2026-05-19 12:34:14 | INFO | [LOCAL - ncluster=166] AUC-ROC=50.00%  Train=0.877s  RAM=43.867 MB
2026-05-19 12:34:14 | INFO | [LOCAL - ncluster=169] AUC-ROC=50.00%  Train=0.946s  RAM=43.867 MB
2026-05-19 12:34:14 | INFO | [LOCAL - ncluster=172] AUC-ROC=50.00%  Train=0.628s  RAM=43.868 MB
2026-05-19 12:34:14 | INFO | [LOCAL - ncluster=175] AUC-ROC=50.00%  Train=1.100s  RAM=43.867 MB
2026-05-19 12:34:14 | INFO | [LOCAL - ncluster=178] AUC-ROC=50.00%  Train=1.016s  RAM=43.869 MB
2026-05-19 12:34:14 | INFO | [LOCAL - ncluster=181] AUC-ROC=50.00%  Train=0.926s  RAM=43.869 MB
2026-05-19 12:34:14 | INFO | [LOCAL - ncluster=184] AUC-ROC=50.00%  Train=0.979s  RAM=43.869 MB
2026-05-19 12:34:14 | INFO | [LOCAL - ncluster=187] AUC-ROC=50.00%  Train=0.985s  RAM=43.87 MB
2026-05-19 12:34:14 | INFO | [LOCAL - ncluster=190] AUC-ROC=50.00%  Train=0.694s  RAM=43.873 MB
2026-05-19 12:34:14 | INFO | [LOCAL - ncluster=193] AUC-ROC=50.00%  Train=0.738s  RAM=43.872 MB
2026-05-19 12:34:14 | INFO | [LOCAL - ncluster=196] AUC-ROC=50.00%  Train=1.101s  RAM=43.873 MB
2026-05-19 12:34:14 | INFO | [LOCAL - ncluster=199] AUC-ROC=50.00%  Train=0.881s  RAM=43.874 MB
2026-05-19 12:34:14 | INFO | [LOCAL - ncluster=202] AUC-ROC=50.00%  Train=0.800s  RAM=43.874 MB
2026-05-19 12:34:14 | INFO | [LOCAL - ncluster=205] AUC-ROC=50.00%  Train=1.046s  RAM=43.875 MB
2026-05-19 12:34:14 | INFO | [LOCAL - ncluster=208] AUC-ROC=50.00%  Train=0.727s  RAM=43.876 MB
2026-05-19 12:34:14 | INFO | [LOCAL - ncluster=211] AUC-ROC=50.00%  Train=1.154s  RAM=43.876 MB
2026-05-19 12:34:14 | INFO | [LOCAL - ncluster=214] AUC-ROC=50.00%  Train=0.969s  RAM=43.877 MB
2026-05-19 12:34:14 | INFO | [LOCAL - ncluster=217] AUC-ROC=50.00%  Train=0.938s  RAM=43.877 MB
2026-05-19 12:34:14 | INFO | [LOCAL - ncluster=220] AUC-ROC=50.00%  Train=1.154s  RAM=43.877 MB
2026-05-19 12:34:14 | INFO | [LOCAL - ncluster=223] AUC-ROC=50.00%  Train=0.937s  RAM=43.878 MB
2026-05-19 12:34:14 | INFO | [LOCAL - ncluster=226] AUC-ROC=50.00%  Train=0.934s  RAM=43.881 MB
2026-05-19 12:34:14 | INFO | [LOCAL - ncluster=229] AUC-ROC=50.00%  Train=0.837s  RAM=43.883 MB
2026-05-19 12:34:14 | INFO | [LOCAL - ncluster=232] AUC-ROC=50.00%  Train=0.874s  RAM=43.884 MB
2026-05-19 12:34:14 | INFO | [LOCAL - ncluster=235] AUC-ROC=50.00%  Train=0.512s  RAM=43.881 MB
2026-05-19 12:34:14 | INFO | [LOCAL - ncluster=238] AUC-ROC=50.00%  Train=0.664s  RAM=43.887 MB
2026-05-19 12:34:14 | INFO | [LOCAL - ncluster=241] AUC-ROC=50.00%  Train=0.690s  RAM=43.882 MB
2026-05-19 12:34:14 | INFO | [LOCAL - ncluster=244] AUC-ROC=50.00%  Train=0.782s  RAM=43.885 MB
2026-05-19 12:34:14 | INFO | [LOCAL - ncluster=247] AUC-ROC=50.00%  Train=0.844s  RAM=43.886 MB
2026-05-19 12:34:14 | INFO | [LOCAL - ncluster=250] AUC-ROC=50.00%  Train=0.537s  RAM=43.887 MB
2026-05-19 12:34:14 | INFO | [LOCAL - ncluster=253] AUC-ROC=50.00%  Train=0.578s  RAM=43.888 MB
2026-05-19 12:34:14 | INFO | [LOCAL - ncluster=256] AUC-ROC=50.00%  Train=0.708s  RAM=43.889 MB
2026-05-19 12:34:14 | INFO | [LOCAL - ncluster=259] AUC-ROC=50.00%  Train=1.174s  RAM=43.889 MB
2026-05-19 12:34:14 | INFO | [LOCAL - ncluster=262] AUC-ROC=50.00%  Train=1.098s  RAM=43.887 MB
2026-05-19 12:34:14 | INFO | [LOCAL - ncluster=265] AUC-ROC=50.00%  Train=1.059s  RAM=43.887 MB
2026-05-19 12:34:14 | INFO | [LOCAL - ncluster=268] AUC-ROC=50.00%  Train=1.085s  RAM=43.889 MB
2026-05-19 12:34:14 | INFO | [LOCAL - ncluster=271] AUC-ROC=50.00%  Train=1.027s  RAM=43.889 MB
2026-05-19 12:34:14 | INFO | [LOCAL - ncluster=274] AUC-ROC=50.00%  Train=1.286s  RAM=43.892 MB
2026-05-19 12:34:14 | INFO | [LOCAL - ncluster=277] AUC-ROC=50.00%  Train=1.185s  RAM=43.89 MB
2026-05-19 12:34:14 | INFO | [LOCAL - ncluster=280] AUC-ROC=50.00%  Train=0.885s  RAM=43.891 MB
2026-05-19 12:34:14 | INFO | [LOCAL - ncluster=283] AUC-ROC=50.00%  Train=0.685s  RAM=43.892 MB
2026-05-19 12:34:14 | INFO | [LOCAL - ncluster=286] AUC-ROC=50.00%  Train=0.943s  RAM=43.892 MB
2026-05-19 12:34:14 | INFO | [LOCAL - ncluster=289] AUC-ROC=50.00%  Train=0.831s  RAM=43.893 MB
2026-05-19 12:34:14 | INFO | [LOCAL - ncluster=292] AUC-ROC=50.00%  Train=0.831s  RAM=43.893 MB
2026-05-19 12:34:14 | INFO | [LOCAL - ncluster=295] AUC-ROC=50.00%  Train=0.658s  RAM=43.893 MB
2026-05-19 12:34:14 | INFO | [LOCAL - ncluster=298] AUC-ROC=50.00%  Train=0.642s  RAM=43.894 MB
2026-05-19 12:34:14 | INFO | ============================================================
2026-05-19 12:34:14 | INFO | Dataset      : Train_local_QuantileTransformer_data_EdgeIIoTset.csv
2026-05-19 12:34:14 | INFO | Anomaly Mode : LOCAL
2026-05-19 12:34:14 | INFO | Scaler       : QuantileTransformer
2026-05-19 12:34:14 | INFO | nClusters    : 100 values
2026-05-19 12:34:14 | INFO | ============================================================
2026-05-19 12:34:16 | INFO | Loaded Shape -> Train: (30000, 53), Test: (30000, 53)
2026-05-19 12:34:16 | INFO | Parallel execution on 12 cores for 100 clusters...
2026-05-19 12:44:06 | INFO | [LOCAL - ncluster=1] AUC-ROC=100.00%  Train=1.108s  RAM=43.829 MB
2026-05-19 12:44:06 | INFO | [LOCAL - ncluster=4] AUC-ROC=100.00%  Train=1.008s  RAM=43.832 MB
2026-05-19 12:44:06 | INFO | [LOCAL - ncluster=7] AUC-ROC=100.00%  Train=1.102s  RAM=43.833 MB
2026-05-19 12:44:06 | INFO | [LOCAL - ncluster=10] AUC-ROC=50.00%  Train=1.049s  RAM=43.833 MB
2026-05-19 12:44:06 | INFO | [LOCAL - ncluster=13] AUC-ROC=50.00%  Train=0.991s  RAM=43.834 MB
2026-05-19 12:44:06 | INFO | [LOCAL - ncluster=16] AUC-ROC=50.00%  Train=0.810s  RAM=43.835 MB
2026-05-19 12:44:06 | INFO | [LOCAL - ncluster=19] AUC-ROC=50.00%  Train=0.962s  RAM=43.836 MB
2026-05-19 12:44:06 | INFO | [LOCAL - ncluster=22] AUC-ROC=50.00%  Train=0.806s  RAM=43.835 MB
2026-05-19 12:44:06 | INFO | [LOCAL - ncluster=25] AUC-ROC=50.00%  Train=0.853s  RAM=43.836 MB
2026-05-19 12:44:06 | INFO | [LOCAL - ncluster=28] AUC-ROC=50.00%  Train=0.820s  RAM=43.837 MB
2026-05-19 12:44:06 | INFO | [LOCAL - ncluster=31] AUC-ROC=50.00%  Train=0.931s  RAM=43.837 MB
2026-05-19 12:44:06 | INFO | [LOCAL - ncluster=34] AUC-ROC=50.00%  Train=1.040s  RAM=43.838 MB
2026-05-19 12:44:06 | INFO | [LOCAL - ncluster=37] AUC-ROC=50.00%  Train=0.924s  RAM=43.838 MB
2026-05-19 12:44:06 | INFO | [LOCAL - ncluster=40] AUC-ROC=50.00%  Train=0.892s  RAM=43.84 MB
2026-05-19 12:44:06 | INFO | [LOCAL - ncluster=43] AUC-ROC=50.00%  Train=0.796s  RAM=43.84 MB
2026-05-19 12:44:06 | INFO | [LOCAL - ncluster=46] AUC-ROC=50.00%  Train=1.146s  RAM=43.84 MB
2026-05-19 12:44:06 | INFO | [LOCAL - ncluster=49] AUC-ROC=50.00%  Train=1.045s  RAM=43.842 MB
2026-05-19 12:44:06 | INFO | [LOCAL - ncluster=52] AUC-ROC=50.00%  Train=1.039s  RAM=43.841 MB
2026-05-19 12:44:06 | INFO | [LOCAL - ncluster=55] AUC-ROC=50.00%  Train=0.651s  RAM=43.843 MB
2026-05-19 12:44:06 | INFO | [LOCAL - ncluster=58] AUC-ROC=50.00%  Train=0.967s  RAM=43.844 MB
2026-05-19 12:44:06 | INFO | [LOCAL - ncluster=61] AUC-ROC=50.00%  Train=0.817s  RAM=43.842 MB
2026-05-19 12:44:06 | INFO | [LOCAL - ncluster=64] AUC-ROC=50.00%  Train=0.855s  RAM=43.846 MB
2026-05-19 12:44:06 | INFO | [LOCAL - ncluster=67] AUC-ROC=50.00%  Train=0.935s  RAM=43.845 MB
2026-05-19 12:44:06 | INFO | [LOCAL - ncluster=70] AUC-ROC=50.00%  Train=0.992s  RAM=43.846 MB
2026-05-19 12:44:06 | INFO | [LOCAL - ncluster=73] AUC-ROC=50.00%  Train=0.975s  RAM=43.846 MB
2026-05-19 12:44:06 | INFO | [LOCAL - ncluster=76] AUC-ROC=50.00%  Train=0.912s  RAM=43.848 MB
2026-05-19 12:44:06 | INFO | [LOCAL - ncluster=79] AUC-ROC=50.00%  Train=1.153s  RAM=43.848 MB
2026-05-19 12:44:06 | INFO | [LOCAL - ncluster=82] AUC-ROC=50.00%  Train=0.823s  RAM=43.848 MB
2026-05-19 12:44:06 | INFO | [LOCAL - ncluster=85] AUC-ROC=50.00%  Train=0.783s  RAM=43.85 MB
2026-05-19 12:44:06 | INFO | [LOCAL - ncluster=88] AUC-ROC=50.00%  Train=0.993s  RAM=43.85 MB
2026-05-19 12:44:06 | INFO | [LOCAL - ncluster=91] AUC-ROC=50.00%  Train=0.911s  RAM=43.851 MB
2026-05-19 12:44:06 | INFO | [LOCAL - ncluster=94] AUC-ROC=50.00%  Train=0.901s  RAM=43.851 MB
2026-05-19 12:44:06 | INFO | [LOCAL - ncluster=97] AUC-ROC=50.00%  Train=0.756s  RAM=43.852 MB
2026-05-19 12:44:06 | INFO | [LOCAL - ncluster=100] AUC-ROC=50.00%  Train=0.846s  RAM=43.852 MB
2026-05-19 12:44:06 | INFO | [LOCAL - ncluster=103] AUC-ROC=50.00%  Train=0.998s  RAM=43.852 MB
2026-05-19 12:44:06 | INFO | [LOCAL - ncluster=106] AUC-ROC=50.00%  Train=0.776s  RAM=43.854 MB
2026-05-19 12:44:06 | INFO | [LOCAL - ncluster=109] AUC-ROC=50.00%  Train=1.136s  RAM=43.854 MB
2026-05-19 12:44:06 | INFO | [LOCAL - ncluster=112] AUC-ROC=50.00%  Train=1.041s  RAM=43.855 MB
2026-05-19 12:44:06 | INFO | [LOCAL - ncluster=115] AUC-ROC=50.00%  Train=1.274s  RAM=43.856 MB
2026-05-19 12:44:06 | INFO | [LOCAL - ncluster=118] AUC-ROC=50.00%  Train=0.936s  RAM=43.856 MB
2026-05-19 12:44:06 | INFO | [LOCAL - ncluster=121] AUC-ROC=50.00%  Train=0.832s  RAM=43.857 MB
2026-05-19 12:44:06 | INFO | [LOCAL - ncluster=124] AUC-ROC=50.00%  Train=0.957s  RAM=43.859 MB
2026-05-19 12:44:06 | INFO | [LOCAL - ncluster=127] AUC-ROC=50.00%  Train=0.913s  RAM=43.858 MB
2026-05-19 12:44:06 | INFO | [LOCAL - ncluster=130] AUC-ROC=50.00%  Train=1.037s  RAM=43.858 MB
2026-05-19 12:44:06 | INFO | [LOCAL - ncluster=133] AUC-ROC=50.00%  Train=1.068s  RAM=43.86 MB
2026-05-19 12:44:06 | INFO | [LOCAL - ncluster=136] AUC-ROC=50.00%  Train=0.901s  RAM=43.86 MB
2026-05-19 12:44:06 | INFO | [LOCAL - ncluster=139] AUC-ROC=50.00%  Train=0.885s  RAM=43.86 MB
2026-05-19 12:44:06 | INFO | [LOCAL - ncluster=142] AUC-ROC=50.00%  Train=0.809s  RAM=43.862 MB
2026-05-19 12:44:06 | INFO | [LOCAL - ncluster=145] AUC-ROC=50.00%  Train=1.016s  RAM=43.861 MB
2026-05-19 12:44:06 | INFO | [LOCAL - ncluster=148] AUC-ROC=50.00%  Train=1.020s  RAM=43.864 MB
2026-05-19 12:44:06 | INFO | [LOCAL - ncluster=151] AUC-ROC=50.00%  Train=0.883s  RAM=43.862 MB
2026-05-19 12:44:06 | INFO | [LOCAL - ncluster=154] AUC-ROC=50.00%  Train=0.968s  RAM=43.864 MB
2026-05-19 12:44:06 | INFO | [LOCAL - ncluster=157] AUC-ROC=50.00%  Train=0.905s  RAM=43.865 MB
2026-05-19 12:44:06 | INFO | [LOCAL - ncluster=160] AUC-ROC=50.00%  Train=0.745s  RAM=43.865 MB
2026-05-19 12:44:06 | INFO | [LOCAL - ncluster=163] AUC-ROC=50.00%  Train=0.787s  RAM=43.867 MB
2026-05-19 12:44:06 | INFO | [LOCAL - ncluster=166] AUC-ROC=50.00%  Train=0.840s  RAM=43.866 MB
2026-05-19 12:44:06 | INFO | [LOCAL - ncluster=169] AUC-ROC=50.00%  Train=0.763s  RAM=43.868 MB
2026-05-19 12:44:06 | INFO | [LOCAL - ncluster=172] AUC-ROC=50.00%  Train=0.896s  RAM=43.867 MB
2026-05-19 12:44:06 | INFO | [LOCAL - ncluster=175] AUC-ROC=50.00%  Train=0.635s  RAM=43.868 MB
2026-05-19 12:44:06 | INFO | [LOCAL - ncluster=178] AUC-ROC=50.00%  Train=0.635s  RAM=43.871 MB
2026-05-19 12:44:06 | INFO | [LOCAL - ncluster=181] AUC-ROC=50.00%  Train=0.543s  RAM=43.869 MB
2026-05-19 12:44:06 | INFO | [LOCAL - ncluster=184] AUC-ROC=50.00%  Train=0.674s  RAM=43.871 MB
2026-05-19 12:44:06 | INFO | [LOCAL - ncluster=187] AUC-ROC=50.00%  Train=0.531s  RAM=43.872 MB
2026-05-19 12:44:06 | INFO | [LOCAL - ncluster=190] AUC-ROC=50.00%  Train=0.471s  RAM=43.871 MB
2026-05-19 12:44:06 | INFO | [LOCAL - ncluster=193] AUC-ROC=50.00%  Train=0.522s  RAM=43.873 MB
2026-05-19 12:44:06 | INFO | [LOCAL - ncluster=196] AUC-ROC=50.00%  Train=0.540s  RAM=43.874 MB
2026-05-19 12:44:06 | INFO | [LOCAL - ncluster=199] AUC-ROC=50.00%  Train=0.613s  RAM=43.873 MB
2026-05-19 12:44:06 | INFO | [LOCAL - ncluster=202] AUC-ROC=50.00%  Train=0.857s  RAM=43.877 MB
2026-05-19 12:44:06 | INFO | [LOCAL - ncluster=205] AUC-ROC=50.00%  Train=1.043s  RAM=43.875 MB
2026-05-19 12:44:06 | INFO | [LOCAL - ncluster=208] AUC-ROC=50.00%  Train=1.061s  RAM=43.877 MB
2026-05-19 12:44:06 | INFO | [LOCAL - ncluster=211] AUC-ROC=50.00%  Train=1.206s  RAM=43.876 MB
2026-05-19 12:44:06 | INFO | [LOCAL - ncluster=214] AUC-ROC=50.00%  Train=1.080s  RAM=43.876 MB
2026-05-19 12:44:06 | INFO | [LOCAL - ncluster=217] AUC-ROC=50.00%  Train=1.005s  RAM=43.877 MB
2026-05-19 12:44:06 | INFO | [LOCAL - ncluster=220] AUC-ROC=50.00%  Train=1.041s  RAM=43.877 MB
2026-05-19 12:44:06 | INFO | [LOCAL - ncluster=223] AUC-ROC=50.00%  Train=0.797s  RAM=43.879 MB
2026-05-19 12:44:06 | INFO | [LOCAL - ncluster=226] AUC-ROC=50.00%  Train=0.918s  RAM=43.879 MB
2026-05-19 12:44:06 | INFO | [LOCAL - ncluster=229] AUC-ROC=50.00%  Train=1.047s  RAM=43.879 MB
2026-05-19 12:44:06 | INFO | [LOCAL - ncluster=232] AUC-ROC=50.00%  Train=0.908s  RAM=43.881 MB
2026-05-19 12:44:06 | INFO | [LOCAL - ncluster=235] AUC-ROC=50.00%  Train=1.000s  RAM=43.881 MB
2026-05-19 12:44:06 | INFO | [LOCAL - ncluster=238] AUC-ROC=50.00%  Train=1.031s  RAM=43.881 MB
2026-05-19 12:44:06 | INFO | [LOCAL - ncluster=241] AUC-ROC=50.00%  Train=0.856s  RAM=43.882 MB
2026-05-19 12:44:06 | INFO | [LOCAL - ncluster=244] AUC-ROC=50.00%  Train=0.910s  RAM=43.883 MB
2026-05-19 12:44:06 | INFO | [LOCAL - ncluster=247] AUC-ROC=50.00%  Train=1.110s  RAM=43.883 MB
2026-05-19 12:44:06 | INFO | [LOCAL - ncluster=250] AUC-ROC=50.00%  Train=1.040s  RAM=43.884 MB
2026-05-19 12:44:06 | INFO | [LOCAL - ncluster=253] AUC-ROC=50.00%  Train=0.410s  RAM=43.885 MB
2026-05-19 12:44:06 | INFO | [LOCAL - ncluster=256] AUC-ROC=50.00%  Train=1.089s  RAM=43.885 MB
2026-05-19 12:44:06 | INFO | [LOCAL - ncluster=259] AUC-ROC=50.00%  Train=1.099s  RAM=43.887 MB
2026-05-19 12:44:06 | INFO | [LOCAL - ncluster=262] AUC-ROC=50.00%  Train=1.226s  RAM=43.886 MB
2026-05-19 12:44:06 | INFO | [LOCAL - ncluster=265] AUC-ROC=50.00%  Train=0.631s  RAM=43.888 MB
2026-05-19 12:44:06 | INFO | [LOCAL - ncluster=268] AUC-ROC=50.00%  Train=0.974s  RAM=43.889 MB
2026-05-19 12:44:06 | INFO | [LOCAL - ncluster=271] AUC-ROC=50.00%  Train=0.836s  RAM=43.889 MB
2026-05-19 12:44:06 | INFO | [LOCAL - ncluster=274] AUC-ROC=50.00%  Train=0.876s  RAM=43.889 MB
2026-05-19 12:44:06 | INFO | [LOCAL - ncluster=277] AUC-ROC=50.00%  Train=0.839s  RAM=43.89 MB
2026-05-19 12:44:06 | INFO | [LOCAL - ncluster=280] AUC-ROC=50.00%  Train=0.732s  RAM=43.891 MB
2026-05-19 12:44:06 | INFO | [LOCAL - ncluster=283] AUC-ROC=50.00%  Train=0.759s  RAM=43.89 MB
2026-05-19 12:44:06 | INFO | [LOCAL - ncluster=286] AUC-ROC=50.00%  Train=0.893s  RAM=43.891 MB
2026-05-19 12:44:06 | INFO | [LOCAL - ncluster=289] AUC-ROC=50.00%  Train=0.749s  RAM=43.892 MB
2026-05-19 12:44:06 | INFO | [LOCAL - ncluster=292] AUC-ROC=50.00%  Train=0.430s  RAM=43.894 MB
2026-05-19 12:44:06 | INFO | [LOCAL - ncluster=295] AUC-ROC=50.00%  Train=0.518s  RAM=43.893 MB
2026-05-19 12:44:06 | INFO | [LOCAL - ncluster=298] AUC-ROC=50.00%  Train=0.607s  RAM=43.893 MB
2026-05-19 12:44:06 | INFO | ============================================================
2026-05-19 12:44:06 | INFO | Dataset      : Train_local_RobustScaler_data_EdgeIIoTset.csv
2026-05-19 12:44:06 | INFO | Anomaly Mode : LOCAL
2026-05-19 12:44:06 | INFO | Scaler       : RobustScaler
2026-05-19 12:44:06 | INFO | nClusters    : 100 values
2026-05-19 12:44:06 | INFO | ============================================================
2026-05-19 12:44:08 | INFO | Loaded Shape -> Train: (30000, 53), Test: (30000, 53)
2026-05-19 12:44:08 | INFO | Parallel execution on 12 cores for 100 clusters...
