2026-06-01 10:34:34 | INFO | ============================================================
2026-06-01 10:34:34 | INFO | FAST BASELINE EXPERIMENT (Parallel=False)
2026-06-01 10:34:34 | INFO | ============================================================
2026-06-01 10:34:34 | INFO | 
Processing Dataset: data_EdgeIIoTset.csv | Scaler: StandardScaler
2026-06-01 10:34:39 | INFO | --- Noise: 0% ---
2026-06-01 10:34:39 | INFO | Running 20 models SEQUENTIALLY (Stability Mode)...
2026-06-01 11:39:36 | INFO |   CBLOF: AUCROC=99.90433494970696%  Train=46.31398606300354s
2026-06-01 11:39:36 | INFO |   KNN: AUCROC=99.904397021188%  Train=3.4788334369659424s
2026-06-01 11:39:36 | INFO |   LOF: AUCROC=99.9232054860742%  Train=2.2709414958953857s
2026-06-01 11:39:36 | INFO |   HBOS: AUCROC=100.0%  Train=57.47313737869263s
2026-06-01 11:39:36 | INFO |   IForest: AUCROC=93.20648115258324%  Train=9.68550419807434s
2026-06-01 11:39:36 | INFO |   PCA: AUCROC=99.90423257206936%  Train=0.628809928894043s
2026-06-01 11:39:36 | INFO |   OCSVM: AUCROC=99.99625233356522%  Train=354.41538763046265s
2026-06-01 11:39:36 | ERROR | Error with AutoEncoder on data_EdgeIIoTset.csv: AutoEncoder.__init__() got an unexpected keyword argument 'epochs'
2026-06-01 11:39:36 | INFO |   DIF: AUCROC=99.88080179715156%  Train=28.011691093444824s
2026-06-01 11:39:36 | INFO |   NeuTraLAD: AUCROC=99.99894075420623%  Train=345.7817556858063s
2026-06-01 11:39:36 | INFO |   DASVDD: AUCROC=99.904532449874%  Train=261.39243745803833s
2026-06-01 11:39:36 | INFO |   LODA: AUCROC=99.97965909504231%  Train=5.751487731933594s
2026-06-01 11:39:36 | INFO |   COPOD: AUCROC=99.69416172094003%  Train=4.139835357666016s
2026-06-01 11:39:36 | INFO |   ECOD: AUCROC=99.68164907770486%  Train=2.3767991065979004s
2026-06-01 11:39:36 | ERROR | Error with VAE on data_EdgeIIoTset.csv: VAE.__init__() got an unexpected keyword argument 'epochs'
2026-06-01 11:39:36 | ERROR | Error with DeepSVDD on data_EdgeIIoTset.csv: DeepSVDD.__init__() got an unexpected keyword argument 'device'
2026-06-01 11:39:36 | ERROR | Error with LUNAR on data_EdgeIIoTset.csv: LUNAR.__init__() got an unexpected keyword argument 'n_neighbors'
2026-06-01 11:39:36 | ERROR | Error with AE1SVM on data_EdgeIIoTset.csv: AE1SVM.__init__() got an unexpected keyword argument 'device'
2026-06-01 11:39:36 | INFO |   DevNet: AUCROC=33.456608906977%  Train=1642.457130908966s
2026-06-01 11:39:36 | INFO |   ALAD: AUCROC=63.65172020872012%  Train=8.03974986076355s
2026-06-01 11:39:36 | INFO | --- Noise: 1% ---
2026-06-01 11:39:36 | INFO | Running 20 models SEQUENTIALLY (Stability Mode)...
2026-06-01 12:49:17 | INFO |   CBLOF: AUCROC=99.90431157213617%  Train=6.8544957637786865s
2026-06-01 12:49:17 | INFO |   KNN: AUCROC=99.89144262247719%  Train=1.552903652191162s
2026-06-01 12:49:17 | INFO |   LOF: AUCROC=55.337502473185765%  Train=0.4078025817871094s
2026-06-01 12:49:17 | INFO |   HBOS: AUCROC=100.0%  Train=0.055747032165527344s
2026-06-01 12:49:17 | INFO |   IForest: AUCROC=99.98254904646598%  Train=4.741052150726318s
2026-06-01 12:49:17 | INFO |   PCA: AUCROC=99.93080400270445%  Train=0.5052015781402588s
2026-06-01 12:49:17 | INFO |   OCSVM: AUCROC=99.90453728661278%  Train=414.4145255088806s
2026-06-01 12:49:17 | ERROR | Error with AutoEncoder on data_EdgeIIoTset.csv: AutoEncoder.__init__() got an unexpected keyword argument 'epochs'
2026-06-01 12:49:17 | INFO |   DIF: AUCROC=99.86513237573644%  Train=21.287196159362793s
2026-06-01 12:49:17 | INFO |   NeuTraLAD: AUCROC=99.85901551342047%  Train=399.30456161499023s
2026-06-01 12:49:17 | INFO |   DASVDD: AUCROC=99.90388432687688%  Train=260.3136339187622s
2026-06-01 12:49:17 | INFO |   LODA: AUCROC=94.14302049564834%  Train=6.2841575145721436s
2026-06-01 12:49:17 | INFO |   COPOD: AUCROC=99.65703491403116%  Train=3.013105630874634s
2026-06-01 12:49:17 | INFO |   ECOD: AUCROC=99.64888017244068%  Train=2.7030274868011475s
2026-06-01 12:49:17 | ERROR | Error with VAE on data_EdgeIIoTset.csv: VAE.__init__() got an unexpected keyword argument 'epochs'
2026-06-01 12:49:17 | ERROR | Error with DeepSVDD on data_EdgeIIoTset.csv: DeepSVDD.__init__() got an unexpected keyword argument 'device'
2026-06-01 12:49:17 | ERROR | Error with LUNAR on data_EdgeIIoTset.csv: LUNAR.__init__() got an unexpected keyword argument 'n_neighbors'
2026-06-01 12:49:17 | ERROR | Error with AE1SVM on data_EdgeIIoTset.csv: AE1SVM.__init__() got an unexpected keyword argument 'device'
2026-06-01 12:49:17 | INFO |   DevNet: AUCROC=0.18376705337360613%  Train=1881.2984693050385s
2026-06-01 12:49:17 | INFO |   ALAD: AUCROC=61.08034219733429%  Train=15.297876596450806s
2026-06-01 12:49:17 | INFO | --- Noise: 3% ---
2026-06-01 12:49:18 | INFO | Running 20 models SEQUENTIALLY (Stability Mode)...
2026-06-01 14:01:32 | INFO |   CBLOF: AUCROC=99.90415357200253%  Train=11.324032306671143s
2026-06-01 14:01:32 | INFO |   KNN: AUCROC=99.85321303912548%  Train=3.070685863494873s
2026-06-01 14:01:32 | INFO |   LOF: AUCROC=59.30189188715103%  Train=2.2412612438201904s
2026-06-01 14:01:32 | INFO |   HBOS: AUCROC=99.99999999999999%  Train=1.3041186332702637s
2026-06-01 14:01:32 | INFO |   IForest: AUCROC=99.98565423276553%  Train=7.584123134613037s
2026-06-01 14:01:32 | INFO |   PCA: AUCROC=99.60260709249056%  Train=0.4183979034423828s
2026-06-01 14:01:32 | INFO |   OCSVM: AUCROC=99.89810764852207%  Train=433.5401306152344s
2026-06-01 14:01:32 | ERROR | Error with AutoEncoder on data_EdgeIIoTset.csv: AutoEncoder.__init__() got an unexpected keyword argument 'epochs'
2026-06-01 14:01:32 | INFO |   DIF: AUCROC=99.46760403954104%  Train=31.34886074066162s
2026-06-01 14:01:32 | INFO |   NeuTraLAD: AUCROC=99.84748472815849%  Train=288.662650346756s
2026-06-01 14:01:32 | INFO |   DASVDD: AUCROC=99.903971388175%  Train=351.7079916000366s
2026-06-01 14:01:32 | INFO |   LODA: AUCROC=86.77653512284931%  Train=4.239550590515137s
2026-06-01 14:01:32 | INFO |   COPOD: AUCROC=99.55953754586196%  Train=1.0968639850616455s
2026-06-01 14:01:32 | INFO |   ECOD: AUCROC=99.57574868202092%  Train=0.9101190567016602s
2026-06-01 14:01:32 | ERROR | Error with VAE on data_EdgeIIoTset.csv: VAE.__init__() got an unexpected keyword argument 'epochs'
2026-06-01 14:01:32 | ERROR | Error with DeepSVDD on data_EdgeIIoTset.csv: DeepSVDD.__init__() got an unexpected keyword argument 'device'
2026-06-01 14:01:32 | ERROR | Error with LUNAR on data_EdgeIIoTset.csv: LUNAR.__init__() got an unexpected keyword argument 'n_neighbors'
2026-06-01 14:01:32 | ERROR | Error with AE1SVM on data_EdgeIIoTset.csv: AE1SVM.__init__() got an unexpected keyword argument 'device'
2026-06-01 14:01:32 | INFO |   DevNet: AUCROC=0.07454704263733566%  Train=1956.0245480537415s
2026-06-01 14:01:32 | INFO |   ALAD: AUCROC=72.85717316737257%  Train=12.105305194854736s
2026-06-01 14:01:32 | INFO | --- Noise: 5% ---
2026-06-01 14:01:33 | INFO | Running 20 models SEQUENTIALLY (Stability Mode)...
2026-06-01 15:24:53 | INFO |   CBLOF: AUCROC=99.90415679649506%  Train=6.447995185852051s
2026-06-01 15:24:53 | INFO |   KNN: AUCROC=99.18582692368709%  Train=3.8600902557373047s
2026-06-01 15:24:53 | INFO |   LOF: AUCROC=60.542924089770914%  Train=2.2043373584747314s
2026-06-01 15:24:53 | INFO |   HBOS: AUCROC=100.0%  Train=0.934790849685669s
2026-06-01 15:24:53 | INFO |   IForest: AUCROC=99.9248451405221%  Train=6.677660226821899s
2026-06-01 15:24:53 | INFO |   PCA: AUCROC=98.90895748545303%  Train=0.7150959968566895s
2026-06-01 15:24:53 | INFO |   OCSVM: AUCROC=99.89735714788736%  Train=602.2367749214172s
2026-06-01 15:24:53 | ERROR | Error with AutoEncoder on data_EdgeIIoTset.csv: AutoEncoder.__init__() got an unexpected keyword argument 'epochs'
2026-06-01 15:24:53 | INFO |   DIF: AUCROC=98.23987206245506%  Train=17.91893768310547s
2026-06-01 15:24:53 | INFO |   NeuTraLAD: AUCROC=97.94268590295722%  Train=415.3497700691223s
2026-06-01 15:24:53 | INFO |   DASVDD: AUCROC=99.90398428614508%  Train=291.80880856513977s
2026-06-01 15:24:53 | INFO |   LODA: AUCROC=88.78964868251104%  Train=6.041314601898193s
2026-06-01 15:24:53 | INFO |   COPOD: AUCROC=99.45244892468334%  Train=1.952732801437378s
2026-06-01 15:24:53 | INFO |   ECOD: AUCROC=99.48523234016385%  Train=4.450052261352539s
2026-06-01 15:24:53 | ERROR | Error with VAE on data_EdgeIIoTset.csv: VAE.__init__() got an unexpected keyword argument 'epochs'
2026-06-01 15:24:53 | ERROR | Error with DeepSVDD on data_EdgeIIoTset.csv: DeepSVDD.__init__() got an unexpected keyword argument 'device'
2026-06-01 15:24:53 | ERROR | Error with LUNAR on data_EdgeIIoTset.csv: LUNAR.__init__() got an unexpected keyword argument 'n_neighbors'
2026-06-01 15:24:53 | ERROR | Error with AE1SVM on data_EdgeIIoTset.csv: AE1SVM.__init__() got an unexpected keyword argument 'device'
2026-06-01 15:24:53 | INFO |   DevNet: AUCROC=0.07769575958596485%  Train=2083.4619224071503s
2026-06-01 15:24:53 | INFO |   ALAD: AUCROC=61.3419501124574%  Train=12.226913928985596s
2026-06-01 15:24:53 | INFO | 
Processing Dataset: data_EdgeIIoTset.csv | Scaler: MinMaxScaler
2026-06-01 15:24:55 | INFO | --- Noise: 0% ---
2026-06-01 15:24:55 | INFO | Running 20 models SEQUENTIALLY (Stability Mode)...
2026-06-01 15:44:33 | INFO |   CBLOF: AUCROC=99.93931424459555%  Train=8.429640293121338s
2026-06-01 15:44:33 | INFO |   KNN: AUCROC=99.97057328123586%  Train=2.3698649406433105s
2026-06-01 15:44:33 | INFO |   LOF: AUCROC=99.73767221692117%  Train=1.710545539855957s
2026-06-01 15:44:33 | INFO |   HBOS: AUCROC=100.0%  Train=0.2538321018218994s
2026-06-01 15:44:33 | INFO |   IForest: AUCROC=92.2592929229612%  Train=6.758946418762207s
2026-06-01 15:44:33 | INFO |   PCA: AUCROC=99.90423257206936%  Train=0.5964140892028809s
2026-06-01 15:44:33 | INFO |   OCSVM: AUCROC=98.85427976574191%  Train=463.2789216041565s
2026-06-01 15:44:33 | ERROR | Error with AutoEncoder on data_EdgeIIoTset.csv: AutoEncoder.__init__() got an unexpected keyword argument 'epochs'
2026-06-01 15:44:33 | INFO |   DIF: AUCROC=99.90052763016051%  Train=15.461731672286987s
2026-06-01 15:44:33 | INFO |   NeuTraLAD: AUCROC=99.98148657617966%  Train=118.92405390739441s
2026-06-01 15:44:33 | INFO |   DASVDD: AUCROC=94.88315599914255%  Train=58.36031174659729s
2026-06-01 15:44:33 | INFO |   LODA: AUCROC=99.91120714939643%  Train=2.3084380626678467s
2026-06-01 15:44:33 | INFO |   COPOD: AUCROC=99.69416172094003%  Train=0.1391746997833252s
2026-06-01 15:44:33 | INFO |   ECOD: AUCROC=99.68164907770486%  Train=0.13391923904418945s
2026-06-01 15:44:33 | ERROR | Error with VAE on data_EdgeIIoTset.csv: VAE.__init__() got an unexpected keyword argument 'epochs'
2026-06-01 15:44:33 | ERROR | Error with DeepSVDD on data_EdgeIIoTset.csv: DeepSVDD.__init__() got an unexpected keyword argument 'device'
2026-06-01 15:44:33 | ERROR | Error with LUNAR on data_EdgeIIoTset.csv: LUNAR.__init__() got an unexpected keyword argument 'n_neighbors'
2026-06-01 15:44:33 | ERROR | Error with AE1SVM on data_EdgeIIoTset.csv: AE1SVM.__init__() got an unexpected keyword argument 'device'
2026-06-01 15:44:33 | INFO |   DevNet: AUCROC=32.87983667429452%  Train=14.635998725891113s
2026-06-01 15:44:33 | INFO |   ALAD: AUCROC=51.977373284537734%  Train=1.2962837219238281s
2026-06-01 15:44:33 | INFO | --- Noise: 1% ---
2026-06-01 15:44:34 | INFO | Running 20 models SEQUENTIALLY (Stability Mode)...
2026-06-01 15:53:50 | INFO |   CBLOF: AUCROC=99.93616955826258%  Train=0.2131061553955078s
2026-06-01 15:53:50 | INFO |   KNN: AUCROC=99.89067358101046%  Train=0.4996521472930908s
2026-06-01 15:53:50 | INFO |   LOF: AUCROC=51.91749848900281%  Train=0.45212745666503906s
2026-06-01 15:53:50 | INFO |   HBOS: AUCROC=100.0%  Train=0.04240059852600098s
2026-06-01 15:53:50 | INFO |   IForest: AUCROC=99.98254904646598%  Train=0.6298391819000244s
2026-06-01 15:53:50 | INFO |   PCA: AUCROC=99.93080400270445%  Train=0.02431464195251465s
2026-06-01 15:53:50 | INFO |   OCSVM: AUCROC=97.19107684894335%  Train=8.047718048095703s
2026-06-01 15:53:50 | ERROR | Error with AutoEncoder on data_EdgeIIoTset.csv: AutoEncoder.__init__() got an unexpected keyword argument 'epochs'
2026-06-01 15:53:50 | INFO |   DIF: AUCROC=99.9039794494063%  Train=4.1905646324157715s
2026-06-01 15:53:50 | INFO |   NeuTraLAD: AUCROC=99.87512185357244%  Train=120.05834603309631s
2026-06-01 15:53:50 | INFO |   DASVDD: AUCROC=99.94209778776597%  Train=58.62049984931946s
2026-06-01 15:53:50 | INFO |   LODA: AUCROC=83.33058122896502%  Train=2.5679240226745605s
2026-06-01 15:53:50 | INFO |   COPOD: AUCROC=99.65703491403116%  Train=0.1534719467163086s
2026-06-01 15:53:50 | INFO |   ECOD: AUCROC=99.64888017244068%  Train=0.13259434700012207s
2026-06-01 15:53:50 | ERROR | Error with VAE on data_EdgeIIoTset.csv: VAE.__init__() got an unexpected keyword argument 'epochs'
2026-06-01 15:53:50 | ERROR | Error with DeepSVDD on data_EdgeIIoTset.csv: DeepSVDD.__init__() got an unexpected keyword argument 'device'
2026-06-01 15:53:50 | ERROR | Error with LUNAR on data_EdgeIIoTset.csv: LUNAR.__init__() got an unexpected keyword argument 'n_neighbors'
2026-06-01 15:53:50 | ERROR | Error with AE1SVM on data_EdgeIIoTset.csv: AE1SVM.__init__() got an unexpected keyword argument 'device'
2026-06-01 15:53:50 | INFO |   DevNet: AUCROC=27.067955728491537%  Train=15.139790534973145s
2026-06-01 15:53:50 | INFO |   ALAD: AUCROC=53.13059368840414%  Train=1.3012559413909912s
2026-06-01 15:53:50 | INFO | --- Noise: 3% ---
2026-06-01 15:53:50 | INFO | Running 20 models SEQUENTIALLY (Stability Mode)...
2026-06-01 16:03:18 | INFO |   CBLOF: AUCROC=99.93656294635038%  Train=0.2167494297027588s
2026-06-01 16:03:18 | INFO |   KNN: AUCROC=98.06217995299463%  Train=0.5517878532409668s
2026-06-01 16:03:18 | INFO |   LOF: AUCROC=53.582426509301115%  Train=0.48149943351745605s
2026-06-01 16:03:18 | INFO |   HBOS: AUCROC=99.9996565915463%  Train=0.04457592964172363s
2026-06-01 16:03:18 | INFO |   IForest: AUCROC=99.98565423276553%  Train=0.6285064220428467s
2026-06-01 16:03:18 | INFO |   PCA: AUCROC=99.60260709249056%  Train=0.024678945541381836s
2026-06-01 16:03:18 | INFO |   OCSVM: AUCROC=92.4164708109908%  Train=8.459046363830566s
2026-06-01 16:03:18 | ERROR | Error with AutoEncoder on data_EdgeIIoTset.csv: AutoEncoder.__init__() got an unexpected keyword argument 'epochs'
2026-06-01 16:03:18 | INFO |   DIF: AUCROC=99.89832046502858%  Train=3.593198776245117s
2026-06-01 16:03:18 | INFO |   NeuTraLAD: AUCROC=99.8584447782439%  Train=124.33340358734131s
2026-06-01 16:03:18 | INFO |   DASVDD: AUCROC=99.92851944975195%  Train=60.42906975746155s
2026-06-01 16:03:18 | INFO |   LODA: AUCROC=64.91227510132%  Train=2.0870749950408936s
2026-06-01 16:03:18 | INFO |   COPOD: AUCROC=99.55953915810822%  Train=0.14986109733581543s
2026-06-01 16:03:18 | INFO |   ECOD: AUCROC=99.57575029426718%  Train=0.14138364791870117s
2026-06-01 16:03:18 | ERROR | Error with VAE on data_EdgeIIoTset.csv: VAE.__init__() got an unexpected keyword argument 'epochs'
2026-06-01 16:03:18 | ERROR | Error with DeepSVDD on data_EdgeIIoTset.csv: DeepSVDD.__init__() got an unexpected keyword argument 'device'
2026-06-01 16:03:18 | ERROR | Error with LUNAR on data_EdgeIIoTset.csv: LUNAR.__init__() got an unexpected keyword argument 'n_neighbors'
2026-06-01 16:03:18 | ERROR | Error with AE1SVM on data_EdgeIIoTset.csv: AE1SVM.__init__() got an unexpected keyword argument 'device'
2026-06-01 16:03:18 | INFO |   DevNet: AUCROC=24.275458948469776%  Train=23.430110216140747s
2026-06-01 16:03:18 | INFO |   ALAD: AUCROC=50.123487584027046%  Train=1.3990755081176758s
2026-06-01 16:03:18 | INFO | --- Noise: 5% ---
2026-06-01 16:03:18 | INFO | Running 20 models SEQUENTIALLY (Stability Mode)...
2026-06-01 16:12:49 | INFO |   CBLOF: AUCROC=99.9361437623224%  Train=0.29889631271362305s
2026-06-01 16:12:49 | INFO |   KNN: AUCROC=95.33190781743386%  Train=0.5056934356689453s
2026-06-01 16:12:49 | INFO |   LOF: AUCROC=54.85308776759097%  Train=0.5133283138275146s
2026-06-01 16:12:49 | INFO |   HBOS: AUCROC=99.99855220285721%  Train=0.04476332664489746s
2026-06-01 16:12:49 | INFO |   IForest: AUCROC=99.9248451405221%  Train=0.6141881942749023s
2026-06-01 16:12:49 | INFO |   PCA: AUCROC=98.90895748545303%  Train=0.028352737426757812s
2026-06-01 16:12:49 | INFO |   OCSVM: AUCROC=86.10688380141355%  Train=8.761785745620728s
2026-06-01 16:12:49 | ERROR | Error with AutoEncoder on data_EdgeIIoTset.csv: AutoEncoder.__init__() got an unexpected keyword argument 'epochs'
2026-06-01 16:12:49 | INFO |   DIF: AUCROC=99.89513466641593%  Train=4.32415509223938s
2026-06-01 16:12:49 | INFO |   NeuTraLAD: AUCROC=99.85134767020097%  Train=126.30908012390137s
2026-06-01 16:12:49 | INFO |   DASVDD: AUCROC=99.93754964106239%  Train=60.46974229812622s
2026-06-01 16:12:49 | INFO |   LODA: AUCROC=79.89445075155182%  Train=1.702643632888794s
2026-06-01 16:12:49 | INFO |   COPOD: AUCROC=99.45245053692959%  Train=0.17108607292175293s
2026-06-01 16:12:49 | INFO |   ECOD: AUCROC=99.48523395241011%  Train=0.15180706977844238s
2026-06-01 16:12:49 | ERROR | Error with VAE on data_EdgeIIoTset.csv: VAE.__init__() got an unexpected keyword argument 'epochs'
2026-06-01 16:12:49 | ERROR | Error with DeepSVDD on data_EdgeIIoTset.csv: DeepSVDD.__init__() got an unexpected keyword argument 'device'
2026-06-01 16:12:49 | ERROR | Error with LUNAR on data_EdgeIIoTset.csv: LUNAR.__init__() got an unexpected keyword argument 'n_neighbors'
2026-06-01 16:12:49 | ERROR | Error with AE1SVM on data_EdgeIIoTset.csv: AE1SVM.__init__() got an unexpected keyword argument 'device'
2026-06-01 16:12:49 | INFO |   DevNet: AUCROC=23.043335212567577%  Train=14.319669008255005s
2026-06-01 16:12:49 | INFO |   ALAD: AUCROC=52.871723367432985%  Train=1.3006689548492432s
2026-06-01 16:12:49 | INFO | 
Processing Dataset: data_EdgeIIoTset.csv | Scaler: Normalizer
2026-06-01 16:12:49 | INFO | --- Noise: 0% ---
2026-06-01 16:12:49 | INFO | Running 20 models SEQUENTIALLY (Stability Mode)...
2026-06-01 16:21:48 | INFO |   CBLOF: AUCROC=99.91458722368355%  Train=0.213423490524292s
2026-06-01 16:21:48 | INFO |   KNN: AUCROC=99.9148927443501%  Train=0.4834442138671875s
2026-06-01 16:21:48 | INFO |   LOF: AUCROC=99.91660333763352%  Train=0.41343164443969727s
2026-06-01 16:21:48 | INFO |   HBOS: AUCROC=100.0%  Train=0.048575639724731445s
2026-06-01 16:21:48 | INFO |   IForest: AUCROC=99.76057659343458%  Train=0.6153123378753662s
2026-06-01 16:21:48 | INFO |   PCA: AUCROC=99.77955998704012%  Train=0.022128820419311523s
2026-06-01 16:21:48 | INFO |   OCSVM: AUCROC=99.21609604112285%  Train=7.813584566116333s
2026-06-01 16:21:48 | ERROR | Error with AutoEncoder on data_EdgeIIoTset.csv: AutoEncoder.__init__() got an unexpected keyword argument 'epochs'
2026-06-01 16:21:48 | INFO |   DIF: AUCROC=99.92645416229102%  Train=4.06682014465332s
2026-06-01 16:21:48 | INFO |   NeuTraLAD: AUCROC=100.0%  Train=118.63341975212097s
2026-06-01 16:21:48 | INFO |   DASVDD: AUCROC=96.29045351584476%  Train=55.58387804031372s
2026-06-01 16:21:48 | INFO |   LODA: AUCROC=99.88232053312984%  Train=2.0797276496887207s
2026-06-01 16:21:48 | INFO |   COPOD: AUCROC=95.1896972175725%  Train=0.15729904174804688s
2026-06-01 16:21:48 | INFO |   ECOD: AUCROC=94.27683532310317%  Train=0.1447138786315918s
2026-06-01 16:21:48 | ERROR | Error with VAE on data_EdgeIIoTset.csv: VAE.__init__() got an unexpected keyword argument 'epochs'
2026-06-01 16:21:48 | ERROR | Error with DeepSVDD on data_EdgeIIoTset.csv: DeepSVDD.__init__() got an unexpected keyword argument 'device'
2026-06-01 16:21:48 | ERROR | Error with LUNAR on data_EdgeIIoTset.csv: LUNAR.__init__() got an unexpected keyword argument 'n_neighbors'
2026-06-01 16:21:48 | ERROR | Error with AE1SVM on data_EdgeIIoTset.csv: AE1SVM.__init__() got an unexpected keyword argument 'device'
2026-06-01 16:21:48 | INFO |   DevNet: AUCROC=29.828415563051852%  Train=12.696022033691406s
2026-06-01 16:21:48 | INFO |   ALAD: AUCROC=50.46681703765099%  Train=1.2297074794769287s
2026-06-01 16:21:48 | INFO | --- Noise: 1% ---
2026-06-01 16:21:48 | INFO | Running 20 models SEQUENTIALLY (Stability Mode)...
2026-06-01 16:34:12 | INFO |   CBLOF: AUCROC=99.91453966241886%  Train=0.2309119701385498s
2026-06-01 16:34:12 | INFO |   KNN: AUCROC=99.87954263282136%  Train=0.493729829788208s
2026-06-01 16:34:12 | INFO |   LOF: AUCROC=51.57627543511947%  Train=0.4309232234954834s
2026-06-01 16:34:12 | INFO |   HBOS: AUCROC=99.99995969384345%  Train=0.04663896560668945s
2026-06-01 16:34:12 | INFO |   IForest: AUCROC=99.9963144050463%  Train=0.5952141284942627s
2026-06-01 16:34:12 | INFO |   PCA: AUCROC=98.99300549530913%  Train=0.022185087203979492s
2026-06-01 16:34:12 | INFO |   OCSVM: AUCROC=94.89081900562326%  Train=8.055660963058472s
2026-06-01 16:34:12 | ERROR | Error with AutoEncoder on data_EdgeIIoTset.csv: AutoEncoder.__init__() got an unexpected keyword argument 'epochs'
2026-06-01 16:34:12 | INFO |   DIF: AUCROC=99.91806403274641%  Train=4.623409032821655s
2026-06-01 16:34:12 | INFO |   NeuTraLAD: AUCROC=99.88732494552544%  Train=160.3220920562744s
2026-06-01 16:34:12 | INFO |   DASVDD: AUCROC=95.57024618226535%  Train=257.1902685165405s
2026-06-01 16:34:12 | INFO |   LODA: AUCROC=82.86283311909806%  Train=1.6532089710235596s
2026-06-01 16:34:12 | INFO |   COPOD: AUCROC=95.02326342375585%  Train=0.1737518310546875s
2026-06-01 16:34:12 | INFO |   ECOD: AUCROC=94.05287335818515%  Train=0.14157390594482422s
2026-06-01 16:34:12 | ERROR | Error with VAE on data_EdgeIIoTset.csv: VAE.__init__() got an unexpected keyword argument 'epochs'
2026-06-01 16:34:12 | ERROR | Error with DeepSVDD on data_EdgeIIoTset.csv: DeepSVDD.__init__() got an unexpected keyword argument 'device'
2026-06-01 16:34:12 | ERROR | Error with LUNAR on data_EdgeIIoTset.csv: LUNAR.__init__() got an unexpected keyword argument 'n_neighbors'
2026-06-01 16:34:12 | ERROR | Error with AE1SVM on data_EdgeIIoTset.csv: AE1SVM.__init__() got an unexpected keyword argument 'device'
2026-06-01 16:34:12 | INFO |   DevNet: AUCROC=18.70189379605059%  Train=12.204591274261475s
2026-06-01 16:34:12 | INFO |   ALAD: AUCROC=50.731169802034216%  Train=1.297975778579712s
2026-06-01 16:34:12 | INFO | --- Noise: 3% ---
2026-06-01 16:34:12 | INFO | Running 20 models SEQUENTIALLY (Stability Mode)...
2026-06-01 16:43:17 | INFO |   CBLOF: AUCROC=99.9147637646492%  Train=0.21269607543945312s
2026-06-01 16:43:17 | INFO |   KNN: AUCROC=99.0420290673813%  Train=0.5202922821044922s
2026-06-01 16:43:17 | INFO |   LOF: AUCROC=53.20104723778362%  Train=0.4616248607635498s
2026-06-01 16:43:17 | INFO |   HBOS: AUCROC=99.99859412126001%  Train=0.04844379425048828s
2026-06-01 16:43:17 | INFO |   IForest: AUCROC=99.97209524170667%  Train=0.6228489875793457s
2026-06-01 16:43:17 | INFO |   PCA: AUCROC=98.3975771550122%  Train=0.023718595504760742s
2026-06-01 16:43:17 | INFO |   OCSVM: AUCROC=88.18418169086713%  Train=8.431465864181519s
2026-06-01 16:43:17 | ERROR | Error with AutoEncoder on data_EdgeIIoTset.csv: AutoEncoder.__init__() got an unexpected keyword argument 'epochs'
2026-06-01 16:43:17 | INFO |   DIF: AUCROC=99.89891860839157%  Train=4.225699424743652s
2026-06-01 16:43:17 | INFO |   NeuTraLAD: AUCROC=99.87599004818422%  Train=114.9498245716095s
2026-06-01 16:43:17 | INFO |   DASVDD: AUCROC=95.10930981285304%  Train=58.07347393035889s
2026-06-01 16:43:17 | INFO |   LODA: AUCROC=71.8211018013563%  Train=1.7725460529327393s
2026-06-01 16:43:17 | INFO |   COPOD: AUCROC=94.70104311043318%  Train=0.1827833652496338s
2026-06-01 16:43:17 | INFO |   ECOD: AUCROC=93.56813378496865%  Train=0.15639090538024902s
2026-06-01 16:43:17 | ERROR | Error with VAE on data_EdgeIIoTset.csv: VAE.__init__() got an unexpected keyword argument 'epochs'
2026-06-01 16:43:17 | ERROR | Error with DeepSVDD on data_EdgeIIoTset.csv: DeepSVDD.__init__() got an unexpected keyword argument 'device'
2026-06-01 16:43:17 | ERROR | Error with LUNAR on data_EdgeIIoTset.csv: LUNAR.__init__() got an unexpected keyword argument 'n_neighbors'
2026-06-01 16:43:17 | ERROR | Error with AE1SVM on data_EdgeIIoTset.csv: AE1SVM.__init__() got an unexpected keyword argument 'device'
2026-06-01 16:43:17 | INFO |   DevNet: AUCROC=17.460458531865335%  Train=13.219156742095947s
2026-06-01 16:43:17 | INFO |   ALAD: AUCROC=49.45076896407889%  Train=1.3314485549926758s
2026-06-01 16:43:17 | INFO | --- Noise: 5% ---
2026-06-01 16:43:18 | INFO | Running 20 models SEQUENTIALLY (Stability Mode)...
2026-06-01 16:52:44 | INFO |   CBLOF: AUCROC=99.91456868285155%  Train=0.22324919700622559s
2026-06-01 16:52:44 | INFO |   KNN: AUCROC=97.64225267948878%  Train=0.5117959976196289s
2026-06-01 16:52:44 | INFO |   LOF: AUCROC=55.46181875179121%  Train=0.4816009998321533s
2026-06-01 16:52:44 | INFO |   HBOS: AUCROC=99.95409612444375%  Train=0.0501255989074707s
2026-06-01 16:52:44 | INFO |   IForest: AUCROC=99.87173774866964%  Train=0.632044792175293s
2026-06-01 16:52:44 | INFO |   PCA: AUCROC=98.17034555467592%  Train=0.02368950843811035s
2026-06-01 16:52:44 | INFO |   OCSVM: AUCROC=78.49587306875469%  Train=8.813981294631958s
2026-06-01 16:52:44 | ERROR | Error with AutoEncoder on data_EdgeIIoTset.csv: AutoEncoder.__init__() got an unexpected keyword argument 'epochs'
2026-06-01 16:52:44 | INFO |   DIF: AUCROC=99.89111049974734%  Train=5.321246385574341s
2026-06-01 16:52:44 | INFO |   NeuTraLAD: AUCROC=99.87288889250033%  Train=124.59688019752502s
2026-06-01 16:52:44 | INFO |   DASVDD: AUCROC=94.64764551425368%  Train=60.432098150253296s
2026-06-01 16:52:44 | INFO |   LODA: AUCROC=69.31545184555765%  Train=1.6927978992462158s
2026-06-01 16:52:44 | INFO |   COPOD: AUCROC=94.39844060961998%  Train=0.21274685859680176s
2026-06-01 16:52:44 | INFO |   ECOD: AUCROC=93.06837452558042%  Train=0.16926121711730957s
2026-06-01 16:52:44 | ERROR | Error with VAE on data_EdgeIIoTset.csv: VAE.__init__() got an unexpected keyword argument 'epochs'
2026-06-01 16:52:44 | ERROR | Error with DeepSVDD on data_EdgeIIoTset.csv: DeepSVDD.__init__() got an unexpected keyword argument 'device'
2026-06-01 16:52:44 | ERROR | Error with LUNAR on data_EdgeIIoTset.csv: LUNAR.__init__() got an unexpected keyword argument 'n_neighbors'
2026-06-01 16:52:44 | ERROR | Error with AE1SVM on data_EdgeIIoTset.csv: AE1SVM.__init__() got an unexpected keyword argument 'device'
2026-06-01 16:52:44 | INFO |   DevNet: AUCROC=17.205211734366824%  Train=12.68943977355957s
2026-06-01 16:52:44 | INFO |   ALAD: AUCROC=50.65574489130752%  Train=1.4421663284301758s
2026-06-01 16:52:44 | INFO | 
Processing Dataset: data_EdgeIIoTset.csv | Scaler: QuantileTransformer
2026-06-01 16:52:45 | INFO | --- Noise: 0% ---
2026-06-01 16:52:45 | INFO | Running 20 models SEQUENTIALLY (Stability Mode)...
2026-06-01 17:01:41 | INFO |   CBLOF: AUCROC=99.99292626952784%  Train=0.18541955947875977s
2026-06-01 17:01:41 | INFO |   KNN: AUCROC=100.0%  Train=0.4684896469116211s
2026-06-01 17:01:41 | INFO |   LOF: AUCROC=99.99831359041052%  Train=0.4131777286529541s
2026-06-01 17:01:41 | INFO |   HBOS: AUCROC=100.0%  Train=0.04397392272949219s
2026-06-01 17:01:41 | INFO |   IForest: AUCROC=99.62270535438593%  Train=0.6418592929840088s
2026-06-01 17:01:41 | INFO |   PCA: AUCROC=99.32056234375722%  Train=0.021728515625s
2026-06-01 17:01:41 | INFO |   OCSVM: AUCROC=99.96119645697922%  Train=7.411451101303101s
2026-06-01 17:01:41 | ERROR | Error with AutoEncoder on data_EdgeIIoTset.csv: AutoEncoder.__init__() got an unexpected keyword argument 'epochs'
2026-06-01 17:01:41 | INFO |   DIF: AUCROC=99.89042529508619%  Train=3.9752492904663086s
2026-06-01 17:01:41 | INFO |   NeuTraLAD: AUCROC=100.0%  Train=115.17021179199219s
2026-06-01 17:01:41 | INFO |   DASVDD: AUCROC=99.95912794502576%  Train=57.33780384063721s
2026-06-01 17:01:41 | INFO |   LODA: AUCROC=82.85233417144343%  Train=1.740318775177002s
2026-06-01 17:01:41 | INFO |   COPOD: AUCROC=95.36374887497455%  Train=0.18996787071228027s
2026-06-01 17:01:41 | INFO |   ECOD: AUCROC=98.16232462952516%  Train=0.1586301326751709s
2026-06-01 17:01:41 | ERROR | Error with VAE on data_EdgeIIoTset.csv: VAE.__init__() got an unexpected keyword argument 'epochs'
2026-06-01 17:01:41 | ERROR | Error with DeepSVDD on data_EdgeIIoTset.csv: DeepSVDD.__init__() got an unexpected keyword argument 'device'
2026-06-01 17:01:41 | ERROR | Error with LUNAR on data_EdgeIIoTset.csv: LUNAR.__init__() got an unexpected keyword argument 'n_neighbors'
2026-06-01 17:01:41 | ERROR | Error with AE1SVM on data_EdgeIIoTset.csv: AE1SVM.__init__() got an unexpected keyword argument 'device'
2026-06-01 17:01:41 | INFO |   DevNet: AUCROC=12.80976732319914%  Train=15.289121866226196s
2026-06-01 17:01:41 | INFO |   ALAD: AUCROC=52.58256377594781%  Train=1.2833802700042725s
2026-06-01 17:01:41 | INFO | --- Noise: 1% ---
2026-06-01 17:01:41 | INFO | Running 20 models SEQUENTIALLY (Stability Mode)...
2026-06-01 17:09:19 | INFO |   CBLOF: AUCROC=96.16894254573427%  Train=0.2267141342163086s
2026-06-01 17:09:19 | INFO |   KNN: AUCROC=99.8891580695247%  Train=0.45102524757385254s
2026-06-01 17:09:19 | INFO |   LOF: AUCROC=58.429815792480944%  Train=0.38890862464904785s
2026-06-01 17:09:19 | INFO |   HBOS: AUCROC=99.9980588555012%  Train=0.05888628959655762s
2026-06-01 17:09:19 | INFO |   IForest: AUCROC=100.0%  Train=0.6294894218444824s
2026-06-01 17:09:19 | INFO |   PCA: AUCROC=97.52660141841557%  Train=0.030710697174072266s
2026-06-01 17:09:19 | INFO |   OCSVM: AUCROC=99.95200504104261%  Train=7.707842826843262s
2026-06-01 17:09:19 | ERROR | Error with AutoEncoder on data_EdgeIIoTset.csv: AutoEncoder.__init__() got an unexpected keyword argument 'epochs'
2026-06-01 17:09:19 | INFO |   DIF: AUCROC=99.88523708661683%  Train=4.046721696853638s
2026-06-01 17:09:19 | INFO |   NeuTraLAD: AUCROC=98.773180554298%  Train=117.42241835594177s
2026-06-01 17:09:19 | INFO |   DASVDD: AUCROC=100.0%  Train=57.18237519264221s
2026-06-01 17:09:19 | INFO |   LODA: AUCROC=76.70794758729282%  Train=1.6795070171356201s
2026-06-01 17:09:19 | INFO |   COPOD: AUCROC=95.01676284682964%  Train=0.1730344295501709s
2026-06-01 17:09:19 | INFO |   ECOD: AUCROC=97.88612911022838%  Train=0.13301467895507812s
2026-06-01 17:09:19 | ERROR | Error with VAE on data_EdgeIIoTset.csv: VAE.__init__() got an unexpected keyword argument 'epochs'
2026-06-01 17:09:19 | ERROR | Error with DeepSVDD on data_EdgeIIoTset.csv: DeepSVDD.__init__() got an unexpected keyword argument 'device'
2026-06-01 17:09:19 | ERROR | Error with LUNAR on data_EdgeIIoTset.csv: LUNAR.__init__() got an unexpected keyword argument 'n_neighbors'
2026-06-01 17:09:19 | ERROR | Error with AE1SVM on data_EdgeIIoTset.csv: AE1SVM.__init__() got an unexpected keyword argument 'device'
2026-06-01 17:09:19 | INFO |   DevNet: AUCROC=12.212973410318737%  Train=11.386286497116089s
2026-06-01 17:09:19 | INFO |   ALAD: AUCROC=53.656676898626344%  Train=1.226423978805542s
2026-06-01 17:09:19 | INFO | --- Noise: 3% ---
2026-06-01 17:09:19 | INFO | Running 20 models SEQUENTIALLY (Stability Mode)...
2026-06-01 17:16:15 | INFO |   CBLOF: AUCROC=99.99790891659887%  Train=0.2226579189300537s
2026-06-01 17:16:15 | INFO |   KNN: AUCROC=80.09214841874756%  Train=0.4764280319213867s
2026-06-01 17:16:15 | INFO |   LOF: AUCROC=58.07396079765175%  Train=0.43552327156066895s
2026-06-01 17:16:15 | INFO |   HBOS: AUCROC=99.97619518394956%  Train=0.04648256301879883s
2026-06-01 17:16:15 | INFO |   IForest: AUCROC=100.0%  Train=0.6335983276367188s
2026-06-01 17:16:15 | INFO |   PCA: AUCROC=97.27935055625076%  Train=0.024287700653076172s
2026-06-01 17:16:15 | INFO |   OCSVM: AUCROC=96.0051084990142%  Train=7.744455814361572s
2026-06-01 17:16:15 | ERROR | Error with AutoEncoder on data_EdgeIIoTset.csv: AutoEncoder.__init__() got an unexpected keyword argument 'epochs'
2026-06-01 17:16:15 | INFO |   DIF: AUCROC=99.86541774332471%  Train=4.080731630325317s
2026-06-01 17:16:15 | INFO |   NeuTraLAD: AUCROC=99.09679384839056%  Train=91.81019186973572s
2026-06-01 17:16:15 | INFO |   DASVDD: AUCROC=99.99997420405981%  Train=46.55559706687927s
2026-06-01 17:16:15 | INFO |   LODA: AUCROC=78.1401913903986%  Train=1.626138687133789s
2026-06-01 17:16:15 | INFO |   COPOD: AUCROC=93.85745460107997%  Train=0.16007375717163086s
2026-06-01 17:16:15 | INFO |   ECOD: AUCROC=97.2728902854811%  Train=0.13862991333007812s
2026-06-01 17:16:15 | ERROR | Error with VAE on data_EdgeIIoTset.csv: VAE.__init__() got an unexpected keyword argument 'epochs'
2026-06-01 17:16:15 | ERROR | Error with DeepSVDD on data_EdgeIIoTset.csv: DeepSVDD.__init__() got an unexpected keyword argument 'device'
2026-06-01 17:16:15 | ERROR | Error with LUNAR on data_EdgeIIoTset.csv: LUNAR.__init__() got an unexpected keyword argument 'n_neighbors'
2026-06-01 17:16:15 | ERROR | Error with AE1SVM on data_EdgeIIoTset.csv: AE1SVM.__init__() got an unexpected keyword argument 'device'
2026-06-01 17:16:15 | INFO |   DevNet: AUCROC=12.103773552660735%  Train=9.592661142349243s
2026-06-01 17:16:15 | INFO |   ALAD: AUCROC=52.466710177968764%  Train=1.2630455493927002s
2026-06-01 17:16:15 | INFO | --- Noise: 5% ---
2026-06-01 17:16:15 | INFO | Running 20 models SEQUENTIALLY (Stability Mode)...
2026-06-01 17:23:40 | INFO |   CBLOF: AUCROC=99.99806046774746%  Train=0.20437240600585938s
2026-06-01 17:23:40 | INFO |   KNN: AUCROC=74.86826174572995%  Train=0.5303270816802979s
2026-06-01 17:23:40 | INFO |   LOF: AUCROC=54.91540672845826%  Train=0.43931078910827637s
2026-06-01 17:23:40 | INFO |   HBOS: AUCROC=99.32370138722827%  Train=0.04744148254394531s
2026-06-01 17:23:40 | INFO |   IForest: AUCROC=99.31774736178471%  Train=0.611051082611084s
2026-06-01 17:23:40 | INFO |   PCA: AUCROC=96.26462855522871%  Train=0.025993824005126953s
2026-06-01 17:23:40 | INFO |   OCSVM: AUCROC=84.2836154635311%  Train=8.114631652832031s
2026-06-01 17:23:40 | ERROR | Error with AutoEncoder on data_EdgeIIoTset.csv: AutoEncoder.__init__() got an unexpected keyword argument 'epochs'
2026-06-01 17:23:40 | INFO |   DIF: AUCROC=99.43645221727715%  Train=3.3619372844696045s
2026-06-01 17:23:40 | INFO |   NeuTraLAD: AUCROC=98.83390339136646%  Train=99.6066083908081s
2026-06-01 17:23:40 | INFO |   DASVDD: AUCROC=99.98002426882053%  Train=50.24363446235657s
2026-06-01 17:23:40 | INFO |   LODA: AUCROC=79.1323258212976%  Train=1.9931979179382324s
2026-06-01 17:23:40 | INFO |   COPOD: AUCROC=93.32554715123825%  Train=0.16344594955444336s
2026-06-01 17:23:40 | INFO |   ECOD: AUCROC=96.61631589347206%  Train=0.15218114852905273s
2026-06-01 17:23:40 | ERROR | Error with VAE on data_EdgeIIoTset.csv: VAE.__init__() got an unexpected keyword argument 'epochs'
2026-06-01 17:23:40 | ERROR | Error with DeepSVDD on data_EdgeIIoTset.csv: DeepSVDD.__init__() got an unexpected keyword argument 'device'
2026-06-01 17:23:40 | ERROR | Error with LUNAR on data_EdgeIIoTset.csv: LUNAR.__init__() got an unexpected keyword argument 'n_neighbors'
2026-06-01 17:23:40 | ERROR | Error with AE1SVM on data_EdgeIIoTset.csv: AE1SVM.__init__() got an unexpected keyword argument 'device'
2026-06-01 17:23:40 | INFO |   DevNet: AUCROC=12.039378824731806%  Train=22.786964416503906s
2026-06-01 17:23:40 | INFO |   ALAD: AUCROC=54.31754309018337%  Train=1.2707934379577637s
2026-06-01 17:23:40 | INFO | 
Processing Dataset: data_EdgeIIoTset.csv | Scaler: RobustScaler
2026-06-01 17:23:40 | INFO | --- Noise: 0% ---
2026-06-01 17:23:40 | INFO | Running 20 models SEQUENTIALLY (Stability Mode)...
2026-06-01 17:36:50 | INFO |   CBLOF: AUCROC=99.91210275219467%  Train=0.22697114944458008s
2026-06-01 17:36:50 | INFO |   KNN: AUCROC=99.91192782347528%  Train=0.4687771797180176s
2026-06-01 17:36:50 | INFO |   LOF: AUCROC=99.98830476561938%  Train=0.42035341262817383s
2026-06-01 17:36:50 | INFO |   HBOS: AUCROC=100.0%  Train=0.042856693267822266s
2026-06-01 17:36:50 | INFO |   IForest: AUCROC=92.2592929229612%  Train=0.8369495868682861s
2026-06-01 17:36:50 | INFO |   PCA: AUCROC=99.90423257206936%  Train=0.025043725967407227s
2026-06-01 17:36:50 | INFO |   OCSVM: AUCROC=99.9571247290459%  Train=7.568845272064209s
2026-06-01 17:36:50 | ERROR | Error with AutoEncoder on data_EdgeIIoTset.csv: AutoEncoder.__init__() got an unexpected keyword argument 'epochs'
2026-06-01 17:36:50 | INFO |   DIF: AUCROC=99.78463453214805%  Train=3.913365125656128s
2026-06-01 17:36:50 | INFO |   NeuTraLAD: AUCROC=99.9980249983297%  Train=93.20224905014038s
2026-06-01 17:36:50 | INFO |   DASVDD: AUCROC=99.9127726405163%  Train=46.99819803237915s
2026-06-01 17:36:50 | INFO |   LODA: AUCROC=98.98613410174279%  Train=2.3618571758270264s
2026-06-01 17:36:50 | INFO |   COPOD: AUCROC=99.69416172094003%  Train=0.17404866218566895s
2026-06-01 17:36:50 | INFO |   ECOD: AUCROC=99.68164907770486%  Train=0.14355826377868652s
2026-06-01 17:36:50 | ERROR | Error with VAE on data_EdgeIIoTset.csv: VAE.__init__() got an unexpected keyword argument 'epochs'
2026-06-01 17:36:50 | ERROR | Error with DeepSVDD on data_EdgeIIoTset.csv: DeepSVDD.__init__() got an unexpected keyword argument 'device'
2026-06-01 17:36:50 | ERROR | Error with LUNAR on data_EdgeIIoTset.csv: LUNAR.__init__() got an unexpected keyword argument 'n_neighbors'
2026-06-01 17:36:50 | ERROR | Error with AE1SVM on data_EdgeIIoTset.csv: AE1SVM.__init__() got an unexpected keyword argument 'device'
2026-06-01 17:36:50 | INFO |   DevNet: AUCROC=24.852604416161775%  Train=368.11346673965454s
2026-06-01 17:36:50 | INFO |   ALAD: AUCROC=63.087924140072985%  Train=3.2095766067504883s
2026-06-01 17:36:50 | INFO | --- Noise: 1% ---
2026-06-01 17:36:50 | INFO | Running 20 models SEQUENTIALLY (Stability Mode)...
2026-06-01 17:44:17 | INFO |   CBLOF: AUCROC=99.91284035485927%  Train=1.7803547382354736s
2026-06-01 17:44:17 | INFO |   KNN: AUCROC=99.89343052211757%  Train=0.8367578983306885s
2026-06-01 17:44:17 | INFO |   LOF: AUCROC=55.309446969867%  Train=0.7759401798248291s
2026-06-01 17:44:17 | INFO |   HBOS: AUCROC=100.0%  Train=0.06728982925415039s
2026-06-01 17:44:17 | INFO |   IForest: AUCROC=99.98254904646598%  Train=1.0019307136535645s
2026-06-01 17:44:17 | INFO |   PCA: AUCROC=99.93080400270445%  Train=0.04065084457397461s
2026-06-01 17:44:17 | INFO |   OCSVM: AUCROC=99.90109594696767%  Train=11.832966089248657s
2026-06-01 17:44:17 | ERROR | Error with AutoEncoder on data_EdgeIIoTset.csv: AutoEncoder.__init__() got an unexpected keyword argument 'epochs'
2026-06-01 17:44:17 | INFO |   DIF: AUCROC=99.65847464994265%  Train=3.878192901611328s
2026-06-01 17:44:17 | INFO |   NeuTraLAD: AUCROC=99.8032213131733%  Train=93.33563375473022s
2026-06-01 17:44:17 | INFO |   DASVDD: AUCROC=99.91163600690197%  Train=46.319095611572266s
2026-06-01 17:44:17 | INFO |   LODA: AUCROC=88.07707936559528%  Train=1.7828922271728516s
2026-06-01 17:44:17 | INFO |   COPOD: AUCROC=99.65703491403116%  Train=0.1451401710510254s
2026-06-01 17:44:17 | INFO |   ECOD: AUCROC=99.64888017244068%  Train=0.1374039649963379s
2026-06-01 17:44:17 | ERROR | Error with VAE on data_EdgeIIoTset.csv: VAE.__init__() got an unexpected keyword argument 'epochs'
2026-06-01 17:44:17 | ERROR | Error with DeepSVDD on data_EdgeIIoTset.csv: DeepSVDD.__init__() got an unexpected keyword argument 'device'
2026-06-01 17:44:17 | ERROR | Error with LUNAR on data_EdgeIIoTset.csv: LUNAR.__init__() got an unexpected keyword argument 'n_neighbors'
2026-06-01 17:44:17 | ERROR | Error with AE1SVM on data_EdgeIIoTset.csv: AE1SVM.__init__() got an unexpected keyword argument 'device'
2026-06-01 17:44:17 | INFO |   DevNet: AUCROC=8.975116978139747%  Train=10.273060083389282s
2026-06-01 17:44:17 | INFO |   ALAD: AUCROC=60.6818247480575%  Train=1.2460837364196777s
2026-06-01 17:44:17 | INFO | --- Noise: 3% ---
2026-06-01 17:44:17 | INFO | Running 20 models SEQUENTIALLY (Stability Mode)...
2026-06-01 17:51:17 | INFO |   CBLOF: AUCROC=99.91280327319525%  Train=0.2497577667236328s
2026-06-01 17:51:17 | INFO |   KNN: AUCROC=99.82220148228632%  Train=0.5136516094207764s
2026-06-01 17:51:17 | INFO |   LOF: AUCROC=56.27926952475365%  Train=0.4850625991821289s
2026-06-01 17:51:17 | INFO |   HBOS: AUCROC=99.99966465277761%  Train=0.042243003845214844s
2026-06-01 17:51:17 | INFO |   IForest: AUCROC=99.98565423276553%  Train=0.5707011222839355s
2026-06-01 17:51:17 | INFO |   PCA: AUCROC=99.60260709249056%  Train=0.021497488021850586s
2026-06-01 17:51:17 | INFO |   OCSVM: AUCROC=99.89614070808308%  Train=7.868931770324707s
2026-06-01 17:51:17 | ERROR | Error with AutoEncoder on data_EdgeIIoTset.csv: AutoEncoder.__init__() got an unexpected keyword argument 'epochs'
2026-06-01 17:51:17 | INFO |   DIF: AUCROC=98.3242376848247%  Train=3.4637463092803955s
2026-06-01 17:51:17 | INFO |   NeuTraLAD: AUCROC=99.66583052351055%  Train=92.91054248809814s
2026-06-01 17:51:17 | INFO |   DASVDD: AUCROC=99.91179400703558%  Train=46.18488693237305s
2026-06-01 17:51:17 | INFO |   LODA: AUCROC=81.82422407746624%  Train=1.597651720046997s
2026-06-01 17:51:17 | INFO |   COPOD: AUCROC=99.55953754586196%  Train=0.19480419158935547s
2026-06-01 17:51:17 | INFO |   ECOD: AUCROC=99.57575029426718%  Train=0.1403944492340088s
2026-06-01 17:51:17 | ERROR | Error with VAE on data_EdgeIIoTset.csv: VAE.__init__() got an unexpected keyword argument 'epochs'
2026-06-01 17:51:17 | ERROR | Error with DeepSVDD on data_EdgeIIoTset.csv: DeepSVDD.__init__() got an unexpected keyword argument 'device'
2026-06-01 17:51:17 | ERROR | Error with LUNAR on data_EdgeIIoTset.csv: LUNAR.__init__() got an unexpected keyword argument 'n_neighbors'
2026-06-01 17:51:17 | ERROR | Error with AE1SVM on data_EdgeIIoTset.csv: AE1SVM.__init__() got an unexpected keyword argument 'device'
2026-06-01 17:51:17 | INFO |   DevNet: AUCROC=6.277449298724467%  Train=10.67850375175476s
2026-06-01 17:51:17 | INFO |   ALAD: AUCROC=73.75987065528655%  Train=6.609006881713867s
2026-06-01 17:51:17 | INFO | --- Noise: 5% ---
2026-06-01 17:51:17 | INFO | Running 20 models SEQUENTIALLY (Stability Mode)...
2026-06-01 17:58:30 | INFO |   CBLOF: AUCROC=99.91287904876954%  Train=0.23880362510681152s
2026-06-01 17:58:30 | INFO |   KNN: AUCROC=98.5890176944672%  Train=0.5195212364196777s
2026-06-01 17:58:30 | INFO |   LOF: AUCROC=59.89132670197098%  Train=0.47228407859802246s
2026-06-01 17:58:30 | INFO |   HBOS: AUCROC=99.9989794481165%  Train=0.043297767639160156s
2026-06-01 17:58:30 | INFO |   IForest: AUCROC=99.9248451405221%  Train=0.6009466648101807s
2026-06-01 17:58:30 | INFO |   PCA: AUCROC=98.90895748545303%  Train=0.030570030212402344s
2026-06-01 17:58:30 | INFO |   OCSVM: AUCROC=99.89598754468825%  Train=8.807609558105469s
2026-06-01 17:58:30 | ERROR | Error with AutoEncoder on data_EdgeIIoTset.csv: AutoEncoder.__init__() got an unexpected keyword argument 'epochs'
2026-06-01 17:58:30 | INFO |   DIF: AUCROC=93.59033764048147%  Train=3.9773073196411133s
2026-06-01 17:58:30 | INFO |   NeuTraLAD: AUCROC=96.84846484490579%  Train=96.9194655418396s
2026-06-01 17:58:30 | INFO |   DASVDD: AUCROC=99.91027204656478%  Train=49.23280048370361s
2026-06-01 17:58:30 | INFO |   LODA: AUCROC=76.04757313084552%  Train=2.654362678527832s
2026-06-01 17:58:30 | INFO |   COPOD: AUCROC=99.45244892468332%  Train=0.19751238822937012s
2026-06-01 17:58:30 | INFO |   ECOD: AUCROC=99.48523395241011%  Train=0.15388703346252441s
2026-06-01 17:58:30 | ERROR | Error with VAE on data_EdgeIIoTset.csv: VAE.__init__() got an unexpected keyword argument 'epochs'
2026-06-01 17:58:30 | ERROR | Error with DeepSVDD on data_EdgeIIoTset.csv: DeepSVDD.__init__() got an unexpected keyword argument 'device'
2026-06-01 17:58:30 | ERROR | Error with LUNAR on data_EdgeIIoTset.csv: LUNAR.__init__() got an unexpected keyword argument 'n_neighbors'
2026-06-01 17:58:30 | ERROR | Error with AE1SVM on data_EdgeIIoTset.csv: AE1SVM.__init__() got an unexpected keyword argument 'device'
2026-06-01 17:58:30 | INFO |   DevNet: AUCROC=0.5076721640394791%  Train=19.7516348361969s
2026-06-01 17:58:30 | INFO |   ALAD: AUCROC=64.957684017274%  Train=1.3522493839263916s
2026-06-01 17:58:30 | INFO | 
Processing Dataset: data_IoTID20.csv | Scaler: StandardScaler
2026-06-01 17:58:30 | INFO | --- Noise: 0% ---
2026-06-01 17:58:30 | INFO | Running 20 models SEQUENTIALLY (Stability Mode)...
2026-06-01 18:04:51 | INFO |   CBLOF: AUCROC=98.88648233028754%  Train=0.22619986534118652s
2026-06-01 18:04:51 | INFO |   KNN: AUCROC=99.15259241199014%  Train=0.53509521484375s
2026-06-01 18:04:51 | INFO |   LOF: AUCROC=96.46666017209893%  Train=0.46836209297180176s
2026-06-01 18:04:51 | INFO |   HBOS: AUCROC=94.06162625145984%  Train=0.09460878372192383s
2026-06-01 18:04:51 | INFO |   IForest: AUCROC=90.85211430601971%  Train=0.6530203819274902s
2026-06-01 18:04:51 | INFO |   PCA: AUCROC=97.18072187501882%  Train=0.17592978477478027s
2026-06-01 18:04:51 | INFO |   OCSVM: AUCROC=98.24593651501547%  Train=9.55539083480835s
2026-06-01 18:04:51 | ERROR | Error with AutoEncoder on data_IoTID20.csv: AutoEncoder.__init__() got an unexpected keyword argument 'epochs'
2026-06-01 18:04:51 | INFO |   DIF: AUCROC=95.40416707130571%  Train=3.765676736831665s
2026-06-01 18:04:51 | INFO |   NeuTraLAD: AUCROC=97.8568269744166%  Train=84.72781944274902s
2026-06-01 18:04:51 | INFO |   DASVDD: AUCROC=97.2201794255298%  Train=40.821720600128174s
2026-06-01 18:04:51 | INFO |   LODA: AUCROC=84.30855091216%  Train=1.6330394744873047s
2026-06-01 18:04:51 | INFO |   COPOD: AUCROC=93.62170193122863%  Train=0.2664761543273926s
2026-06-01 18:04:51 | INFO |   ECOD: AUCROC=92.26652607478675%  Train=0.20511364936828613s
2026-06-01 18:04:51 | ERROR | Error with VAE on data_IoTID20.csv: VAE.__init__() got an unexpected keyword argument 'epochs'
2026-06-01 18:04:51 | ERROR | Error with DeepSVDD on data_IoTID20.csv: DeepSVDD.__init__() got an unexpected keyword argument 'device'
2026-06-01 18:04:51 | ERROR | Error with LUNAR on data_IoTID20.csv: LUNAR.__init__() got an unexpected keyword argument 'n_neighbors'
2026-06-01 18:04:51 | ERROR | Error with AE1SVM on data_IoTID20.csv: AE1SVM.__init__() got an unexpected keyword argument 'device'
2026-06-01 18:04:51 | INFO |   DevNet: AUCROC=76.79236242647934%  Train=10.301686525344849s
2026-06-01 18:04:51 | INFO |   ALAD: AUCROC=47.799224557766095%  Train=1.1633679866790771s
2026-06-01 18:04:51 | INFO | --- Noise: 1% ---
2026-06-01 18:04:51 | INFO | Running 20 models SEQUENTIALLY (Stability Mode)...
2026-06-01 18:10:55 | INFO |   CBLOF: AUCROC=97.7026299413864%  Train=0.22269916534423828s
2026-06-01 18:10:55 | INFO |   KNN: AUCROC=97.86625032774808%  Train=0.531857967376709s
2026-06-01 18:10:55 | INFO |   LOF: AUCROC=62.87436040014369%  Train=0.4341862201690674s
2026-06-01 18:10:55 | INFO |   HBOS: AUCROC=94.12563105571081%  Train=0.08206820487976074s
2026-06-01 18:10:55 | INFO |   IForest: AUCROC=95.80985377991851%  Train=0.58620285987854s
2026-06-01 18:10:55 | INFO |   PCA: AUCROC=96.99422492051085%  Train=0.16052722930908203s
2026-06-01 18:10:55 | INFO |   OCSVM: AUCROC=97.72549411289305%  Train=9.27764630317688s
2026-06-01 18:10:55 | ERROR | Error with AutoEncoder on data_IoTID20.csv: AutoEncoder.__init__() got an unexpected keyword argument 'epochs'
2026-06-01 18:10:55 | INFO |   DIF: AUCROC=94.94423457463238%  Train=3.5598056316375732s
2026-06-01 18:10:55 | INFO |   NeuTraLAD: AUCROC=96.68261249607217%  Train=80.85738611221313s
2026-06-01 18:10:55 | INFO |   DASVDD: AUCROC=96.3732066734964%  Train=39.71224117279053s
2026-06-01 18:10:55 | INFO |   LODA: AUCROC=91.24473018847242%  Train=1.7535758018493652s
2026-06-01 18:10:55 | INFO |   COPOD: AUCROC=93.50801902384511%  Train=0.29459095001220703s
2026-06-01 18:10:55 | INFO |   ECOD: AUCROC=92.11126865227013%  Train=0.2764465808868408s
2026-06-01 18:10:55 | ERROR | Error with VAE on data_IoTID20.csv: VAE.__init__() got an unexpected keyword argument 'epochs'
2026-06-01 18:10:55 | ERROR | Error with DeepSVDD on data_IoTID20.csv: DeepSVDD.__init__() got an unexpected keyword argument 'device'
2026-06-01 18:10:55 | ERROR | Error with LUNAR on data_IoTID20.csv: LUNAR.__init__() got an unexpected keyword argument 'n_neighbors'
2026-06-01 18:10:55 | ERROR | Error with AE1SVM on data_IoTID20.csv: AE1SVM.__init__() got an unexpected keyword argument 'device'
2026-06-01 18:10:55 | INFO |   DevNet: AUCROC=55.2135098045214%  Train=10.473613023757935s
2026-06-01 18:10:55 | INFO |   ALAD: AUCROC=57.623056102003666%  Train=1.21262526512146s
2026-06-01 18:10:55 | INFO | --- Noise: 3% ---
2026-06-01 18:10:55 | INFO | Running 20 models SEQUENTIALLY (Stability Mode)...
2026-06-01 18:17:26 | INFO |   CBLOF: AUCROC=90.63205964790033%  Train=0.2815513610839844s
2026-06-01 18:17:26 | INFO |   KNN: AUCROC=93.35213890858154%  Train=0.514268159866333s
2026-06-01 18:17:26 | INFO |   LOF: AUCROC=52.24257309688123%  Train=0.3969264030456543s
2026-06-01 18:17:26 | INFO |   HBOS: AUCROC=94.00208805184404%  Train=0.08769106864929199s
2026-06-01 18:17:26 | INFO |   IForest: AUCROC=95.63520038424244%  Train=0.5747909545898438s
2026-06-01 18:17:26 | INFO |   PCA: AUCROC=96.31578353132738%  Train=0.1915578842163086s
2026-06-01 18:17:26 | INFO |   OCSVM: AUCROC=96.66365898759047%  Train=11.374449968338013s
2026-06-01 18:17:26 | ERROR | Error with AutoEncoder on data_IoTID20.csv: AutoEncoder.__init__() got an unexpected keyword argument 'epochs'
2026-06-01 18:17:26 | INFO |   DIF: AUCROC=92.7153530894829%  Train=3.602957248687744s
2026-06-01 18:17:26 | INFO |   NeuTraLAD: AUCROC=94.78189485650833%  Train=81.6211256980896s
2026-06-01 18:17:26 | INFO |   DASVDD: AUCROC=96.50592700507639%  Train=41.7270622253418s
2026-06-01 18:17:26 | INFO |   LODA: AUCROC=87.76477601255563%  Train=2.3070714473724365s
2026-06-01 18:17:26 | INFO |   COPOD: AUCROC=93.26892026641562%  Train=0.30587220191955566s
2026-06-01 18:17:26 | INFO |   ECOD: AUCROC=91.80428398878244%  Train=0.2833700180053711s
2026-06-01 18:17:26 | ERROR | Error with VAE on data_IoTID20.csv: VAE.__init__() got an unexpected keyword argument 'epochs'
2026-06-01 18:17:26 | ERROR | Error with DeepSVDD on data_IoTID20.csv: DeepSVDD.__init__() got an unexpected keyword argument 'device'
2026-06-01 18:17:26 | ERROR | Error with LUNAR on data_IoTID20.csv: LUNAR.__init__() got an unexpected keyword argument 'n_neighbors'
2026-06-01 18:17:26 | ERROR | Error with AE1SVM on data_IoTID20.csv: AE1SVM.__init__() got an unexpected keyword argument 'device'
2026-06-01 18:17:26 | INFO |   DevNet: AUCROC=30.986216195412542%  Train=14.875884294509888s
2026-06-01 18:17:26 | INFO |   ALAD: AUCROC=58.964810212023735%  Train=1.3780810832977295s
2026-06-01 18:17:26 | INFO | --- Noise: 5% ---
2026-06-01 18:17:26 | INFO | Running 20 models SEQUENTIALLY (Stability Mode)...
2026-06-01 18:23:42 | INFO |   CBLOF: AUCROC=97.83182199859617%  Train=0.3119523525238037s
2026-06-01 18:23:42 | INFO |   KNN: AUCROC=91.660143491295%  Train=0.56982421875s
2026-06-01 18:23:42 | INFO |   LOF: AUCROC=50.8367731783405%  Train=0.5028767585754395s
2026-06-01 18:23:42 | INFO |   HBOS: AUCROC=93.78685377938453%  Train=0.0844430923461914s
2026-06-01 18:23:42 | INFO |   IForest: AUCROC=95.41900584900162%  Train=0.6247367858886719s
2026-06-01 18:23:42 | INFO |   PCA: AUCROC=95.74530543069703%  Train=0.19841647148132324s
2026-06-01 18:23:42 | INFO |   OCSVM: AUCROC=95.53104477124612%  Train=11.265590906143188s
2026-06-01 18:23:42 | ERROR | Error with AutoEncoder on data_IoTID20.csv: AutoEncoder.__init__() got an unexpected keyword argument 'epochs'
2026-06-01 18:23:42 | INFO |   DIF: AUCROC=90.56761619332228%  Train=3.6257057189941406s
2026-06-01 18:23:42 | INFO |   NeuTraLAD: AUCROC=76.02456415131347%  Train=82.31104898452759s
2026-06-01 18:23:42 | INFO |   DASVDD: AUCROC=None%  Train=38.622199296951294s
2026-06-01 18:23:42 | INFO |   LODA: AUCROC=87.08266521802715%  Train=1.6400115489959717s
2026-06-01 18:23:42 | INFO |   COPOD: AUCROC=93.04806936259378%  Train=0.28435468673706055s
2026-06-01 18:23:42 | INFO |   ECOD: AUCROC=91.51832784054122%  Train=0.25057291984558105s
2026-06-01 18:23:42 | ERROR | Error with VAE on data_IoTID20.csv: VAE.__init__() got an unexpected keyword argument 'epochs'
2026-06-01 18:23:42 | ERROR | Error with DeepSVDD on data_IoTID20.csv: DeepSVDD.__init__() got an unexpected keyword argument 'device'
2026-06-01 18:23:42 | ERROR | Error with LUNAR on data_IoTID20.csv: LUNAR.__init__() got an unexpected keyword argument 'n_neighbors'
2026-06-01 18:23:42 | ERROR | Error with AE1SVM on data_IoTID20.csv: AE1SVM.__init__() got an unexpected keyword argument 'device'
2026-06-01 18:23:42 | INFO |   DevNet: AUCROC=23.63047169557271%  Train=10.716111183166504s
2026-06-01 18:23:42 | INFO |   ALAD: AUCROC=63.17273035264206%  Train=1.3180720806121826s
2026-06-01 18:23:42 | INFO | 
Processing Dataset: data_IoTID20.csv | Scaler: MinMaxScaler
2026-06-01 18:23:42 | INFO | --- Noise: 0% ---
2026-06-01 18:23:42 | INFO | Running 20 models SEQUENTIALLY (Stability Mode)...
2026-06-01 18:30:05 | INFO |   CBLOF: AUCROC=97.5888726541648%  Train=0.25661802291870117s
2026-06-01 18:30:05 | INFO |   KNN: AUCROC=99.23459522987986%  Train=0.5370669364929199s
2026-06-01 18:30:05 | INFO |   LOF: AUCROC=98.54362846668214%  Train=0.4750406742095947s
2026-06-01 18:30:05 | INFO |   HBOS: AUCROC=95.41964570632659%  Train=0.07568240165710449s
2026-06-01 18:30:05 | INFO |   IForest: AUCROC=86.3482663509198%  Train=0.6033251285552979s
2026-06-01 18:30:05 | INFO |   PCA: AUCROC=97.18072187501882%  Train=0.20972108840942383s
2026-06-01 18:30:05 | INFO |   OCSVM: AUCROC=95.98380533507125%  Train=9.052336931228638s
2026-06-01 18:30:05 | ERROR | Error with AutoEncoder on data_IoTID20.csv: AutoEncoder.__init__() got an unexpected keyword argument 'epochs'
2026-06-01 18:30:05 | INFO |   DIF: AUCROC=97.46032331504301%  Train=3.2957942485809326s
2026-06-01 18:30:05 | INFO |   NeuTraLAD: AUCROC=98.73534726725805%  Train=80.69106912612915s
2026-06-01 18:30:05 | INFO |   DASVDD: AUCROC=96.19609778957616%  Train=39.46693444252014s
2026-06-01 18:30:05 | INFO |   LODA: AUCROC=91.06538895582226%  Train=2.351781129837036s
2026-06-01 18:30:05 | INFO |   COPOD: AUCROC=93.62166950924794%  Train=0.24212193489074707s
2026-06-01 18:30:05 | INFO |   ECOD: AUCROC=92.26654896089077%  Train=0.21985507011413574s
2026-06-01 18:30:05 | ERROR | Error with VAE on data_IoTID20.csv: VAE.__init__() got an unexpected keyword argument 'epochs'
2026-06-01 18:30:05 | ERROR | Error with DeepSVDD on data_IoTID20.csv: DeepSVDD.__init__() got an unexpected keyword argument 'device'
2026-06-01 18:30:05 | ERROR | Error with LUNAR on data_IoTID20.csv: LUNAR.__init__() got an unexpected keyword argument 'n_neighbors'
2026-06-01 18:30:05 | ERROR | Error with AE1SVM on data_IoTID20.csv: AE1SVM.__init__() got an unexpected keyword argument 'device'
2026-06-01 18:30:05 | INFO |   DevNet: AUCROC=66.25448062237386%  Train=18.673712968826294s
2026-06-01 18:30:05 | INFO |   ALAD: AUCROC=46.79312758522385%  Train=1.5141706466674805s
2026-06-01 18:30:05 | INFO | --- Noise: 1% ---
2026-06-01 18:30:05 | INFO | Running 20 models SEQUENTIALLY (Stability Mode)...
2026-06-01 18:36:28 | INFO |   CBLOF: AUCROC=97.61532136171402%  Train=0.24968934059143066s
2026-06-01 18:36:28 | INFO |   KNN: AUCROC=98.51521441494994%  Train=0.5985939502716064s
2026-06-01 18:36:28 | INFO |   LOF: AUCROC=65.41729263339795%  Train=0.45848941802978516s
2026-06-01 18:36:28 | INFO |   HBOS: AUCROC=95.66969355735574%  Train=0.07822942733764648s
2026-06-01 18:36:28 | INFO |   IForest: AUCROC=95.80985377991851%  Train=0.616034984588623s
2026-06-01 18:36:28 | INFO |   PCA: AUCROC=96.99422492051085%  Train=0.15879535675048828s
2026-06-01 18:36:28 | INFO |   OCSVM: AUCROC=95.56440031427199%  Train=9.577582120895386s
2026-06-01 18:36:28 | ERROR | Error with AutoEncoder on data_IoTID20.csv: AutoEncoder.__init__() got an unexpected keyword argument 'epochs'
2026-06-01 18:36:28 | INFO |   DIF: AUCROC=97.65523091277946%  Train=3.44602108001709s
2026-06-01 18:36:28 | INFO |   NeuTraLAD: AUCROC=97.42896267741786%  Train=83.24959063529968s
2026-06-01 18:36:28 | INFO |   DASVDD: AUCROC=96.41630120737167%  Train=39.887768507003784s
2026-06-01 18:36:28 | INFO |   LODA: AUCROC=87.1433706089481%  Train=2.4735541343688965s
2026-06-01 18:36:28 | INFO |   COPOD: AUCROC=93.50801902384511%  Train=0.2705705165863037s
2026-06-01 18:36:28 | INFO |   ECOD: AUCROC=92.11128009532214%  Train=0.23774933815002441s
2026-06-01 18:36:28 | ERROR | Error with VAE on data_IoTID20.csv: VAE.__init__() got an unexpected keyword argument 'epochs'
2026-06-01 18:36:28 | ERROR | Error with DeepSVDD on data_IoTID20.csv: DeepSVDD.__init__() got an unexpected keyword argument 'device'
2026-06-01 18:36:28 | ERROR | Error with LUNAR on data_IoTID20.csv: LUNAR.__init__() got an unexpected keyword argument 'n_neighbors'
2026-06-01 18:36:28 | ERROR | Error with AE1SVM on data_IoTID20.csv: AE1SVM.__init__() got an unexpected keyword argument 'device'
2026-06-01 18:36:28 | INFO |   DevNet: AUCROC=51.11770487316102%  Train=11.484262704849243s
2026-06-01 18:36:28 | INFO |   ALAD: AUCROC=45.37428640174068%  Train=1.232069969177246s
2026-06-01 18:36:28 | INFO | --- Noise: 3% ---
2026-06-01 18:36:28 | INFO | Running 20 models SEQUENTIALLY (Stability Mode)...
2026-06-01 18:42:34 | INFO |   CBLOF: AUCROC=97.20604916347094%  Train=0.25660085678100586s
2026-06-01 18:42:34 | INFO |   KNN: AUCROC=94.98103733707669%  Train=0.5314154624938965s
2026-06-01 18:42:34 | INFO |   LOF: AUCROC=55.22477548922671%  Train=0.4579660892486572s
2026-06-01 18:42:34 | INFO |   HBOS: AUCROC=95.48523155893045%  Train=0.08108258247375488s
2026-06-01 18:42:34 | INFO |   IForest: AUCROC=95.63520038424244%  Train=0.597759485244751s
2026-06-01 18:42:34 | INFO |   PCA: AUCROC=96.31578353132738%  Train=0.1853945255279541s
2026-06-01 18:42:34 | INFO |   OCSVM: AUCROC=94.14444152604237%  Train=9.372076034545898s
2026-06-01 18:42:34 | ERROR | Error with AutoEncoder on data_IoTID20.csv: AutoEncoder.__init__() got an unexpected keyword argument 'epochs'
2026-06-01 18:42:34 | INFO |   DIF: AUCROC=97.14801000366865%  Train=3.20658540725708s
2026-06-01 18:42:34 | INFO |   NeuTraLAD: AUCROC=96.7386329107821%  Train=83.57617235183716s
2026-06-01 18:42:34 | INFO |   DASVDD: AUCROC=95.59088811891559%  Train=40.81679439544678s
2026-06-01 18:42:34 | INFO |   LODA: AUCROC=87.38468931846784%  Train=2.1510417461395264s
2026-06-01 18:42:34 | INFO |   COPOD: AUCROC=93.26891645206496%  Train=0.304119348526001s
2026-06-01 18:42:34 | INFO |   ECOD: AUCROC=91.8043125964125%  Train=0.2809891700744629s
2026-06-01 18:42:34 | ERROR | Error with VAE on data_IoTID20.csv: VAE.__init__() got an unexpected keyword argument 'epochs'
2026-06-01 18:42:34 | ERROR | Error with DeepSVDD on data_IoTID20.csv: DeepSVDD.__init__() got an unexpected keyword argument 'device'
2026-06-01 18:42:34 | ERROR | Error with LUNAR on data_IoTID20.csv: LUNAR.__init__() got an unexpected keyword argument 'n_neighbors'
2026-06-01 18:42:34 | ERROR | Error with AE1SVM on data_IoTID20.csv: AE1SVM.__init__() got an unexpected keyword argument 'device'
2026-06-01 18:42:34 | INFO |   DevNet: AUCROC=48.639069241984004%  Train=11.330336332321167s
2026-06-01 18:42:34 | INFO |   ALAD: AUCROC=50.5250615807844%  Train=1.4292962551116943s
2026-06-01 18:42:34 | INFO | --- Noise: 5% ---
2026-06-01 18:42:34 | INFO | Running 20 models SEQUENTIALLY (Stability Mode)...
2026-06-01 18:48:55 | INFO |   CBLOF: AUCROC=97.7654198749488%  Train=0.23606634140014648s
2026-06-01 18:48:55 | INFO |   KNN: AUCROC=93.52253453532168%  Train=0.5372662544250488s
2026-06-01 18:48:55 | INFO |   LOF: AUCROC=50.4486076895326%  Train=0.45482850074768066s
2026-06-01 18:48:55 | INFO |   HBOS: AUCROC=95.24617094500766%  Train=0.07842516899108887s
2026-06-01 18:48:55 | INFO |   IForest: AUCROC=95.41900584900162%  Train=0.581453800201416s
2026-06-01 18:48:55 | INFO |   PCA: AUCROC=95.74530543069703%  Train=0.18176865577697754s
2026-06-01 18:48:55 | INFO |   OCSVM: AUCROC=92.33431471490286%  Train=10.016778230667114s
2026-06-01 18:48:55 | ERROR | Error with AutoEncoder on data_IoTID20.csv: AutoEncoder.__init__() got an unexpected keyword argument 'epochs'
2026-06-01 18:48:55 | INFO |   DIF: AUCROC=96.5969030829184%  Train=3.6593523025512695s
2026-06-01 18:48:55 | INFO |   NeuTraLAD: AUCROC=96.09393136045453%  Train=83.40467834472656s
2026-06-01 18:48:55 | INFO |   DASVDD: AUCROC=None%  Train=42.38515305519104s
2026-06-01 18:48:55 | INFO |   LODA: AUCROC=87.18929729819624%  Train=1.6951444149017334s
2026-06-01 18:48:55 | INFO |   COPOD: AUCROC=93.04804456931443%  Train=0.26967525482177734s
2026-06-01 18:48:55 | INFO |   ECOD: AUCROC=91.51833928359325%  Train=0.23771166801452637s
2026-06-01 18:48:55 | ERROR | Error with VAE on data_IoTID20.csv: VAE.__init__() got an unexpected keyword argument 'epochs'
2026-06-01 18:48:55 | ERROR | Error with DeepSVDD on data_IoTID20.csv: DeepSVDD.__init__() got an unexpected keyword argument 'device'
2026-06-01 18:48:55 | ERROR | Error with LUNAR on data_IoTID20.csv: LUNAR.__init__() got an unexpected keyword argument 'n_neighbors'
2026-06-01 18:48:55 | ERROR | Error with AE1SVM on data_IoTID20.csv: AE1SVM.__init__() got an unexpected keyword argument 'device'
2026-06-01 18:48:55 | INFO |   DevNet: AUCROC=48.21830821952137%  Train=10.382774114608765s
2026-06-01 18:48:55 | INFO |   ALAD: AUCROC=55.6989202564983%  Train=1.331972360610962s
2026-06-01 18:48:55 | INFO | 
Processing Dataset: data_IoTID20.csv | Scaler: Normalizer
2026-06-01 18:48:55 | INFO | --- Noise: 0% ---
2026-06-01 18:48:55 | INFO | Running 20 models SEQUENTIALLY (Stability Mode)...
2026-06-01 18:55:00 | INFO |   CBLOF: AUCROC=95.40987715425942%  Train=0.25304532051086426s
2026-06-01 18:55:00 | INFO |   KNN: AUCROC=98.03848351792375%  Train=0.6031839847564697s
2026-06-01 18:55:00 | INFO |   LOF: AUCROC=96.65938786842719%  Train=0.40034008026123047s
2026-06-01 18:55:00 | INFO |   HBOS: AUCROC=95.8824084511974%  Train=0.09453463554382324s
2026-06-01 18:55:00 | INFO |   IForest: AUCROC=93.00289410042775%  Train=0.5947213172912598s
2026-06-01 18:55:00 | INFO |   PCA: AUCROC=94.84155797610859%  Train=0.2044064998626709s
2026-06-01 18:55:00 | INFO |   OCSVM: AUCROC=90.4520060852625%  Train=8.920151472091675s
2026-06-01 18:55:00 | ERROR | Error with AutoEncoder on data_IoTID20.csv: AutoEncoder.__init__() got an unexpected keyword argument 'epochs'
2026-06-01 18:55:00 | INFO |   DIF: AUCROC=95.83765467478045%  Train=3.3865997791290283s
2026-06-01 18:55:00 | INFO |   NeuTraLAD: AUCROC=98.74122518164128%  Train=76.62022733688354s
2026-06-01 18:55:00 | INFO |   DASVDD: AUCROC=90.52801941901184%  Train=38.89139652252197s
2026-06-01 18:55:00 | INFO |   LODA: AUCROC=94.1116228528734%  Train=1.7198004722595215s
2026-06-01 18:55:00 | INFO |   COPOD: AUCROC=89.34277669929132%  Train=0.24243688583374023s
2026-06-01 18:55:00 | INFO |   ECOD: AUCROC=88.98211267881771%  Train=0.2351062297821045s
2026-06-01 18:55:00 | ERROR | Error with VAE on data_IoTID20.csv: VAE.__init__() got an unexpected keyword argument 'epochs'
2026-06-01 18:55:00 | ERROR | Error with DeepSVDD on data_IoTID20.csv: DeepSVDD.__init__() got an unexpected keyword argument 'device'
2026-06-01 18:55:00 | ERROR | Error with LUNAR on data_IoTID20.csv: LUNAR.__init__() got an unexpected keyword argument 'n_neighbors'
2026-06-01 18:55:00 | ERROR | Error with AE1SVM on data_IoTID20.csv: AE1SVM.__init__() got an unexpected keyword argument 'device'
2026-06-01 18:55:00 | INFO |   DevNet: AUCROC=69.5843362850559%  Train=10.100370645523071s
2026-06-01 18:55:00 | INFO |   ALAD: AUCROC=49.92417643019651%  Train=1.321160078048706s
2026-06-01 18:55:00 | INFO | --- Noise: 1% ---
2026-06-01 18:55:01 | INFO | Running 20 models SEQUENTIALLY (Stability Mode)...
2026-06-01 19:01:24 | INFO |   CBLOF: AUCROC=96.24694403760155%  Train=0.2333080768585205s
2026-06-01 19:01:24 | INFO |   KNN: AUCROC=97.74606299888369%  Train=0.4564533233642578s
2026-06-01 19:01:24 | INFO |   LOF: AUCROC=60.23533418403525%  Train=0.44239306449890137s
2026-06-01 19:01:24 | INFO |   HBOS: AUCROC=96.28036156382579%  Train=0.09387636184692383s
2026-06-01 19:01:24 | INFO |   IForest: AUCROC=95.1765409271054%  Train=0.624176025390625s
2026-06-01 19:01:24 | INFO |   PCA: AUCROC=94.47500078384905%  Train=0.17840290069580078s
2026-06-01 19:01:24 | INFO |   OCSVM: AUCROC=89.77598585516711%  Train=9.42410135269165s
2026-06-01 19:01:24 | ERROR | Error with AutoEncoder on data_IoTID20.csv: AutoEncoder.__init__() got an unexpected keyword argument 'epochs'
2026-06-01 19:01:24 | INFO |   DIF: AUCROC=95.72342440807572%  Train=3.2057981491088867s
2026-06-01 19:01:24 | INFO |   NeuTraLAD: AUCROC=98.13902980159807%  Train=81.0818932056427s
2026-06-01 19:01:24 | INFO |   DASVDD: AUCROC=88.98440128921999%  Train=40.920039653778076s
2026-06-01 19:01:24 | INFO |   LODA: AUCROC=94.32825889920433%  Train=2.5913290977478027s
2026-06-01 19:01:24 | INFO |   COPOD: AUCROC=89.23280706228552%  Train=0.2658500671386719s
2026-06-01 19:01:24 | INFO |   ECOD: AUCROC=88.85083417179118%  Train=0.24449872970581055s
2026-06-01 19:01:24 | ERROR | Error with VAE on data_IoTID20.csv: VAE.__init__() got an unexpected keyword argument 'epochs'
2026-06-01 19:01:24 | ERROR | Error with DeepSVDD on data_IoTID20.csv: DeepSVDD.__init__() got an unexpected keyword argument 'device'
2026-06-01 19:01:24 | ERROR | Error with LUNAR on data_IoTID20.csv: LUNAR.__init__() got an unexpected keyword argument 'n_neighbors'
2026-06-01 19:01:24 | ERROR | Error with AE1SVM on data_IoTID20.csv: AE1SVM.__init__() got an unexpected keyword argument 'device'
2026-06-01 19:01:24 | INFO |   DevNet: AUCROC=69.42884237279769%  Train=17.866102933883667s
2026-06-01 19:01:24 | INFO |   ALAD: AUCROC=49.63650382415355%  Train=1.6189627647399902s
2026-06-01 19:01:24 | INFO | --- Noise: 3% ---
2026-06-01 19:01:24 | INFO | Running 20 models SEQUENTIALLY (Stability Mode)...
2026-06-01 19:07:45 | INFO |   CBLOF: AUCROC=95.89026792075396%  Train=0.218458890914917s
2026-06-01 19:07:45 | INFO |   KNN: AUCROC=95.22229787774869%  Train=0.5758326053619385s
2026-06-01 19:07:45 | INFO |   LOF: AUCROC=61.83823590553561%  Train=0.47972941398620605s
2026-06-01 19:07:45 | INFO |   HBOS: AUCROC=95.95702668618901%  Train=0.10001111030578613s
2026-06-01 19:07:45 | INFO |   IForest: AUCROC=94.88511786076566%  Train=0.6266100406646729s
2026-06-01 19:07:45 | INFO |   PCA: AUCROC=94.0992166773176%  Train=0.21787357330322266s
2026-06-01 19:07:45 | INFO |   OCSVM: AUCROC=88.4430133339782%  Train=9.055509090423584s
2026-06-01 19:07:45 | ERROR | Error with AutoEncoder on data_IoTID20.csv: AutoEncoder.__init__() got an unexpected keyword argument 'epochs'
2026-06-01 19:07:45 | INFO |   DIF: AUCROC=95.61714324816829%  Train=3.0183658599853516s
2026-06-01 19:07:45 | INFO |   NeuTraLAD: AUCROC=97.57239942720659%  Train=81.54424595832825s
2026-06-01 19:07:45 | INFO |   DASVDD: AUCROC=88.23654920729783%  Train=41.407952070236206s
2026-06-01 19:07:45 | INFO |   LODA: AUCROC=93.8186616496258%  Train=2.13568115234375s
2026-06-01 19:07:45 | INFO |   COPOD: AUCROC=88.6468179046536%  Train=0.2706005573272705s
2026-06-01 19:07:45 | INFO |   ECOD: AUCROC=88.6100971507487%  Train=0.24645376205444336s
2026-06-01 19:07:45 | ERROR | Error with VAE on data_IoTID20.csv: VAE.__init__() got an unexpected keyword argument 'epochs'
2026-06-01 19:07:45 | ERROR | Error with DeepSVDD on data_IoTID20.csv: DeepSVDD.__init__() got an unexpected keyword argument 'device'
2026-06-01 19:07:45 | ERROR | Error with LUNAR on data_IoTID20.csv: LUNAR.__init__() got an unexpected keyword argument 'n_neighbors'
2026-06-01 19:07:45 | ERROR | Error with AE1SVM on data_IoTID20.csv: AE1SVM.__init__() got an unexpected keyword argument 'device'
2026-06-01 19:07:45 | INFO |   DevNet: AUCROC=69.26164793985777%  Train=10.225175142288208s
2026-06-01 19:07:45 | INFO |   ALAD: AUCROC=49.74642292101296%  Train=1.2851223945617676s
2026-06-01 19:07:45 | INFO | --- Noise: 5% ---
2026-06-01 19:07:45 | INFO | Running 20 models SEQUENTIALLY (Stability Mode)...
2026-06-01 19:13:51 | INFO |   CBLOF: AUCROC=95.59785216965226%  Train=0.23575973510742188s
2026-06-01 19:13:51 | INFO |   KNN: AUCROC=94.04358246561306%  Train=0.5504322052001953s
2026-06-01 19:13:51 | INFO |   LOF: AUCROC=55.050153561943645%  Train=0.4858570098876953s
2026-06-01 19:13:51 | INFO |   HBOS: AUCROC=95.49063840100591%  Train=0.0985713005065918s
2026-06-01 19:13:51 | INFO |   IForest: AUCROC=93.36665918799643%  Train=0.5886476039886475s
2026-06-01 19:13:51 | INFO |   PCA: AUCROC=93.65844557123752%  Train=0.1933746337890625s
2026-06-01 19:13:51 | INFO |   OCSVM: AUCROC=87.00866872219483%  Train=9.01859736442566s
2026-06-01 19:13:51 | ERROR | Error with AutoEncoder on data_IoTID20.csv: AutoEncoder.__init__() got an unexpected keyword argument 'epochs'
2026-06-01 19:13:51 | INFO |   DIF: AUCROC=94.97012447980839%  Train=3.673447608947754s
2026-06-01 19:13:51 | INFO |   NeuTraLAD: AUCROC=96.00165554262152%  Train=85.88722395896912s
2026-06-01 19:13:51 | INFO |   DASVDD: AUCROC=None%  Train=40.89103889465332s
2026-06-01 19:13:51 | INFO |   LODA: AUCROC=93.3833584152319%  Train=1.6424081325531006s
2026-06-01 19:13:51 | INFO |   COPOD: AUCROC=87.58468716717407%  Train=0.2813138961791992s
2026-06-01 19:13:51 | INFO |   ECOD: AUCROC=88.36384839298736%  Train=0.24733686447143555s
2026-06-01 19:13:51 | ERROR | Error with VAE on data_IoTID20.csv: VAE.__init__() got an unexpected keyword argument 'epochs'
2026-06-01 19:13:51 | ERROR | Error with DeepSVDD on data_IoTID20.csv: DeepSVDD.__init__() got an unexpected keyword argument 'device'
2026-06-01 19:13:51 | ERROR | Error with LUNAR on data_IoTID20.csv: LUNAR.__init__() got an unexpected keyword argument 'n_neighbors'
2026-06-01 19:13:51 | ERROR | Error with AE1SVM on data_IoTID20.csv: AE1SVM.__init__() got an unexpected keyword argument 'device'
2026-06-01 19:13:51 | INFO |   DevNet: AUCROC=69.21205089167695%  Train=9.763524293899536s
2026-06-01 19:13:51 | INFO |   ALAD: AUCROC=51.22072857759583%  Train=1.3291144371032715s
2026-06-01 19:13:51 | INFO | 
Processing Dataset: data_IoTID20.csv | Scaler: QuantileTransformer
2026-06-01 19:13:51 | INFO | --- Noise: 0% ---
2026-06-01 19:13:51 | INFO | Running 20 models SEQUENTIALLY (Stability Mode)...
2026-06-01 19:20:03 | INFO |   CBLOF: AUCROC=93.98620318847676%  Train=0.26639509201049805s
2026-06-01 19:20:03 | INFO |   KNN: AUCROC=97.89908711908271%  Train=0.5041437149047852s
2026-06-01 19:20:03 | INFO |   LOF: AUCROC=96.99363655691992%  Train=0.4477729797363281s
2026-06-01 19:20:03 | INFO |   HBOS: AUCROC=83.59155597357449%  Train=0.0766904354095459s
2026-06-01 19:20:03 | INFO |   IForest: AUCROC=84.14960596613268%  Train=0.6144609451293945s
2026-06-01 19:20:03 | INFO |   PCA: AUCROC=77.44905724890263%  Train=0.17702078819274902s
2026-06-01 19:20:03 | INFO |   OCSVM: AUCROC=71.31079531423804%  Train=9.000458240509033s
2026-06-01 19:20:03 | ERROR | Error with AutoEncoder on data_IoTID20.csv: AutoEncoder.__init__() got an unexpected keyword argument 'epochs'
2026-06-01 19:20:03 | INFO |   DIF: AUCROC=93.38653195498975%  Train=3.430806875228882s
2026-06-01 19:20:03 | INFO |   NeuTraLAD: AUCROC=98.06861593463302%  Train=79.8662519454956s
2026-06-01 19:20:03 | INFO |   DASVDD: AUCROC=90.59198989410675%  Train=39.64489483833313s
2026-06-01 19:20:03 | INFO |   LODA: AUCROC=85.86116328083287%  Train=1.7338411808013916s
2026-06-01 19:20:03 | INFO |   COPOD: AUCROC=64.12570581698395%  Train=0.22780752182006836s
2026-06-01 19:20:03 | INFO |   ECOD: AUCROC=74.13922120571472%  Train=0.20978093147277832s
2026-06-01 19:20:03 | ERROR | Error with VAE on data_IoTID20.csv: VAE.__init__() got an unexpected keyword argument 'epochs'
2026-06-01 19:20:03 | ERROR | Error with DeepSVDD on data_IoTID20.csv: DeepSVDD.__init__() got an unexpected keyword argument 'device'
2026-06-01 19:20:03 | ERROR | Error with LUNAR on data_IoTID20.csv: LUNAR.__init__() got an unexpected keyword argument 'n_neighbors'
2026-06-01 19:20:03 | ERROR | Error with AE1SVM on data_IoTID20.csv: AE1SVM.__init__() got an unexpected keyword argument 'device'
2026-06-01 19:20:03 | INFO |   DevNet: AUCROC=70.15284904150326%  Train=11.04511833190918s
2026-06-01 19:20:03 | INFO |   ALAD: AUCROC=46.682541930584776%  Train=1.2198588848114014s
2026-06-01 19:20:03 | INFO | --- Noise: 1% ---
2026-06-01 19:20:03 | INFO | Running 20 models SEQUENTIALLY (Stability Mode)...
2026-06-01 19:26:04 | INFO |   CBLOF: AUCROC=94.52977867382808%  Train=0.22645831108093262s
2026-06-01 19:26:04 | INFO |   KNN: AUCROC=96.77256537434685%  Train=0.5167191028594971s
2026-06-01 19:26:04 | INFO |   LOF: AUCROC=63.01453492652149%  Train=0.43338561058044434s
2026-06-01 19:26:04 | INFO |   HBOS: AUCROC=84.13716069348253%  Train=0.0852808952331543s
2026-06-01 19:26:04 | INFO |   IForest: AUCROC=87.6157102347649%  Train=0.6153502464294434s
2026-06-01 19:26:04 | INFO |   PCA: AUCROC=93.07015445297597%  Train=0.19134736061096191s
2026-06-01 19:26:04 | INFO |   OCSVM: AUCROC=70.104811109159%  Train=8.370360612869263s
2026-06-01 19:26:04 | ERROR | Error with AutoEncoder on data_IoTID20.csv: AutoEncoder.__init__() got an unexpected keyword argument 'epochs'
2026-06-01 19:26:04 | INFO |   DIF: AUCROC=93.11445622883848%  Train=3.231017589569092s
2026-06-01 19:26:04 | INFO |   NeuTraLAD: AUCROC=97.435084710244%  Train=76.83842039108276s
2026-06-01 19:26:04 | INFO |   DASVDD: AUCROC=91.04509279590455%  Train=39.508399963378906s
2026-06-01 19:26:04 | INFO |   LODA: AUCROC=89.08892975499434%  Train=1.7053663730621338s
2026-06-01 19:26:04 | INFO |   COPOD: AUCROC=63.48477475229416%  Train=0.2566511631011963s
2026-06-01 19:26:04 | INFO |   ECOD: AUCROC=73.44764128564672%  Train=0.21735024452209473s
2026-06-01 19:26:04 | ERROR | Error with VAE on data_IoTID20.csv: VAE.__init__() got an unexpected keyword argument 'epochs'
2026-06-01 19:26:04 | ERROR | Error with DeepSVDD on data_IoTID20.csv: DeepSVDD.__init__() got an unexpected keyword argument 'device'
2026-06-01 19:26:04 | ERROR | Error with LUNAR on data_IoTID20.csv: LUNAR.__init__() got an unexpected keyword argument 'n_neighbors'
2026-06-01 19:26:04 | ERROR | Error with AE1SVM on data_IoTID20.csv: AE1SVM.__init__() got an unexpected keyword argument 'device'
2026-06-01 19:26:04 | INFO |   DevNet: AUCROC=69.68601257011635%  Train=9.675459861755371s
2026-06-01 19:26:04 | INFO |   ALAD: AUCROC=46.91522590377415%  Train=1.1975271701812744s
2026-06-01 19:26:04 | INFO | --- Noise: 3% ---
2026-06-01 19:26:04 | INFO | Running 20 models SEQUENTIALLY (Stability Mode)...
2026-06-01 19:32:23 | INFO |   CBLOF: AUCROC=92.57903963957132%  Train=0.2844812870025635s
2026-06-01 19:32:23 | INFO |   KNN: AUCROC=91.23954076438518%  Train=0.5186207294464111s
2026-06-01 19:32:23 | INFO |   LOF: AUCROC=49.996634789120954%  Train=0.4533679485321045s
2026-06-01 19:32:23 | INFO |   HBOS: AUCROC=80.58162325185448%  Train=0.08488130569458008s
2026-06-01 19:32:23 | INFO |   IForest: AUCROC=89.91623094703232%  Train=0.5746238231658936s
2026-06-01 19:32:23 | INFO |   PCA: AUCROC=92.55027752834044%  Train=0.18207144737243652s
2026-06-01 19:32:23 | INFO |   OCSVM: AUCROC=68.29649611458797%  Train=8.791352987289429s
2026-06-01 19:32:23 | ERROR | Error with AutoEncoder on data_IoTID20.csv: AutoEncoder.__init__() got an unexpected keyword argument 'epochs'
2026-06-01 19:32:23 | INFO |   DIF: AUCROC=91.55973070989414%  Train=3.2158637046813965s
2026-06-01 19:32:23 | INFO |   NeuTraLAD: AUCROC=96.62718044495317%  Train=82.66108989715576s
2026-06-01 19:32:23 | INFO |   DASVDD: AUCROC=91.29377797015667%  Train=42.67137837409973s
2026-06-01 19:32:23 | INFO |   LODA: AUCROC=88.29595867257851%  Train=2.2011308670043945s
2026-06-01 19:32:23 | INFO |   COPOD: AUCROC=62.386878755752704%  Train=0.2749061584472656s
2026-06-01 19:32:23 | INFO |   ECOD: AUCROC=71.99539974051734%  Train=0.22925496101379395s
2026-06-01 19:32:23 | ERROR | Error with VAE on data_IoTID20.csv: VAE.__init__() got an unexpected keyword argument 'epochs'
2026-06-01 19:32:23 | ERROR | Error with DeepSVDD on data_IoTID20.csv: DeepSVDD.__init__() got an unexpected keyword argument 'device'
2026-06-01 19:32:23 | ERROR | Error with LUNAR on data_IoTID20.csv: LUNAR.__init__() got an unexpected keyword argument 'n_neighbors'
2026-06-01 19:32:23 | ERROR | Error with AE1SVM on data_IoTID20.csv: AE1SVM.__init__() got an unexpected keyword argument 'device'
2026-06-01 19:32:23 | INFO |   DevNet: AUCROC=69.12641299759825%  Train=19.319363117218018s
2026-06-01 19:32:23 | INFO |   ALAD: AUCROC=51.08952921834571%  Train=1.2989048957824707s
2026-06-01 19:32:23 | INFO | --- Noise: 5% ---
2026-06-01 19:32:23 | INFO | Running 20 models SEQUENTIALLY (Stability Mode)...
2026-06-01 19:38:49 | INFO |   CBLOF: AUCROC=95.39961178301746%  Train=0.35952186584472656s
2026-06-01 19:38:49 | INFO |   KNN: AUCROC=86.45963299385866%  Train=0.5531470775604248s
2026-06-01 19:38:49 | INFO |   LOF: AUCROC=51.55171599626529%  Train=0.5170977115631104s
2026-06-01 19:38:49 | INFO |   HBOS: AUCROC=77.99629069654696%  Train=0.07858085632324219s
2026-06-01 19:38:49 | INFO |   IForest: AUCROC=89.46774913107186%  Train=0.5976510047912598s
2026-06-01 19:38:49 | INFO |   PCA: AUCROC=92.0027732617985%  Train=0.20264625549316406s
2026-06-01 19:38:49 | INFO |   OCSVM: AUCROC=67.11722666801747%  Train=10.165623664855957s
2026-06-01 19:38:49 | ERROR | Error with AutoEncoder on data_IoTID20.csv: AutoEncoder.__init__() got an unexpected keyword argument 'epochs'
2026-06-01 19:38:49 | INFO |   DIF: AUCROC=91.09755156067591%  Train=3.6950836181640625s
2026-06-01 19:38:49 | INFO |   NeuTraLAD: AUCROC=95.34329003460456%  Train=83.87129068374634s
2026-06-01 19:38:49 | INFO |   DASVDD: AUCROC=None%  Train=41.84270119667053s
2026-06-01 19:38:49 | INFO |   LODA: AUCROC=86.30737365096907%  Train=1.6695849895477295s
2026-06-01 19:38:49 | INFO |   COPOD: AUCROC=61.270183731931716%  Train=0.25182533264160156s
2026-06-01 19:38:49 | INFO |   ECOD: AUCROC=70.78284626999607%  Train=0.22558832168579102s
2026-06-01 19:38:49 | ERROR | Error with VAE on data_IoTID20.csv: VAE.__init__() got an unexpected keyword argument 'epochs'
2026-06-01 19:38:49 | ERROR | Error with DeepSVDD on data_IoTID20.csv: DeepSVDD.__init__() got an unexpected keyword argument 'device'
2026-06-01 19:38:49 | ERROR | Error with LUNAR on data_IoTID20.csv: LUNAR.__init__() got an unexpected keyword argument 'n_neighbors'
2026-06-01 19:38:49 | ERROR | Error with AE1SVM on data_IoTID20.csv: AE1SVM.__init__() got an unexpected keyword argument 'device'
2026-06-01 19:38:49 | INFO |   DevNet: AUCROC=68.94275201281378%  Train=10.989878177642822s
2026-06-01 19:38:49 | INFO |   ALAD: AUCROC=54.850499958385434%  Train=1.2094535827636719s
2026-06-01 19:38:49 | INFO | 
Processing Dataset: data_IoTID20.csv | Scaler: RobustScaler
2026-06-01 19:38:49 | INFO | --- Noise: 0% ---
2026-06-01 19:38:49 | INFO | Running 20 models SEQUENTIALLY (Stability Mode)...
2026-06-01 19:44:56 | INFO |   CBLOF: AUCROC=98.27364967981195%  Train=0.2517251968383789s
2026-06-01 19:44:56 | INFO |   KNN: AUCROC=99.4344481332606%  Train=0.5113723278045654s
2026-06-01 19:44:56 | INFO |   LOF: AUCROC=98.56234167107161%  Train=0.42558836936950684s
2026-06-01 19:44:56 | INFO |   HBOS: AUCROC=95.05241718834905%  Train=0.0737917423248291s
2026-06-01 19:44:56 | INFO |   IForest: AUCROC=86.3482663509198%  Train=0.5860285758972168s
2026-06-01 19:44:56 | INFO |   PCA: AUCROC=97.18072187501882%  Train=0.1825096607208252s
2026-06-01 19:44:56 | INFO |   OCSVM: AUCROC=93.46752969147778%  Train=7.725338459014893s
2026-06-01 19:44:56 | ERROR | Error with AutoEncoder on data_IoTID20.csv: AutoEncoder.__init__() got an unexpected keyword argument 'epochs'
2026-06-01 19:44:56 | INFO |   DIF: AUCROC=88.97408347065631%  Train=3.4414360523223877s
2026-06-01 19:44:56 | INFO |   NeuTraLAD: AUCROC=92.83317170658091%  Train=78.55362439155579s
2026-06-01 19:44:56 | INFO |   DASVDD: AUCROC=90.43997753042308%  Train=39.72610592842102s
2026-06-01 19:44:56 | INFO |   LODA: AUCROC=92.17117875107633%  Train=2.4801950454711914s
2026-06-01 19:44:56 | INFO |   COPOD: AUCROC=93.62176296083935%  Train=0.24563932418823242s
2026-06-01 19:44:56 | INFO |   ECOD: AUCROC=92.26661952637816%  Train=0.2290506362915039s
2026-06-01 19:44:56 | ERROR | Error with VAE on data_IoTID20.csv: VAE.__init__() got an unexpected keyword argument 'epochs'
2026-06-01 19:44:56 | ERROR | Error with DeepSVDD on data_IoTID20.csv: DeepSVDD.__init__() got an unexpected keyword argument 'device'
2026-06-01 19:44:56 | ERROR | Error with LUNAR on data_IoTID20.csv: LUNAR.__init__() got an unexpected keyword argument 'n_neighbors'
2026-06-01 19:44:56 | ERROR | Error with AE1SVM on data_IoTID20.csv: AE1SVM.__init__() got an unexpected keyword argument 'device'
2026-06-01 19:44:56 | INFO |   DevNet: AUCROC=32.020226586161485%  Train=9.907301902770996s
2026-06-01 19:44:56 | INFO |   ALAD: AUCROC=52.19693057675805%  Train=1.1826794147491455s
2026-06-01 19:44:56 | INFO | --- Noise: 1% ---
2026-06-01 19:44:56 | INFO | Running 20 models SEQUENTIALLY (Stability Mode)...
2026-06-01 19:51:10 | INFO |   CBLOF: AUCROC=98.35025519150292%  Train=0.2768056392669678s
2026-06-01 19:51:10 | INFO |   KNN: AUCROC=97.58073092265862%  Train=0.5304262638092041s
2026-06-01 19:51:10 | INFO |   LOF: AUCROC=64.26392167429243%  Train=0.4296989440917969s
2026-06-01 19:51:10 | INFO |   HBOS: AUCROC=95.18653357227443%  Train=0.08698058128356934s
2026-06-01 19:51:10 | INFO |   IForest: AUCROC=95.80985377991851%  Train=0.5840680599212646s
2026-06-01 19:51:10 | INFO |   PCA: AUCROC=96.99422301333551%  Train=0.17989349365234375s
2026-06-01 19:51:10 | INFO |   OCSVM: AUCROC=92.06875199252143%  Train=9.35210108757019s
2026-06-01 19:51:10 | ERROR | Error with AutoEncoder on data_IoTID20.csv: AutoEncoder.__init__() got an unexpected keyword argument 'epochs'
2026-06-01 19:51:10 | INFO |   DIF: AUCROC=88.70244448765679%  Train=4.085545063018799s
2026-06-01 19:51:10 | INFO |   NeuTraLAD: AUCROC=94.3837662837491%  Train=79.87620186805725s
2026-06-01 19:51:10 | INFO |   DASVDD: AUCROC=90.31800317826955%  Train=40.77599263191223s
2026-06-01 19:51:10 | INFO |   LODA: AUCROC=91.81397434666086%  Train=2.0160770416259766s
2026-06-01 19:51:10 | INFO |   COPOD: AUCROC=93.50807051757916%  Train=0.2553374767303467s
2026-06-01 19:51:10 | INFO |   ECOD: AUCROC=92.11136973256289%  Train=0.24198460578918457s
2026-06-01 19:51:10 | ERROR | Error with VAE on data_IoTID20.csv: VAE.__init__() got an unexpected keyword argument 'epochs'
2026-06-01 19:51:10 | ERROR | Error with DeepSVDD on data_IoTID20.csv: DeepSVDD.__init__() got an unexpected keyword argument 'device'
2026-06-01 19:51:10 | ERROR | Error with LUNAR on data_IoTID20.csv: LUNAR.__init__() got an unexpected keyword argument 'n_neighbors'
2026-06-01 19:51:10 | ERROR | Error with AE1SVM on data_IoTID20.csv: AE1SVM.__init__() got an unexpected keyword argument 'device'
2026-06-01 19:51:10 | INFO |   DevNet: AUCROC=21.543316223936255%  Train=9.856470584869385s
2026-06-01 19:51:10 | INFO |   ALAD: AUCROC=57.89480760834797%  Train=1.2420432567596436s
2026-06-01 19:51:10 | INFO | --- Noise: 3% ---
2026-06-01 19:51:10 | INFO | Running 20 models SEQUENTIALLY (Stability Mode)...
2026-06-01 19:57:27 | INFO |   CBLOF: AUCROC=98.27167098540164%  Train=0.264237642288208s
2026-06-01 19:57:27 | INFO |   KNN: AUCROC=93.4036812756043%  Train=0.5490157604217529s
2026-06-01 19:57:27 | INFO |   LOF: AUCROC=58.50965805032822%  Train=0.4433565139770508s
2026-06-01 19:57:27 | INFO |   HBOS: AUCROC=95.01402956320116%  Train=0.07512426376342773s
2026-06-01 19:57:27 | INFO |   IForest: AUCROC=95.63520038424244%  Train=0.5500576496124268s
2026-06-01 19:57:27 | INFO |   PCA: AUCROC=96.31578353132738%  Train=0.17750835418701172s
2026-06-01 19:57:27 | INFO |   OCSVM: AUCROC=88.84496770045997%  Train=9.160648107528687s
2026-06-01 19:57:27 | ERROR | Error with AutoEncoder on data_IoTID20.csv: AutoEncoder.__init__() got an unexpected keyword argument 'epochs'
2026-06-01 19:57:27 | INFO |   DIF: AUCROC=86.35530668866987%  Train=3.0194036960601807s
2026-06-01 19:57:27 | INFO |   NeuTraLAD: AUCROC=94.27158813770508%  Train=78.11313104629517s
2026-06-01 19:57:27 | INFO |   DASVDD: AUCROC=90.19467663880334%  Train=42.700058937072754s
2026-06-01 19:57:27 | INFO |   LODA: AUCROC=90.15507318937924%  Train=1.7367472648620605s
2026-06-01 19:57:27 | INFO |   COPOD: AUCROC=93.268950781221%  Train=0.2761800289154053s
2026-06-01 19:57:27 | INFO |   ECOD: AUCROC=91.80436599732187%  Train=0.25032567977905273s
2026-06-01 19:57:27 | ERROR | Error with VAE on data_IoTID20.csv: VAE.__init__() got an unexpected keyword argument 'epochs'
2026-06-01 19:57:27 | ERROR | Error with DeepSVDD on data_IoTID20.csv: DeepSVDD.__init__() got an unexpected keyword argument 'device'
2026-06-01 19:57:27 | ERROR | Error with LUNAR on data_IoTID20.csv: LUNAR.__init__() got an unexpected keyword argument 'n_neighbors'
2026-06-01 19:57:27 | ERROR | Error with AE1SVM on data_IoTID20.csv: AE1SVM.__init__() got an unexpected keyword argument 'device'
2026-06-01 19:57:27 | INFO |   DevNet: AUCROC=19.526723378941018%  Train=9.180473566055298s
2026-06-01 19:57:27 | INFO |   ALAD: AUCROC=52.38323967449552%  Train=1.2068476676940918s
2026-06-01 19:57:27 | INFO | --- Noise: 5% ---
2026-06-01 19:57:27 | INFO | Running 20 models SEQUENTIALLY (Stability Mode)...
2026-06-01 20:04:00 | INFO |   CBLOF: AUCROC=98.47821330627077%  Train=0.27808499336242676s
2026-06-01 20:04:00 | INFO |   KNN: AUCROC=91.41297833578507%  Train=0.5330829620361328s
2026-06-01 20:04:00 | INFO |   LOF: AUCROC=53.31254995368997%  Train=0.4432806968688965s
2026-06-01 20:04:00 | INFO |   HBOS: AUCROC=94.79365163886246%  Train=0.08134913444519043s
2026-06-01 20:04:00 | INFO |   IForest: AUCROC=95.41900584900162%  Train=0.5952401161193848s
2026-06-01 20:04:00 | INFO |   PCA: AUCROC=95.74530543069703%  Train=0.17539286613464355s
2026-06-01 20:04:00 | INFO |   OCSVM: AUCROC=86.63675236724323%  Train=10.68148159980774s
2026-06-01 20:04:00 | ERROR | Error with AutoEncoder on data_IoTID20.csv: AutoEncoder.__init__() got an unexpected keyword argument 'epochs'
2026-06-01 20:04:00 | INFO |   DIF: AUCROC=84.12919060775651%  Train=3.5592548847198486s
2026-06-01 20:04:00 | INFO |   NeuTraLAD: AUCROC=76.83103422075219%  Train=87.3543541431427s
2026-06-01 20:04:00 | INFO |   DASVDD: AUCROC=None%  Train=43.53901219367981s
2026-06-01 20:04:00 | INFO |   LODA: AUCROC=91.223417504101%  Train=2.305629014968872s
2026-06-01 20:04:00 | INFO |   COPOD: AUCROC=93.04810941327581%  Train=0.2707953453063965s
2026-06-01 20:04:00 | INFO |   ECOD: AUCROC=91.5183697983986%  Train=0.2609694004058838s
2026-06-01 20:04:00 | ERROR | Error with VAE on data_IoTID20.csv: VAE.__init__() got an unexpected keyword argument 'epochs'
2026-06-01 20:04:00 | ERROR | Error with DeepSVDD on data_IoTID20.csv: DeepSVDD.__init__() got an unexpected keyword argument 'device'
2026-06-01 20:04:00 | ERROR | Error with LUNAR on data_IoTID20.csv: LUNAR.__init__() got an unexpected keyword argument 'n_neighbors'
2026-06-01 20:04:00 | ERROR | Error with AE1SVM on data_IoTID20.csv: AE1SVM.__init__() got an unexpected keyword argument 'device'
2026-06-01 20:04:00 | INFO |   DevNet: AUCROC=19.158076876101727%  Train=9.562143087387085s
2026-06-01 20:04:00 | INFO |   ALAD: AUCROC=64.30075590512976%  Train=1.219428300857544s
2026-06-01 20:04:00 | INFO | 
All results saved to: /home/jupyter-iec_duongnt/New Project/NFST/GMM-nfst/notebooks/baselines/outputs/Experiment_FastBaseline_20260601_103434
