2026-03-16 11:50:51 | INFO | Run started at 20260316_115051
2026-03-16 11:50:51 | INFO | Dataset prefix : data_ToNIoT
2026-03-16 11:50:51 | INFO | Scalers        : ['StandardScaler', 'MinMaxScaler', 'Normalizer', 'QuantileTransformer', 'RobustScaler']
2026-03-16 11:50:51 | INFO | N_CLUSTERS     : range(1, 301, 3) — 100 values
2026-03-16 11:50:51 | INFO | NOISE_LIST     : [0, 1, 3, 5]
2026-03-16 11:50:51 | INFO | CSV output     : /home/jupyter-iclr2025/New Project/NFST/GMM-nfst/notebooks/experiments/outputs/noise/data_ToNIoT_memopt_20260316_115051.csv
2026-03-16 11:50:51 | INFO | Log file       : /home/jupyter-iclr2025/New Project/NFST/GMM-nfst/notebooks/experiments/logs/data_ToNIoT_memopt_20260316_115051.log
2026-03-16 11:50:51 | INFO | ------------------------------------------------------------
2026-03-16 11:50:51 | INFO | 
>>> Processing data_ToNIoT | scaler=StandardScaler
2026-03-16 11:50:51 | INFO | --- noise=0% ---
2026-03-16 11:50:51 | INFO | ============================================================
2026-03-16 11:50:51 | INFO | Dataset  : Train_StandardScaler_data_ToNIoT.csv
2026-03-16 11:50:51 | INFO | Scaler   : StandardScaler
2026-03-16 11:50:51 | INFO | Noise    : 0%
2026-03-16 11:50:51 | INFO | nClusters: 100 values (1..298)
2026-03-16 11:50:51 | INFO | ============================================================
2026-03-16 11:50:51 | INFO | df_full shape: (48785, 29)
2026-03-16 11:50:51 | INFO | Training size : 4,479  |  Testing size: 9,757  |  Features: 28
2026-03-16 11:50:52 | INFO | [ncluster=1/1] AUC-ROC=76.71%  AUC-PR=24.10%  F1=0.3934  MCC=0.3524  Train=0.345s  Test=0.249s  Peak RAM=3.728 MB
2026-03-16 11:50:54 | INFO | [ncluster=4/4] AUC-ROC=78.96%  AUC-PR=26.03%  F1=0.4179  MCC=0.3862  Train=0.401s  Test=0.193s  Peak RAM=3.551 MB
2026-03-16 11:50:55 | INFO | [ncluster=7/7] AUC-ROC=57.41%  AUC-PR=13.35%  F1=0.2354  MCC=0.1292  Train=0.408s  Test=0.194s  Peak RAM=3.548 MB
2026-03-16 11:50:57 | INFO | [ncluster=10/10] AUC-ROC=57.81%  AUC-PR=13.47%  F1=0.2373  MCC=0.1343  Train=0.325s  Test=0.171s  Peak RAM=3.544 MB
2026-03-16 11:50:58 | INFO | [ncluster=13/13] AUC-ROC=51.04%  AUC-PR=11.77%  F1=0.2102  MCC=0.0337  Train=0.439s  Test=0.205s  Peak RAM=3.544 MB
2026-03-16 11:51:00 | INFO | [ncluster=16/16] AUC-ROC=49.99%  AUC-PR=11.55%  F1=0.2075  MCC=0.0131  Train=0.471s  Test=0.177s  Peak RAM=3.546 MB
2026-03-16 11:51:02 | INFO | [ncluster=19/19] AUC-ROC=50.04%  AUC-PR=11.56%  F1=0.2075  MCC=0.0140  Train=0.323s  Test=0.180s  Peak RAM=3.545 MB
2026-03-16 11:51:04 | INFO | [ncluster=22/22] AUC-ROC=50.03%  AUC-PR=11.56%  F1=0.2075  MCC=0.0140  Train=0.324s  Test=0.196s  Peak RAM=3.545 MB
2026-03-16 11:51:05 | INFO | [ncluster=25/25] AUC-ROC=49.89%  AUC-PR=11.53%  F1=0.2075  MCC=0.0136  Train=0.432s  Test=0.214s  Peak RAM=3.546 MB
2026-03-16 11:51:07 | INFO | [ncluster=28/28] AUC-ROC=50.08%  AUC-PR=11.57%  F1=0.2075  MCC=0.0136  Train=0.332s  Test=0.218s  Peak RAM=3.546 MB
2026-03-16 11:51:09 | INFO | [ncluster=31/31] AUC-ROC=49.94%  AUC-PR=11.54%  F1=0.2073  MCC=0.0091  Train=0.368s  Test=0.168s  Peak RAM=3.546 MB
2026-03-16 11:51:11 | INFO | [ncluster=34/34] AUC-ROC=49.88%  AUC-PR=11.53%  F1=0.2076  MCC=0.0159  Train=0.326s  Test=0.217s  Peak RAM=3.547 MB
2026-03-16 11:51:13 | INFO | [ncluster=37/37] AUC-ROC=49.97%  AUC-PR=11.54%  F1=0.2076  MCC=0.0167  Train=0.391s  Test=0.184s  Peak RAM=3.547 MB
2026-03-16 11:51:15 | INFO | [ncluster=40/40] AUC-ROC=49.98%  AUC-PR=11.55%  F1=0.2076  MCC=0.0167  Train=0.677s  Test=0.267s  Peak RAM=3.547 MB
2026-03-16 11:51:17 | INFO | [ncluster=43/43] AUC-ROC=49.97%  AUC-PR=11.54%  F1=0.2076  MCC=0.0167  Train=0.384s  Test=0.205s  Peak RAM=3.547 MB
2026-03-16 11:51:19 | INFO | [ncluster=46/46] AUC-ROC=49.85%  AUC-PR=11.52%  F1=0.2076  MCC=0.0167  Train=0.437s  Test=0.287s  Peak RAM=3.547 MB
2026-03-16 11:51:21 | INFO | [ncluster=49/49] AUC-ROC=49.93%  AUC-PR=11.54%  F1=0.2076  MCC=0.0167  Train=0.508s  Test=0.214s  Peak RAM=3.547 MB
2026-03-16 11:51:23 | INFO | [ncluster=52/52] AUC-ROC=49.88%  AUC-PR=11.53%  F1=0.2076  MCC=0.0167  Train=0.412s  Test=0.229s  Peak RAM=3.548 MB
2026-03-16 11:51:25 | INFO | [ncluster=55/55] AUC-ROC=49.89%  AUC-PR=11.53%  F1=0.2076  MCC=0.0167  Train=0.321s  Test=0.222s  Peak RAM=3.547 MB
2026-03-16 11:51:27 | INFO | [ncluster=58/58] AUC-ROC=49.88%  AUC-PR=11.53%  F1=0.2076  MCC=0.0174  Train=0.322s  Test=0.209s  Peak RAM=3.549 MB
2026-03-16 11:51:30 | INFO | [ncluster=61/61] AUC-ROC=49.84%  AUC-PR=11.52%  F1=0.2076  MCC=0.0167  Train=0.372s  Test=0.238s  Peak RAM=3.55 MB
2026-03-16 11:51:32 | INFO | [ncluster=64/64] AUC-ROC=49.98%  AUC-PR=11.55%  F1=0.2076  MCC=0.0174  Train=0.388s  Test=0.173s  Peak RAM=3.55 MB
2026-03-16 11:51:35 | INFO | [ncluster=67/67] AUC-ROC=49.82%  AUC-PR=11.51%  F1=0.2076  MCC=0.0174  Train=0.423s  Test=0.324s  Peak RAM=3.55 MB
2026-03-16 11:51:37 | INFO | [ncluster=70/70] AUC-ROC=49.77%  AUC-PR=11.50%  F1=0.2076  MCC=0.0174  Train=0.325s  Test=0.193s  Peak RAM=3.551 MB
2026-03-16 11:51:39 | INFO | [ncluster=73/73] AUC-ROC=49.81%  AUC-PR=11.51%  F1=0.2076  MCC=0.0174  Train=0.308s  Test=0.245s  Peak RAM=3.551 MB
2026-03-16 11:51:42 | INFO | [ncluster=76/76] AUC-ROC=49.92%  AUC-PR=11.54%  F1=0.2077  MCC=0.0185  Train=0.375s  Test=0.193s  Peak RAM=3.551 MB
2026-03-16 11:51:44 | INFO | [ncluster=79/79] AUC-ROC=50.08%  AUC-PR=11.57%  F1=0.2076  MCC=0.0163  Train=0.338s  Test=0.225s  Peak RAM=3.551 MB
2026-03-16 11:51:47 | INFO | [ncluster=82/82] AUC-ROC=50.06%  AUC-PR=11.56%  F1=0.2076  MCC=0.0163  Train=0.403s  Test=0.220s  Peak RAM=3.552 MB
2026-03-16 11:51:49 | INFO | [ncluster=85/85] AUC-ROC=50.10%  AUC-PR=11.57%  F1=0.2076  MCC=0.0163  Train=0.337s  Test=0.204s  Peak RAM=3.552 MB
2026-03-16 11:51:52 | INFO | [ncluster=88/88] AUC-ROC=50.11%  AUC-PR=11.57%  F1=0.2076  MCC=0.0163  Train=0.337s  Test=0.238s  Peak RAM=3.552 MB
2026-03-16 11:51:55 | INFO | [ncluster=91/91] AUC-ROC=49.87%  AUC-PR=11.52%  F1=0.2076  MCC=0.0163  Train=0.383s  Test=0.176s  Peak RAM=3.552 MB
2026-03-16 11:51:58 | INFO | [ncluster=94/94] AUC-ROC=50.08%  AUC-PR=11.57%  F1=0.2076  MCC=0.0163  Train=0.329s  Test=0.208s  Peak RAM=3.552 MB
2026-03-16 11:52:01 | INFO | [ncluster=97/97] AUC-ROC=50.14%  AUC-PR=11.58%  F1=0.2076  MCC=0.0163  Train=0.406s  Test=0.213s  Peak RAM=3.553 MB
2026-03-16 11:52:03 | INFO | [ncluster=100/100] AUC-ROC=50.07%  AUC-PR=11.57%  F1=0.2076  MCC=0.0163  Train=0.366s  Test=0.179s  Peak RAM=3.553 MB
2026-03-16 11:52:06 | INFO | [ncluster=103/103] AUC-ROC=50.06%  AUC-PR=11.56%  F1=0.2076  MCC=0.0163  Train=0.443s  Test=0.178s  Peak RAM=3.553 MB
2026-03-16 11:52:09 | INFO | [ncluster=106/106] AUC-ROC=50.04%  AUC-PR=11.56%  F1=0.2076  MCC=0.0163  Train=0.469s  Test=0.172s  Peak RAM=3.554 MB
2026-03-16 11:52:12 | INFO | [ncluster=109/109] AUC-ROC=49.99%  AUC-PR=11.55%  F1=0.2076  MCC=0.0163  Train=0.341s  Test=0.188s  Peak RAM=3.554 MB
2026-03-16 11:52:14 | INFO | [ncluster=112/112] AUC-ROC=50.19%  AUC-PR=11.59%  F1=0.2075  MCC=0.0099  Train=0.446s  Test=0.202s  Peak RAM=3.555 MB
2026-03-16 11:52:18 | INFO | [ncluster=115/115] AUC-ROC=49.88%  AUC-PR=11.53%  F1=0.2076  MCC=0.0163  Train=0.365s  Test=0.201s  Peak RAM=3.556 MB
2026-03-16 11:52:21 | INFO | [ncluster=118/118] AUC-ROC=51.36%  AUC-PR=11.84%  F1=0.2121  MCC=0.0564  Train=0.462s  Test=0.225s  Peak RAM=3.556 MB
2026-03-16 11:52:24 | INFO | [ncluster=121/121] AUC-ROC=50.11%  AUC-PR=11.57%  F1=0.2076  MCC=0.0163  Train=0.374s  Test=0.189s  Peak RAM=3.556 MB
2026-03-16 11:52:26 | INFO | [ncluster=124/124] AUC-ROC=51.31%  AUC-PR=11.82%  F1=0.2121  MCC=0.0564  Train=0.388s  Test=0.221s  Peak RAM=3.556 MB
2026-03-16 11:52:29 | INFO | [ncluster=127/127] AUC-ROC=50.03%  AUC-PR=11.56%  F1=0.2076  MCC=0.0163  Train=0.355s  Test=0.193s  Peak RAM=3.556 MB
2026-03-16 11:52:32 | INFO | [ncluster=130/130] AUC-ROC=51.29%  AUC-PR=11.82%  F1=0.2121  MCC=0.0564  Train=0.530s  Test=0.219s  Peak RAM=3.557 MB
2026-03-16 11:52:35 | INFO | [ncluster=133/133] AUC-ROC=49.94%  AUC-PR=11.54%  F1=0.2076  MCC=0.0163  Train=0.315s  Test=0.212s  Peak RAM=3.557 MB
2026-03-16 11:52:38 | INFO | [ncluster=136/136] AUC-ROC=51.27%  AUC-PR=11.82%  F1=0.2121  MCC=0.0564  Train=0.434s  Test=0.203s  Peak RAM=3.557 MB
2026-03-16 11:52:41 | INFO | [ncluster=139/139] AUC-ROC=51.27%  AUC-PR=11.82%  F1=0.2121  MCC=0.0564  Train=0.408s  Test=0.242s  Peak RAM=3.558 MB
2026-03-16 11:52:45 | INFO | [ncluster=142/142] AUC-ROC=51.21%  AUC-PR=11.80%  F1=0.2121  MCC=0.0564  Train=0.301s  Test=0.216s  Peak RAM=3.558 MB
2026-03-16 11:52:48 | INFO | [ncluster=145/145] AUC-ROC=51.36%  AUC-PR=11.84%  F1=0.2121  MCC=0.0564  Train=0.447s  Test=0.214s  Peak RAM=3.558 MB
2026-03-16 11:52:51 | INFO | [ncluster=148/148] AUC-ROC=51.17%  AUC-PR=11.80%  F1=0.2121  MCC=0.0564  Train=0.373s  Test=0.199s  Peak RAM=3.559 MB
2026-03-16 11:52:54 | INFO | [ncluster=151/151] AUC-ROC=51.12%  AUC-PR=11.78%  F1=0.2121  MCC=0.0564  Train=0.399s  Test=0.191s  Peak RAM=3.559 MB
2026-03-16 11:52:58 | INFO | [ncluster=154/154] AUC-ROC=51.29%  AUC-PR=11.82%  F1=0.2121  MCC=0.0564  Train=0.327s  Test=0.185s  Peak RAM=3.56 MB
2026-03-16 11:53:01 | INFO | [ncluster=157/157] AUC-ROC=51.23%  AUC-PR=11.81%  F1=0.2121  MCC=0.0564  Train=0.380s  Test=0.200s  Peak RAM=3.56 MB
2026-03-16 11:53:04 | INFO | [ncluster=160/160] AUC-ROC=51.42%  AUC-PR=11.85%  F1=0.2121  MCC=0.0564  Train=0.338s  Test=0.215s  Peak RAM=3.56 MB
2026-03-16 11:53:08 | INFO | [ncluster=163/163] AUC-ROC=51.32%  AUC-PR=11.83%  F1=0.2121  MCC=0.0564  Train=0.354s  Test=0.207s  Peak RAM=3.561 MB
2026-03-16 11:53:11 | INFO | [ncluster=166/166] AUC-ROC=51.30%  AUC-PR=11.82%  F1=0.2121  MCC=0.0564  Train=0.344s  Test=0.176s  Peak RAM=3.561 MB
2026-03-16 11:53:14 | INFO | [ncluster=169/169] AUC-ROC=51.43%  AUC-PR=11.85%  F1=0.2121  MCC=0.0564  Train=0.369s  Test=0.204s  Peak RAM=3.561 MB
2026-03-16 11:53:18 | INFO | [ncluster=172/172] AUC-ROC=51.33%  AUC-PR=11.83%  F1=0.2121  MCC=0.0564  Train=0.349s  Test=0.193s  Peak RAM=3.562 MB
2026-03-16 11:53:21 | INFO | [ncluster=175/175] AUC-ROC=51.30%  AUC-PR=11.82%  F1=0.2121  MCC=0.0564  Train=0.380s  Test=0.302s  Peak RAM=3.562 MB
2026-03-16 11:53:25 | INFO | [ncluster=178/178] AUC-ROC=51.37%  AUC-PR=11.84%  F1=0.2121  MCC=0.0564  Train=0.361s  Test=0.214s  Peak RAM=3.562 MB
2026-03-16 11:53:28 | INFO | [ncluster=181/181] AUC-ROC=51.34%  AUC-PR=11.83%  F1=0.2121  MCC=0.0564  Train=0.385s  Test=0.207s  Peak RAM=3.563 MB
2026-03-16 11:53:32 | INFO | [ncluster=184/184] AUC-ROC=51.31%  AUC-PR=11.82%  F1=0.2121  MCC=0.0564  Train=0.363s  Test=0.193s  Peak RAM=3.563 MB
2026-03-16 11:53:35 | INFO | [ncluster=187/187] AUC-ROC=51.39%  AUC-PR=11.84%  F1=0.2121  MCC=0.0564  Train=0.341s  Test=0.212s  Peak RAM=3.563 MB
2026-03-16 11:53:39 | INFO | [ncluster=190/190] AUC-ROC=51.35%  AUC-PR=11.83%  F1=0.2121  MCC=0.0564  Train=0.389s  Test=0.199s  Peak RAM=3.563 MB
2026-03-16 11:53:42 | INFO | [ncluster=193/193] AUC-ROC=51.35%  AUC-PR=11.83%  F1=0.2121  MCC=0.0564  Train=0.386s  Test=0.223s  Peak RAM=3.564 MB
2026-03-16 11:53:46 | INFO | [ncluster=196/196] AUC-ROC=51.21%  AUC-PR=11.80%  F1=0.2121  MCC=0.0564  Train=0.346s  Test=0.202s  Peak RAM=3.564 MB
2026-03-16 11:53:50 | INFO | [ncluster=199/199] AUC-ROC=51.30%  AUC-PR=11.82%  F1=0.2121  MCC=0.0564  Train=0.391s  Test=0.227s  Peak RAM=3.564 MB
2026-03-16 11:53:54 | INFO | [ncluster=202/202] AUC-ROC=51.36%  AUC-PR=11.84%  F1=0.2121  MCC=0.0564  Train=0.384s  Test=0.279s  Peak RAM=3.565 MB
2026-03-16 11:53:58 | INFO | [ncluster=205/205] AUC-ROC=51.31%  AUC-PR=11.83%  F1=0.2121  MCC=0.0564  Train=0.322s  Test=0.269s  Peak RAM=3.565 MB
2026-03-16 11:54:02 | INFO | [ncluster=208/208] AUC-ROC=51.20%  AUC-PR=11.80%  F1=0.2121  MCC=0.0564  Train=0.479s  Test=0.209s  Peak RAM=3.565 MB
2026-03-16 11:54:06 | INFO | [ncluster=211/211] AUC-ROC=51.19%  AUC-PR=11.80%  F1=0.2121  MCC=0.0564  Train=0.355s  Test=0.243s  Peak RAM=3.566 MB
2026-03-16 11:54:10 | INFO | [ncluster=214/214] AUC-ROC=51.28%  AUC-PR=11.82%  F1=0.2121  MCC=0.0564  Train=0.437s  Test=0.251s  Peak RAM=3.566 MB
2026-03-16 11:54:14 | INFO | [ncluster=217/217] AUC-ROC=51.30%  AUC-PR=11.82%  F1=0.2121  MCC=0.0564  Train=0.384s  Test=0.245s  Peak RAM=3.567 MB
2026-03-16 11:54:18 | INFO | [ncluster=220/220] AUC-ROC=51.20%  AUC-PR=11.80%  F1=0.2121  MCC=0.0564  Train=0.380s  Test=0.227s  Peak RAM=3.567 MB
2026-03-16 11:54:22 | INFO | [ncluster=223/223] AUC-ROC=51.27%  AUC-PR=11.82%  F1=0.2121  MCC=0.0564  Train=0.386s  Test=0.186s  Peak RAM=3.568 MB
2026-03-16 11:54:26 | INFO | [ncluster=226/226] AUC-ROC=51.39%  AUC-PR=11.84%  F1=0.2126  MCC=0.0591  Train=0.444s  Test=0.208s  Peak RAM=3.568 MB
2026-03-16 11:54:30 | INFO | [ncluster=229/229] AUC-ROC=51.39%  AUC-PR=11.84%  F1=0.2121  MCC=0.0564  Train=0.469s  Test=0.224s  Peak RAM=3.568 MB
2026-03-16 11:54:35 | INFO | [ncluster=232/232] AUC-ROC=51.49%  AUC-PR=11.86%  F1=0.2126  MCC=0.0591  Train=0.356s  Test=0.219s  Peak RAM=3.568 MB
2026-03-16 11:54:39 | INFO | [ncluster=235/235] AUC-ROC=51.45%  AUC-PR=11.86%  F1=0.2126  MCC=0.0591  Train=0.514s  Test=0.208s  Peak RAM=3.569 MB
2026-03-16 11:54:43 | INFO | [ncluster=238/238] AUC-ROC=51.30%  AUC-PR=11.82%  F1=0.2121  MCC=0.0564  Train=0.351s  Test=0.256s  Peak RAM=3.569 MB
2026-03-16 11:54:47 | INFO | [ncluster=241/241] AUC-ROC=50.66%  AUC-PR=11.69%  F1=0.2121  MCC=0.0564  Train=0.354s  Test=0.211s  Peak RAM=3.569 MB
2026-03-16 11:54:51 | INFO | [ncluster=244/244] AUC-ROC=51.56%  AUC-PR=11.88%  F1=0.2126  MCC=0.0591  Train=0.364s  Test=0.245s  Peak RAM=3.57 MB
2026-03-16 11:54:55 | INFO | [ncluster=247/247] AUC-ROC=51.65%  AUC-PR=11.90%  F1=0.2125  MCC=0.0544  Train=0.340s  Test=0.220s  Peak RAM=3.57 MB
2026-03-16 11:55:00 | INFO | [ncluster=250/250] AUC-ROC=51.52%  AUC-PR=11.87%  F1=0.2121  MCC=0.0564  Train=0.384s  Test=0.229s  Peak RAM=3.57 MB
2026-03-16 11:55:04 | INFO | [ncluster=253/253] AUC-ROC=51.49%  AUC-PR=11.86%  F1=0.2126  MCC=0.0591  Train=0.348s  Test=0.223s  Peak RAM=3.571 MB
2026-03-16 11:55:09 | INFO | [ncluster=256/256] AUC-ROC=51.55%  AUC-PR=11.88%  F1=0.2126  MCC=0.0591  Train=0.387s  Test=0.224s  Peak RAM=3.572 MB
2026-03-16 11:55:13 | INFO | [ncluster=259/259] AUC-ROC=51.56%  AUC-PR=11.88%  F1=0.2126  MCC=0.0591  Train=0.362s  Test=0.184s  Peak RAM=3.571 MB
2026-03-16 11:55:17 | INFO | [ncluster=262/262] AUC-ROC=51.48%  AUC-PR=11.86%  F1=0.2126  MCC=0.0591  Train=0.450s  Test=0.243s  Peak RAM=3.572 MB
2026-03-16 11:55:22 | INFO | [ncluster=265/265] AUC-ROC=51.60%  AUC-PR=11.89%  F1=0.2126  MCC=0.0591  Train=0.372s  Test=0.219s  Peak RAM=3.572 MB
